================================================================================
SERIAL MONITOR BACKUP LOG
Port: COM13 | Baud: 115200
Session Started: 2026-09-10 22:28:31
Trigger Reason: Motors ENABLED
Last IMU Calibration: Offset: -2.4097° (calibrated at 2026-09-10 22:22:36)
Active FW Parameters: pitchOffset=-2.4097, Kp=50.8, Ki=277.5, Kd=3.52, targetAngle=1.5, alpha=0.96, maxSafeTilt=25.0, Ki_trim=0.03, crouchOffset=0.0, Kp_vel=0.02
================================================================================
[Timestamp]                [Dir]  Payload
--------------------------------------------------------------------------------
[2026-09-10 22:28:31.055] [RX] Motors ENABLED
[2026-09-10 22:28:31.134] [RX] PITCH:3.91,PID_OUT:-110.18,INT:-0.0961,EL:-6,ER:1,VEL:-51.4,MOT:1,TILT:25.0,TRIM:0.000,ATE:0,LATCH:0,TORQ:1,CR:0.0,FX1:1.00,FY1:-151.10,FX2:-6.00,FY2:-149.60,IK1:1,IK2:1,MOVE:0
[2026-09-10 22:28:31.233] [RX] PITCH:2.09,PID_OUT:-39.43,INT:-0.2306,EL:-34,ER:9,VEL:-154.2,MOT:1,TILT:25.0,TRIM:0.000,ATE:0,LATCH:0,TORQ:1,CR:0.0,FX1:1.00,FY1:-151.10,FX2:-6.00,FY2:-149.60,IK1:1,IK2:1,MOVE:0
[2026-09-10 22:28:31.333] [RX] PITCH:0.93,PID_OUT:-12.01,INT:-0.2066,EL:-61,ER:15,VEL:-174.8,MOT:1,TILT:25.0,TRIM:0.000,ATE:0,LATCH:0,TORQ:1,CR:0.0,FX1:1.00,FY1:-151.10,FX2:-6.00,FY2:-149.60,IK1:1,IK2:1,MOVE:0
[2026-09-10 22:28:31.434] [RX] PITCH:0.84,PID_OUT:9.95,INT:-0.1478,EL:-68,ER:12,VEL:-40.4,MOT:1,TILT:25.0,TRIM:0.000,ATE:0,LATCH:0,TORQ:1,CR:0.0,FX1:1.00,FY1:-151.10,FX2:-6.00,FY2:-149.60,IK1:1,IK2:1,MOVE:0
[2026-09-10 22:28:31.442] [RX] AX12:MODE:0,TQ:1,TL:1023,CM:1,CS:4,MS:0,MT:800
[2026-09-10 22:28:31.532] [RX] PITCH:0.24,PID_OUT:87.67,INT:-0.0535,EL:-68,ER:4,VEL:43.0,MOT:1,TILT:25.0,TRIM:0.000,ATE:0,LATCH:0,TORQ:1,CR:0.0,FX1:1.00,FY1:-151.10,FX2:-6.00,FY2:-149.60,IK1:1,IK2:1,MOVE:0
[2026-09-10 22:28:31.537] [RX] SRV:1,41,0.0,0,0
[2026-09-10 22:28:31.632] [RX] PITCH:-0.39,PID_OUT:115.58,INT:0.1145,EL:-64,ER:-10,VEL:94.9,MOT:1,TILT:25.0,TRIM:0.000,ATE:0,LATCH:0,TORQ:1,CR:0.0,FX1:1.00,FY1:-151.10,FX2:-6.00,FY2:-149.60,IK1:1,IK2:1,MOVE:0
[2026-09-10 22:28:31.732] [RX] PITCH:0.35,PID_OUT:92.80,INT:0.2306,EL:-50,ER:-36,VEL:188.1,MOT:1,TILT:25.0,TRIM:0.000,ATE:0,LATCH:0,TORQ:1,CR:0.0,FX1:1.00,FY1:-151.10,FX2:-6.00,FY2:-149.60,IK1:1,IK2:1,MOVE:0
[2026-09-10 22:28:31.831] [RX] PITCH:0.75,PID_OUT:90.75,INT:0.2306,EL:-35,ER:-69,VEL:231.0,MOT:1,TILT:25.0,TRIM:0.000,ATE:0,LATCH:0,TORQ:1,CR:0.0,FX1:1.00,FY1:-151.10,FX2:-6.00,FY2:-149.60,IK1:1,IK2:1,MOVE:0
[2026-09-10 22:28:31.938] [RX] PITCH:0.81,PID_OUT:90.98,INT:0.2306,EL:-18,ER:-104,VEL:261.2,MOT:1,TILT:25.0,TRIM:0.000,ATE:0,LATCH:0,TORQ:1,CR:0.0,FX1:1.00,FY1:-151.10,FX2:-6.00,FY2:-149.60,IK1:1,IK2:1,MOVE:0
[2026-09-10 22:28:31.943] [RX] AX12:MODE:0,TQ:1,TL:1023,CM:1,CS:4,MS:0,MT:800
[2026-09-10 22:28:32.031] [RX] PITCH:0.77,PID_OUT:100.45,INT:0.2306,EL:1,ER:-135,VEL:250.1,MOT:1,TILT:25.0,TRIM:0.000,ATE:0,LATCH:0,TORQ:1,CR:0.0,FX1:1.00,FY1:-151.10,FX2:-6.00,FY2:-149.60,IK1:1,IK2:1,MOVE:0
[2026-09-10 22:28:32.137] [RX] PITCH:0.59,PID_OUT:108.19,INT:0.2306,EL:23,ER:-171,VEL:284.5,MOT:1,TILT:25.0,TRIM:0.000,ATE:0,LATCH:0,TORQ:1,CR:0.0,FX1:1.00,FY1:-151.10,FX2:-6.00,FY2:-149.60,IK1:1,IK2:1,MOVE:0
[2026-09-10 22:28:32.232] [RX] PITCH:0.44,PID_OUT:107.53,INT:0.2306,EL:48,ER:-205,VEL:299.7,MOT:1,TILT:25.0,TRIM:0.000,ATE:0,LATCH:0,TORQ:1,CR:0.0,FX1:1.00,FY1:-151.10,FX2:-6.00,FY2:-149.60,IK1:1,IK2:1,MOVE:0
[2026-09-10 22:28:32.332] [RX] PITCH:0.52,PID_OUT:106.49,INT:0.2306,EL:77,ER:-241,VEL:323.9,MOT:1,TILT:25.0,TRIM:0.000,ATE:0,LATCH:0,TORQ:1,CR:0.0,FX1:1.00,FY1:-151.10,FX2:-6.00,FY2:-149.60,IK1:1,IK2:1,MOVE:0
[2026-09-10 22:28:32.441] [RX] PITCH:0.31,PID_OUT:117.61,INT:0.2306,EL:110,ER:-280,VEL:358.5,MOT:1,TILT:25.0,TRIM:0.000,ATE:0,LATCH:0,TORQ:1,CR:0.0,FX1:1.00,FY1:-151.10,FX2:-6.00,FY2:-149.60,IK1:1,IK2:1,MOVE:0
[2026-09-10 22:28:32.441] [RX] AX12:MODE:0,TQ:1,TL:1023,CM:1,CS:4,MS:0,MT:800
[2026-09-10 22:28:32.533] [RX] PITCH:0.69,PID_OUT:112.64,INT:0.2306,EL:146,ER:-320,VEL:381.1,MOT:1,TILT:25.0,TRIM:0.000,ATE:0,LATCH:0,TORQ:1,CR:0.0,FX1:1.00,FY1:-151.10,FX2:-6.00,FY2:-149.60,IK1:1,IK2:1,MOVE:0
[2026-09-10 22:28:32.534] [RX] SRV:6,39,0.0,0,0
[2026-09-10 22:28:32.630] [RX] PITCH:0.60,PID_OUT:128.61,INT:0.2306,EL:184,ER:-363,VEL:402.9,MOT:1,TILT:25.0,TRIM:0.000,ATE:0,LATCH:0,TORQ:1,CR:0.0,FX1:1.00,FY1:-151.10,FX2:-6.00,FY2:-149.60,IK1:1,IK2:1,MOVE:0
[2026-09-10 22:28:32.732] [RX] PITCH:-0.29,PID_OUT:156.70,INT:0.2306,EL:227,ER:-411,VEL:454.9,MOT:1,TILT:25.0,TRIM:0.000,ATE:0,LATCH:0,TORQ:1,CR:0.0,FX1:1.00,FY1:-151.10,FX2:-6.00,FY2:-149.60,IK1:1,IK2:1,MOVE:0
[2026-09-10 22:28:32.829] [RX] PITCH:0.39,PID_OUT:143.85,INT:0.2306,EL:276,ER:-465,VEL:504.2,MOT:1,TILT:25.0,TRIM:0.000,ATE:0,LATCH:0,TORQ:1,CR:0.0,FX1:1.00,FY1:-151.10,FX2:-6.00,FY2:-149.60,IK1:1,IK2:1,MOVE:0
[2026-09-10 22:28:32.931] [RX] PITCH:-0.58,PID_OUT:144.95,INT:0.2306,EL:330,ER:-524,VEL:563.4,MOT:1,TILT:25.0,TRIM:0.000,ATE:0,LATCH:0,TORQ:1,CR:0.0,FX1:1.00,FY1:-151.10,FX2:-6.00,FY2:-149.60,IK1:1,IK2:1,MOVE:0
[2026-09-10 22:28:32.940] [RX] AX12:MODE:0,TQ:1,TL:1023,CM:1,CS:4,MS:0,MT:800
[2026-09-10 22:28:33.032] [RX] PITCH:0.47,PID_OUT:152.74,INT:0.2306,EL:390,ER:-588,VEL:610.5,MOT:1,TILT:25.0,TRIM:0.000,ATE:0,LATCH:0,TORQ:1,CR:0.0,FX1:1.00,FY1:-151.10,FX2:-6.00,FY2:-149.60,IK1:1,IK2:1,MOVE:0
[2026-09-10 22:28:33.128] [RX] PITCH:-0.45,PID_OUT:180.24,INT:0.2306,EL:454,ER:-657,VEL:662.8,MOT:1,TILT:25.0,TRIM:0.000,ATE:0,LATCH:0,TORQ:1,CR:0.0,FX1:1.00,FY1:-151.10,FX2:-6.00,FY2:-149.60,IK1:1,IK2:1,MOVE:0
[2026-09-10 22:28:33.232] [RX] PITCH:-0.41,PID_OUT:185.34,INT:0.2306,EL:530,ER:-736,VEL:767.1,MOT:1,TILT:25.0,TRIM:0.000,ATE:0,LATCH:0,TORQ:1,CR:0.0,FX1:1.00,FY1:-151.10,FX2:-6.00,FY2:-149.60,IK1:1,IK2:1,MOVE:0
[2026-09-10 22:28:33.332] [RX] PITCH:-1.12,PID_OUT:145.64,INT:0.2306,EL:613,ER:-823,VEL:847.6,MOT:1,TILT:25.0,TRIM:0.000,ATE:0,LATCH:0,TORQ:1,CR:0.0,FX1:1.00,FY1:-151.10,FX2:-6.00,FY2:-149.60,IK1:1,IK2:1,MOVE:0
[2026-09-10 22:28:33.435] [RX] PITCH:2.60,PID_OUT:-342.29,INT:0.2196,EL:684,ER:-877,VEL:547.9,MOT:1,TILT:25.0,TRIM:0.000,ATE:0,LATCH:0,TORQ:1,CR:0.0,FX1:1.00,FY1:-151.10,FX2:-6.00,FY2:-149.60,IK1:1,IK2:1,MOVE:0
[2026-09-10 22:28:33.442] [RX] AX12:MODE:0,TQ:1,TL:1023,CM:1,CS:4,MS:0,MT:800
[2026-09-10 22:28:33.529] [RX] PITCH:4.77,PID_OUT:14.42,INT:-0.1503,EL:639,ER:-823,VEL:-340.7,MOT:1,TILT:25.0,TRIM:0.000,ATE:0,LATCH:0,TORQ:1,CR:0.0,FX1:1.00,FY1:-151.10,FX2:-6.00,FY2:-149.60,IK1:1,IK2:1,MOVE:0
[2026-09-10 22:28:33.532] [RX] SRV:0,40,0.0,0,1
[2026-09-10 22:28:33.629] [RX] PITCH:0.56,PID_OUT:47.64,INT:-0.1610,EL:608,ER:-777,VEL:-363.0,MOT:1,TILT:25.0,TRIM:0.000,ATE:0,LATCH:0,TORQ:1,CR:0.0,FX1:1.00,FY1:-151.10,FX2:-6.00,FY2:-149.60,IK1:1,IK2:1,MOVE:0
[2026-09-10 22:28:33.729] [RX] PITCH:1.32,PID_OUT:-68.91,INT:-0.0837,EL:585,ER:-738,VEL:-328.8,MOT:1,TILT:25.0,TRIM:0.000,ATE:0,LATCH:0,TORQ:1,CR:0.0,FX1:1.00,FY1:-151.10,FX2:-6.00,FY2:-149.60,IK1:1,IK2:1,MOVE:0
[2026-09-10 22:28:33.828] [RX] PITCH:2.62,PID_OUT:-125.50,INT:-0.1461,EL:549,ER:-700,VEL:-365.2,MOT:1,TILT:25.0,TRIM:0.000,ATE:0,LATCH:0,TORQ:1,CR:0.0,FX1:1.00,FY1:-151.10,FX2:-6.00,FY2:-149.60,IK1:1,IK2:1,MOVE:0
[2026-09-10 22:28:33.939] [RX] PITCH:2.58,PID_OUT:-91.74,INT:-0.2306,EL:510,ER:-659,VEL:-400.8,MOT:1,TILT:25.0,TRIM:0.000,ATE:0,LATCH:0,TORQ:1,CR:0.0,FX1:1.00,FY1:-151.10,FX2:-6.00,FY2:-149.60,IK1:1,IK2:1,MOVE:0
[2026-09-10 22:28:33.939] [RX] AX12:MODE:0,TQ:1,TL:1023,CM:1,CS:4,MS:0,MT:800
[2026-09-10 22:28:34.026] [RX] PITCH:1.71,PID_OUT:-47.14,INT:-0.2306,EL:472,ER:-618,VEL:-391.7,MOT:1,TILT:25.0,TRIM:0.000,ATE:0,LATCH:0,TORQ:1,CR:0.0,FX1:1.00,FY1:-151.10,FX2:-6.00,FY2:-149.60,IK1:1,IK2:1,MOVE:0
[2026-09-10 22:28:34.129] [RX] PITCH:1.36,PID_OUT:-62.59,INT:-0.2150,EL:435,ER:-582,VEL:-371.3,MOT:1,TILT:25.0,TRIM:0.000,ATE:0,LATCH:0,TORQ:1,CR:0.0,FX1:1.00,FY1:-151.10,FX2:-6.00,FY2:-149.60,IK1:1,IK2:1,MOVE:0
[2026-09-10 22:28:34.227] [RX] PITCH:1.66,PID_OUT:-85.56,INT:-0.2200,EL:395,ER:-549,VEL:-365.3,MOT:1,TILT:25.0,TRIM:0.000,ATE:0,LATCH:0,TORQ:1,CR:0.0,FX1:1.00,FY1:-151.10,FX2:-6.00,FY2:-149.60,IK1:1,IK2:1,MOVE:0
[2026-09-10 22:28:34.329] [RX] PITCH:1.50,PID_OUT:-62.93,INT:-0.2306,EL:356,ER:-518,VEL:-354.1,MOT:1,TILT:25.0,TRIM:0.000,ATE:0,LATCH:0,TORQ:1,CR:0.0,FX1:1.00,FY1:-151.10,FX2:-6.00,FY2:-149.60,IK1:1,IK2:1,MOVE:0
[2026-09-10 22:28:34.435] [RX] PITCH:1.24,PID_OUT:-55.53,INT:-0.2200,EL:320,ER:-488,VEL:-337.6,MOT:1,TILT:25.0,TRIM:0.000,ATE:0,LATCH:0,TORQ:1,CR:0.0,FX1:1.00,FY1:-151.10,FX2:-6.00,FY2:-149.60,IK1:1,IK2:1,MOVE:0
[2026-09-10 22:28:34.441] [RX] AX12:MODE:0,TQ:1,TL:1023,CM:1,CS:4,MS:0,MT:800
[2026-09-10 22:28:34.535] [RX] PITCH:1.30,PID_OUT:-40.24,INT:-0.2043,EL:287,ER:-460,VEL:-312.1,MOT:1,TILT:25.0,TRIM:0.000,ATE:0,LATCH:0,TORQ:1,CR:0.0,FX1:1.00,FY1:-151.10,FX2:-6.00,FY2:-149.60,IK1:1,IK2:1,MOVE:0
[2026-09-10 22:28:34.535] [RX] SRV:14,39,0.0,0,0
[2026-09-10 22:28:34.628] [RX] PITCH:1.34,PID_OUT:-46.16,INT:-0.1904,EL:253,ER:-434,VEL:-300.1,MOT:1,TILT:25.0,TRIM:0.000,ATE:0,LATCH:0,TORQ:1,CR:0.0,FX1:1.00,FY1:-151.10,FX2:-6.00,FY2:-149.60,IK1:1,IK2:1,MOVE:0
[2026-09-10 22:28:34.726] [RX] PITCH:1.29,PID_OUT:-35.86,INT:-0.1666,EL:220,ER:-411,VEL:-285.4,MOT:1,TILT:25.0,TRIM:0.000,ATE:0,LATCH:0,TORQ:1,CR:0.0,FX1:1.00,FY1:-151.10,FX2:-6.00,FY2:-149.60,IK1:1,IK2:1,MOVE:0
[2026-09-10 22:28:34.825] [RX] PITCH:1.15,PID_OUT:-32.65,INT:-0.1269,EL:190,ER:-393,VEL:-251.9,MOT:1,TILT:25.0,TRIM:0.000,ATE:0,LATCH:0,TORQ:1,CR:0.0,FX1:1.00,FY1:-151.10,FX2:-6.00,FY2:-149.60,IK1:1,IK2:1,MOVE:0
[2026-09-10 22:28:34.928] [RX] PITCH:1.49,PID_OUT:-43.77,INT:-0.1158,EL:157,ER:-376,VEL:-247.3,MOT:1,TILT:25.0,TRIM:0.000,ATE:0,LATCH:0,TORQ:1,CR:0.0,FX1:1.00,FY1:-151.10,FX2:-6.00,FY2:-149.60,IK1:1,IK2:1,MOVE:0
[2026-09-10 22:28:34.937] [RX] AX12:MODE:0,TQ:1,TL:1023,CM:1,CS:4,MS:0,MT:800
[2026-09-10 22:28:35.024] [RX] PITCH:1.73,PID_OUT:-49.41,INT:-0.1263,EL:124,ER:-364,VEL:-219.5,MOT:1,TILT:25.0,TRIM:0.000,ATE:0,LATCH:0,TORQ:1,CR:0.0,FX1:1.00,FY1:-151.10,FX2:-6.00,FY2:-149.60,IK1:1,IK2:1,MOVE:0
[2026-09-10 22:28:35.125] [RX] PITCH:1.17,PID_OUT:-12.78,INT:-0.1209,EL:96,ER:-353,VEL:-194.4,MOT:1,TILT:25.0,TRIM:0.000,ATE:0,LATCH:0,TORQ:1,CR:0.0,FX1:1.00,FY1:-151.10,FX2:-6.00,FY2:-149.60,IK1:1,IK2:1,MOVE:0
[2026-09-10 22:28:35.229] [RX] PITCH:1.08,PID_OUT:-12.80,INT:-0.0787,EL:71,ER:-345,VEL:-177.8,MOT:1,TILT:25.0,TRIM:0.000,ATE:0,LATCH:0,TORQ:1,CR:0.0,FX1:1.00,FY1:-151.10,FX2:-6.00,FY2:-149.60,IK1:1,IK2:1,MOVE:0
[2026-09-10 22:28:35.328] [RX] PITCH:1.36,PID_OUT:-31.15,INT:-0.0517,EL:39,ER:-341,VEL:-180.1,MOT:1,TILT:25.0,TRIM:0.000,ATE:0,LATCH:0,TORQ:1,CR:0.0,FX1:1.00,FY1:-151.10,FX2:-6.00,FY2:-149.60,IK1:1,IK2:1,MOVE:0
[2026-09-10 22:28:35.429] [RX] PITCH:1.81,PID_OUT:-33.61,INT:-0.0684,EL:15,ER:-338,VEL:-145.4,MOT:1,TILT:25.0,TRIM:0.000,ATE:0,LATCH:0,TORQ:1,CR:0.0,FX1:1.00,FY1:-151.10,FX2:-6.00,FY2:-149.60,IK1:1,IK2:1,MOVE:0
[2026-09-10 22:28:35.435] [RX] AX12:MODE:0,TQ:1,TL:1023,CM:1,CS:4,MS:0,MT:800
[2026-09-10 22:28:35.527] [RX] PITCH:1.60,PID_OUT:-33.34,INT:-0.0845,EL:-11,ER:-336,VEL:-133.2,MOT:1,TILT:25.0,TRIM:0.000,ATE:0,LATCH:0,TORQ:1,CR:0.0,FX1:1.00,FY1:-151.10,FX2:-6.00,FY2:-149.60,IK1:1,IK2:1,MOVE:0
[2026-09-10 22:28:35.529] [RX] SRV:1,41,0.0,0,0
[2026-09-10 22:28:35.624] [RX] PITCH:1.56,PID_OUT:-32.12,INT:-0.0917,EL:-35,ER:-335,VEL:-119.2,MOT:1,TILT:25.0,TRIM:0.000,ATE:0,LATCH:0,TORQ:1,CR:0.0,FX1:1.00,FY1:-151.10,FX2:-6.00,FY2:-149.60,IK1:1,IK2:1,MOVE:0
[2026-09-10 22:28:35.725] [RX] PITCH:1.34,PID_OUT:-11.25,INT:-0.0859,EL:-48,ER:-335,VEL:-52.6,MOT:1,TILT:25.0,TRIM:0.000,ATE:0,LATCH:0,TORQ:1,CR:0.0,FX1:1.00,FY1:-151.10,FX2:-6.00,FY2:-149.60,IK1:1,IK2:1,MOVE:0
[2026-09-10 22:28:35.825] [RX] PITCH:0.75,PID_OUT:57.55,INT:-0.0430,EL:-48,ER:-335,VEL:-10.3,MOT:1,TILT:25.0,TRIM:0.000,ATE:0,LATCH:0,TORQ:1,CR:0.0,FX1:1.00,FY1:-151.10,FX2:-6.00,FY2:-149.60,IK1:1,IK2:1,MOVE:0
[2026-09-10 22:28:35.925] [RX] PITCH:0.02,PID_OUT:120.51,INT:0.0782,EL:-44,ER:-360,VEL:111.7,MOT:1,TILT:25.0,TRIM:0.000,ATE:0,LATCH:0,TORQ:1,CR:0.0,FX1:1.00,FY1:-151.10,FX2:-6.00,FY2:-149.60,IK1:1,IK2:1,MOVE:0
[2026-09-10 22:28:35.933] [RX] AX12:MODE:0,TQ:1,TL:1023,CM:1,CS:4,MS:0,MT:800
[2026-09-10 22:28:36.020] [RX] PITCH:-0.07,PID_OUT:103.08,INT:0.2306,EL:-32,ER:-382,VEL:181.9,MOT:1,TILT:25.0,TRIM:0.000,ATE:0,LATCH:0,TORQ:1,CR:0.0,FX1:1.00,FY1:-151.10,FX2:-6.00,FY2:-149.60,IK1:1,IK2:1,MOVE:0
[2026-09-10 22:28:36.124] [RX] PITCH:0.68,PID_OUT:94.94,INT:0.2306,EL:-14,ER:-410,VEL:224.2,MOT:1,TILT:25.0,TRIM:0.000,ATE:0,LATCH:0,TORQ:1,CR:0.0,FX1:1.00,FY1:-151.10,FX2:-6.00,FY2:-149.60,IK1:1,IK2:1,MOVE:0
[2026-09-10 22:28:36.225] [RX] PITCH:0.85,PID_OUT:95.09,INT:0.2306,EL:5,ER:-440,VEL:247.7,MOT:1,TILT:25.0,TRIM:0.000,ATE:0,LATCH:0,TORQ:1,CR:0.0,FX1:1.00,FY1:-151.10,FX2:-6.00,FY2:-149.60,IK1:1,IK2:1,MOVE:0
[2026-09-10 22:28:36.324] [RX] PITCH:0.50,PID_OUT:112.30,INT:0.2306,EL:27,ER:-478,VEL:295.7,MOT:1,TILT:25.0,TRIM:0.000,ATE:0,LATCH:0,TORQ:1,CR:0.0,FX1:1.00,FY1:-151.10,FX2:-6.00,FY2:-149.60,IK1:1,IK2:1,MOVE:0
[2026-09-10 22:28:36.425] [RX] PITCH:0.53,PID_OUT:124.19,INT:0.2306,EL:53,ER:-516,VEL:321.5,MOT:1,TILT:25.0,TRIM:0.000,ATE:0,LATCH:0,TORQ:1,CR:0.0,FX1:1.00,FY1:-151.10,FX2:-6.00,FY2:-149.60,IK1:1,IK2:1,MOVE:0
[2026-09-10 22:28:36.431] [RX] AX12:MODE:0,TQ:1,TL:1023,CM:1,CS:4,MS:0,MT:800
[2026-09-10 22:28:36.525] [RX] PITCH:0.27,PID_OUT:111.34,INT:0.2306,EL:83,ER:-556,VEL:340.5,MOT:1,TILT:25.0,TRIM:0.000,ATE:0,LATCH:0,TORQ:1,CR:0.0,FX1:1.00,FY1:-151.10,FX2:-6.00,FY2:-149.60,IK1:1,IK2:1,MOVE:0
[2026-09-10 22:28:36.525] [RX] SRV:6,39,0.0,0,0
[2026-09-10 22:28:36.623] [RX] PITCH:0.44,PID_OUT:113.53,INT:0.2306,EL:117,ER:-592,VEL:351.3,MOT:1,TILT:25.0,TRIM:0.000,ATE:0,LATCH:0,TORQ:1,CR:0.0,FX1:1.00,FY1:-151.10,FX2:-6.00,FY2:-149.60,IK1:1,IK2:1,MOVE:0
[2026-09-10 22:28:36.721] [RX] PITCH:0.58,PID_OUT:103.53,INT:0.2306,EL:155,ER:-630,VEL:375.9,MOT:1,TILT:25.0,TRIM:0.000,ATE:0,LATCH:0,TORQ:1,CR:0.0,FX1:1.00,FY1:-151.10,FX2:-6.00,FY2:-149.60,IK1:1,IK2:1,MOVE:0
[2026-09-10 22:28:36.822] [RX] PITCH:-0.26,PID_OUT:136.21,INT:0.2306,EL:196,ER:-673,VEL:417.8,MOT:1,TILT:25.0,TRIM:0.000,ATE:0,LATCH:0,TORQ:1,CR:0.0,FX1:1.00,FY1:-151.10,FX2:-6.00,FY2:-149.60,IK1:1,IK2:1,MOVE:0
[2026-09-10 22:28:36.922] [RX] PITCH:0.46,PID_OUT:101.69,INT:0.2306,EL:244,ER:-721,VEL:474.3,MOT:1,TILT:25.0,TRIM:0.000,ATE:0,LATCH:0,TORQ:1,CR:0.0,FX1:1.00,FY1:-151.10,FX2:-6.00,FY2:-149.60,IK1:1,IK2:1,MOVE:0
[2026-09-10 22:28:36.931] [RX] AX12:MODE:0,TQ:1,TL:1023,CM:1,CS:4,MS:0,MT:800
[2026-09-10 22:28:37.022] [RX] PITCH:0.41,PID_OUT:129.01,INT:0.2306,EL:292,ER:-772,VEL:492.3,MOT:1,TILT:25.0,TRIM:0.000,ATE:0,LATCH:0,TORQ:1,CR:0.0,FX1:1.00,FY1:-151.10,FX2:-6.00,FY2:-149.60,IK1:1,IK2:1,MOVE:0
[2026-09-10 22:28:37.120] [RX] PITCH:0.64,PID_OUT:139.52,INT:0.2306,EL:343,ER:-827,VEL:525.3,MOT:1,TILT:25.0,TRIM:0.000,ATE:0,LATCH:0,TORQ:1,CR:0.0,FX1:1.00,FY1:-151.10,FX2:-6.00,FY2:-149.60,IK1:1,IK2:1,MOVE:0
[2026-09-10 22:28:37.221] [RX] PITCH:-0.56,PID_OUT:185.85,INT:0.2306,EL:399,ER:-887,VEL:579.1,MOT:1,TILT:25.0,TRIM:0.000,ATE:0,LATCH:0,TORQ:1,CR:0.0,FX1:1.00,FY1:-151.10,FX2:-6.00,FY2:-149.60,IK1:1,IK2:1,MOVE:0
[2026-09-10 22:28:37.320] [RX] PITCH:4.11,PID_OUT:-185.21,INT:0.1848,EL:423,ER:-937,VEL:305.5,MOT:1,TILT:25.0,TRIM:0.000,ATE:0,LATCH:0,TORQ:1,CR:0.0,FX1:1.00,FY1:-151.10,FX2:-6.00,FY2:-149.60,IK1:1,IK2:1,MOVE:0
[2026-09-10 22:28:37.427] [RX] PITCH:2.65,PID_OUT:-89.82,INT:-0.0094,EL:387,ER:-931,VEL:-108.8,MOT:1,TILT:25.0,TRIM:0.000,ATE:0,LATCH:0,TORQ:1,CR:0.0,FX1:1.00,FY1:-151.10,FX2:-6.00,FY2:-149.60,IK1:1,IK2:1,MOVE:0
[2026-09-10 22:28:37.433] [RX] AX12:MODE:0,TQ:1,TL:1023,CM:1,CS:4,MS:0,MT:800
[2026-09-10 22:28:37.524] [RX] PITCH:2.76,PID_OUT:-38.45,INT:-0.1504,EL:355,ER:-925,VEL:-181.0,MOT:1,TILT:25.0,TRIM:0.000,ATE:0,LATCH:0,TORQ:1,CR:0.0,FX1:1.00,FY1:-151.10,FX2:-6.00,FY2:-149.60,IK1:1,IK2:1,MOVE:0
[2026-09-10 22:28:37.525] [RX] SRV:0,40,0.0,0,0
[2026-09-10 22:28:37.622] [RX] PITCH:1.44,PID_OUT:-32.96,INT:-0.1886,EL:324,ER:-918,VEL:-189.1,MOT:1,TILT:25.0,TRIM:0.000,ATE:0,LATCH:0,TORQ:1,CR:0.0,FX1:1.00,FY1:-151.10,FX2:-6.00,FY2:-149.60,IK1:1,IK2:1,MOVE:0
[2026-09-10 22:28:37.723] [RX] PITCH:1.11,PID_OUT:-36.15,INT:-0.1624,EL:296,ER:-916,VEL:-155.8,MOT:1,TILT:25.0,TRIM:0.000,ATE:0,LATCH:0,TORQ:1,CR:0.0,FX1:1.00,FY1:-151.10,FX2:-6.00,FY2:-149.60,IK1:1,IK2:1,MOVE:0
[2026-09-10 22:28:37.820] [RX] PITCH:1.16,PID_OUT:-11.47,INT:-0.1335,EL:271,ER:-916,VEL:-132.7,MOT:1,TILT:25.0,TRIM:0.000,ATE:0,LATCH:0,TORQ:1,CR:0.0,FX1:1.00,FY1:-151.10,FX2:-6.00,FY2:-149.60,IK1:1,IK2:1,MOVE:0
[2026-09-10 22:28:37.921] [RX] PITCH:0.92,PID_OUT:11.54,INT:-0.0902,EL:249,ER:-934,VEL:-5.7,MOT:1,TILT:25.0,TRIM:0.000,ATE:0,LATCH:0,TORQ:1,CR:0.0,FX1:1.00,FY1:-151.10,FX2:-6.00,FY2:-149.60,IK1:1,IK2:1,MOVE:0
[2026-09-10 22:28:37.930] [RX] AX12:MODE:0,TQ:1,TL:1023,CM:1,CS:4,MS:0,MT:800
[2026-09-10 22:28:38.019] [RX] PITCH:0.62,PID_OUT:46.54,INT:-0.0166,EL:233,ER:-946,VEL:-23.9,MOT:1,TILT:25.0,TRIM:0.000,ATE:0,LATCH:0,TORQ:1,CR:0.0,FX1:1.00,FY1:-151.10,FX2:-6.00,FY2:-149.60,IK1:1,IK2:1,MOVE:0
[2026-09-10 22:28:38.117] [RX] PITCH:0.69,PID_OUT:46.44,INT:0.0720,EL:225,ER:-949,VEL:-22.0,MOT:1,TILT:25.0,TRIM:0.000,ATE:0,LATCH:0,TORQ:1,CR:0.0,FX1:1.00,FY1:-151.10,FX2:-6.00,FY2:-149.60,IK1:1,IK2:1,MOVE:0
[2026-09-10 22:28:38.218] [RX] PITCH:0.84,PID_OUT:78.15,INT:0.1360,EL:225,ER:-960,VEL:15.4,MOT:1,TILT:25.0,TRIM:0.000,ATE:0,LATCH:0,TORQ:1,CR:0.0,FX1:1.00,FY1:-151.10,FX2:-6.00,FY2:-149.60,IK1:1,IK2:1,MOVE:0
[2026-09-10 22:28:38.320] [RX] PITCH:0.37,PID_OUT:113.53,INT:0.2279,EL:227,ER:-975,VEL:80.3,MOT:1,TILT:25.0,TRIM:0.000,ATE:0,LATCH:0,TORQ:1,CR:0.0,FX1:1.00,FY1:-151.10,FX2:-6.00,FY2:-149.60,IK1:1,IK2:1,MOVE:0
[2026-09-10 22:28:38.425] [RX] PITCH:0.76,PID_OUT:84.49,INT:0.2306,EL:236,ER:-997,VEL:141.7,MOT:1,TILT:25.0,TRIM:0.000,ATE:0,LATCH:0,TORQ:1,CR:0.0,FX1:1.00,FY1:-151.10,FX2:-6.00,FY2:-149.60,IK1:1,IK2:1,MOVE:0
[2026-09-10 22:28:38.429] [RX] AX12:MODE:0,TQ:1,TL:1023,CM:1,CS:4,MS:0,MT:800
[2026-09-10 22:28:38.524] [RX] PITCH:0.97,PID_OUT:84.08,INT:0.2306,EL:246,ER:-1023,VEL:175.0,MOT:1,TILT:25.0,TRIM:0.000,ATE:0,LATCH:0,TORQ:1,CR:0.0,FX1:1.00,FY1:-151.10,FX2:-6.00,FY2:-149.60,IK1:1,IK2:1,MOVE:0
[2026-09-10 22:28:38.524] [RX] SRV:14,39,0.0,0,0
[2026-09-10 22:28:38.618] [RX] PITCH:0.61,PID_OUT:102.36,INT:0.2306,EL:258,ER:-1050,VEL:195.2,MOT:1,TILT:25.0,TRIM:0.000,ATE:0,LATCH:0,TORQ:1,CR:0.0,FX1:1.00,FY1:-151.10,FX2:-6.00,FY2:-149.60,IK1:1,IK2:1,MOVE:0
[2026-09-10 22:28:38.719] [RX] PITCH:0.55,PID_OUT:107.52,INT:0.2306,EL:274,ER:-1081,VEL:227.0,MOT:1,TILT:25.0,TRIM:0.000,ATE:0,LATCH:0,TORQ:1,CR:0.0,FX1:1.00,FY1:-151.10,FX2:-6.00,FY2:-149.60,IK1:1,IK2:1,MOVE:0
[2026-09-10 22:28:38.817] [RX] PITCH:0.60,PID_OUT:101.66,INT:0.2306,EL:293,ER:-1115,VEL:266.8,MOT:1,TILT:25.0,TRIM:0.000,ATE:0,LATCH:0,TORQ:1,CR:0.0,FX1:1.00,FY1:-151.10,FX2:-6.00,FY2:-149.60,IK1:1,IK2:1,MOVE:0
[2026-09-10 22:28:38.920] [RX] PITCH:0.02,PID_OUT:165.35,INT:0.2306,EL:316,ER:-1154,VEL:313.3,MOT:1,TILT:25.0,TRIM:0.000,ATE:0,LATCH:0,TORQ:1,CR:0.0,FX1:1.00,FY1:-151.10,FX2:-6.00,FY2:-149.60,IK1:1,IK2:1,MOVE:0
[2026-09-10 22:28:38.927] [RX] AX12:MODE:0,TQ:1,TL:1023,CM:1,CS:4,MS:0,MT:800
[2026-09-10 22:28:39.016] [RX] PITCH:2.66,PID_OUT:-139.14,INT:0.2073,EL:331,ER:-1167,VEL:112.6,MOT:1,TILT:25.0,TRIM:0.000,ATE:0,LATCH:0,TORQ:1,CR:0.0,FX1:1.00,FY1:-151.10,FX2:-6.00,FY2:-149.60,IK1:1,IK2:1,MOVE:0
[2026-09-10 22:28:39.117] [RX] PITCH:4.04,PID_OUT:-125.45,INT:-0.0035,EL:308,ER:-1156,VEL:-134.1,MOT:1,TILT:25.0,TRIM:0.000,ATE:0,LATCH:0,TORQ:1,CR:0.0,FX1:1.00,FY1:-151.10,FX2:-6.00,FY2:-149.60,IK1:1,IK2:1,MOVE:0
[2026-09-10 22:28:39.218] [RX] PITCH:3.05,PID_OUT:-114.70,INT:-0.2048,EL:268,ER:-1133,VEL:-292.0,MOT:1,TILT:25.0,TRIM:0.000,ATE:0,LATCH:0,TORQ:1,CR:0.0,FX1:1.00,FY1:-151.10,FX2:-6.00,FY2:-149.60,IK1:1,IK2:1,MOVE:0
[2026-09-10 22:28:39.318] [RX] PITCH:1.92,PID_OUT:-64.30,INT:-0.2306,EL:229,ER:-1106,VEL:-312.0,MOT:1,TILT:25.0,TRIM:0.000,ATE:0,LATCH:0,TORQ:1,CR:0.0,FX1:1.00,FY1:-151.10,FX2:-6.00,FY2:-149.60,IK1:1,IK2:1,MOVE:0
[2026-09-10 22:28:39.426] [RX] PITCH:1.60,PID_OUT:-85.35,INT:-0.2306,EL:193,ER:-1080,VEL:-306.4,MOT:1,TILT:25.0,TRIM:0.000,ATE:0,LATCH:0,TORQ:1,CR:0.0,FX1:1.00,FY1:-151.10,FX2:-6.00,FY2:-149.60,IK1:1,IK2:1,MOVE:0
[2026-09-10 22:28:39.429] [RX] AX12:MODE:0,TQ:1,TL:1023,CM:1,CS:4,MS:0,MT:800
[2026-09-10 22:28:39.520] [RX] PITCH:2.00,PID_OUT:-97.53,INT:-0.2306,EL:156,ER:-1055,VEL:-310.4,MOT:1,TILT:25.0,TRIM:0.000,ATE:0,LATCH:0,TORQ:1,CR:0.0,FX1:1.00,FY1:-151.10,FX2:-6.00,FY2:-149.60,IK1:1,IK2:1,MOVE:0
[2026-09-10 22:28:39.520] [RX] SRV:1,41,6.3,0,0
[2026-09-10 22:28:39.616] [RX] PITCH:1.76,PID_OUT:-76.45,INT:-0.2306,EL:120,ER:-1028,VEL:-319.3,MOT:1,TILT:25.0,TRIM:0.000,ATE:0,LATCH:0,TORQ:1,CR:0.0,FX1:1.00,FY1:-151.10,FX2:-6.00,FY2:-149.60,IK1:1,IK2:1,MOVE:0
[2026-09-10 22:28:39.717] [RX] PITCH:2.09,PID_OUT:-102.55,INT:-0.2306,EL:85,ER:-1003,VEL:-302.0,MOT:1,TILT:25.0,TRIM:0.000,ATE:0,LATCH:0,TORQ:1,CR:0.0,FX1:1.00,FY1:-151.10,FX2:-6.00,FY2:-149.60,IK1:1,IK2:1,MOVE:0
[2026-09-10 22:28:39.816] [RX] PITCH:1.88,PID_OUT:-86.94,INT:-0.2306,EL:47,ER:-977,VEL:-316.4,MOT:1,TILT:25.0,TRIM:0.000,ATE:0,LATCH:0,TORQ:1,CR:0.0,FX1:1.00,FY1:-151.10,FX2:-6.00,FY2:-149.60,IK1:1,IK2:1,MOVE:0
[2026-09-10 22:28:39.919] [RX] PITCH:2.18,PID_OUT:-97.53,INT:-0.2306,EL:9,ER:-952,VEL:-319.5,MOT:1,TILT:25.0,TRIM:0.000,ATE:0,LATCH:0,TORQ:1,CR:0.0,FX1:1.00,FY1:-151.10,FX2:-6.00,FY2:-149.60,IK1:1,IK2:1,MOVE:0
[2026-09-10 22:28:39.927] [RX] AX12:MODE:0,TQ:1,TL:1023,CM:1,CS:4,MS:0,MT:800
[2026-09-10 22:28:40.017] [RX] PITCH:1.73,PID_OUT:-63.69,INT:-0.2306,EL:-31,ER:-925,VEL:-331.6,MOT:1,TILT:25.0,TRIM:0.000,ATE:0,LATCH:0,TORQ:1,CR:0.0,FX1:1.00,FY1:-151.10,FX2:-6.00,FY2:-149.60,IK1:1,IK2:1,MOVE:0
[2026-09-10 22:28:40.119] [RX] PITCH:1.84,PID_OUT:-82.44,INT:-0.2306,EL:-71,ER:-900,VEL:-329.7,MOT:1,TILT:25.0,TRIM:0.000,ATE:0,LATCH:0,TORQ:1,CR:0.0,FX1:1.00,FY1:-151.10,FX2:-6.00,FY2:-149.60,IK1:1,IK2:1,MOVE:0
[2026-09-10 22:28:40.220] [RX] PITCH:1.84,PID_OUT:-69.01,INT:-0.2306,EL:-111,ER:-875,VEL:-326.4,MOT:1,TILT:25.0,TRIM:0.000,ATE:0,LATCH:0,TORQ:1,CR:0.0,FX1:1.00,FY1:-151.10,FX2:-6.00,FY2:-149.60,IK1:1,IK2:1,MOVE:0
[2026-09-10 22:28:40.315] [RX] PITCH:1.58,PID_OUT:-55.68,INT:-0.2306,EL:-152,ER:-850,VEL:-325.4,MOT:1,TILT:25.0,TRIM:0.000,ATE:0,LATCH:0,TORQ:1,CR:0.0,FX1:1.00,FY1:-151.10,FX2:-6.00,FY2:-149.60,IK1:1,IK2:1,MOVE:0
[2026-09-10 22:28:40.417] [RX] PITCH:1.50,PID_OUT:-59.55,INT:-0.2306,EL:-192,ER:-828,VEL:-309.5,MOT:1,TILT:25.0,TRIM:0.000,ATE:0,LATCH:0,TORQ:1,CR:0.0,FX1:1.00,FY1:-151.10,FX2:-6.00,FY2:-149.60,IK1:1,IK2:1,MOVE:0
[2026-09-10 22:28:40.425] [RX] AX12:MODE:0,TQ:1,TL:1023,CM:1,CS:4,MS:0,MT:800
[2026-09-10 22:28:40.515] [RX] PITCH:1.15,PID_OUT:-43.75,INT:-0.2029,EL:-230,ER:-810,VEL:-280.7,MOT:1,TILT:25.0,TRIM:0.000,ATE:0,LATCH:0,TORQ:1,CR:0.0,FX1:1.00,FY1:-151.10,FX2:-6.00,FY2:-149.60,IK1:1,IK2:1,MOVE:0
[2026-09-10 22:28:40.519] [RX] SRV:6,39,0.0,0,0
[2026-09-10 22:28:40.616] [RX] PITCH:1.31,PID_OUT:-55.88,INT:-0.1731,EL:-264,ER:-794,VEL:-250.0,MOT:1,TILT:25.0,TRIM:0.000,ATE:0,LATCH:0,TORQ:1,CR:0.0,FX1:1.00,FY1:-151.10,FX2:-6.00,FY2:-149.60,IK1:1,IK2:1,MOVE:0
[2026-09-10 22:28:40.713] [RX] PITCH:1.45,PID_OUT:-48.35,INT:-0.1623,EL:-295,ER:-779,VEL:-230.0,MOT:1,TILT:25.0,TRIM:0.000,ATE:0,LATCH:0,TORQ:1,CR:0.0,FX1:1.00,FY1:-151.10,FX2:-6.00,FY2:-149.60,IK1:1,IK2:1,MOVE:0
[2026-09-10 22:28:40.814] [RX] PITCH:1.59,PID_OUT:-64.75,INT:-0.1653,EL:-324,ER:-764,VEL:-223.0,MOT:1,TILT:25.0,TRIM:0.000,ATE:0,LATCH:0,TORQ:1,CR:0.0,FX1:1.00,FY1:-151.10,FX2:-6.00,FY2:-149.60,IK1:1,IK2:1,MOVE:0
[2026-09-10 22:28:40.919] [RX] PITCH:1.51,PID_OUT:-53.07,INT:-0.1665,EL:-350,ER:-750,VEL:-206.4,MOT:1,TILT:25.0,TRIM:0.000,ATE:0,LATCH:0,TORQ:1,CR:0.0,FX1:1.00,FY1:-151.10,FX2:-6.00,FY2:-149.60,IK1:1,IK2:1,MOVE:0
[2026-09-10 22:28:40.926] [RX] AX12:MODE:0,TQ:1,TL:1023,CM:1,CS:4,MS:0,MT:800
[2026-09-10 22:28:41.013] [RX] PITCH:1.48,PID_OUT:-44.51,INT:-0.1675,EL:-374,ER:-737,VEL:-184.7,MOT:1,TILT:25.0,TRIM:0.000,ATE:0,LATCH:0,TORQ:1,CR:0.0,FX1:1.00,FY1:-151.10,FX2:-6.00,FY2:-149.60,IK1:1,IK2:1,MOVE:0
[2026-09-10 22:28:41.114] [RX] PITCH:1.33,PID_OUT:-36.06,INT:-0.1599,EL:-400,ER:-725,VEL:-196.6,MOT:1,TILT:25.0,TRIM:0.000,ATE:0,LATCH:0,TORQ:1,CR:0.0,FX1:1.00,FY1:-151.10,FX2:-6.00,FY2:-149.60,IK1:1,IK2:1,MOVE:0
[2026-09-10 22:28:41.214] [RX] PITCH:1.24,PID_OUT:-31.82,INT:-0.1371,EL:-435,ER:-716,VEL:-215.3,MOT:1,TILT:25.0,TRIM:0.000,ATE:0,LATCH:0,TORQ:1,CR:0.0,FX1:1.00,FY1:-151.10,FX2:-6.00,FY2:-149.60,IK1:1,IK2:1,MOVE:0
[2026-09-10 22:28:41.314] [RX] PITCH:1.23,PID_OUT:-28.40,INT:-0.1088,EL:-469,ER:-708,VEL:-211.8,MOT:1,TILT:25.0,TRIM:0.000,ATE:0,LATCH:0,TORQ:1,CR:0.0,FX1:1.00,FY1:-151.10,FX2:-6.00,FY2:-149.60,IK1:1,IK2:1,MOVE:0
[2026-09-10 22:28:41.414] [RX] PITCH:1.44,PID_OUT:-43.80,INT:-0.0919,EL:-495,ER:-703,VEL:-163.8,MOT:1,TILT:25.0,TRIM:0.000,ATE:0,LATCH:0,TORQ:1,CR:0.0,FX1:1.00,FY1:-151.10,FX2:-6.00,FY2:-149.60,IK1:1,IK2:1,MOVE:0
[2026-09-10 22:28:41.422] [RX] AX12:MODE:0,TQ:1,TL:1023,CM:1,CS:4,MS:0,MT:800
[2026-09-10 22:28:41.517] [RX] PITCH:1.76,PID_OUT:-53.27,INT:-0.1053,EL:-523,ER:-699,VEL:-153.6,MOT:1,TILT:25.0,TRIM:0.000,ATE:0,LATCH:0,TORQ:1,CR:0.0,FX1:1.00,FY1:-151.10,FX2:-6.00,FY2:-149.60,IK1:1,IK2:1,MOVE:0
[2026-09-10 22:28:41.517] [RX] SRV:0,40,0.0,0,0
[2026-09-10 22:28:41.613] [RX] PITCH:1.76,PID_OUT:-52.07,INT:-0.1319,EL:-547,ER:-696,VEL:-124.2,MOT:1,TILT:25.0,TRIM:0.000,ATE:0,LATCH:0,TORQ:1,CR:0.0,FX1:1.00,FY1:-151.10,FX2:-6.00,FY2:-149.60,IK1:1,IK2:1,MOVE:0
[2026-09-10 22:28:41.711] [RX] PITCH:1.42,PID_OUT:-32.23,INT:-0.1386,EL:-574,ER:-693,VEL:-149.6,MOT:1,TILT:25.0,TRIM:0.000,ATE:0,LATCH:0,TORQ:1,CR:0.0,FX1:1.00,FY1:-151.10,FX2:-6.00,FY2:-149.60,IK1:1,IK2:1,MOVE:0
[2026-09-10 22:28:41.812] [RX] PITCH:1.28,PID_OUT:-23.38,INT:-0.1213,EL:-599,ER:-693,VEL:-144.8,MOT:1,TILT:25.0,TRIM:0.000,ATE:0,LATCH:0,TORQ:1,CR:0.0,FX1:1.00,FY1:-151.10,FX2:-6.00,FY2:-149.60,IK1:1,IK2:1,MOVE:0
[2026-09-10 22:28:41.918] [RX] PITCH:1.08,PID_OUT:3.89,INT:-0.0892,EL:-602,ER:-693,VEL:-33.7,MOT:1,TILT:25.0,TRIM:0.000,ATE:0,LATCH:0,TORQ:1,CR:0.0,FX1:1.00,FY1:-151.10,FX2:-6.00,FY2:-149.60,IK1:1,IK2:1,MOVE:0
[2026-09-10 22:28:41.922] [RX] AX12:MODE:0,TQ:1,TL:1023,CM:1,CS:4,MS:0,MT:800
[2026-09-10 22:28:42.011] [RX] PITCH:0.55,PID_OUT:70.52,INT:-0.0220,EL:-602,ER:-777,VEL:338.0,MOT:1,TILT:25.0,TRIM:0.000,ATE:0,LATCH:0,TORQ:1,CR:0.0,FX1:1.00,FY1:-151.10,FX2:-6.00,FY2:-149.60,IK1:1,IK2:1,MOVE:0
[2026-09-10 22:28:42.112] [RX] PITCH:-0.04,PID_OUT:113.48,INT:0.1170,EL:-597,ER:-793,VEL:154.7,MOT:1,TILT:25.0,TRIM:0.000,ATE:0,LATCH:0,TORQ:1,CR:0.0,FX1:1.00,FY1:-151.10,FX2:-6.00,FY2:-149.60,IK1:1,IK2:1,MOVE:0
[2026-09-10 22:28:42.210] [RX] PITCH:0.15,PID_OUT:101.17,INT:0.2306,EL:-586,ER:-820,VEL:193.9,MOT:1,TILT:25.0,TRIM:0.000,ATE:0,LATCH:0,TORQ:1,CR:0.0,FX1:1.00,FY1:-151.10,FX2:-6.00,FY2:-149.60,IK1:1,IK2:1,MOVE:0
[2026-09-10 22:28:42.310] [RX] PITCH:0.80,PID_OUT:83.14,INT:0.2306,EL:-570,ER:-848,VEL:220.3,MOT:1,TILT:25.0,TRIM:0.000,ATE:0,LATCH:0,TORQ:1,CR:0.0,FX1:1.00,FY1:-151.10,FX2:-6.00,FY2:-149.60,IK1:1,IK2:1,MOVE:0
[2026-09-10 22:28:42.418] [RX] PITCH:0.72,PID_OUT:101.07,INT:0.2306,EL:-553,ER:-877,VEL:230.1,MOT:1,TILT:25.0,TRIM:0.000,ATE:0,LATCH:0,TORQ:1,CR:0.0,FX1:1.00,FY1:-151.10,FX2:-6.00,FY2:-149.60,IK1:1,IK2:1,MOVE:0
[2026-09-10 22:28:42.418] [RX] AX12:MODE:0,TQ:1,TL:1023,CM:1,CS:4,MS:0,MT:800
[2026-09-10 22:28:42.513] [RX] PITCH:0.76,PID_OUT:99.33,INT:0.2306,EL:-532,ER:-911,VEL:265.5,MOT:1,TILT:25.0,TRIM:0.000,ATE:0,LATCH:0,TORQ:1,CR:0.0,FX1:1.00,FY1:-151.10,FX2:-6.00,FY2:-149.60,IK1:1,IK2:1,MOVE:0
[2026-09-10 22:28:42.517] [RX] SRV:14,39,0.0,0,0
[2026-09-10 22:28:42.610] [RX] PITCH:0.58,PID_OUT:107.01,INT:0.2306,EL:-508,ER:-951,VEL:317.2,MOT:1,TILT:25.0,TRIM:0.000,ATE:0,LATCH:0,TORQ:1,CR:0.0,FX1:1.00,FY1:-151.10,FX2:-6.00,FY2:-149.60,IK1:1,IK2:1,MOVE:0
[2026-09-10 22:28:42.709] [RX] PITCH:0.42,PID_OUT:112.04,INT:0.2306,EL:-481,ER:-988,VEL:319.2,MOT:1,TILT:25.0,TRIM:0.000,ATE:0,LATCH:0,TORQ:1,CR:0.0,FX1:1.00,FY1:-151.10,FX2:-6.00,FY2:-149.60,IK1:1,IK2:1,MOVE:0
[2026-09-10 22:28:42.809] [RX] PITCH:0.58,PID_OUT:109.10,INT:0.2306,EL:-450,ER:-1029,VEL:350.2,MOT:1,TILT:25.0,TRIM:0.000,ATE:0,LATCH:0,TORQ:1,CR:0.0,FX1:1.00,FY1:-151.10,FX2:-6.00,FY2:-149.60,IK1:1,IK2:1,MOVE:0
[2026-09-10 22:28:42.920] [RX] PITCH:0.61,PID_OUT:108.15,INT:0.2306,EL:-414,ER:-1072,VEL:388.4,MOT:1,TILT:25.0,TRIM:0.000,ATE:0,LATCH:0,TORQ:1,CR:0.0,FX1:1.00,FY1:-151.10,FX2:-6.00,FY2:-149.60,IK1:1,IK2:1,MOVE:0
[2026-09-10 22:28:42.920] [RX] AX12:MODE:0,TQ:1,TL:1023,CM:1,CS:4,MS:0,MT:800
[2026-09-10 22:28:43.008] [RX] PITCH:0.58,PID_OUT:120.38,INT:0.2306,EL:-376,ER:-1112,VEL:388.9,MOT:1,TILT:25.0,TRIM:0.000,ATE:0,LATCH:0,TORQ:1,CR:0.0,FX1:1.00,FY1:-151.10,FX2:-6.00,FY2:-149.60,IK1:1,IK2:1,MOVE:0
[2026-09-10 22:28:43.108] [RX] PITCH:0.65,PID_OUT:122.09,INT:0.2306,EL:-334,ER:-1154,VEL:419.0,MOT:1,TILT:25.0,TRIM:0.000,ATE:0,LATCH:0,TORQ:1,CR:0.0,FX1:1.00,FY1:-151.10,FX2:-6.00,FY2:-149.60,IK1:1,IK2:1,MOVE:0
[2026-09-10 22:28:43.209] [RX] PITCH:0.19,PID_OUT:124.67,INT:0.2306,EL:-289,ER:-1199,VEL:445.9,MOT:1,TILT:25.0,TRIM:0.000,ATE:0,LATCH:0,TORQ:1,CR:0.0,FX1:1.00,FY1:-151.10,FX2:-6.00,FY2:-149.60,IK1:1,IK2:1,MOVE:0
[2026-09-10 22:28:43.309] [RX] PITCH:-0.44,PID_OUT:163.47,INT:0.2306,EL:-238,ER:-1249,VEL:499.7,MOT:1,TILT:25.0,TRIM:0.000,ATE:0,LATCH:0,TORQ:1,CR:0.0,FX1:1.00,FY1:-151.10,FX2:-6.00,FY2:-149.60,IK1:1,IK2:1,MOVE:0
[2026-09-10 22:28:43.417] [RX] PITCH:-0.00,PID_OUT:109.36,INT:0.2306,EL:-181,ER:-1306,VEL:560.9,MOT:1,TILT:25.0,TRIM:0.000,ATE:0,LATCH:0,TORQ:1,CR:0.0,FX1:1.00,FY1:-151.10,FX2:-6.00,FY2:-149.60,IK1:1,IK2:1,MOVE:0
[2026-09-10 22:28:43.418] [RX] AX12:MODE:0,TQ:1,TL:1023,CM:1,CS:4,MS:0,MT:800
[2026-09-10 22:28:43.514] [RX] PITCH:-0.05,PID_OUT:123.05,INT:0.2306,EL:-120,ER:-1365,VEL:593.7,MOT:1,TILT:25.0,TRIM:0.000,ATE:0,LATCH:0,TORQ:1,CR:0.0,FX1:1.00,FY1:-151.10,FX2:-6.00,FY2:-149.60,IK1:1,IK2:1,MOVE:0
[2026-09-10 22:28:43.514] [RX] SRV:1,42,6.3,0,0
[2026-09-10 22:28:43.614] [RX] PITCH:-0.28,PID_OUT:166.12,INT:0.2306,EL:-56,ER:-1428,VEL:630.2,MOT:1,TILT:25.0,TRIM:0.000,ATE:0,LATCH:0,TORQ:1,CR:0.0,FX1:1.00,FY1:-151.10,FX2:-6.00,FY2:-149.60,IK1:1,IK2:1,MOVE:0
[2026-09-10 22:28:43.709] [RX] PITCH:-0.55,PID_OUT:159.66,INT:0.2306,EL:16,ER:-1498,VEL:704.6,MOT:1,TILT:25.0,TRIM:0.000,ATE:0,LATCH:0,TORQ:1,CR:0.0,FX1:1.00,FY1:-151.10,FX2:-6.00,FY2:-149.60,IK1:1,IK2:1,MOVE:0
[2026-09-10 22:28:43.807] [RX] PITCH:-3.23,PID_OUT:374.92,INT:0.2306,EL:98,ER:-1567,VEL:745.1,MOT:1,TILT:25.0,TRIM:0.000,ATE:0,LATCH:0,TORQ:1,CR:0.0,FX1:1.00,FY1:-151.10,FX2:-6.00,FY2:-149.60,IK1:1,IK2:1,MOVE:0
[2026-09-10 22:28:43.907] [RX] PITCH:-1.71,PID_OUT:87.75,INT:0.2306,EL:202,ER:-1658,VEL:933.7,MOT:1,TILT:25.0,TRIM:0.000,ATE:0,LATCH:0,TORQ:1,CR:0.0,FX1:1.00,FY1:-151.10,FX2:-6.00,FY2:-149.60,IK1:1,IK2:1,MOVE:0
[2026-09-10 22:28:43.917] [RX] AX12:MODE:0,TQ:1,TL:1023,CM:1,CS:4,MS:0,MT:800
[2026-09-10 22:28:44.006] [RX] PITCH:-8.43,PID_OUT:409.73,INT:0.2306,EL:308,ER:-1715,VEL:858.7,MOT:1,TILT:25.0,TRIM:0.000,ATE:0,LATCH:0,TORQ:1,CR:0.0,FX1:1.00,FY1:-151.10,FX2:-6.00,FY2:-149.60,IK1:1,IK2:1,MOVE:0
[2026-09-10 22:28:44.108] [RX] PITCH:-1.79,PID_OUT:-243.51,INT:0.2306,EL:422,ER:-1831,VEL:1091.2,MOT:1,TILT:25.0,TRIM:0.000,ATE:0,LATCH:0,TORQ:1,CR:0.0,FX1:1.00,FY1:-151.10,FX2:-6.00,FY2:-149.60,IK1:1,IK2:1,MOVE:0
[2026-09-10 22:28:44.205] [RX] PITCH:3.90,PID_OUT:-70.76,INT:0.0470,EL:419,ER:-1845,VEL:150.6,MOT:1,TILT:25.0,TRIM:0.000,ATE:0,LATCH:0,TORQ:1,CR:0.0,FX1:1.00,FY1:-151.10,FX2:-6.00,FY2:-149.60,IK1:1,IK2:1,MOVE:0
[2026-09-10 22:28:44.305] [RX] PITCH:3.39,PID_OUT:-159.14,INT:-0.1489,EL:385,ER:-1832,VEL:-161.8,MOT:1,TILT:25.0,TRIM:0.000,ATE:0,LATCH:0,TORQ:1,CR:0.0,FX1:1.00,FY1:-151.10,FX2:-6.00,FY2:-149.60,IK1:1,IK2:1,MOVE:0
[2026-09-10 22:28:44.410] [RX] PITCH:3.49,PID_OUT:-102.76,INT:-0.2306,EL:345,ER:-1808,VEL:-302.1,MOT:1,TILT:25.0,TRIM:0.000,ATE:0,LATCH:0,TORQ:1,CR:0.0,FX1:1.00,FY1:-151.10,FX2:-6.00,FY2:-149.60,IK1:1,IK2:1,MOVE:0
[2026-09-10 22:28:44.417] [RX] AX12:MODE:0,TQ:1,TL:1023,CM:1,CS:4,MS:0,MT:800
[2026-09-10 22:28:44.508] [RX] PITCH:4.46,PID_OUT:-176.69,INT:-0.2306,EL:308,ER:-1768,VEL:-376.3,MOT:1,TILT:25.0,TRIM:0.000,ATE:0,LATCH:0,TORQ:1,CR:0.0,FX1:1.00,FY1:-151.10,FX2:-6.00,FY2:-149.60,IK1:1,IK2:1,MOVE:0
[2026-09-10 22:28:44.510] [RX] SRV:6,40,0.0,0,0
[2026-09-10 22:28:44.606] [RX] PITCH:5.43,PID_OUT:-192.96,INT:-0.2306,EL:275,ER:-1711,VEL:-443.9,MOT:1,TILT:25.0,TRIM:0.000,ATE:0,LATCH:0,TORQ:1,CR:0.0,FX1:1.00,FY1:-151.10,FX2:-6.00,FY2:-149.60,IK1:1,IK2:1,MOVE:0
[2026-09-10 22:28:44.706] [RX] PITCH:4.19,PID_OUT:-124.93,INT:-0.2306,EL:249,ER:-1642,VEL:-468.4,MOT:1,TILT:25.0,TRIM:0.000,ATE:0,LATCH:0,TORQ:1,CR:0.0,FX1:1.00,FY1:-151.10,FX2:-6.00,FY2:-149.60,IK1:1,IK2:1,MOVE:0
[2026-09-10 22:28:44.807] [RX] PITCH:2.52,PID_OUT:-93.85,INT:-0.2306,EL:239,ER:-1584,VEL:-338.3,MOT:1,TILT:25.0,TRIM:0.000,ATE:0,LATCH:0,TORQ:1,CR:0.0,FX1:1.00,FY1:-151.10,FX2:-6.00,FY2:-149.60,IK1:1,IK2:1,MOVE:0
[2026-09-10 22:28:44.905] [RX] PITCH:3.29,PID_OUT:-107.18,INT:-0.2306,EL:224,ER:-1541,VEL:-323.1,MOT:1,TILT:25.0,TRIM:0.000,ATE:0,LATCH:0,TORQ:1,CR:0.0,FX1:1.00,FY1:-151.10,FX2:-6.00,FY2:-149.60,IK1:1,IK2:1,MOVE:0
[2026-09-10 22:28:44.917] [RX] AX12:MODE:0,TQ:1,TL:1023,CM:1,CS:4,MS:0,MT:800
[2026-09-10 22:28:45.002] [RX] PITCH:3.14,PID_OUT:-94.30,INT:-0.2306,EL:224,ER:-1502,VEL:-216.7,MOT:1,TILT:25.0,TRIM:0.000,ATE:0,LATCH:0,TORQ:1,CR:0.0,FX1:1.00,FY1:-151.10,FX2:-6.00,FY2:-149.60,IK1:1,IK2:1,MOVE:0
[2026-09-10 22:28:45.105] [RX] PITCH:1.60,PID_OUT:-2.08,INT:-0.2306,EL:213,ER:-1468,VEL:-255.7,MOT:1,TILT:25.0,TRIM:0.000,ATE:0,LATCH:0,TORQ:1,CR:0.0,FX1:1.00,FY1:-151.10,FX2:-6.00,FY2:-149.60,IK1:1,IK2:1,MOVE:0
[2026-09-10 22:28:45.204] [RX] PITCH:-0.17,PID_OUT:84.99,INT:-0.1469,EL:215,ER:-1460,VEL:-60.9,MOT:1,TILT:25.0,TRIM:0.000,ATE:0,LATCH:0,TORQ:1,CR:0.0,FX1:1.00,FY1:-151.10,FX2:-6.00,FY2:-149.60,IK1:1,IK2:1,MOVE:0
[2026-09-10 22:28:45.304] [RX] PITCH:-0.41,PID_OUT:88.85,INT:0.0511,EL:219,ER:-1465,VEL:21.4,MOT:1,TILT:25.0,TRIM:0.000,ATE:0,LATCH:0,TORQ:1,CR:0.0,FX1:1.00,FY1:-151.10,FX2:-6.00,FY2:-149.60,IK1:1,IK2:1,MOVE:0
[2026-09-10 22:28:45.405] [RX] PITCH:-0.03,PID_OUT:114.17,INT:0.2146,EL:226,ER:-1483,VEL:121.9,MOT:1,TILT:25.0,TRIM:0.000,ATE:0,LATCH:0,TORQ:1,CR:0.0,FX1:1.00,FY1:-151.10,FX2:-6.00,FY2:-149.60,IK1:1,IK2:1,MOVE:0
[2026-09-10 22:28:45.413] [RX] AX12:MODE:0,TQ:1,TL:1023,CM:1,CS:4,MS:0,MT:800
[2026-09-10 22:28:45.508] [RX] PITCH:0.64,PID_OUT:81.86,INT:0.2306,EL:238,ER:-1507,VEL:174.6,MOT:1,TILT:25.0,TRIM:0.000,ATE:0,LATCH:0,TORQ:1,CR:0.0,FX1:1.00,FY1:-151.10,FX2:-6.00,FY2:-149.60,IK1:1,IK2:1,MOVE:0
[2026-09-10 22:28:45.508] [RX] SRV:0,40,0.0,0,0
[2026-09-10 22:28:45.605] [RX] PITCH:0.57,PID_OUT:105.99,INT:0.2306,EL:251,ER:-1537,VEL:199.2,MOT:1,TILT:25.0,TRIM:0.000,ATE:0,LATCH:0,TORQ:1,CR:0.0,FX1:1.00,FY1:-151.10,FX2:-6.00,FY2:-149.60,IK1:1,IK2:1,MOVE:0
[2026-09-10 22:28:45.706] [RX] PITCH:0.58,PID_OUT:98.96,INT:0.2306,EL:267,ER:-1567,VEL:218.3,MOT:1,TILT:25.0,TRIM:0.000,ATE:0,LATCH:0,TORQ:1,CR:0.0,FX1:1.00,FY1:-151.10,FX2:-6.00,FY2:-149.60,IK1:1,IK2:1,MOVE:0
[2026-09-10 22:28:45.802] [RX] PITCH:0.58,PID_OUT:99.29,INT:0.2306,EL:285,ER:-1598,VEL:243.7,MOT:1,TILT:25.0,TRIM:0.000,ATE:0,LATCH:0,TORQ:1,CR:0.0,FX1:1.00,FY1:-151.10,FX2:-6.00,FY2:-149.60,IK1:1,IK2:1,MOVE:0
[2026-09-10 22:28:45.907] [RX] PITCH:0.62,PID_OUT:103.67,INT:0.2306,EL:306,ER:-1628,VEL:259.3,MOT:1,TILT:25.0,TRIM:0.000,ATE:0,LATCH:0,TORQ:1,CR:0.0,FX1:1.00,FY1:-151.10,FX2:-6.00,FY2:-149.60,IK1:1,IK2:1,MOVE:0
[2026-09-10 22:28:45.914] [RX] AX12:MODE:0,TQ:1,TL:1023,CM:1,CS:4,MS:0,MT:800
[2026-09-10 22:28:46.008] [RX] PITCH:0.35,PID_OUT:123.89,INT:0.2306,EL:331,ER:-1666,VEL:311.5,MOT:1,TILT:25.0,TRIM:0.000,ATE:0,LATCH:0,TORQ:1,CR:0.0,FX1:1.00,FY1:-151.10,FX2:-6.00,FY2:-149.60,IK1:1,IK2:1,MOVE:0
[2026-09-10 22:28:46.101] [RX] PITCH:0.58,PID_OUT:103.52,INT:0.2306,EL:358,ER:-1704,VEL:322.6,MOT:1,TILT:25.0,TRIM:0.000,ATE:0,LATCH:0,TORQ:1,CR:0.0,FX1:1.00,FY1:-151.10,FX2:-6.00,FY2:-149.60,IK1:1,IK2:1,MOVE:0
[2026-09-10 22:28:46.201] [RX] PITCH:0.50,PID_OUT:106.24,INT:0.2306,EL:386,ER:-1742,VEL:331.9,MOT:1,TILT:25.0,TRIM:0.000,ATE:0,LATCH:0,TORQ:1,CR:0.0,FX1:1.00,FY1:-151.10,FX2:-6.00,FY2:-149.60,IK1:1,IK2:1,MOVE:0
[2026-09-10 22:28:46.302] [RX] PITCH:0.39,PID_OUT:117.29,INT:0.2306,EL:418,ER:-1784,VEL:364.7,MOT:1,TILT:25.0,TRIM:0.000,ATE:0,LATCH:0,TORQ:1,CR:0.0,FX1:1.00,FY1:-151.10,FX2:-6.00,FY2:-149.60,IK1:1,IK2:1,MOVE:0
[2026-09-10 22:28:46.408] [RX] PITCH:0.37,PID_OUT:115.43,INT:0.2306,EL:454,ER:-1828,VEL:397.3,MOT:1,TILT:25.0,TRIM:0.000,ATE:0,LATCH:0,TORQ:1,CR:0.0,FX1:1.00,FY1:-151.10,FX2:-6.00,FY2:-149.60,IK1:1,IK2:1,MOVE:0
[2026-09-10 22:28:46.413] [RX] AX12:MODE:0,TQ:1,TL:1023,CM:1,CS:4,MS:0,MT:800
[2026-09-10 22:28:46.503] [RX] PITCH:-0.67,PID_OUT:182.53,INT:0.2306,EL:492,ER:-1879,VEL:437.5,MOT:1,TILT:25.0,TRIM:0.000,ATE:0,LATCH:0,TORQ:1,CR:0.0,FX1:1.00,FY1:-151.10,FX2:-6.00,FY2:-149.60,IK1:1,IK2:1,MOVE:0
[2026-09-10 22:28:46.506] [RX] SRV:14,39,0.0,0,0
[2026-09-10 22:28:46.600] [RX] PITCH:-0.18,PID_OUT:97.16,INT:0.2306,EL:522,ER:-1942,VEL:466.2,MOT:1,TILT:25.0,TRIM:0.000,ATE:0,LATCH:0,TORQ:1,CR:0.0,FX1:1.00,FY1:-151.10,FX2:-6.00,FY2:-149.60,IK1:1,IK2:1,MOVE:0
[2026-09-10 22:28:46.702] [RX] PITCH:0.54,PID_OUT:119.43,INT:0.2306,EL:555,ER:-2007,VEL:484.0,MOT:1,TILT:25.0,TRIM:0.000,ATE:0,LATCH:0,TORQ:1,CR:0.0,FX1:1.00,FY1:-151.10,FX2:-6.00,FY2:-149.60,IK1:1,IK2:1,MOVE:0
[2026-09-10 22:28:46.800] [RX] PITCH:1.05,PID_OUT:52.69,INT:0.2306,EL:589,ER:-2070,VEL:483.8,MOT:1,TILT:25.0,TRIM:0.000,ATE:0,LATCH:0,TORQ:1,CR:0.0,FX1:1.00,FY1:-151.10,FX2:-6.00,FY2:-149.60,IK1:1,IK2:1,MOVE:0
[2026-09-10 22:28:46.903] [RX] PITCH:0.80,PID_OUT:90.48,INT:0.2306,EL:627,ER:-2131,VEL:496.8,MOT:1,TILT:25.0,TRIM:0.000,ATE:0,LATCH:0,TORQ:1,CR:0.0,FX1:1.00,FY1:-151.10,FX2:-6.00,FY2:-149.60,IK1:1,IK2:1,MOVE:0
[2026-09-10 22:28:46.910] [RX] AX12:MODE:0,TQ:1,TL:1023,CM:1,CS:4,MS:0,MT:800
[2026-09-10 22:28:47.001] [RX] PITCH:-6.26,PID_OUT:59.26,INT:0.2306,EL:668,ER:-2209,VEL:606.2,MOT:1,TILT:25.0,TRIM:0.000,ATE:0,LATCH:0,TORQ:1,CR:0.0,FX1:1.00,FY1:-151.10,FX2:-6.00,FY2:-149.60,IK1:1,IK2:1,MOVE:0
[2026-09-10 22:28:47.099] [RX] PITCH:5.49,PID_OUT:-145.03,INT:0.0575,EL:647,ER:-2246,VEL:35.1,MOT:1,TILT:25.0,TRIM:0.000,ATE:0,LATCH:0,TORQ:1,CR:0.0,FX1:1.00,FY1:-151.10,FX2:-6.00,FY2:-149.60,IK1:1,IK2:1,MOVE:0
[2026-09-10 22:28:47.200] [RX] PITCH:1.90,PID_OUT:61.03,INT:-0.1600,EL:586,ER:-2240,VEL:-233.2,MOT:1,TILT:25.0,TRIM:0.000,ATE:0,LATCH:0,TORQ:1,CR:0.0,FX1:1.00,FY1:-151.10,FX2:-6.00,FY2:-149.60,IK1:1,IK2:1,MOVE:0
[2026-09-10 22:28:47.302] [RX] PITCH:0.39,PID_OUT:49.30,INT:-0.0997,EL:550,ER:-2241,VEL:-175.1,MOT:1,TILT:25.0,TRIM:0.000,ATE:0,LATCH:0,TORQ:1,CR:0.0,FX1:1.00,FY1:-151.10,FX2:-6.00,FY2:-149.60,IK1:1,IK2:1,MOVE:0
[2026-09-10 22:28:47.402] [RX] PITCH:1.01,PID_OUT:1.26,INT:-0.0183,EL:526,ER:-2241,VEL:-124.9,MOT:1,TILT:25.0,TRIM:0.000,ATE:0,LATCH:0,TORQ:1,CR:0.0,FX1:1.00,FY1:-151.10,FX2:-6.00,FY2:-149.60,IK1:1,IK2:1,MOVE:0
[2026-09-10 22:28:47.410] [RX] AX12:MODE:0,TQ:1,TL:1023,CM:1,CS:4,MS:0,MT:800
[2026-09-10 22:28:47.500] [RX] PITCH:1.92,PID_OUT:-78.68,INT:-0.0150,EL:510,ER:-2241,VEL:-87.4,MOT:1,TILT:25.0,TRIM:0.000,ATE:0,LATCH:0,TORQ:1,CR:0.0,FX1:1.00,FY1:-151.10,FX2:-6.00,FY2:-149.60,IK1:1,IK2:1,MOVE:0
[2026-09-10 22:28:47.503] [RX] SRV:1,42,6.3,0,0
[2026-09-10 22:28:47.600] [RX] PITCH:2.76,PID_OUT:-100.31,INT:-0.1112,EL:493,ER:-2238,VEL:-103.4,MOT:1,TILT:25.0,TRIM:0.000,ATE:0,LATCH:0,TORQ:1,CR:0.0,FX1:1.00,FY1:-151.10,FX2:-6.00,FY2:-149.60,IK1:1,IK2:1,MOVE:0
[2026-09-10 22:28:47.701] [RX] PITCH:2.31,PID_OUT:-74.91,INT:-0.2247,EL:469,ER:-2229,VEL:-161.4,MOT:1,TILT:25.0,TRIM:0.000,ATE:0,LATCH:0,TORQ:1,CR:0.0,FX1:1.00,FY1:-151.10,FX2:-6.00,FY2:-149.60,IK1:1,IK2:1,MOVE:0
[2026-09-10 22:28:47.800] [RX] PITCH:1.59,PID_OUT:-62.37,INT:-0.2306,EL:442,ER:-2218,VEL:-184.9,MOT:1,TILT:25.0,TRIM:0.000,ATE:0,LATCH:0,TORQ:1,CR:0.0,FX1:1.00,FY1:-151.10,FX2:-6.00,FY2:-149.60,IK1:1,IK2:1,MOVE:0
[2026-09-10 22:28:47.901] [RX] PITCH:1.35,PID_OUT:-52.91,INT:-0.2225,EL:417,ER:-2208,VEL:-175.3,MOT:1,TILT:25.0,TRIM:0.000,ATE:0,LATCH:0,TORQ:1,CR:0.0,FX1:1.00,FY1:-151.10,FX2:-6.00,FY2:-149.60,IK1:1,IK2:1,MOVE:0
[2026-09-10 22:28:47.909] [RX] AX12:MODE:0,TQ:1,TL:1023,CM:1,CS:4,MS:0,MT:800
[2026-09-10 22:28:48.000] [RX] PITCH:1.56,PID_OUT:-69.47,INT:-0.2175,EL:393,ER:-2199,VEL:-167.0,MOT:1,TILT:25.0,TRIM:0.000,ATE:0,LATCH:0,TORQ:1,CR:0.0,FX1:1.00,FY1:-151.10,FX2:-6.00,FY2:-149.60,IK1:1,IK2:1,MOVE:0
[2026-09-10 22:28:48.099] [RX] PITCH:1.72,PID_OUT:-68.65,INT:-0.2306,EL:368,ER:-2191,VEL:-164.0,MOT:1,TILT:25.0,TRIM:0.000,ATE:0,LATCH:0,TORQ:1,CR:0.0,FX1:1.00,FY1:-151.10,FX2:-6.00,FY2:-149.60,IK1:1,IK2:1,MOVE:0
[2026-09-10 22:28:48.202] [RX] PITCH:1.48,PID_OUT:-58.16,INT:-0.2301,EL:342,ER:-2182,VEL:-168.8,MOT:1,TILT:25.0,TRIM:0.000,ATE:0,LATCH:0,TORQ:1,CR:0.0,FX1:1.00,FY1:-151.10,FX2:-6.00,FY2:-149.60,IK1:1,IK2:1,MOVE:0
[2026-09-10 22:28:48.298] [RX] PITCH:1.29,PID_OUT:-50.60,INT:-0.2200,EL:317,ER:-2175,VEL:-155.1,MOT:1,TILT:25.0,TRIM:0.000,ATE:0,LATCH:0,TORQ:1,CR:0.0,FX1:1.00,FY1:-151.10,FX2:-6.00,FY2:-149.60,IK1:1,IK2:1,MOVE:0
[2026-09-10 22:28:48.397] [RX] PITCH:1.41,PID_OUT:-54.32,INT:-0.2082,EL:293,ER:-2169,VEL:-147.9,MOT:1,TILT:25.0,TRIM:0.000,ATE:0,LATCH:0,TORQ:1,CR:0.0,FX1:1.00,FY1:-151.10,FX2:-6.00,FY2:-149.60,IK1:1,IK2:1,MOVE:0
[2026-09-10 22:28:48.408] [RX] AX12:MODE:0,TQ:1,TL:1023,CM:1,CS:4,MS:0,MT:800
[2026-09-10 22:28:48.502] [RX] PITCH:1.42,PID_OUT:-58.82,INT:-0.1961,EL:272,ER:-2164,VEL:-131.2,MOT:1,TILT:25.0,TRIM:0.000,ATE:0,LATCH:0,TORQ:1,CR:0.0,FX1:1.00,FY1:-151.10,FX2:-6.00,FY2:-149.60,IK1:1,IK2:1,MOVE:0
[2026-09-10 22:28:48.502] [RX] SRV:6,40,0.0,0,0
[2026-09-10 22:28:48.599] [RX] PITCH:1.36,PID_OUT:-48.49,INT:-0.1828,EL:252,ER:-2160,VEL:-121.3,MOT:1,TILT:25.0,TRIM:0.000,ATE:0,LATCH:0,TORQ:1,CR:0.0,FX1:1.00,FY1:-151.10,FX2:-6.00,FY2:-149.60,IK1:1,IK2:1,MOVE:0
[2026-09-10 22:28:48.695] [RX] PITCH:1.55,PID_OUT:-54.93,INT:-0.1757,EL:235,ER:-2158,VEL:-96.3,MOT:1,TILT:25.0,TRIM:0.000,ATE:0,LATCH:0,TORQ:1,CR:0.0,FX1:1.00,FY1:-151.10,FX2:-6.00,FY2:-149.60,IK1:1,IK2:1,MOVE:0
[2026-09-10 22:28:48.795] [RX] PITCH:1.62,PID_OUT:-55.74,INT:-0.1811,EL:218,ER:-2157,VEL:-89.6,MOT:1,TILT:25.0,TRIM:0.000,ATE:0,LATCH:0,TORQ:1,CR:0.0,FX1:1.00,FY1:-151.10,FX2:-6.00,FY2:-149.60,IK1:1,IK2:1,MOVE:0
[2026-09-10 22:28:48.902] [RX] PITCH:1.51,PID_OUT:-50.39,INT:-0.1882,EL:203,ER:-2157,VEL:-79.5,MOT:1,TILT:25.0,TRIM:0.000,ATE:0,LATCH:0,TORQ:1,CR:0.0,FX1:1.00,FY1:-151.10,FX2:-6.00,FY2:-149.60,IK1:1,IK2:1,MOVE:0
[2026-09-10 22:28:48.908] [RX] AX12:MODE:0,TQ:1,TL:1023,CM:1,CS:4,MS:0,MT:800
[2026-09-10 22:28:48.997] [RX] PITCH:1.15,PID_OUT:-26.82,INT:-0.1687,EL:187,ER:-2157,VEL:-91.4,MOT:1,TILT:25.0,TRIM:0.000,ATE:0,LATCH:0,TORQ:1,CR:0.0,FX1:1.00,FY1:-151.10,FX2:-6.00,FY2:-149.60,IK1:1,IK2:1,MOVE:0
[2026-09-10 22:28:49.097] [RX] PITCH:0.96,PID_OUT:-4.10,INT:-0.1246,EL:164,ER:-2166,VEL:-35.2,MOT:1,TILT:25.0,TRIM:0.000,ATE:0,LATCH:0,TORQ:1,CR:0.0,FX1:1.00,FY1:-151.10,FX2:-6.00,FY2:-149.60,IK1:1,IK2:1,MOVE:0
[2026-09-10 22:28:49.195] [RX] PITCH:0.86,PID_OUT:25.37,INT:-0.0645,EL:163,ER:-2195,VEL:178.5,MOT:1,TILT:25.0,TRIM:0.000,ATE:0,LATCH:0,TORQ:1,CR:0.0,FX1:1.00,FY1:-151.10,FX2:-6.00,FY2:-149.60,IK1:1,IK2:1,MOVE:0
[2026-09-10 22:28:49.296] [RX] PITCH:0.31,PID_OUT:94.44,INT:0.0262,EL:164,ER:-2224,VEL:115.7,MOT:1,TILT:25.0,TRIM:0.000,ATE:0,LATCH:0,TORQ:1,CR:0.0,FX1:1.00,FY1:-151.10,FX2:-6.00,FY2:-149.60,IK1:1,IK2:1,MOVE:0
[2026-09-10 22:28:49.397] [RX] PITCH:-0.03,PID_OUT:119.35,INT:0.1651,EL:170,ER:-2246,VEL:135.1,MOT:1,TILT:25.0,TRIM:0.000,ATE:0,LATCH:0,TORQ:1,CR:0.0,FX1:1.00,FY1:-151.10,FX2:-6.00,FY2:-149.60,IK1:1,IK2:1,MOVE:0
[2026-09-10 22:28:49.405] [RX] AX12:MODE:0,TQ:1,TL:1023,CM:1,CS:4,MS:0,MT:800
[2026-09-10 22:28:49.499] [RX] PITCH:0.36,PID_OUT:84.14,INT:0.2306,EL:184,ER:-2276,VEL:205.0,MOT:1,TILT:25.0,TRIM:0.000,ATE:0,LATCH:0,TORQ:1,CR:0.0,FX1:1.00,FY1:-151.10,FX2:-6.00,FY2:-149.60,IK1:1,IK2:1,MOVE:0
[2026-09-10 22:28:49.499] [RX] SRV:0,40,0.0,0,0
[2026-09-10 22:28:49.598] [RX] PITCH:0.71,PID_OUT:93.21,INT:0.2306,EL:202,ER:-2310,VEL:247.6,MOT:1,TILT:25.0,TRIM:0.000,ATE:0,LATCH:0,TORQ:1,CR:0.0,FX1:1.00,FY1:-151.10,FX2:-6.00,FY2:-149.60,IK1:1,IK2:1,MOVE:0
[2026-09-10 22:28:49.694] [RX] PITCH:0.65,PID_OUT:97.11,INT:0.2306,EL:222,ER:-2339,VEL:247.1,MOT:1,TILT:25.0,TRIM:0.000,ATE:0,LATCH:0,TORQ:1,CR:0.0,FX1:1.00,FY1:-151.10,FX2:-6.00,FY2:-149.60,IK1:1,IK2:1,MOVE:0
[2026-09-10 22:28:49.794] [RX] PITCH:0.60,PID_OUT:106.58,INT:0.2306,EL:246,ER:-2375,VEL:292.4,MOT:1,TILT:25.0,TRIM:0.000,ATE:0,LATCH:0,TORQ:1,CR:0.0,FX1:1.00,FY1:-151.10,FX2:-6.00,FY2:-149.60,IK1:1,IK2:1,MOVE:0
[2026-09-10 22:28:49.895] [RX] PITCH:0.53,PID_OUT:100.35,INT:0.2306,EL:273,ER:-2415,VEL:329.9,MOT:1,TILT:25.0,TRIM:0.000,ATE:0,LATCH:0,TORQ:1,CR:0.0,FX1:1.00,FY1:-151.10,FX2:-6.00,FY2:-149.60,IK1:1,IK2:1,MOVE:0
[2026-09-10 22:28:49.903] [RX] AX12:MODE:0,TQ:1,TL:1023,CM:1,CS:4,MS:0,MT:800
[2026-09-10 22:28:49.996] [RX] PITCH:0.49,PID_OUT:102.93,INT:0.2306,EL:303,ER:-2448,VEL:310.7,MOT:1,TILT:25.0,TRIM:0.000,ATE:0,LATCH:0,TORQ:1,CR:0.0,FX1:1.00,FY1:-151.10,FX2:-6.00,FY2:-149.60,IK1:1,IK2:1,MOVE:0
[2026-09-10 22:28:50.093] [RX] PITCH:0.87,PID_OUT:106.97,INT:0.2306,EL:337,ER:-2491,VEL:368.1,MOT:1,TILT:25.0,TRIM:0.000,ATE:0,LATCH:0,TORQ:1,CR:0.0,FX1:1.00,FY1:-151.10,FX2:-6.00,FY2:-149.60,IK1:1,IK2:1,MOVE:0
[2026-09-10 22:28:50.193] [RX] PITCH:0.37,PID_OUT:124.98,INT:0.2306,EL:373,ER:-2535,VEL:396.9,MOT:1,TILT:25.0,TRIM:0.000,ATE:0,LATCH:0,TORQ:1,CR:0.0,FX1:1.00,FY1:-151.10,FX2:-6.00,FY2:-149.60,IK1:1,IK2:1,MOVE:0
[2026-09-10 22:28:50.293] [RX] PITCH:0.35,PID_OUT:121.07,INT:0.2306,EL:414,ER:-2578,VEL:410.9,MOT:1,TILT:25.0,TRIM:0.000,ATE:0,LATCH:0,TORQ:1,CR:0.0,FX1:1.00,FY1:-151.10,FX2:-6.00,FY2:-149.60,IK1:1,IK2:1,MOVE:0
[2026-09-10 22:28:50.400] [RX] PITCH:0.19,PID_OUT:116.26,INT:0.2306,EL:458,ER:-2618,VEL:418.2,MOT:1,TILT:25.0,TRIM:0.000,ATE:0,LATCH:0,TORQ:1,CR:0.0,FX1:1.00,FY1:-151.10,FX2:-6.00,FY2:-149.60,IK1:1,IK2:1,MOVE:0
[2026-09-10 22:28:50.405] [RX] AX12:MODE:0,TQ:1,TL:1023,CM:1,CS:4,MS:0,MT:800
[2026-09-10 22:28:50.495] [RX] PITCH:-4.36,PID_OUT:367.59,INT:0.2306,EL:525,ER:-2653,VEL:522.0,MOT:1,TILT:25.0,TRIM:0.000,ATE:0,LATCH:0,TORQ:1,CR:0.0,FX1:1.00,FY1:-151.10,FX2:-6.00,FY2:-149.60,IK1:1,IK2:1,MOVE:0
[2026-09-10 22:28:50.498] [RX] SRV:14,39,0.0,0,0
[2026-09-10 22:28:50.594] [RX] PITCH:-6.12,PID_OUT:32.10,INT:0.2306,EL:640,ER:-2712,VEL:814.0,MOT:1,TILT:25.0,TRIM:0.000,ATE:0,LATCH:0,TORQ:1,CR:0.0,FX1:1.00,FY1:-151.10,FX2:-6.00,FY2:-149.60,IK1:1,IK2:1,MOVE:0
[2026-09-10 22:28:50.696] [RX] PITCH:6.15,PID_OUT:-338.67,INT:0.0779,EL:658,ER:-2714,VEL:71.4,MOT:1,TILT:25.0,TRIM:0.000,ATE:0,LATCH:0,TORQ:1,CR:0.0,FX1:1.00,FY1:-151.10,FX2:-6.00,FY2:-149.60,IK1:1,IK2:1,MOVE:0
[2026-09-10 22:28:50.795] [RX] PITCH:4.82,PID_OUT:-81.06,INT:-0.2306,EL:553,ER:-2640,VEL:-741.7,MOT:1,TILT:25.0,TRIM:0.000,ATE:0,LATCH:0,TORQ:1,CR:0.0,FX1:1.00,FY1:-151.10,FX2:-6.00,FY2:-149.60,IK1:1,IK2:1,MOVE:0
[2026-09-10 22:28:50.894] [RX] PITCH:0.01,PID_OUT:148.68,INT:-0.2038,EL:480,ER:-2569,VEL:-673.6,MOT:1,TILT:25.0,TRIM:0.000,ATE:0,LATCH:0,TORQ:1,CR:0.0,FX1:1.00,FY1:-151.10,FX2:-6.00,FY2:-149.60,IK1:1,IK2:1,MOVE:0
[2026-09-10 22:28:50.903] [RX] AX12:MODE:0,TQ:1,TL:1023,CM:1,CS:4,MS:0,MT:800
[2026-09-10 22:28:50.991] [RX] PITCH:0.82,PID_OUT:-83.13,INT:-0.0417,EL:463,ER:-2538,VEL:-337.0,MOT:1,TILT:25.0,TRIM:0.000,ATE:0,LATCH:0,TORQ:1,CR:0.0,FX1:1.00,FY1:-151.10,FX2:-6.00,FY2:-149.60,IK1:1,IK2:1,MOVE:0
[2026-09-10 22:28:51.091] [RX] PITCH:3.45,PID_OUT:-144.54,INT:-0.1448,EL:436,ER:-2503,VEL:-323.8,MOT:1,TILT:25.0,TRIM:0.000,ATE:0,LATCH:0,TORQ:1,CR:0.0,FX1:1.00,FY1:-151.10,FX2:-6.00,FY2:-149.60,IK1:1,IK2:1,MOVE:0
[2026-09-10 22:28:51.192] [RX] PITCH:2.75,PID_OUT:-110.49,INT:-0.2306,EL:396,ER:-2460,VEL:-400.2,MOT:1,TILT:25.0,TRIM:0.000,ATE:0,LATCH:0,TORQ:1,CR:0.0,FX1:1.00,FY1:-151.10,FX2:-6.00,FY2:-149.60,IK1:1,IK2:1,MOVE:0
[2026-09-10 22:28:51.292] [RX] PITCH:2.16,PID_OUT:-83.76,INT:-0.2306,EL:355,ER:-2415,VEL:-421.7,MOT:1,TILT:25.0,TRIM:0.000,ATE:0,LATCH:0,TORQ:1,CR:0.0,FX1:1.00,FY1:-151.10,FX2:-6.00,FY2:-149.60,IK1:1,IK2:1,MOVE:0
[2026-09-10 22:28:51.398] [RX] PITCH:2.13,PID_OUT:-115.14,INT:-0.2306,EL:312,ER:-2372,VEL:-429.6,MOT:1,TILT:25.0,TRIM:0.000,ATE:0,LATCH:0,TORQ:1,CR:0.0,FX1:1.00,FY1:-151.10,FX2:-6.00,FY2:-149.60,IK1:1,IK2:1,MOVE:0
[2026-09-10 22:28:51.402] [RX] AX12:MODE:0,TQ:1,TL:1023,CM:1,CS:4,MS:0,MT:800
[2026-09-10 22:28:51.496] [RX] PITCH:1.95,PID_OUT:-98.08,INT:-0.2306,EL:268,ER:-2329,VEL:-435.2,MOT:1,TILT:25.0,TRIM:0.000,ATE:0,LATCH:0,TORQ:1,CR:0.0,FX1:1.00,FY1:-151.10,FX2:-6.00,FY2:-149.60,IK1:1,IK2:1,MOVE:0
[2026-09-10 22:28:51.497] [RX] SRV:1,43,7.0,0,0
[2026-09-10 22:28:51.590] [RX] PITCH:2.17,PID_OUT:-104.65,INT:-0.2306,EL:220,ER:-2285,VEL:-455.9,MOT:1,TILT:25.0,TRIM:0.000,ATE:0,LATCH:0,TORQ:1,CR:0.0,FX1:1.00,FY1:-151.10,FX2:-6.00,FY2:-149.60,IK1:1,IK2:1,MOVE:0
[2026-09-10 22:28:51.691] [RX] PITCH:2.54,PID_OUT:-119.90,INT:-0.2306,EL:169,ER:-2239,VEL:-480.8,MOT:1,TILT:25.0,TRIM:0.000,ATE:0,LATCH:0,TORQ:1,CR:0.0,FX1:1.00,FY1:-151.10,FX2:-6.00,FY2:-149.60,IK1:1,IK2:1,MOVE:0
[2026-09-10 22:28:51.791] [RX] PITCH:2.13,PID_OUT:-97.77,INT:-0.2306,EL:113,ER:-2193,VEL:-504.5,MOT:1,TILT:25.0,TRIM:0.000,ATE:0,LATCH:0,TORQ:1,CR:0.0,FX1:1.00,FY1:-151.10,FX2:-6.00,FY2:-149.60,IK1:1,IK2:1,MOVE:0
[2026-09-10 22:28:51.893] [RX] PITCH:3.38,PID_OUT:-324.41,INT:-0.2306,EL:61,ER:-2146,VEL:-485.8,MOT:1,TILT:25.0,TRIM:0.000,ATE:0,LATCH:0,TORQ:1,CR:0.0,FX1:1.00,FY1:-151.10,FX2:-6.00,FY2:-149.60,IK1:1,IK2:1,MOVE:0
[2026-09-10 22:28:51.902] [RX] AX12:MODE:0,TQ:1,TL:1023,CM:1,CS:4,MS:0,MT:800
[2026-09-10 22:28:51.990] [RX] PITCH:4.09,PID_OUT:-122.00,INT:-0.2306,EL:21,ER:-2074,VEL:-567.3,MOT:1,TILT:25.0,TRIM:0.000,ATE:0,LATCH:0,TORQ:1,CR:0.0,FX1:1.00,FY1:-151.10,FX2:-6.00,FY2:-149.60,IK1:1,IK2:1,MOVE:0
[2026-09-10 22:28:52.093] [RX] PITCH:10.47,PID_OUT:-534.82,INT:-0.2306,EL:-28,ER:-2014,VEL:-574.5,MOT:1,TILT:25.0,TRIM:0.000,ATE:0,LATCH:0,TORQ:1,CR:0.0,FX1:1.00,FY1:-151.10,FX2:-6.00,FY2:-149.60,IK1:1,IK2:1,MOVE:0
[2026-09-10 22:28:52.191] [RX] PITCH:10.29,PID_OUT:-272.87,INT:-0.2306,EL:-107,ER:-1966,VEL:-622.2,MOT:1,TILT:25.0,TRIM:0.000,ATE:0,LATCH:0,TORQ:1,CR:0.0,FX1:1.00,FY1:-151.10,FX2:-6.00,FY2:-149.60,IK1:1,IK2:1,MOVE:0
[2026-09-10 22:28:52.286] [RX] PITCH:7.07,PID_OUT:-114.29,INT:-0.2306,EL:-181,ER:-1926,VEL:-527.9,MOT:1,TILT:25.0,TRIM:0.000,ATE:0,LATCH:0,TORQ:1,CR:0.0,FX1:1.00,FY1:-151.10,FX2:-6.00,FY2:-149.60,IK1:1,IK2:1,MOVE:0
[2026-09-10 22:28:52.399] [RX] PITCH:-0.87,PID_OUT:215.25,INT:-0.1725,EL:-183,ER:-1935,VEL:-47.4,MOT:1,TILT:25.0,TRIM:0.000,ATE:0,LATCH:0,TORQ:1,CR:0.0,FX1:1.00,FY1:-151.10,FX2:-6.00,FY2:-149.60,IK1:1,IK2:1,MOVE:0
[2026-09-10 22:28:52.401] [RX] AX12:MODE:0,TQ:1,TL:1023,CM:1,CS:4,MS:0,MT:800
[2026-09-10 22:28:52.491] [RX] PITCH:-2.24,PID_OUT:158.60,INT:0.1899,EL:-136,ER:-1977,VEL:383.3,MOT:1,TILT:25.0,TRIM:0.000,ATE:0,LATCH:0,TORQ:1,CR:0.0,FX1:1.00,FY1:-151.10,FX2:-6.00,FY2:-149.60,IK1:1,IK2:1,MOVE:0
[2026-09-10 22:28:52.492] [RX] SRV:6,40,0.0,0,0
[2026-09-10 22:28:52.588] [RX] PITCH:-0.23,PID_OUT:139.36,INT:0.2306,EL:-82,ER:-2033,VEL:518.7,MOT:1,TILT:25.0,TRIM:0.000,ATE:0,LATCH:0,TORQ:1,CR:0.0,FX1:1.00,FY1:-151.10,FX2:-6.00,FY2:-149.60,IK1:1,IK2:1,MOVE:0
[2026-09-10 22:28:52.690] [RX] PITCH:-0.84,PID_OUT:195.79,INT:0.2306,EL:-26,ER:-2091,VEL:565.1,MOT:1,TILT:25.0,TRIM:0.000,ATE:0,LATCH:0,TORQ:1,CR:0.0,FX1:1.00,FY1:-151.10,FX2:-6.00,FY2:-149.60,IK1:1,IK2:1,MOVE:0
[2026-09-10 22:28:52.787] [RX] PITCH:-2.11,PID_OUT:252.72,INT:0.2306,EL:40,ER:-2163,VEL:677.3,MOT:1,TILT:25.0,TRIM:0.000,ATE:0,LATCH:0,TORQ:1,CR:0.0,FX1:1.00,FY1:-151.10,FX2:-6.00,FY2:-149.60,IK1:1,IK2:1,MOVE:0
[2026-09-10 22:28:52.897] [RX] PITCH:-1.36,PID_OUT:188.83,INT:0.2306,EL:123,ER:-2248,VEL:812.7,MOT:1,TILT:25.0,TRIM:0.000,ATE:0,LATCH:0,TORQ:1,CR:0.0,FX1:1.00,FY1:-151.10,FX2:-6.00,FY2:-149.60,IK1:1,IK2:1,MOVE:0
[2026-09-10 22:28:52.899] [RX] AX12:MODE:0,TQ:1,TL:1023,CM:1,CS:4,MS:0,MT:800
[2026-09-10 22:28:52.988] [RX] PITCH:-1.22,PID_OUT:191.51,INT:0.2306,EL:210,ER:-2340,VEL:893.0,MOT:1,TILT:25.0,TRIM:0.000,ATE:0,LATCH:0,TORQ:1,CR:0.0,FX1:1.00,FY1:-151.10,FX2:-6.00,FY2:-149.60,IK1:1,IK2:1,MOVE:0
[2026-09-10 22:28:53.090] [RX] PITCH:-1.35,PID_OUT:236.53,INT:0.2306,EL:305,ER:-2438,VEL:953.6,MOT:1,TILT:25.0,TRIM:0.000,ATE:0,LATCH:0,TORQ:1,CR:0.0,FX1:1.00,FY1:-151.10,FX2:-6.00,FY2:-149.60,IK1:1,IK2:1,MOVE:0
[2026-09-10 22:28:53.187] [RX] PITCH:-1.88,PID_OUT:187.16,INT:0.2306,EL:413,ER:-2549,VEL:1080.5,MOT:1,TILT:25.0,TRIM:0.000,ATE:0,LATCH:0,TORQ:1,CR:0.0,FX1:1.00,FY1:-151.10,FX2:-6.00,FY2:-149.60,IK1:1,IK2:1,MOVE:0
[2026-09-10 22:28:53.288] [RX] PITCH:-4.16,PID_OUT:350.89,INT:0.2306,EL:516,ER:-2668,VEL:1121.5,MOT:1,TILT:25.0,TRIM:0.000,ATE:0,LATCH:0,TORQ:1,CR:0.0,FX1:1.00,FY1:-151.10,FX2:-6.00,FY2:-149.60,IK1:1,IK2:1,MOVE:0
[2026-09-10 22:28:53.388] [RX] PITCH:0.31,PID_OUT:-309.79,INT:0.2306,EL:621,ER:-2786,VEL:1073.7,MOT:1,TILT:25.0,TRIM:0.000,ATE:0,LATCH:0,TORQ:1,CR:0.0,FX1:1.00,FY1:-151.10,FX2:-6.00,FY2:-149.60,IK1:1,IK2:1,MOVE:0
[2026-09-10 22:28:53.397] [RX] AX12:MODE:0,TQ:1,TL:1023,CM:1,CS:4,MS:0,MT:800
[2026-09-10 22:28:53.491] [RX] PITCH:6.07,PID_OUT:-121.22,INT:-0.0929,EL:588,ER:-2784,VEL:-46.0,MOT:1,TILT:25.0,TRIM:0.000,ATE:0,LATCH:0,TORQ:1,CR:0.0,FX1:1.00,FY1:-151.10,FX2:-6.00,FY2:-149.60,IK1:1,IK2:1,MOVE:0
[2026-09-10 22:28:53.491] [RX] SRV:0,44,5.5,0,1
[2026-09-10 22:28:53.588] [RX] PITCH:1.25,PID_OUT:15.91,INT:-0.2281,EL:529,ER:-2740,VEL:-404.3,MOT:1,TILT:25.0,TRIM:0.000,ATE:0,LATCH:0,TORQ:1,CR:0.0,FX1:1.00,FY1:-151.10,FX2:-6.00,FY2:-149.60,IK1:1,IK2:1,MOVE:0
[2026-09-10 22:28:53.683] [RX] PITCH:0.38,PID_OUT:10.16,INT:-0.1289,EL:479,ER:-2710,VEL:-388.2,MOT:1,TILT:25.0,TRIM:0.000,ATE:0,LATCH:0,TORQ:1,CR:0.0,FX1:1.00,FY1:-151.10,FX2:-6.00,FY2:-149.60,IK1:1,IK2:1,MOVE:0
[2026-09-10 22:28:53.787] [RX] PITCH:1.37,PID_OUT:-57.74,INT:-0.0667,EL:438,ER:-2684,VEL:-343.6,MOT:1,TILT:25.0,TRIM:0.000,ATE:0,LATCH:0,TORQ:1,CR:0.0,FX1:1.00,FY1:-151.10,FX2:-6.00,FY2:-149.60,IK1:1,IK2:1,MOVE:0
[2026-09-10 22:28:53.896] [RX] PITCH:2.56,PID_OUT:-117.33,INT:-0.1298,EL:399,ER:-2657,VEL:-332.1,MOT:1,TILT:25.0,TRIM:0.000,ATE:0,LATCH:0,TORQ:1,CR:0.0,FX1:1.00,FY1:-151.10,FX2:-6.00,FY2:-149.60,IK1:1,IK2:1,MOVE:0
[2026-09-10 22:28:53.896] [RX] AX12:MODE:0,TQ:1,TL:1023,CM:1,CS:4,MS:0,MT:800
[2026-09-10 22:28:53.985] [RX] PITCH:2.22,PID_OUT:-83.37,INT:-0.2285,EL:356,ER:-2625,VEL:-371.5,MOT:1,TILT:25.0,TRIM:0.000,ATE:0,LATCH:0,TORQ:1,CR:0.0,FX1:1.00,FY1:-151.10,FX2:-6.00,FY2:-149.60,IK1:1,IK2:1,MOVE:0
[2026-09-10 22:28:54.085] [RX] PITCH:1.60,PID_OUT:-61.76,INT:-0.2306,EL:312,ER:-2592,VEL:-381.2,MOT:1,TILT:25.0,TRIM:0.000,ATE:0,LATCH:0,TORQ:1,CR:0.0,FX1:1.00,FY1:-151.10,FX2:-6.00,FY2:-149.60,IK1:1,IK2:1,MOVE:0
[2026-09-10 22:28:54.186] [RX] PITCH:1.46,PID_OUT:-60.74,INT:-0.2292,EL:271,ER:-2562,VEL:-359.4,MOT:1,TILT:25.0,TRIM:0.000,ATE:0,LATCH:0,TORQ:1,CR:0.0,FX1:1.00,FY1:-151.10,FX2:-6.00,FY2:-149.60,IK1:1,IK2:1,MOVE:0
[2026-09-10 22:28:54.284] [RX] PITCH:1.45,PID_OUT:-67.50,INT:-0.2181,EL:231,ER:-2535,VEL:-339.5,MOT:1,TILT:25.0,TRIM:0.000,ATE:0,LATCH:0,TORQ:1,CR:0.0,FX1:1.00,FY1:-151.10,FX2:-6.00,FY2:-149.60,IK1:1,IK2:1,MOVE:0
[2026-09-10 22:28:54.387] [RX] PITCH:1.49,PID_OUT:-63.14,INT:-0.2149,EL:194,ER:-2509,VEL:-315.8,MOT:1,TILT:25.0,TRIM:0.000,ATE:0,LATCH:0,TORQ:1,CR:0.0,FX1:1.00,FY1:-151.10,FX2:-6.00,FY2:-149.60,IK1:1,IK2:1,MOVE:0
[2026-09-10 22:28:54.397] [RX] AX12:MODE:0,TQ:1,TL:1023,CM:1,CS:4,MS:0,MT:800
[2026-09-10 22:28:54.487] [RX] PITCH:1.43,PID_OUT:-57.46,INT:-0.2134,EL:158,ER:-2484,VEL:-302.3,MOT:1,TILT:25.0,TRIM:0.000,ATE:0,LATCH:0,TORQ:1,CR:0.0,FX1:1.00,FY1:-151.10,FX2:-6.00,FY2:-149.60,IK1:1,IK2:1,MOVE:0
[2026-09-10 22:28:54.492] [RX] SRV:14,39,0.0,0,0
[2026-09-10 22:28:54.590] [RX] PITCH:1.24,PID_OUT:-48.87,INT:-0.1979,EL:125,ER:-2460,VEL:-284.3,MOT:1,TILT:25.0,TRIM:0.000,ATE:0,LATCH:0,TORQ:1,CR:0.0,FX1:1.00,FY1:-151.10,FX2:-6.00,FY2:-149.60,IK1:1,IK2:1,MOVE:0
[2026-09-10 22:28:54.683] [RX] PITCH:1.31,PID_OUT:-45.29,INT:-0.1729,EL:94,ER:-2439,VEL:-261.5,MOT:1,TILT:25.0,TRIM:0.000,ATE:0,LATCH:0,TORQ:1,CR:0.0,FX1:1.00,FY1:-151.10,FX2:-6.00,FY2:-149.60,IK1:1,IK2:1,MOVE:0
[2026-09-10 22:28:54.783] [RX] PITCH:1.21,PID_OUT:-30.33,INT:-0.1508,EL:64,ER:-2419,VEL:-250.0,MOT:1,TILT:25.0,TRIM:0.000,ATE:0,LATCH:0,TORQ:1,CR:0.0,FX1:1.00,FY1:-151.10,FX2:-6.00,FY2:-149.60,IK1:1,IK2:1,MOVE:0
[2026-09-10 22:28:54.894] [RX] PITCH:1.64,PID_OUT:-52.70,INT:-0.1312,EL:36,ER:-2402,VEL:-229.3,MOT:1,TILT:25.0,TRIM:0.000,ATE:0,LATCH:0,TORQ:1,CR:0.0,FX1:1.00,FY1:-151.10,FX2:-6.00,FY2:-149.60,IK1:1,IK2:1,MOVE:0
[2026-09-10 22:28:54.894] [RX] AX12:MODE:0,TQ:1,TL:1023,CM:1,CS:4,MS:0,MT:800
[2026-09-10 22:28:54.982] [RX] PITCH:1.61,PID_OUT:-47.03,INT:-0.1389,EL:11,ER:-2386,VEL:-214.3,MOT:1,TILT:25.0,TRIM:0.000,ATE:0,LATCH:0,TORQ:1,CR:0.0,FX1:1.00,FY1:-151.10,FX2:-6.00,FY2:-149.60,IK1:1,IK2:1,MOVE:0
[2026-09-10 22:28:55.082] [RX] PITCH:1.45,PID_OUT:-40.82,INT:-0.1441,EL:-18,ER:-2371,VEL:-216.8,MOT:1,TILT:25.0,TRIM:0.000,ATE:0,LATCH:0,TORQ:1,CR:0.0,FX1:1.00,FY1:-151.10,FX2:-6.00,FY2:-149.60,IK1:1,IK2:1,MOVE:0
[2026-09-10 22:28:55.183] [RX] PITCH:1.41,PID_OUT:-38.66,INT:-0.1337,EL:-51,ER:-2356,VEL:-238.3,MOT:1,TILT:25.0,TRIM:0.000,ATE:0,LATCH:0,TORQ:1,CR:0.0,FX1:1.00,FY1:-151.10,FX2:-6.00,FY2:-149.60,IK1:1,IK2:1,MOVE:0
[2026-09-10 22:28:55.284] [RX] PITCH:1.51,PID_OUT:-49.15,INT:-0.1311,EL:-85,ER:-2343,VEL:-238.1,MOT:1,TILT:25.0,TRIM:0.000,ATE:0,LATCH:0,TORQ:1,CR:0.0,FX1:1.00,FY1:-151.10,FX2:-6.00,FY2:-149.60,IK1:1,IK2:1,MOVE:0
[2026-09-10 22:28:55.389] [RX] PITCH:1.57,PID_OUT:-47.09,INT:-0.1377,EL:-120,ER:-2332,VEL:-226.4,MOT:1,TILT:25.0,TRIM:0.000,ATE:0,LATCH:0,TORQ:1,CR:0.0,FX1:1.00,FY1:-151.10,FX2:-6.00,FY2:-149.60,IK1:1,IK2:1,MOVE:0
[2026-09-10 22:28:55.393] [RX] AX12:MODE:0,TQ:1,TL:1023,CM:1,CS:4,MS:0,MT:800
[2026-09-10 22:28:55.488] [RX] PITCH:1.41,PID_OUT:-40.84,INT:-0.1358,EL:-150,ER:-2322,VEL:-205.2,MOT:1,TILT:25.0,TRIM:0.000,ATE:0,LATCH:0,TORQ:1,CR:0.0,FX1:1.00,FY1:-151.10,FX2:-6.00,FY2:-149.60,IK1:1,IK2:1,MOVE:0
[2026-09-10 22:28:55.488] [RX] SRV:1,43,12.5,0,0
[2026-09-10 22:28:55.583] [RX] PITCH:1.37,PID_OUT:-35.85,INT:-0.1244,EL:-181,ER:-2314,VEL:-197.2,MOT:1,TILT:25.0,TRIM:0.000,ATE:0,LATCH:0,TORQ:1,CR:0.0,FX1:1.00,FY1:-151.10,FX2:-6.00,FY2:-149.60,IK1:1,IK2:1,MOVE:0
[2026-09-10 22:28:55.682] [RX] PITCH:1.41,PID_OUT:-34.89,INT:-0.1143,EL:-202,ER:-2308,VEL:-139.0,MOT:1,TILT:25.0,TRIM:0.000,ATE:0,LATCH:0,TORQ:1,CR:0.0,FX1:1.00,FY1:-151.10,FX2:-6.00,FY2:-149.60,IK1:1,IK2:1,MOVE:0
[2026-09-10 22:28:55.782] [RX] PITCH:1.41,PID_OUT:-38.89,INT:-0.1037,EL:-223,ER:-2302,VEL:-114.2,MOT:1,TILT:25.0,TRIM:0.000,ATE:0,LATCH:0,TORQ:1,CR:0.0,FX1:1.00,FY1:-151.10,FX2:-6.00,FY2:-149.60,IK1:1,IK2:1,MOVE:0
[2026-09-10 22:28:55.891] [RX] PITCH:1.29,PID_OUT:-16.76,INT:-0.0916,EL:-223,ER:-2299,VEL:-34.6,MOT:1,TILT:25.0,TRIM:0.000,ATE:0,LATCH:0,TORQ:1,CR:0.0,FX1:1.00,FY1:-151.10,FX2:-6.00,FY2:-149.60,IK1:1,IK2:1,MOVE:0
[2026-09-10 22:28:55.894] [RX] AX12:MODE:0,TQ:1,TL:1023,CM:1,CS:4,MS:0,MT:800
[2026-09-10 22:28:55.981] [RX] PITCH:1.25,PID_OUT:-13.82,INT:-0.0644,EL:-223,ER:-2298,VEL:-8.9,MOT:1,TILT:25.0,TRIM:0.000,ATE:0,LATCH:0,TORQ:1,CR:0.0,FX1:1.00,FY1:-151.10,FX2:-6.00,FY2:-149.60,IK1:1,IK2:1,MOVE:0
[2026-09-10 22:28:56.082] [RX] PITCH:1.10,PID_OUT:16.93,INT:-0.0346,EL:-223,ER:-2298,VEL:-1.7,MOT:1,TILT:25.0,TRIM:0.000,ATE:0,LATCH:0,TORQ:1,CR:0.0,FX1:1.00,FY1:-151.10,FX2:-6.00,FY2:-149.60,IK1:1,IK2:1,MOVE:0
[2026-09-10 22:28:56.178] [RX] PITCH:0.60,PID_OUT:76.51,INT:0.0297,EL:-223,ER:-2298,VEL:-0.3,MOT:1,TILT:25.0,TRIM:0.000,ATE:0,LATCH:0,TORQ:1,CR:0.0,FX1:1.00,FY1:-151.10,FX2:-6.00,FY2:-149.60,IK1:1,IK2:1,MOVE:0
[2026-09-10 22:28:56.279] [RX] PITCH:-0.03,PID_OUT:116.93,INT:0.1593,EL:-218,ER:-2316,VEL:97.0,MOT:1,TILT:25.0,TRIM:0.000,ATE:0,LATCH:0,TORQ:1,CR:0.0,FX1:1.00,FY1:-151.10,FX2:-6.00,FY2:-149.60,IK1:1,IK2:1,MOVE:0
[2026-09-10 22:28:56.385] [RX] PITCH:0.48,PID_OUT:92.36,INT:0.2306,EL:-206,ER:-2337,VEL:156.9,MOT:1,TILT:25.0,TRIM:0.000,ATE:0,LATCH:0,TORQ:1,CR:0.0,FX1:1.00,FY1:-151.10,FX2:-6.00,FY2:-149.60,IK1:1,IK2:1,MOVE:0
[2026-09-10 22:28:56.393] [RX] AX12:MODE:0,TQ:1,TL:1023,CM:1,CS:4,MS:0,MT:800
[2026-09-10 22:28:56.484] [RX] PITCH:0.91,PID_OUT:80.05,INT:0.2306,EL:-191,ER:-2361,VEL:183.3,MOT:1,TILT:25.0,TRIM:0.000,ATE:0,LATCH:0,TORQ:1,CR:0.0,FX1:1.00,FY1:-151.10,FX2:-6.00,FY2:-149.60,IK1:1,IK2:1,MOVE:0
[2026-09-10 22:28:56.484] [RX] SRV:6,40,0.0,0,0
[2026-09-10 22:28:56.579] [RX] PITCH:0.91,PID_OUT:87.19,INT:0.2306,EL:-175,ER:-2386,VEL:207.5,MOT:1,TILT:25.0,TRIM:0.000,ATE:0,LATCH:0,TORQ:1,CR:0.0,FX1:1.00,FY1:-151.10,FX2:-6.00,FY2:-149.60,IK1:1,IK2:1,MOVE:0
[2026-09-10 22:28:56.679] [RX] PITCH:0.72,PID_OUT:96.49,INT:0.2306,EL:-157,ER:-2412,VEL:216.6,MOT:1,TILT:25.0,TRIM:0.000,ATE:0,LATCH:0,TORQ:1,CR:0.0,FX1:1.00,FY1:-151.10,FX2:-6.00,FY2:-149.60,IK1:1,IK2:1,MOVE:0
[2026-09-10 22:28:56.779] [RX] PITCH:0.78,PID_OUT:95.16,INT:0.2306,EL:-137,ER:-2443,VEL:246.2,MOT:1,TILT:25.0,TRIM:0.000,ATE:0,LATCH:0,TORQ:1,CR:0.0,FX1:1.00,FY1:-151.10,FX2:-6.00,FY2:-149.60,IK1:1,IK2:1,MOVE:0
[2026-09-10 22:28:56.884] [RX] PITCH:0.76,PID_OUT:94.42,INT:0.2306,EL:-115,ER:-2477,VEL:275.0,MOT:1,TILT:25.0,TRIM:0.000,ATE:0,LATCH:0,TORQ:1,CR:0.0,FX1:1.00,FY1:-151.10,FX2:-6.00,FY2:-149.60,IK1:1,IK2:1,MOVE:0
[2026-09-10 22:28:56.892] [RX] AX12:MODE:0,TQ:1,TL:1023,CM:1,CS:4,MS:0,MT:800
[2026-09-10 22:28:56.979] [RX] PITCH:0.61,PID_OUT:101.66,INT:0.2306,EL:-92,ER:-2509,VEL:275.4,MOT:1,TILT:25.0,TRIM:0.000,ATE:0,LATCH:0,TORQ:1,CR:0.0,FX1:1.00,FY1:-151.10,FX2:-6.00,FY2:-149.60,IK1:1,IK2:1,MOVE:0
[2026-09-10 22:28:57.077] [RX] PITCH:0.78,PID_OUT:97.12,INT:0.2306,EL:-66,ER:-2548,VEL:316.6,MOT:1,TILT:25.0,TRIM:0.000,ATE:0,LATCH:0,TORQ:1,CR:0.0,FX1:1.00,FY1:-151.10,FX2:-6.00,FY2:-149.60,IK1:1,IK2:1,MOVE:0
[2026-09-10 22:28:57.178] [RX] PITCH:0.70,PID_OUT:106.08,INT:0.2306,EL:-38,ER:-2592,VEL:345.4,MOT:1,TILT:25.0,TRIM:0.000,ATE:0,LATCH:0,TORQ:1,CR:0.0,FX1:1.00,FY1:-151.10,FX2:-6.00,FY2:-149.60,IK1:1,IK2:1,MOVE:0
[2026-09-10 22:28:57.278] [RX] PITCH:0.65,PID_OUT:92.35,INT:0.2306,EL:-8,ER:-2633,VEL:356.7,MOT:1,TILT:25.0,TRIM:0.000,ATE:0,LATCH:0,TORQ:1,CR:0.0,FX1:1.00,FY1:-151.10,FX2:-6.00,FY2:-149.60,IK1:1,IK2:1,MOVE:0
[2026-09-10 22:28:57.387] [RX] PITCH:0.60,PID_OUT:116.19,INT:0.2306,EL:24,ER:-2676,VEL:368.3,MOT:1,TILT:25.0,TRIM:0.000,ATE:0,LATCH:0,TORQ:1,CR:0.0,FX1:1.00,FY1:-151.10,FX2:-6.00,FY2:-149.60,IK1:1,IK2:1,MOVE:0
[2026-09-10 22:28:57.387] [RX] AX12:MODE:0,TQ:1,TL:1023,CM:1,CS:4,MS:0,MT:800
[2026-09-10 22:28:57.480] [RX] PITCH:0.55,PID_OUT:119.86,INT:0.2306,EL:60,ER:-2716,VEL:375.0,MOT:1,TILT:25.0,TRIM:0.000,ATE:0,LATCH:0,TORQ:1,CR:0.0,FX1:1.00,FY1:-151.10,FX2:-6.00,FY2:-149.60,IK1:1,IK2:1,MOVE:0
[2026-09-10 22:28:57.480] [RX] SRV:0,41,6.3,64,1
[2026-09-10 22:28:57.577] [RX] PITCH:0.43,PID_OUT:110.92,INT:0.2306,EL:99,ER:-2756,VEL:393.1,MOT:1,TILT:25.0,TRIM:0.000,ATE:0,LATCH:0,TORQ:1,CR:0.0,FX1:1.00,FY1:-151.10,FX2:-6.00,FY2:-149.60,IK1:1,IK2:1,MOVE:0
[2026-09-10 22:28:57.678] [RX] PITCH:0.39,PID_OUT:108.24,INT:0.2306,EL:142,ER:-2798,VEL:419.8,MOT:1,TILT:25.0,TRIM:0.000,ATE:0,LATCH:0,TORQ:1,CR:0.0,FX1:1.00,FY1:-151.10,FX2:-6.00,FY2:-149.60,IK1:1,IK2:1,MOVE:0
[2026-09-10 22:28:57.776] [RX] PITCH:0.23,PID_OUT:135.79,INT:0.2306,EL:188,ER:-2845,VEL:460.9,MOT:1,TILT:25.0,TRIM:0.000,ATE:0,LATCH:0,TORQ:1,CR:0.0,FX1:1.00,FY1:-151.10,FX2:-6.00,FY2:-149.60,IK1:1,IK2:1,MOVE:0
[2026-09-10 22:28:57.878] [RX] PITCH:-0.01,PID_OUT:127.44,INT:0.2306,EL:238,ER:-2896,VEL:505.2,MOT:1,TILT:25.0,TRIM:0.000,ATE:0,LATCH:0,TORQ:1,CR:0.0,FX1:1.00,FY1:-151.10,FX2:-6.00,FY2:-149.60,IK1:1,IK2:1,MOVE:0
[2026-09-10 22:28:57.886] [RX] AX12:MODE:0,TQ:1,TL:1023,CM:1,CS:4,MS:0,MT:800
[2026-09-10 22:28:57.975] [RX] PITCH:0.22,PID_OUT:107.86,INT:0.2306,EL:292,ER:-2953,VEL:547.6,MOT:1,TILT:25.0,TRIM:0.000,ATE:0,LATCH:0,TORQ:1,CR:0.0,FX1:1.00,FY1:-151.10,FX2:-6.00,FY2:-149.60,IK1:1,IK2:1,MOVE:0
[2026-09-10 22:28:58.078] [RX] PITCH:0.15,PID_OUT:121.20,INT:0.2306,EL:350,ER:-3014,VEL:585.4,MOT:1,TILT:25.0,TRIM:0.000,ATE:0,LATCH:0,TORQ:1,CR:0.0,FX1:1.00,FY1:-151.10,FX2:-6.00,FY2:-149.60,IK1:1,IK2:1,MOVE:0
[2026-09-10 22:28:58.177] [RX] PITCH:-4.94,PID_OUT:572.73,INT:0.2306,EL:419,ER:-3062,VEL:591.7,MOT:1,TILT:25.0,TRIM:0.000,ATE:0,LATCH:0,TORQ:1,CR:0.0,FX1:1.00,FY1:-151.10,FX2:-6.00,FY2:-149.60,IK1:1,IK2:1,MOVE:0
[2026-09-10 22:28:58.280] [RX] PITCH:-6.30,PID_OUT:-13.28,INT:0.2306,EL:528,ER:-3148,VEL:930.3,MOT:1,TILT:25.0,TRIM:0.000,ATE:0,LATCH:0,TORQ:1,CR:0.0,FX1:1.00,FY1:-151.10,FX2:-6.00,FY2:-149.60,IK1:1,IK2:1,MOVE:0
[2026-09-10 22:28:58.379] [RX] PITCH:10.97,PID_OUT:-775.24,INT:-0.1977,EL:541,ER:-3169,VEL:161.5,MOT:1,TILT:25.0,TRIM:0.000,ATE:0,LATCH:0,TORQ:1,CR:0.0,FX1:1.00,FY1:-151.10,FX2:-6.00,FY2:-149.60,IK1:1,IK2:1,MOVE:0
[2026-09-10 22:28:58.389] [RX] AX12:MODE:0,TQ:1,TL:1023,CM:1,CS:4,MS:0,MT:800
[2026-09-10 22:28:58.475] [RX] PITCH:11.18,PID_OUT:-504.39,INT:-0.2306,EL:438,ER:-3111,VEL:-670.9,MOT:1,TILT:25.0,TRIM:0.000,ATE:0,LATCH:0,TORQ:1,CR:0.0,FX1:1.00,FY1:-151.10,FX2:-6.00,FY2:-149.60,IK1:1,IK2:1,MOVE:0
[2026-09-10 22:28:58.481] [RX] SRV:14,39,0.0,0,0
[2026-09-10 22:28:58.575] [RX] PITCH:6.52,PID_OUT:-94.88,INT:-0.2306,EL:306,ER:-3012,VEL:-1069.7,MOT:1,TILT:25.0,TRIM:0.000,ATE:0,LATCH:0,TORQ:1,CR:0.0,FX1:1.00,FY1:-151.10,FX2:-6.00,FY2:-149.60,IK1:1,IK2:1,MOVE:0
[2026-09-10 22:28:58.677] [RX] PITCH:0.25,PID_OUT:118.06,INT:-0.2118,EL:221,ER:-2916,VEL:-867.5,MOT:1,TILT:25.0,TRIM:0.000,ATE:0,LATCH:0,TORQ:1,CR:0.0,FX1:1.00,FY1:-151.10,FX2:-6.00,FY2:-149.60,IK1:1,IK2:1,MOVE:0
[2026-09-10 22:28:58.773] [RX] PITCH:1.94,PID_OUT:-136.87,INT:-0.1122,EL:190,ER:-2860,VEL:-520.0,MOT:1,TILT:25.0,TRIM:0.000,ATE:0,LATCH:0,TORQ:1,CR:0.0,FX1:1.00,FY1:-151.10,FX2:-6.00,FY2:-149.60,IK1:1,IK2:1,MOVE:0
[2026-09-10 22:28:58.877] [RX] PITCH:4.09,PID_OUT:-188.29,INT:-0.2306,EL:140,ER:-2797,VEL:-583.7,MOT:1,TILT:25.0,TRIM:0.000,ATE:0,LATCH:0,TORQ:1,CR:0.0,FX1:1.00,FY1:-151.10,FX2:-6.00,FY2:-149.60,IK1:1,IK2:1,MOVE:0
[2026-09-10 22:28:58.885] [RX] AX12:MODE:0,TQ:1,TL:1023,CM:1,CS:4,MS:0,MT:800
[2026-09-10 22:28:58.972] [RX] PITCH:3.21,PID_OUT:-124.15,INT:-0.2306,EL:74,ER:-2727,VEL:-664.2,MOT:1,TILT:25.0,TRIM:0.000,ATE:0,LATCH:0,TORQ:1,CR:0.0,FX1:1.00,FY1:-151.10,FX2:-6.00,FY2:-149.60,IK1:1,IK2:1,MOVE:0
[2026-09-10 22:28:59.073] [RX] PITCH:3.23,PID_OUT:-166.95,INT:-0.2306,EL:3,ER:-2656,VEL:-706.6,MOT:1,TILT:25.0,TRIM:0.000,ATE:0,LATCH:0,TORQ:1,CR:0.0,FX1:1.00,FY1:-151.10,FX2:-6.00,FY2:-149.60,IK1:1,IK2:1,MOVE:0
[2026-09-10 22:28:59.174] [RX] PITCH:2.72,PID_OUT:-142.40,INT:-0.2306,EL:-71,ER:-2585,VEL:-723.3,MOT:1,TILT:25.0,TRIM:0.000,ATE:0,LATCH:0,TORQ:1,CR:0.0,FX1:1.00,FY1:-151.10,FX2:-6.00,FY2:-149.60,IK1:1,IK2:1,MOVE:0
[2026-09-10 22:28:59.274] [RX] PITCH:2.82,PID_OUT:-165.41,INT:-0.2306,EL:-150,ER:-2512,VEL:-757.9,MOT:1,TILT:25.0,TRIM:0.000,ATE:0,LATCH:0,TORQ:1,CR:0.0,FX1:1.00,FY1:-151.10,FX2:-6.00,FY2:-149.60,IK1:1,IK2:1,MOVE:0
[2026-09-10 22:28:59.382] [RX] PITCH:4.09,PID_OUT:-214.41,INT:-0.2306,EL:-238,ER:-2433,VEL:-832.0,MOT:1,TILT:25.0,TRIM:0.000,ATE:0,LATCH:0,TORQ:1,CR:0.0,FX1:1.00,FY1:-151.10,FX2:-6.00,FY2:-149.60,IK1:1,IK2:1,MOVE:0
[2026-09-10 22:28:59.386] [RX] AX12:MODE:0,TQ:1,TL:1023,CM:1,CS:4,MS:0,MT:800
[2026-09-10 22:28:59.480] [RX] PITCH:16.47,PID_OUT:-1566.41,INT:-0.2306,EL:-311,ER:-2354,VEL:-752.8,MOT:1,TILT:25.0,TRIM:0.000,ATE:0,LATCH:0,TORQ:1,CR:0.0,FX1:1.00,FY1:-151.10,FX2:-6.00,FY2:-149.60,IK1:1,IK2:1,MOVE:0
[2026-09-10 22:28:59.480] [RX] SRV:1,44,6.3,0,0
[2026-09-10 22:28:59.575] [RX] PITCH:12.55,PID_OUT:-242.81,INT:-0.2306,EL:-413,ER:-2293,VEL:-802.3,MOT:1,TILT:25.0,TRIM:0.000,ATE:0,LATCH:0,TORQ:1,CR:0.0,FX1:1.00,FY1:-151.10,FX2:-6.00,FY2:-149.60,IK1:1,IK2:1,MOVE:0
[2026-09-10 22:28:59.678] [RX] PITCH:19.41,PID_OUT:-1000.52,INT:-0.2306,EL:-508,ER:-2246,VEL:-722.8,MOT:1,TILT:25.0,TRIM:0.000,ATE:0,LATCH:0,TORQ:1,CR:0.0,FX1:1.00,FY1:-151.10,FX2:-6.00,FY2:-149.60,IK1:1,IK2:1,MOVE:0
[2026-09-10 22:28:59.780] [RX] PITCH:22.17,PID_OUT:-1082.03,INT:-0.2306,EL:-604,ER:-2187,VEL:-773.7,MOT:1,TILT:25.0,TRIM:0.000,ATE:0,LATCH:0,TORQ:1,CR:0.0,FX1:1.00,FY1:-151.10,FX2:-6.00,FY2:-149.60,IK1:1,IK2:1,MOVE:0
[2026-09-10 22:28:59.875] [RX] PITCH:19.47,PID_OUT:-980.69,INT:-0.2306,EL:-703,ER:-2122,VEL:-810.1,MOT:1,TILT:25.0,TRIM:0.000,ATE:0,LATCH:0,TORQ:1,CR:0.0,FX1:1.00,FY1:-151.10,FX2:-6.00,FY2:-149.60,IK1:1,IK2:1,MOVE:0
[2026-09-10 22:28:59.884] [RX] AX12:MODE:0,TQ:1,TL:1023,CM:1,CS:4,MS:0,MT:800
[2026-09-10 22:28:59.972] [RX] PITCH:17.93,PID_OUT:-880.06,INT:-0.2306,EL:-796,ER:-2049,VEL:-823.6,MOT:1,TILT:25.0,TRIM:0.000,ATE:0,LATCH:0,TORQ:1,CR:0.0,FX1:1.00,FY1:-151.10,FX2:-6.00,FY2:-149.60,IK1:1,IK2:1,MOVE:0
[2026-09-10 22:29:00.073] [RX] PITCH:17.85,PID_OUT:-911.58,INT:-0.2306,EL:-883,ER:-1969,VEL:-841.4,MOT:1,TILT:25.0,TRIM:0.000,ATE:0,LATCH:0,TORQ:1,CR:0.0,FX1:1.00,FY1:-151.10,FX2:-6.00,FY2:-149.60,IK1:1,IK2:1,MOVE:0
[2026-09-10 22:29:00.173] [RX] PITCH:18.79,PID_OUT:-963.74,INT:-0.2306,EL:-984,ER:-1885,VEL:-911.9,MOT:1,TILT:25.0,TRIM:0.000,ATE:0,LATCH:0,TORQ:1,CR:0.0,FX1:1.00,FY1:-151.10,FX2:-6.00,FY2:-149.60,IK1:1,IK2:1,MOVE:0
[2026-09-10 22:29:00.272] [RX] PITCH:18.96,PID_OUT:-957.24,INT:-0.2306,EL:-1093,ER:-1802,VEL:-951.6,MOT:1,TILT:25.0,TRIM:0.000,ATE:0,LATCH:0,TORQ:1,CR:0.0,FX1:1.00,FY1:-151.10,FX2:-6.00,FY2:-149.60,IK1:1,IK2:1,MOVE:0
[2026-09-10 22:29:00.377] [RX] PITCH:19.25,PID_OUT:-948.84,INT:-0.2306,EL:-1199,ER:-1724,VEL:-916.5,MOT:1,TILT:25.0,TRIM:0.000,ATE:0,LATCH:0,TORQ:1,CR:0.0,FX1:1.00,FY1:-151.10,FX2:-6.00,FY2:-149.60,IK1:1,IK2:1,MOVE:0
[2026-09-10 22:29:00.384] [RX] AX12:MODE:0,TQ:1,TL:1023,CM:1,CS:4,MS:0,MT:800
[2026-09-10 22:29:00.476] [RX] PITCH:17.11,PID_OUT:-877.94,INT:-0.2306,EL:-1306,ER:-1642,VEL:-945.2,MOT:1,TILT:25.0,TRIM:0.000,ATE:0,LATCH:0,TORQ:1,CR:0.0,FX1:1.00,FY1:-151.10,FX2:-6.00,FY2:-149.60,IK1:1,IK2:1,MOVE:0
[2026-09-10 22:29:00.476] [RX] SRV:6,40,0.0,0,0
[2026-09-10 22:29:00.575] [RX] PITCH:16.99,PID_OUT:-875.99,INT:-0.2306,EL:-1409,ER:-1562,VEL:-930.2,MOT:1,TILT:25.0,TRIM:0.000,ATE:0,LATCH:0,TORQ:1,CR:0.0,FX1:1.00,FY1:-151.10,FX2:-6.00,FY2:-149.60,IK1:1,IK2:1,MOVE:0
[2026-09-10 22:29:00.670] [RX] PITCH:16.52,PID_OUT:-845.17,INT:-0.2306,EL:-1519,ER:-1480,VEL:-951.5,MOT:1,TILT:25.0,TRIM:0.000,ATE:0,LATCH:0,TORQ:1,CR:0.0,FX1:1.00,FY1:-151.10,FX2:-6.00,FY2:-149.60,IK1:1,IK2:1,MOVE:0
[2026-09-10 22:29:00.771] [RX] PITCH:17.42,PID_OUT:-868.82,INT:-0.2306,EL:-1631,ER:-1402,VEL:-953.1,MOT:1,TILT:25.0,TRIM:0.000,ATE:0,LATCH:0,TORQ:1,CR:0.0,FX1:1.00,FY1:-151.10,FX2:-6.00,FY2:-149.60,IK1:1,IK2:1,MOVE:0
[2026-09-10 22:29:00.876] [RX] PITCH:17.25,PID_OUT:-879.58,INT:-0.2306,EL:-1739,ER:-1321,VEL:-952.3,MOT:1,TILT:25.0,TRIM:0.000,ATE:0,LATCH:0,TORQ:1,CR:0.0,FX1:1.00,FY1:-151.10,FX2:-6.00,FY2:-149.60,IK1:1,IK2:1,MOVE:0
[2026-09-10 22:29:00.883] [RX] AX12:MODE:0,TQ:1,TL:1023,CM:1,CS:4,MS:0,MT:800
[2026-09-10 22:29:00.970] [RX] PITCH:17.31,PID_OUT:-848.74,INT:-0.2306,EL:-1853,ER:-1240,VEL:-968.9,MOT:1,TILT:25.0,TRIM:0.000,ATE:0,LATCH:0,TORQ:1,CR:0.0,FX1:1.00,FY1:-151.10,FX2:-6.00,FY2:-149.60,IK1:1,IK2:1,MOVE:0
[2026-09-10 22:29:01.071] [RX] PITCH:17.94,PID_OUT:-903.30,INT:-0.2306,EL:-1966,ER:-1156,VEL:-985.6,MOT:1,TILT:25.0,TRIM:0.000,ATE:0,LATCH:0,TORQ:1,CR:0.0,FX1:1.00,FY1:-151.10,FX2:-6.00,FY2:-149.60,IK1:1,IK2:1,MOVE:0
[2026-09-10 22:29:01.172] [RX] PITCH:16.75,PID_OUT:-835.28,INT:-0.2306,EL:-2053,ER:-1078,VEL:-842.9,MOT:1,TILT:25.0,TRIM:0.000,ATE:0,LATCH:0,TORQ:1,CR:0.0,FX1:1.00,FY1:-151.10,FX2:-6.00,FY2:-149.60,IK1:1,IK2:1,MOVE:0
[2026-09-10 22:29:01.270] [RX] PITCH:17.47,PID_OUT:-845.39,INT:-0.2306,EL:-2128,ER:-1000,VEL:-770.2,MOT:1,TILT:25.0,TRIM:0.000,ATE:0,LATCH:0,TORQ:1,CR:0.0,FX1:1.00,FY1:-151.10,FX2:-6.00,FY2:-149.60,IK1:1,IK2:1,MOVE:0
[2026-09-10 22:29:01.375] [RX] PITCH:16.13,PID_OUT:-700.26,INT:-0.2306,EL:-2195,ER:-923,VEL:-727.7,MOT:1,TILT:25.0,TRIM:0.000,ATE:0,LATCH:0,TORQ:1,CR:0.0,FX1:1.00,FY1:-151.10,FX2:-6.00,FY2:-149.60,IK1:1,IK2:1,MOVE:0
[2026-09-10 22:29:01.381] [RX] AX12:MODE:0,TQ:1,TL:1023,CM:1,CS:4,MS:0,MT:800
[2026-09-10 22:29:01.470] [RX] PITCH:13.48,PID_OUT:-532.79,INT:-0.2306,EL:-2269,ER:-852,VEL:-731.4,MOT:1,TILT:25.0,TRIM:0.000,ATE:0,LATCH:0,TORQ:1,CR:0.0,FX1:1.00,FY1:-151.10,FX2:-6.00,FY2:-149.60,IK1:1,IK2:1,MOVE:0
[2026-09-10 22:29:01.474] [RX] SRV:0,42,0.0,0,0
[2026-09-10 22:29:01.569] [RX] PITCH:9.85,PID_OUT:-208.33,INT:-0.2306,EL:-2347,ER:-784,VEL:-726.0,MOT:1,TILT:25.0,TRIM:0.000,ATE:0,LATCH:0,TORQ:1,CR:0.0,FX1:1.00,FY1:-151.10,FX2:-6.00,FY2:-149.60,IK1:1,IK2:1,MOVE:0
[2026-09-10 22:29:01.673] [RX] PITCH:0.26,PID_OUT:193.66,INT:-0.2182,EL:-2378,ER:-769,VEL:-212.2,MOT:1,TILT:25.0,TRIM:0.000,ATE:0,LATCH:0,TORQ:1,CR:0.0,FX1:1.00,FY1:-151.10,FX2:-6.00,FY2:-149.60,IK1:1,IK2:1,MOVE:0
[2026-09-10 22:29:01.768] [RX] PITCH:-1.78,PID_OUT:160.21,INT:0.0520,EL:-2348,ER:-806,VEL:245.0,MOT:1,TILT:25.0,TRIM:0.000,ATE:0,LATCH:0,TORQ:1,CR:0.0,FX1:1.00,FY1:-151.10,FX2:-6.00,FY2:-149.60,IK1:1,IK2:1,MOVE:0
[2026-09-10 22:29:01.871] [RX] PITCH:-0.64,PID_OUT:89.47,INT:0.2306,EL:-2302,ER:-856,VEL:444.9,MOT:1,TILT:25.0,TRIM:0.000,ATE:0,LATCH:0,TORQ:1,CR:0.0,FX1:1.00,FY1:-151.10,FX2:-6.00,FY2:-149.60,IK1:1,IK2:1,MOVE:0
[2026-09-10 22:29:01.881] [RX] AX12:MODE:0,TQ:1,TL:1023,CM:1,CS:4,MS:0,MT:800
[2026-09-10 22:29:01.967] [RX] PITCH:0.45,PID_OUT:124.25,INT:0.2306,EL:-2251,ER:-911,VEL:509.6,MOT:1,TILT:25.0,TRIM:0.000,ATE:0,LATCH:0,TORQ:1,CR:0.0,FX1:1.00,FY1:-151.10,FX2:-6.00,FY2:-149.60,IK1:1,IK2:1,MOVE:0
[2026-09-10 22:29:02.066] [RX] PITCH:-0.22,PID_OUT:133.93,INT:0.2306,EL:-2200,ER:-966,VEL:534.9,MOT:1,TILT:25.0,TRIM:0.000,ATE:0,LATCH:0,TORQ:1,CR:0.0,FX1:1.00,FY1:-151.10,FX2:-6.00,FY2:-149.60,IK1:1,IK2:1,MOVE:0
[2026-09-10 22:29:02.168] [RX] PITCH:-0.47,PID_OUT:152.97,INT:0.2306,EL:-2143,ER:-1028,VEL:593.6,MOT:1,TILT:25.0,TRIM:0.000,ATE:0,LATCH:0,TORQ:1,CR:0.0,FX1:1.00,FY1:-151.10,FX2:-6.00,FY2:-149.60,IK1:1,IK2:1,MOVE:0
[2026-09-10 22:29:02.268] [RX] PITCH:-0.39,PID_OUT:158.70,INT:0.2306,EL:-2080,ER:-1096,VEL:647.1,MOT:1,TILT:25.0,TRIM:0.000,ATE:0,LATCH:0,TORQ:1,CR:0.0,FX1:1.00,FY1:-151.10,FX2:-6.00,FY2:-149.60,IK1:1,IK2:1,MOVE:0
[2026-09-10 22:29:02.373] [RX] PITCH:0.03,PID_OUT:136.07,INT:0.2306,EL:-2013,ER:-1169,VEL:692.4,MOT:1,TILT:25.0,TRIM:0.000,ATE:0,LATCH:0,TORQ:1,CR:0.0,FX1:1.00,FY1:-151.10,FX2:-6.00,FY2:-149.60,IK1:1,IK2:1,MOVE:0
[2026-09-10 22:29:02.377] [RX] AX12:MODE:0,TQ:1,TL:1023,CM:1,CS:4,MS:0,MT:800
[2026-09-10 22:29:02.472] [RX] PITCH:-0.39,PID_OUT:164.48,INT:0.2306,EL:-1942,ER:-1246,VEL:736.0,MOT:1,TILT:25.0,TRIM:0.000,ATE:0,LATCH:0,TORQ:1,CR:0.0,FX1:1.00,FY1:-151.10,FX2:-6.00,FY2:-149.60,IK1:1,IK2:1,MOVE:0
[2026-09-10 22:29:02.474] [RX] SRV:14,39,0.0,0,0
[2026-09-10 22:29:02.568] [RX] PITCH:-0.42,PID_OUT:177.96,INT:0.2306,EL:-1876,ER:-1330,VEL:746.3,MOT:1,TILT:25.0,TRIM:0.000,ATE:0,LATCH:0,TORQ:1,CR:0.0,FX1:1.00,FY1:-151.10,FX2:-6.00,FY2:-149.60,IK1:1,IK2:1,MOVE:0
[2026-09-10 22:29:02.666] [RX] PITCH:-0.60,PID_OUT:235.97,INT:0.2306,EL:-1805,ER:-1422,VEL:806.7,MOT:1,TILT:25.0,TRIM:0.000,ATE:0,LATCH:0,TORQ:1,CR:0.0,FX1:1.00,FY1:-151.10,FX2:-6.00,FY2:-149.60,IK1:1,IK2:1,MOVE:0
[2026-09-10 22:29:02.767] [RX] PITCH:7.83,PID_OUT:-379.17,INT:-0.0126,EL:-1819,ER:-1453,VEL:57.6,MOT:1,TILT:25.0,TRIM:0.000,ATE:0,LATCH:0,TORQ:1,CR:0.0,FX1:1.00,FY1:-151.10,FX2:-6.00,FY2:-149.60,IK1:1,IK2:1,MOVE:0
[2026-09-10 22:29:02.875] [RX] PITCH:4.07,PID_OUT:-128.14,INT:-0.2306,EL:-1946,ER:-1400,VEL:-745.9,MOT:1,TILT:25.0,TRIM:0.000,ATE:0,LATCH:0,TORQ:1,CR:0.0,FX1:1.00,FY1:-151.10,FX2:-6.00,FY2:-149.60,IK1:1,IK2:1,MOVE:0
[2026-09-10 22:29:02.878] [RX] AX12:MODE:0,TQ:1,TL:1023,CM:1,CS:4,MS:0,MT:800
[2026-09-10 22:29:02.967] [RX] PITCH:2.51,PID_OUT:-61.98,INT:-0.2306,EL:-2079,ER:-1343,VEL:-901.9,MOT:1,TILT:25.0,TRIM:0.000,ATE:0,LATCH:0,TORQ:1,CR:0.0,FX1:1.00,FY1:-151.10,FX2:-6.00,FY2:-149.60,IK1:1,IK2:1,MOVE:0
[2026-09-10 22:29:03.067] [RX] PITCH:1.86,PID_OUT:-61.11,INT:-0.2306,EL:-2202,ER:-1293,VEL:-866.3,MOT:1,TILT:25.0,TRIM:0.000,ATE:0,LATCH:0,TORQ:1,CR:0.0,FX1:1.00,FY1:-151.10,FX2:-6.00,FY2:-149.60,IK1:1,IK2:1,MOVE:0
[2026-09-10 22:29:03.167] [RX] PITCH:1.64,PID_OUT:-75.00,INT:-0.2306,EL:-2317,ER:-1248,VEL:-810.5,MOT:1,TILT:25.0,TRIM:0.000,ATE:0,LATCH:0,TORQ:1,CR:0.0,FX1:1.00,FY1:-151.10,FX2:-6.00,FY2:-149.60,IK1:1,IK2:1,MOVE:0
[2026-09-10 22:29:03.265] [RX] PITCH:1.98,PID_OUT:-135.94,INT:-0.2306,EL:-2426,ER:-1206,VEL:-765.0,MOT:1,TILT:25.0,TRIM:0.000,ATE:0,LATCH:0,TORQ:1,CR:0.0,FX1:1.00,FY1:-151.10,FX2:-6.00,FY2:-149.60,IK1:1,IK2:1,MOVE:0
[2026-09-10 22:29:03.367] [RX] PITCH:3.74,PID_OUT:-225.25,INT:-0.2306,EL:-2539,ER:-1159,VEL:-812.5,MOT:1,TILT:25.0,TRIM:0.000,ATE:0,LATCH:0,TORQ:1,CR:0.0,FX1:1.00,FY1:-151.10,FX2:-6.00,FY2:-149.60,IK1:1,IK2:1,MOVE:0
[2026-09-10 22:29:03.375] [RX] AX12:MODE:0,TQ:1,TL:1023,CM:1,CS:4,MS:0,MT:800
[2026-09-10 22:29:03.466] [RX] PITCH:7.03,PID_OUT:-353.03,INT:-0.2306,EL:-2678,ER:-1082,VEL:-1067.3,MOT:1,TILT:25.0,TRIM:0.000,ATE:0,LATCH:0,TORQ:1,CR:0.0,FX1:1.00,FY1:-151.10,FX2:-6.00,FY2:-149.60,IK1:1,IK2:1,MOVE:0
[2026-09-10 22:29:03.468] [RX] SRV:1,44,0.0,0,0
[2026-09-10 22:29:03.566] [RX] PITCH:7.57,PID_OUT:-473.71,INT:-0.2306,EL:-2842,ER:-985,VEL:-1263.9,MOT:1,TILT:25.0,TRIM:0.000,ATE:0,LATCH:0,TORQ:1,CR:0.0,FX1:1.00,FY1:-151.10,FX2:-6.00,FY2:-149.60,IK1:1,IK2:1,MOVE:0
[2026-09-10 22:29:03.663] [RX] PITCH:15.48,PID_OUT:-1302.06,INT:-0.2306,EL:-3014,ER:-876,VEL:-1383.0,MOT:1,TILT:25.0,TRIM:0.000,ATE:0,LATCH:0,TORQ:1,CR:0.0,FX1:1.00,FY1:-151.10,FX2:-6.00,FY2:-149.60,IK1:1,IK2:1,MOVE:0
[2026-09-10 22:29:03.765] [RX] PITCH:22.39,PID_OUT:-1047.75,INT:-0.2306,EL:-3188,ER:-805,VEL:-1240.7,MOT:1,TILT:25.0,TRIM:0.000,ATE:0,LATCH:0,TORQ:1,CR:0.0,FX1:1.00,FY1:-151.10,FX2:-6.00,FY2:-149.60,IK1:1,IK2:1,MOVE:0
[2026-09-10 22:29:03.868] [RX] PITCH:18.99,PID_OUT:-1006.43,INT:-0.2306,EL:-3361,ER:-720,VEL:-1285.6,MOT:1,TILT:25.0,TRIM:0.000,ATE:0,LATCH:0,TORQ:1,CR:0.0,FX1:1.00,FY1:-151.10,FX2:-6.00,FY2:-149.60,IK1:1,IK2:1,MOVE:0
[2026-09-10 22:29:03.877] [RX] AX12:MODE:0,TQ:1,TL:1023,CM:1,CS:4,MS:0,MT:800
[2026-09-10 22:29:03.965] [RX] PITCH:20.77,PID_OUT:-871.98,INT:-0.2306,EL:-3535,ER:-646,VEL:-1255.6,MOT:1,TILT:25.0,TRIM:0.000,ATE:0,LATCH:0,TORQ:1,CR:0.0,FX1:1.00,FY1:-151.10,FX2:-6.00,FY2:-149.60,IK1:1,IK2:1,MOVE:0
[2026-09-10 22:29:04.068] [RX] PITCH:21.10,PID_OUT:-1115.64,INT:-0.2306,EL:-3710,ER:-562,VEL:-1281.9,MOT:1,TILT:25.0,TRIM:0.000,ATE:0,LATCH:0,TORQ:1,CR:0.0,FX1:1.00,FY1:-151.10,FX2:-6.00,FY2:-149.60,IK1:1,IK2:1,MOVE:0
[2026-09-10 22:29:04.068] [RX] SAFETY:CUTOFF
--------------------------------------------------------------------------------
[2026-09-10 22:29:04.068] [SYS] Session Stopped: SAFETY CUTOFF
Total Duration: 33.01s | Total Lines Captured: 432
================================================================================
