================================================================================
SERIAL MONITOR BACKUP LOG
Port: COM13 | Baud: 115200
Session Started: 2026-09-08 13:34:22
Trigger Reason: Motors ENABLED
Last IMU Calibration: Offset: 8.7866° (calibrated at 2026-09-08 13:34:21)
Active FW Parameters: pitchOffset=8.7866
================================================================================
[Timestamp]                [Dir]  Payload
--------------------------------------------------------------------------------
[2026-09-08 13:34:22.334] [RX] Motors ENABLED
[2026-09-08 13:34:22.433] [RX] PITCH:-2.61,PID_OUT:-215.20,INT:0.0985,EL:37,ER:-27,VEL:315.2,MOT:1,TILT:25.0,TRIM:-0.967,ATE:1,LATCH:0,TORQ:1,CR:0.0,FX1:1.00,FY1:-151.10,FX2:-6.00,FY2:-149.60,IK1:1,IK2:1,MOVE:0
[2026-09-08 13:34:22.531] [RX] PITCH:1.00,PID_OUT:-56.85,INT:-0.0662,EL:7,ER:-23,VEL:-149.6,MOT:1,TILT:25.0,TRIM:0.413,ATE:1,LATCH:0,TORQ:1,CR:0.0,FX1:1.00,FY1:-151.10,FX2:-6.00,FY2:-149.60,IK1:1,IK2:1,MOVE:0
[2026-09-08 13:34:22.638] [RX] PITCH:-1.42,PID_OUT:117.54,INT:0.0261,EL:-18,ER:-21,VEL:-89.5,MOT:1,TILT:25.0,TRIM:0.259,ATE:1,LATCH:0,TORQ:1,CR:0.0,FX1:1.00,FY1:-151.10,FX2:-6.00,FY2:-149.60,IK1:1,IK2:1,MOVE:0
[2026-09-08 13:34:22.642] [RX] AX12:MODE:0,TQ:1,TL:1023,CM:1,CS:4,MS:0,MT:800
[2026-09-08 13:34:22.731] [RX] PITCH:1.72,PID_OUT:-186.14,INT:0.0261,EL:-20,ER:-24,VEL:-28.3,MOT:1,TILT:25.0,TRIM:0.079,ATE:1,LATCH:0,TORQ:1,CR:0.0,FX1:1.00,FY1:-151.10,FX2:-6.00,FY2:-149.60,IK1:1,IK2:1,MOVE:0
[2026-09-08 13:34:22.830] [RX] PITCH:1.45,PID_OUT:-105.42,INT:-0.0985,EL:-56,ER:-7,VEL:-241.0,MOT:1,TILT:25.0,TRIM:0.739,ATE:1,LATCH:0,TORQ:1,CR:0.0,FX1:1.00,FY1:-151.10,FX2:-6.00,FY2:-149.60,IK1:1,IK2:1,MOVE:0
[2026-09-08 13:34:22.930] [RX] PITCH:1.10,PID_OUT:-137.03,INT:-0.0985,EL:-94,ER:12,VEL:-265.2,MOT:1,TILT:25.0,TRIM:0.852,ATE:1,LATCH:0,TORQ:1,CR:0.0,FX1:1.00,FY1:-151.10,FX2:-6.00,FY2:-149.60,IK1:1,IK2:1,MOVE:0
[2026-09-08 13:34:23.029] [RX] PITCH:2.41,PID_OUT:-131.03,INT:-0.0985,EL:-130,ER:30,VEL:-278.7,MOT:1,TILT:25.0,TRIM:0.933,ATE:1,LATCH:0,TORQ:1,CR:0.0,FX1:1.00,FY1:-151.10,FX2:-6.00,FY2:-149.60,IK1:1,IK2:1,MOVE:0
[2026-09-08 13:34:23.130] [RX] PITCH:1.20,PID_OUT:-39.19,INT:-0.0985,EL:-168,ER:49,VEL:-274.5,MOT:1,TILT:25.0,TRIM:0.963,ATE:1,LATCH:0,TORQ:1,CR:0.0,FX1:1.00,FY1:-151.10,FX2:-6.00,FY2:-149.60,IK1:1,IK2:1,MOVE:0
[2026-09-08 13:34:23.140] [RX] AX12:MODE:0,TQ:1,TL:1023,CM:1,CS:4,MS:0,MT:800
[2026-09-08 13:34:23.232] [RX] PITCH:1.11,PID_OUT:-62.72,INT:-0.0985,EL:-199,ER:57,VEL:-197.8,MOT:1,TILT:25.0,TRIM:0.768,ATE:1,LATCH:0,TORQ:1,CR:0.0,FX1:1.00,FY1:-151.10,FX2:-6.00,FY2:-149.60,IK1:1,IK2:1,MOVE:0
[2026-09-08 13:34:23.232] [RX] SRV:1,34,0.0,0,0
[2026-09-08 13:34:23.330] [RX] PITCH:0.69,PID_OUT:-33.19,INT:-0.0985,EL:-224,ER:59,VEL:-145.7,MOT:1,TILT:25.0,TRIM:0.637,ATE:1,LATCH:0,TORQ:1,CR:0.0,FX1:1.00,FY1:-151.10,FX2:-6.00,FY2:-149.60,IK1:1,IK2:1,MOVE:0
[2026-09-08 13:34:23.430] [RX] PITCH:-0.71,PID_OUT:74.08,INT:-0.0472,EL:-242,ER:48,VEL:-53.8,MOT:1,TILT:25.0,TRIM:0.374,ATE:1,LATCH:0,TORQ:1,CR:0.0,FX1:1.00,FY1:-151.10,FX2:-6.00,FY2:-149.60,IK1:1,IK2:1,MOVE:0
[2026-09-08 13:34:23.527] [RX] PITCH:-0.70,PID_OUT:40.99,INT:0.0822,EL:-240,ER:38,VEL:54.8,MOT:1,TILT:25.0,TRIM:0.049,ATE:1,LATCH:0,TORQ:1,CR:0.0,FX1:1.00,FY1:-151.10,FX2:-6.00,FY2:-149.60,IK1:1,IK2:1,MOVE:0
[2026-09-08 13:34:23.635] [RX] PITCH:1.18,PID_OUT:-29.44,INT:0.0361,EL:-249,ER:27,VEL:13.2,MOT:1,TILT:25.0,TRIM:0.169,ATE:1,LATCH:0,TORQ:1,CR:0.0,FX1:1.00,FY1:-151.10,FX2:-6.00,FY2:-149.60,IK1:1,IK2:1,MOVE:0
[2026-09-08 13:34:23.642] [RX] AX12:MODE:0,TQ:1,TL:1023,CM:1,CS:4,MS:0,MT:800
[2026-09-08 13:34:23.726] [RX] PITCH:-0.34,PID_OUT:84.42,INT:0.0042,EL:-249,ER:16,VEL:60.5,MOT:1,TILT:25.0,TRIM:0.022,ATE:1,LATCH:0,TORQ:1,CR:0.0,FX1:1.00,FY1:-151.10,FX2:-6.00,FY2:-149.60,IK1:1,IK2:1,MOVE:0
[2026-09-08 13:34:23.827] [RX] PITCH:-0.93,PID_OUT:37.74,INT:0.0985,EL:-238,ER:-3,VEL:155.7,MOT:1,TILT:25.0,TRIM:-0.278,ATE:1,LATCH:0,TORQ:1,CR:0.0,FX1:1.00,FY1:-151.10,FX2:-6.00,FY2:-149.60,IK1:1,IK2:1,MOVE:0
[2026-09-08 13:34:23.928] [RX] PITCH:0.23,PID_OUT:9.50,INT:0.0659,EL:-238,ER:-24,VEL:97.3,MOT:1,TILT:25.0,TRIM:-0.123,ATE:1,LATCH:0,TORQ:1,CR:0.0,FX1:1.00,FY1:-151.10,FX2:-6.00,FY2:-149.60,IK1:1,IK2:1,MOVE:0
[2026-09-08 13:34:24.026] [RX] PITCH:-0.49,PID_OUT:42.52,INT:0.0592,EL:-229,ER:-46,VEL:147.6,MOT:1,TILT:25.0,TRIM:-0.293,ATE:1,LATCH:0,TORQ:1,CR:0.0,FX1:1.00,FY1:-151.10,FX2:-6.00,FY2:-149.60,IK1:1,IK2:1,MOVE:0
[2026-09-08 13:34:24.133] [RX] PITCH:-0.73,PID_OUT:45.09,INT:0.0895,EL:-219,ER:-68,VEL:163.4,MOT:1,TILT:25.0,TRIM:-0.363,ATE:1,LATCH:0,TORQ:1,CR:0.0,FX1:1.00,FY1:-151.10,FX2:-6.00,FY2:-149.60,IK1:1,IK2:1,MOVE:0
[2026-09-08 13:34:24.139] [RX] AX12:MODE:0,TQ:1,TL:1023,CM:1,CS:4,MS:0,MT:800
[2026-09-08 13:34:24.229] [RX] PITCH:-0.22,PID_OUT:-58.27,INT:0.0979,EL:-214,ER:-91,VEL:126.2,MOT:1,TILT:25.0,TRIM:-0.275,ATE:1,LATCH:0,TORQ:1,CR:0.0,FX1:1.00,FY1:-151.10,FX2:-6.00,FY2:-149.60,IK1:1,IK2:1,MOVE:0
[2026-09-08 13:34:24.232] [RX] SRV:6,35,0.0,0,0
[2026-09-08 13:34:24.327] [RX] PITCH:0.74,PID_OUT:-77.02,INT:0.0347,EL:-238,ER:-107,VEL:-73.0,MOT:1,TILT:25.0,TRIM:0.311,ATE:1,LATCH:0,TORQ:1,CR:0.0,FX1:1.00,FY1:-151.10,FX2:-6.00,FY2:-149.60,IK1:1,IK2:1,MOVE:0
[2026-09-08 13:34:24.428] [RX] PITCH:1.78,PID_OUT:-188.71,INT:-0.0705,EL:-245,ER:-106,VEL:-68.7,MOT:1,TILT:25.0,TRIM:0.305,ATE:1,LATCH:0,TORQ:1,CR:0.0,FX1:1.00,FY1:-151.10,FX2:-6.00,FY2:-149.60,IK1:1,IK2:1,MOVE:0
[2026-09-08 13:34:24.528] [RX] PITCH:1.67,PID_OUT:-178.63,INT:-0.0985,EL:-280,ER:-89,VEL:-224.7,MOT:1,TILT:25.0,TRIM:0.798,ATE:1,LATCH:0,TORQ:1,CR:0.0,FX1:1.00,FY1:-151.10,FX2:-6.00,FY2:-149.60,IK1:1,IK2:1,MOVE:0
[2026-09-08 13:34:24.636] [RX] PITCH:2.65,PID_OUT:-143.14,INT:-0.0985,EL:-320,ER:-68,VEL:-305.2,MOT:1,TILT:25.0,TRIM:1.079,ATE:1,LATCH:0,TORQ:1,CR:0.0,FX1:1.00,FY1:-151.10,FX2:-6.00,FY2:-149.60,IK1:1,IK2:1,MOVE:0
[2026-09-08 13:34:24.636] [RX] AX12:MODE:0,TQ:1,TL:1023,CM:1,CS:4,MS:0,MT:800
[2026-09-08 13:34:24.727] [RX] PITCH:2.61,PID_OUT:-40.76,INT:-0.0985,EL:-362,ER:-45,VEL:-318.3,MOT:1,TILT:25.0,TRIM:1.166,ATE:1,LATCH:0,TORQ:1,CR:0.0,FX1:1.00,FY1:-151.10,FX2:-6.00,FY2:-149.60,IK1:1,IK2:1,MOVE:0
[2026-09-08 13:34:24.825] [RX] PITCH:0.24,PID_OUT:155.00,INT:-0.0870,EL:-398,ER:-32,VEL:-240.0,MOT:1,TILT:25.0,TRIM:0.974,ATE:1,LATCH:0,TORQ:1,CR:0.0,FX1:1.00,FY1:-151.10,FX2:-6.00,FY2:-149.60,IK1:1,IK2:1,MOVE:0
[2026-09-08 13:34:24.925] [RX] PITCH:-1.06,PID_OUT:96.42,INT:0.0544,EL:-396,ER:-45,VEL:39.3,MOT:1,TILT:25.0,TRIM:0.149,ATE:1,LATCH:0,TORQ:1,CR:0.0,FX1:1.00,FY1:-151.10,FX2:-6.00,FY2:-149.60,IK1:1,IK2:1,MOVE:0
[2026-09-08 13:34:25.024] [RX] PITCH:-0.69,PID_OUT:55.32,INT:0.0985,EL:-385,ER:-64,VEL:132.9,MOT:1,TILT:25.0,TRIM:-0.147,ATE:1,LATCH:0,TORQ:1,CR:0.0,FX1:1.00,FY1:-151.10,FX2:-6.00,FY2:-149.60,IK1:1,IK2:1,MOVE:0
[2026-09-08 13:34:25.126] [RX] PITCH:-0.51,PID_OUT:29.56,INT:0.0985,EL:-372,ER:-89,VEL:179.2,MOT:1,TILT:25.0,TRIM:-0.310,ATE:1,LATCH:0,TORQ:1,CR:0.0,FX1:1.00,FY1:-151.10,FX2:-6.00,FY2:-149.60,IK1:1,IK2:1,MOVE:0
[2026-09-08 13:34:25.134] [RX] AX12:MODE:0,TQ:1,TL:1023,CM:1,CS:4,MS:0,MT:800
[2026-09-08 13:34:25.225] [RX] PITCH:-0.05,PID_OUT:-20.95,INT:0.0953,EL:-364,ER:-111,VEL:143.7,MOT:1,TILT:25.0,TRIM:-0.229,ATE:1,LATCH:0,TORQ:1,CR:0.0,FX1:1.00,FY1:-151.10,FX2:-6.00,FY2:-149.60,IK1:1,IK2:1,MOVE:0
[2026-09-08 13:34:25.228] [RX] SRV:0,33,0.0,0,0
[2026-09-08 13:34:25.324] [RX] PITCH:0.50,PID_OUT:-68.92,INT:0.0710,EL:-380,ER:-131,VEL:43.4,MOT:1,TILT:25.0,TRIM:0.060,ATE:1,LATCH:0,TORQ:1,CR:0.0,FX1:1.00,FY1:-151.10,FX2:-6.00,FY2:-149.60,IK1:1,IK2:1,MOVE:0
[2026-09-08 13:34:25.425] [RX] PITCH:0.92,PID_OUT:-96.16,INT:-0.0072,EL:-387,ER:-141,VEL:-5.5,MOT:1,TILT:25.0,TRIM:0.201,ATE:1,LATCH:0,TORQ:1,CR:0.0,FX1:1.00,FY1:-151.10,FX2:-6.00,FY2:-149.60,IK1:1,IK2:1,MOVE:0
[2026-09-08 13:34:25.524] [RX] PITCH:1.57,PID_OUT:-135.49,INT:-0.0875,EL:-412,ER:-139,VEL:-115.0,MOT:1,TILT:25.0,TRIM:0.540,ATE:1,LATCH:0,TORQ:1,CR:0.0,FX1:1.00,FY1:-151.10,FX2:-6.00,FY2:-149.60,IK1:1,IK2:1,MOVE:0
[2026-09-08 13:34:25.624] [RX] PITCH:1.39,PID_OUT:-88.02,INT:-0.0985,EL:-444,ER:-132,VEL:-181.7,MOT:1,TILT:25.0,TRIM:0.764,ATE:1,LATCH:0,TORQ:1,CR:0.0,FX1:1.00,FY1:-151.10,FX2:-6.00,FY2:-149.60,IK1:1,IK2:1,MOVE:0
[2026-09-08 13:34:25.634] [RX] AX12:MODE:0,TQ:1,TL:1023,CM:1,CS:4,MS:0,MT:800
[2026-09-08 13:34:25.722] [RX] PITCH:1.39,PID_OUT:-87.85,INT:-0.0985,EL:-475,ER:-127,VEL:-171.6,MOT:1,TILT:25.0,TRIM:0.761,ATE:1,LATCH:0,TORQ:1,CR:0.0,FX1:1.00,FY1:-151.10,FX2:-6.00,FY2:-149.60,IK1:1,IK2:1,MOVE:0
[2026-09-08 13:34:25.733] [TX] M
[2026-09-08 13:34:25.765] [RX] Motors DISABLED
--------------------------------------------------------------------------------
[2026-09-08 13:34:25.765] [SYS] Session Stopped: Motors DISABLED
Total Duration: 3.43s | Total Lines Captured: 47
================================================================================
