================================================================================
SERIAL MONITOR BACKUP LOG
Port: COM13 | Baud: 115200
Session Started: 2026-09-08 13:40:08
Trigger Reason: Motors ENABLED
Last IMU Calibration: No calibration recorded in this session
Active FW Parameters: Kp=78.0, Ki=650.0, Kd=3.52, pitchOffset=-1.291, targetAngle=0.0, alpha=0.96, maxSafeTilt=25.0, Ki_trim=0.0, crouchOffset=0.0, Kp_vel=0.2
================================================================================
[Timestamp]                [Dir]  Payload
--------------------------------------------------------------------------------
[2026-09-08 13:40:08.687] [RX] Motors ENABLED
[2026-09-08 13:40:08.731] [RX] PITCH:-5.02,PID_OUT:0.00,INT:0.0000,EL:-295,ER:-288,VEL:0.0,MOT:1,TILT:25.0,TRIM:0.000,ATE:1,LATCH:0,TORQ:1,CR:0.0,FX1:1.00,FY1:-151.10,FX2:-6.00,FY2:-149.60,IK1:1,IK2:1,MOVE:0
[2026-09-08 13:40:08.731] [RX] AX12:MODE:0,TQ:1,TL:1023,CM:1,CS:4,MS:0,MT:800
[2026-09-08 13:40:08.815] [RX] PITCH:-3.46,PID_OUT:-26.72,INT:0.0779,EL:3,ER:-4,VEL:27.6,MOT:1,TILT:25.0,TRIM:-5.520,ATE:1,LATCH:0,TORQ:1,CR:0.0,FX1:1.00,FY1:-151.10,FX2:-6.00,FY2:-149.60,IK1:1,IK2:1,MOVE:0
[2026-09-08 13:40:08.914] [RX] PITCH:-4.53,PID_OUT:88.03,INT:0.0838,EL:0,ER:-13,VEL:47.8,MOT:1,TILT:25.0,TRIM:-6.000,ATE:1,LATCH:0,TORQ:1,CR:0.0,FX1:1.00,FY1:-151.10,FX2:-6.00,FY2:-149.60,IK1:1,IK2:1,MOVE:0
[2026-09-08 13:40:09.015] [RX] PITCH:-3.46,PID_OUT:-9.41,INT:0.0730,EL:0,ER:-20,VEL:50.5,MOT:1,TILT:25.0,TRIM:-6.000,ATE:1,LATCH:0,TORQ:1,CR:0.0,FX1:1.00,FY1:-151.10,FX2:-6.00,FY2:-149.60,IK1:1,IK2:1,MOVE:0
[2026-09-08 13:40:09.117] [RX] PITCH:-7.46,PID_OUT:169.80,INT:0.0985,EL:1,ER:-30,VEL:104.5,MOT:1,TILT:25.0,TRIM:-6.000,ATE:1,LATCH:0,TORQ:1,CR:0.0,FX1:1.00,FY1:-151.10,FX2:-6.00,FY2:-149.60,IK1:1,IK2:1,MOVE:0
[2026-09-08 13:40:09.222] [RX] PITCH:-2.15,PID_OUT:-111.65,INT:-0.0368,EL:12,ER:-46,VEL:23.7,MOT:1,TILT:25.0,TRIM:-4.740,ATE:1,LATCH:0,TORQ:1,CR:0.0,FX1:1.00,FY1:-151.10,FX2:-6.00,FY2:-149.60,IK1:1,IK2:1,MOVE:0
[2026-09-08 13:40:09.225] [RX] AX12:MODE:0,TQ:1,TL:1023,CM:1,CS:4,MS:0,MT:800
[2026-09-08 13:40:09.318] [RX] PITCH:-5.78,PID_OUT:-84.96,INT:0.0962,EL:19,ER:-63,VEL:152.5,MOT:1,TILT:25.0,TRIM:-6.000,ATE:1,LATCH:0,TORQ:1,CR:0.0,FX1:1.00,FY1:-151.10,FX2:-6.00,FY2:-149.60,IK1:1,IK2:1,MOVE:0
[2026-09-08 13:40:09.319] [RX] SRV:14,50,6.3,0,0
[2026-09-08 13:40:09.415] [RX] PITCH:-5.35,PID_OUT:162.39,INT:0.0919,EL:12,ER:-69,VEL:36.5,MOT:1,TILT:25.0,TRIM:-6.000,ATE:1,LATCH:0,TORQ:1,CR:0.0,FX1:1.00,FY1:-151.10,FX2:-6.00,FY2:-149.60,IK1:1,IK2:1,MOVE:0
[2026-09-08 13:40:09.515] [RX] PITCH:-5.83,PID_OUT:50.90,INT:0.0851,EL:17,ER:-79,VEL:95.4,MOT:1,TILT:25.0,TRIM:-6.000,ATE:1,LATCH:0,TORQ:1,CR:0.0,FX1:1.00,FY1:-151.10,FX2:-6.00,FY2:-149.60,IK1:1,IK2:1,MOVE:0
[2026-09-08 13:40:09.613] [RX] PITCH:-4.64,PID_OUT:8.14,INT:0.0849,EL:20,ER:-86,VEL:68.1,MOT:1,TILT:25.0,TRIM:-6.000,ATE:1,LATCH:0,TORQ:1,CR:0.0,FX1:1.00,FY1:-151.10,FX2:-6.00,FY2:-149.60,IK1:1,IK2:1,MOVE:0
[2026-09-08 13:40:09.714] [RX] PITCH:-7.05,PID_OUT:142.36,INT:0.0985,EL:24,ER:-93,VEL:76.0,MOT:1,TILT:25.0,TRIM:-6.000,ATE:1,LATCH:0,TORQ:1,CR:0.0,FX1:1.00,FY1:-151.10,FX2:-6.00,FY2:-149.60,IK1:1,IK2:1,MOVE:0
[2026-09-08 13:40:09.725] [RX] AX12:MODE:0,TQ:1,TL:1023,CM:1,CS:4,MS:0,MT:800
[2026-09-08 13:40:09.815] [RX] PITCH:-4.02,PID_OUT:187.77,INT:0.0985,EL:25,ER:-96,VEL:17.6,MOT:1,TILT:25.0,TRIM:-3.521,ATE:1,LATCH:0,TORQ:1,CR:0.0,FX1:1.00,FY1:-151.10,FX2:-6.00,FY2:-149.60,IK1:1,IK2:1,MOVE:0
[2026-09-08 13:40:09.916] [RX] PITCH:-1.94,PID_OUT:-290.50,INT:0.0322,EL:27,ER:-104,VEL:54.5,MOT:1,TILT:25.0,TRIM:-6.000,ATE:1,LATCH:0,TORQ:1,CR:0.0,FX1:1.00,FY1:-151.10,FX2:-6.00,FY2:-149.60,IK1:1,IK2:1,MOVE:0
[2026-09-08 13:40:10.014] [RX] PITCH:-0.69,PID_OUT:-267.78,INT:-0.0391,EL:24,ER:-103,VEL:7.5,MOT:1,TILT:25.0,TRIM:-1.491,ATE:1,LATCH:0,TORQ:1,CR:0.0,FX1:1.00,FY1:-151.10,FX2:-6.00,FY2:-149.60,IK1:1,IK2:1,MOVE:0
[2026-09-08 13:40:10.111] [RX] PITCH:3.00,PID_OUT:355.54,INT:-0.0030,EL:12,ER:-101,VEL:-71.3,MOT:1,TILT:25.0,TRIM:6.000,ATE:1,LATCH:0,TORQ:1,CR:0.0,FX1:1.00,FY1:-151.10,FX2:-6.00,FY2:-149.60,IK1:1,IK2:1,MOVE:0
[2026-09-08 13:40:10.226] [RX] PITCH:-0.22,PID_OUT:-159.64,INT:0.0485,EL:11,ER:-107,VEL:17.1,MOT:1,TILT:25.0,TRIM:-3.421,ATE:1,LATCH:0,TORQ:1,CR:0.0,FX1:1.00,FY1:-151.10,FX2:-6.00,FY2:-149.60,IK1:1,IK2:1,MOVE:0
[2026-09-08 13:40:10.227] [RX] AX12:MODE:0,TQ:1,TL:1023,CM:1,CS:4,MS:0,MT:800
[2026-09-08 13:40:10.317] [RX] PITCH:0.61,PID_OUT:-755.14,INT:-0.0985,EL:11,ER:-109,VEL:29.9,MOT:1,TILT:25.0,TRIM:-5.977,ATE:1,LATCH:0,TORQ:1,CR:0.0,FX1:1.00,FY1:-151.10,FX2:-6.00,FY2:-149.60,IK1:1,IK2:1,MOVE:0
[2026-09-08 13:40:10.317] [RX] SRV:1,47,0.0,0,0
[2026-09-08 13:40:10.412] [RX] PITCH:3.25,PID_OUT:136.46,INT:-0.0274,EL:0,ER:-104,VEL:-59.8,MOT:1,TILT:25.0,TRIM:6.000,ATE:1,LATCH:0,TORQ:1,CR:0.0,FX1:1.00,FY1:-151.10,FX2:-6.00,FY2:-149.60,IK1:1,IK2:1,MOVE:0
[2026-09-08 13:40:10.413] [TX] M
[2026-09-08 13:40:10.431] [RX] Motors DISABLED
--------------------------------------------------------------------------------
[2026-09-08 13:40:10.431] [SYS] Session Stopped: Motors DISABLED
Total Duration: 1.74s | Total Lines Captured: 27
================================================================================
