================================================================================
SERIAL MONITOR BACKUP LOG
Port: COM13 | Baud: 115200
Session Started: 2026-09-07 23:34:28
Trigger Reason: Motors ENABLED
Last IMU Calibration: No calibration recorded in this session
Active FW Parameters: Default / Awaiting sync
================================================================================
[Timestamp]                [Dir]  Payload
--------------------------------------------------------------------------------
[2026-09-07 23:34:28.546] [RX] Motors ENABLED
[2026-09-07 23:34:28.646] [RX] PITCH:0.01,PID_OUT:-0.78,INT:0.0000,EL:0,ER:0,VEL:0.0,MOT:1,TILT:25.0,TRIM:0.000,ATE:0,LATCH:0,TORQ:1,CR:0.0,FX1:1.00,FY1:-151.10,FX2:-6.00,FY2:-149.60,IK1:1,IK2:1,MOVE:0
[2026-09-07 23:34:28.646] [RX] AX12:MODE:0,TQ:1,TL:1023,CM:1,CS:4,MS:0,MT:800
[2026-09-07 23:34:28.739] [RX] PITCH:0.00,PID_OUT:-0.01,INT:0.0000,EL:0,ER:0,VEL:0.0,MOT:1,TILT:25.0,TRIM:0.000,ATE:0,LATCH:0,TORQ:1,CR:0.0,FX1:1.00,FY1:-151.10,FX2:-6.00,FY2:-149.60,IK1:1,IK2:1,MOVE:0
[2026-09-07 23:34:28.837] [RX] PITCH:0.02,PID_OUT:-1.51,INT:0.0000,EL:0,ER:0,VEL:0.0,MOT:1,TILT:25.0,TRIM:0.000,ATE:0,LATCH:0,TORQ:1,CR:0.0,FX1:1.00,FY1:-151.10,FX2:-6.00,FY2:-149.60,IK1:1,IK2:1,MOVE:0
[2026-09-07 23:34:28.939] [RX] PITCH:0.06,PID_OUT:-4.76,INT:0.0000,EL:0,ER:0,VEL:0.0,MOT:1,TILT:25.0,TRIM:0.000,ATE:0,LATCH:0,TORQ:1,CR:0.0,FX1:1.00,FY1:-151.10,FX2:-6.00,FY2:-149.60,IK1:1,IK2:1,MOVE:0
[2026-09-07 23:34:29.036] [RX] PITCH:0.07,PID_OUT:-5.30,INT:0.0000,EL:0,ER:0,VEL:0.0,MOT:1,TILT:25.0,TRIM:0.000,ATE:0,LATCH:0,TORQ:1,CR:0.0,FX1:1.00,FY1:-151.10,FX2:-6.00,FY2:-149.60,IK1:1,IK2:1,MOVE:0
[2026-09-07 23:34:29.143] [RX] PITCH:0.05,PID_OUT:-4.00,INT:0.0000,EL:0,ER:0,VEL:0.0,MOT:1,TILT:25.0,TRIM:0.000,ATE:0,LATCH:0,TORQ:1,CR:0.0,FX1:1.00,FY1:-151.10,FX2:-6.00,FY2:-149.60,IK1:1,IK2:1,MOVE:0
[2026-09-07 23:34:29.150] [RX] AX12:MODE:0,TQ:1,TL:1023,CM:1,CS:4,MS:0,MT:800
[2026-09-07 23:34:29.244] [RX] PITCH:0.06,PID_OUT:-4.93,INT:0.0000,EL:0,ER:0,VEL:0.0,MOT:1,TILT:25.0,TRIM:0.000,ATE:0,LATCH:0,TORQ:1,CR:0.0,FX1:1.00,FY1:-151.10,FX2:-6.00,FY2:-149.60,IK1:1,IK2:1,MOVE:0
[2026-09-07 23:34:29.244] [RX] SRV:0,37,0.0
[2026-09-07 23:34:29.341] [RX] PITCH:0.06,PID_OUT:-4.79,INT:0.0000,EL:0,ER:0,VEL:0.0,MOT:1,TILT:25.0,TRIM:0.000,ATE:0,LATCH:0,TORQ:1,CR:0.0,FX1:1.00,FY1:-151.10,FX2:-6.00,FY2:-149.60,IK1:1,IK2:1,MOVE:0
[2026-09-07 23:34:29.440] [RX] PITCH:0.03,PID_OUT:-2.13,INT:0.0000,EL:0,ER:0,VEL:0.0,MOT:1,TILT:25.0,TRIM:0.000,ATE:0,LATCH:0,TORQ:1,CR:0.0,FX1:1.00,FY1:-151.10,FX2:-6.00,FY2:-149.60,IK1:1,IK2:1,MOVE:0
[2026-09-07 23:34:29.540] [RX] PITCH:-0.04,PID_OUT:2.79,INT:0.0000,EL:0,ER:0,VEL:0.0,MOT:1,TILT:25.0,TRIM:0.000,ATE:0,LATCH:0,TORQ:1,CR:0.0,FX1:1.00,FY1:-151.10,FX2:-6.00,FY2:-149.60,IK1:1,IK2:1,MOVE:0
[2026-09-07 23:34:29.645] [RX] PITCH:-0.02,PID_OUT:1.76,INT:0.0000,EL:0,ER:0,VEL:0.0,MOT:1,TILT:25.0,TRIM:0.000,ATE:0,LATCH:0,TORQ:1,CR:0.0,FX1:1.00,FY1:-151.10,FX2:-6.00,FY2:-149.60,IK1:1,IK2:1,MOVE:0
[2026-09-07 23:34:29.649] [RX] AX12:MODE:0,TQ:1,TL:1023,CM:1,CS:4,MS:0,MT:800
[2026-09-07 23:34:29.740] [RX] PITCH:-0.01,PID_OUT:0.87,INT:0.0000,EL:0,ER:0,VEL:0.0,MOT:1,TILT:25.0,TRIM:0.000,ATE:0,LATCH:0,TORQ:1,CR:0.0,FX1:1.00,FY1:-151.10,FX2:-6.00,FY2:-149.60,IK1:1,IK2:1,MOVE:0
[2026-09-07 23:34:29.840] [RX] PITCH:-0.00,PID_OUT:0.30,INT:0.0000,EL:0,ER:0,VEL:0.0,MOT:1,TILT:25.0,TRIM:0.000,ATE:0,LATCH:0,TORQ:1,CR:0.0,FX1:1.00,FY1:-151.10,FX2:-6.00,FY2:-149.60,IK1:1,IK2:1,MOVE:0
[2026-09-07 23:34:29.940] [RX] PITCH:-0.01,PID_OUT:0.91,INT:0.0000,EL:0,ER:0,VEL:0.0,MOT:1,TILT:25.0,TRIM:0.000,ATE:0,LATCH:0,TORQ:1,CR:0.0,FX1:1.00,FY1:-151.10,FX2:-6.00,FY2:-149.60,IK1:1,IK2:1,MOVE:0
[2026-09-07 23:34:30.044] [RX] PITCH:-0.01,PID_OUT:1.13,INT:0.0000,EL:0,ER:0,VEL:0.0,MOT:1,TILT:25.0,TRIM:0.000,ATE:0,LATCH:0,TORQ:1,CR:0.0,FX1:1.00,FY1:-151.10,FX2:-6.00,FY2:-149.60,IK1:1,IK2:1,MOVE:0
[2026-09-07 23:34:30.143] [RX] PITCH:-0.00,PID_OUT:0.09,INT:0.0000,EL:0,ER:0,VEL:0.0,MOT:1,TILT:25.0,TRIM:0.000,ATE:0,LATCH:0,TORQ:1,CR:0.0,FX1:1.00,FY1:-151.10,FX2:-6.00,FY2:-149.60,IK1:1,IK2:1,MOVE:0
[2026-09-07 23:34:30.153] [RX] AX12:MODE:0,TQ:1,TL:1023,CM:1,CS:4,MS:0,MT:800
[2026-09-07 23:34:30.245] [RX] PITCH:0.02,PID_OUT:-1.87,INT:0.0000,EL:0,ER:0,VEL:0.0,MOT:1,TILT:25.0,TRIM:0.000,ATE:0,LATCH:0,TORQ:1,CR:0.0,FX1:1.00,FY1:-151.10,FX2:-6.00,FY2:-149.60,IK1:1,IK2:1,MOVE:0
[2026-09-07 23:34:30.245] [RX] SRV:14,37,0.0
[2026-09-07 23:34:30.341] [RX] PITCH:0.02,PID_OUT:-1.44,INT:0.0000,EL:0,ER:0,VEL:0.0,MOT:1,TILT:25.0,TRIM:0.000,ATE:0,LATCH:0,TORQ:1,CR:0.0,FX1:1.00,FY1:-151.10,FX2:-6.00,FY2:-149.60,IK1:1,IK2:1,MOVE:0
[2026-09-07 23:34:30.439] [RX] PITCH:0.00,PID_OUT:-0.22,INT:0.0000,EL:0,ER:0,VEL:0.0,MOT:1,TILT:25.0,TRIM:0.000,ATE:0,LATCH:0,TORQ:1,CR:0.0,FX1:1.00,FY1:-151.10,FX2:-6.00,FY2:-149.60,IK1:1,IK2:1,MOVE:0
[2026-09-07 23:34:30.540] [RX] PITCH:-0.01,PID_OUT:1.07,INT:0.0000,EL:0,ER:0,VEL:0.0,MOT:1,TILT:25.0,TRIM:0.000,ATE:0,LATCH:0,TORQ:1,CR:0.0,FX1:1.00,FY1:-151.10,FX2:-6.00,FY2:-149.60,IK1:1,IK2:1,MOVE:0
[2026-09-07 23:34:30.639] [RX] PITCH:0.01,PID_OUT:-0.42,INT:0.0000,EL:0,ER:0,VEL:0.0,MOT:1,TILT:25.0,TRIM:0.000,ATE:0,LATCH:0,TORQ:1,CR:0.0,FX1:1.00,FY1:-151.10,FX2:-6.00,FY2:-149.60,IK1:1,IK2:1,MOVE:0
[2026-09-07 23:34:30.651] [RX] AX12:MODE:0,TQ:1,TL:1023,CM:1,CS:4,MS:0,MT:800
[2026-09-07 23:34:30.739] [RX] PITCH:0.00,PID_OUT:-0.15,INT:0.0000,EL:0,ER:0,VEL:0.0,MOT:1,TILT:25.0,TRIM:0.000,ATE:0,LATCH:0,TORQ:1,CR:0.0,FX1:1.00,FY1:-151.10,FX2:-6.00,FY2:-149.60,IK1:1,IK2:1,MOVE:0
[2026-09-07 23:34:30.839] [RX] PITCH:0.02,PID_OUT:-1.35,INT:0.0000,EL:0,ER:0,VEL:0.0,MOT:1,TILT:25.0,TRIM:0.000,ATE:0,LATCH:0,TORQ:1,CR:0.0,FX1:1.00,FY1:-151.10,FX2:-6.00,FY2:-149.60,IK1:1,IK2:1,MOVE:0
[2026-09-07 23:34:30.943] [RX] PITCH:0.02,PID_OUT:-1.39,INT:0.0000,EL:0,ER:0,VEL:0.0,MOT:1,TILT:25.0,TRIM:0.000,ATE:0,LATCH:0,TORQ:1,CR:0.0,FX1:1.00,FY1:-151.10,FX2:-6.00,FY2:-149.60,IK1:1,IK2:1,MOVE:0
[2026-09-07 23:34:31.041] [RX] PITCH:0.06,PID_OUT:-4.59,INT:0.0000,EL:0,ER:0,VEL:0.0,MOT:1,TILT:25.0,TRIM:0.000,ATE:0,LATCH:0,TORQ:1,CR:0.0,FX1:1.00,FY1:-151.10,FX2:-6.00,FY2:-149.60,IK1:1,IK2:1,MOVE:0
[2026-09-07 23:34:31.145] [RX] PITCH:0.04,PID_OUT:-2.95,INT:0.0000,EL:0,ER:0,VEL:0.0,MOT:1,TILT:25.0,TRIM:0.000,ATE:0,LATCH:0,TORQ:1,CR:0.0,FX1:1.00,FY1:-151.10,FX2:-6.00,FY2:-149.60,IK1:1,IK2:1,MOVE:0
[2026-09-07 23:34:31.152] [RX] AX12:MODE:0,TQ:1,TL:1023,CM:1,CS:4,MS:0,MT:800
[2026-09-07 23:34:31.244] [RX] PITCH:0.02,PID_OUT:-1.63,INT:0.0000,EL:0,ER:0,VEL:0.0,MOT:1,TILT:25.0,TRIM:0.000,ATE:0,LATCH:0,TORQ:1,CR:0.0,FX1:1.00,FY1:-151.10,FX2:-6.00,FY2:-149.60,IK1:1,IK2:1,MOVE:0
[2026-09-07 23:34:31.244] [RX] SRV:1,38,0.0
[2026-09-07 23:34:31.341] [RX] PITCH:0.02,PID_OUT:-1.40,INT:0.0000,EL:0,ER:0,VEL:0.0,MOT:1,TILT:25.0,TRIM:0.000,ATE:0,LATCH:0,TORQ:1,CR:0.0,FX1:1.00,FY1:-151.10,FX2:-6.00,FY2:-149.60,IK1:1,IK2:1,MOVE:0
[2026-09-07 23:34:31.438] [TX] C
[2026-09-07 23:34:31.440] [RX] PITCH:0.04,PID_OUT:-2.86,INT:0.0000,EL:0,ER:0,VEL:0.0,MOT:1,TILT:25.0,TRIM:0.000,ATE:0,LATCH:0,TORQ:1,CR:0.0,FX1:1.00,FY1:-151.10,FX2:-6.00,FY2:-149.60,IK1:1,IK2:1,MOVE:0
[2026-09-07 23:34:31.464] [RX] CAL:START
[2026-09-07 23:34:31.537] [RX] PITCH:0.05,PID_OUT:0.00,INT:0.0000,EL:0,ER:0,VEL:0.0,MOT:1,TILT:25.0,TRIM:0.000,ATE:0,LATCH:0,TORQ:1,CR:0.0,FX1:1.00,FY1:-151.10,FX2:-6.00,FY2:-149.60,IK1:1,IK2:1,MOVE:0
[2026-09-07 23:34:31.640] [RX] PITCH:-0.00,PID_OUT:0.00,INT:0.0000,EL:0,ER:0,VEL:0.0,MOT:1,TILT:25.0,TRIM:0.000,ATE:0,LATCH:0,TORQ:1,CR:0.0,FX1:1.00,FY1:-151.10,FX2:-6.00,FY2:-149.60,IK1:1,IK2:1,MOVE:0
[2026-09-07 23:34:31.648] [RX] AX12:MODE:0,TQ:1,TL:1023,CM:1,CS:4,MS:0,MT:800
[2026-09-07 23:34:31.740] [RX] PITCH:-0.03,PID_OUT:0.00,INT:0.0000,EL:0,ER:0,VEL:0.0,MOT:1,TILT:25.0,TRIM:0.000,ATE:0,LATCH:0,TORQ:1,CR:0.0,FX1:1.00,FY1:-151.10,FX2:-6.00,FY2:-149.60,IK1:1,IK2:1,MOVE:0
[2026-09-07 23:34:31.839] [RX] PITCH:-0.05,PID_OUT:0.00,INT:0.0000,EL:0,ER:0,VEL:0.0,MOT:1,TILT:25.0,TRIM:0.000,ATE:0,LATCH:0,TORQ:1,CR:0.0,FX1:1.00,FY1:-151.10,FX2:-6.00,FY2:-149.60,IK1:1,IK2:1,MOVE:0
[2026-09-07 23:34:31.940] [RX] PITCH:-0.02,PID_OUT:0.00,INT:0.0000,EL:0,ER:0,VEL:0.0,MOT:1,TILT:25.0,TRIM:0.000,ATE:0,LATCH:0,TORQ:1,CR:0.0,FX1:1.00,FY1:-151.10,FX2:-6.00,FY2:-149.60,IK1:1,IK2:1,MOVE:0
[2026-09-07 23:34:32.040] [RX] PITCH:-0.03,PID_OUT:0.00,INT:0.0000,EL:0,ER:0,VEL:0.0,MOT:1,TILT:25.0,TRIM:0.000,ATE:0,LATCH:0,TORQ:1,CR:0.0,FX1:1.00,FY1:-151.10,FX2:-6.00,FY2:-149.60,IK1:1,IK2:1,MOVE:0
[2026-09-07 23:34:32.142] [RX] PITCH:-0.05,PID_OUT:0.00,INT:0.0000,EL:0,ER:0,VEL:0.0,MOT:1,TILT:25.0,TRIM:0.000,ATE:0,LATCH:0,TORQ:1,CR:0.0,FX1:1.00,FY1:-151.10,FX2:-6.00,FY2:-149.60,IK1:1,IK2:1,MOVE:0
[2026-09-07 23:34:32.151] [RX] AX12:MODE:0,TQ:1,TL:1023,CM:1,CS:4,MS:0,MT:800
[2026-09-07 23:34:32.241] [RX] PITCH:-0.03,PID_OUT:0.00,INT:0.0000,EL:0,ER:0,VEL:0.0,MOT:1,TILT:25.0,TRIM:0.000,ATE:0,LATCH:0,TORQ:1,CR:0.0,FX1:1.00,FY1:-151.10,FX2:-6.00,FY2:-149.60,IK1:1,IK2:1,MOVE:0
[2026-09-07 23:34:32.241] [RX] SRV:6,38,0.0
[2026-09-07 23:34:32.338] [RX] PITCH:-0.04,PID_OUT:0.00,INT:0.0000,EL:0,ER:0,VEL:0.0,MOT:1,TILT:25.0,TRIM:0.000,ATE:0,LATCH:0,TORQ:1,CR:0.0,FX1:1.00,FY1:-151.10,FX2:-6.00,FY2:-149.60,IK1:1,IK2:1,MOVE:0
[2026-09-07 23:34:32.441] [RX] PITCH:-0.03,PID_OUT:0.00,INT:0.0000,EL:0,ER:0,VEL:0.0,MOT:1,TILT:25.0,TRIM:0.000,ATE:0,LATCH:0,TORQ:1,CR:0.0,FX1:1.00,FY1:-151.10,FX2:-6.00,FY2:-149.60,IK1:1,IK2:1,MOVE:0
[2026-09-07 23:34:32.464] [RX] CAL:DONE,OFFSET:-0.6038
[2026-09-07 23:34:32.541] [RX] PITCH:0.10,PID_OUT:-8.02,INT:0.0000,EL:0,ER:0,VEL:0.0,MOT:1,TILT:25.0,TRIM:0.000,ATE:0,LATCH:0,TORQ:1,CR:0.0,FX1:1.00,FY1:-151.10,FX2:-6.00,FY2:-149.60,IK1:1,IK2:1,MOVE:0
[2026-09-07 23:34:32.646] [RX] PITCH:0.27,PID_OUT:-20.69,INT:0.0000,EL:0,ER:0,VEL:0.0,MOT:1,TILT:25.0,TRIM:0.000,ATE:0,LATCH:0,TORQ:1,CR:0.0,FX1:1.00,FY1:-151.10,FX2:-6.00,FY2:-149.60,IK1:1,IK2:1,MOVE:0
[2026-09-07 23:34:32.646] [RX] AX12:MODE:0,TQ:1,TL:1023,CM:1,CS:4,MS:0,MT:800
[2026-09-07 23:34:32.739] [RX] PITCH:0.37,PID_OUT:-28.58,INT:0.0000,EL:0,ER:0,VEL:0.0,MOT:1,TILT:25.0,TRIM:0.000,ATE:0,LATCH:0,TORQ:1,CR:0.0,FX1:1.00,FY1:-151.10,FX2:-6.00,FY2:-149.60,IK1:1,IK2:1,MOVE:0
[2026-09-07 23:34:32.836] [RX] PITCH:0.44,PID_OUT:-34.55,INT:0.0000,EL:0,ER:0,VEL:0.0,MOT:1,TILT:25.0,TRIM:0.000,ATE:0,LATCH:0,TORQ:1,CR:0.0,FX1:1.00,FY1:-151.10,FX2:-6.00,FY2:-149.60,IK1:1,IK2:1,MOVE:0
[2026-09-07 23:34:32.940] [RX] PITCH:0.50,PID_OUT:-39.25,INT:0.0000,EL:0,ER:0,VEL:0.0,MOT:1,TILT:25.0,TRIM:0.000,ATE:0,LATCH:0,TORQ:1,CR:0.0,FX1:1.00,FY1:-151.10,FX2:-6.00,FY2:-149.60,IK1:1,IK2:1,MOVE:0
[2026-09-07 23:34:33.029] [RX] PITCH:0.54,PID_OUT:-42.18,INT:0.0000,EL:0,ER:0,VEL:0.0,MOT:1,TILT:25.0,TRIM:0.000,ATE:0,LATCH:0,TORQ:1,CR:0.0,FX1:1.00,FY1:-151.10,FX2:-6.00,FY2:-149.60,IK1:1,IK2:1,MOVE:0
[2026-09-07 23:34:33.142] [RX] PITCH:0.57,PID_OUT:-44.23,INT:0.0000,EL:0,ER:0,VEL:0.0,MOT:1,TILT:25.0,TRIM:0.000,ATE:0,LATCH:0,TORQ:1,CR:0.0,FX1:1.00,FY1:-151.10,FX2:-6.00,FY2:-149.60,IK1:1,IK2:1,MOVE:0
[2026-09-07 23:34:33.152] [RX] AX12:MODE:0,TQ:1,TL:1023,CM:1,CS:4,MS:0,MT:800
[2026-09-07 23:34:33.237] [RX] PITCH:0.62,PID_OUT:-48.25,INT:0.0000,EL:0,ER:0,VEL:0.0,MOT:1,TILT:25.0,TRIM:0.000,ATE:0,LATCH:0,TORQ:1,CR:0.0,FX1:1.00,FY1:-151.10,FX2:-6.00,FY2:-149.60,IK1:1,IK2:1,MOVE:0
[2026-09-07 23:34:33.245] [RX] SRV:0,37,0.0
[2026-09-07 23:34:33.342] [RX] PITCH:0.61,PID_OUT:-47.47,INT:0.0000,EL:0,ER:1,VEL:-4.6,MOT:1,TILT:25.0,TRIM:0.000,ATE:0,LATCH:0,TORQ:1,CR:0.0,FX1:1.00,FY1:-151.10,FX2:-6.00,FY2:-149.60,IK1:1,IK2:1,MOVE:0
[2026-09-07 23:34:33.434] [RX] PITCH:0.60,PID_OUT:-46.93,INT:0.0000,EL:0,ER:1,VEL:-0.9,MOT:1,TILT:25.0,TRIM:0.000,ATE:0,LATCH:0,TORQ:1,CR:0.0,FX1:1.00,FY1:-151.10,FX2:-6.00,FY2:-149.60,IK1:1,IK2:1,MOVE:0
[2026-09-07 23:34:33.528] [RX] PITCH:0.62,PID_OUT:-48.45,INT:0.0000,EL:0,ER:1,VEL:-0.2,MOT:1,TILT:25.0,TRIM:0.000,ATE:0,LATCH:0,TORQ:1,CR:0.0,FX1:1.00,FY1:-151.10,FX2:-6.00,FY2:-149.60,IK1:1,IK2:1,MOVE:0
[2026-09-07 23:34:33.648] [RX] PITCH:0.52,PID_OUT:-40.88,INT:0.0000,EL:-17,ER:1,VEL:-45.1,MOT:1,TILT:25.0,TRIM:0.000,ATE:0,LATCH:0,TORQ:1,CR:0.0,FX1:1.00,FY1:-151.10,FX2:-6.00,FY2:-149.60,IK1:1,IK2:1,MOVE:0
[2026-09-07 23:34:33.648] [RX] AX12:MODE:0,TQ:1,TL:1023,CM:1,CS:4,MS:0,MT:800
[2026-09-07 23:34:33.742] [RX] PITCH:0.58,PID_OUT:-45.51,INT:0.0000,EL:-17,ER:1,VEL:-8.9,MOT:1,TILT:25.0,TRIM:0.000,ATE:0,LATCH:0,TORQ:1,CR:0.0,FX1:1.00,FY1:-151.10,FX2:-6.00,FY2:-149.60,IK1:1,IK2:1,MOVE:0
[2026-09-07 23:34:33.844] [RX] PITCH:0.71,PID_OUT:-55.66,INT:0.0000,EL:-33,ER:1,VEL:-115.0,MOT:1,TILT:25.0,TRIM:0.000,ATE:0,LATCH:0,TORQ:1,CR:0.0,FX1:1.00,FY1:-151.10,FX2:-6.00,FY2:-149.60,IK1:1,IK2:1,MOVE:0
[2026-09-07 23:34:33.945] [RX] PITCH:0.91,PID_OUT:-70.82,INT:0.0000,EL:-129,ER:1,VEL:-400.6,MOT:1,TILT:25.0,TRIM:0.000,ATE:0,LATCH:0,TORQ:1,CR:0.0,FX1:1.00,FY1:-151.10,FX2:-6.00,FY2:-149.60,IK1:1,IK2:1,MOVE:0
[2026-09-07 23:34:34.039] [RX] PITCH:0.80,PID_OUT:-62.68,INT:0.0000,EL:-147,ER:1,VEL:-158.6,MOT:1,TILT:25.0,TRIM:0.000,ATE:0,LATCH:0,TORQ:1,CR:0.0,FX1:1.00,FY1:-151.10,FX2:-6.00,FY2:-149.60,IK1:1,IK2:1,MOVE:0
[2026-09-07 23:34:34.144] [RX] PITCH:0.06,PID_OUT:-4.46,INT:0.0000,EL:-171,ER:2,VEL:-119.7,MOT:1,TILT:25.0,TRIM:0.000,ATE:0,LATCH:0,TORQ:1,CR:0.0,FX1:1.00,FY1:-151.10,FX2:-6.00,FY2:-149.60,IK1:1,IK2:1,MOVE:0
[2026-09-07 23:34:34.152] [RX] AX12:MODE:0,TQ:1,TL:1023,CM:1,CS:4,MS:0,MT:800
[2026-09-07 23:34:34.247] [RX] PITCH:-0.33,PID_OUT:25.36,INT:0.0000,EL:-173,ER:2,VEL:-28.6,MOT:1,TILT:25.0,TRIM:0.000,ATE:0,LATCH:0,TORQ:1,CR:0.0,FX1:1.00,FY1:-151.10,FX2:-6.00,FY2:-149.60,IK1:1,IK2:1,MOVE:0
[2026-09-07 23:34:34.247] [RX] SRV:14,37,0.0
[2026-09-07 23:34:34.342] [RX] PITCH:-0.31,PID_OUT:24.57,INT:0.0000,EL:-173,ER:2,VEL:-5.6,MOT:1,TILT:25.0,TRIM:0.000,ATE:0,LATCH:0,TORQ:1,CR:0.0,FX1:1.00,FY1:-151.10,FX2:-6.00,FY2:-149.60,IK1:1,IK2:1,MOVE:0
[2026-09-07 23:34:34.442] [RX] PITCH:-0.44,PID_OUT:34.12,INT:0.0000,EL:-173,ER:2,VEL:-1.1,MOT:1,TILT:25.0,TRIM:0.000,ATE:0,LATCH:0,TORQ:1,CR:0.0,FX1:1.00,FY1:-151.10,FX2:-6.00,FY2:-149.60,IK1:1,IK2:1,MOVE:0
[2026-09-07 23:34:34.537] [RX] PITCH:-0.19,PID_OUT:14.83,INT:0.0000,EL:-173,ER:2,VEL:-0.2,MOT:1,TILT:25.0,TRIM:0.000,ATE:0,LATCH:0,TORQ:1,CR:0.0,FX1:1.00,FY1:-151.10,FX2:-6.00,FY2:-149.60,IK1:1,IK2:1,MOVE:0
[2026-09-07 23:34:34.653] [RX] PITCH:-0.10,PID_OUT:7.87,INT:0.0000,EL:-173,ER:2,VEL:-0.0,MOT:1,TILT:25.0,TRIM:0.000,ATE:0,LATCH:0,TORQ:1,CR:0.0,FX1:1.00,FY1:-151.10,FX2:-6.00,FY2:-149.60,IK1:1,IK2:1,MOVE:0
[2026-09-07 23:34:34.653] [RX] AX12:MODE:0,TQ:1,TL:1023,CM:1,CS:4,MS:0,MT:800
[2026-09-07 23:34:34.735] [RX] PITCH:-0.78,PID_OUT:60.67,INT:0.0000,EL:-173,ER:2,VEL:-0.0,MOT:1,TILT:25.0,TRIM:0.000,ATE:0,LATCH:0,TORQ:1,CR:0.0,FX1:1.00,FY1:-151.10,FX2:-6.00,FY2:-149.60,IK1:1,IK2:1,MOVE:0
[2026-09-07 23:34:34.840] [RX] PITCH:-0.20,PID_OUT:15.65,INT:0.0000,EL:-173,ER:-17,VEL:67.2,MOT:1,TILT:25.0,TRIM:0.000,ATE:0,LATCH:0,TORQ:1,CR:0.0,FX1:1.00,FY1:-151.10,FX2:-6.00,FY2:-149.60,IK1:1,IK2:1,MOVE:0
[2026-09-07 23:34:34.945] [RX] PITCH:0.75,PID_OUT:-58.35,INT:0.0000,EL:-173,ER:-17,VEL:13.2,MOT:1,TILT:25.0,TRIM:0.000,ATE:0,LATCH:0,TORQ:1,CR:0.0,FX1:1.00,FY1:-151.10,FX2:-6.00,FY2:-149.60,IK1:1,IK2:1,MOVE:0
[2026-09-07 23:34:35.041] [RX] PITCH:1.58,PID_OUT:-122.88,INT:0.0000,EL:-200,ER:-11,VEL:-148.0,MOT:1,TILT:25.0,TRIM:0.000,ATE:0,LATCH:0,TORQ:1,CR:0.0,FX1:1.00,FY1:-151.10,FX2:-6.00,FY2:-149.60,IK1:1,IK2:1,MOVE:0
[2026-09-07 23:34:35.149] [RX] PITCH:-0.75,PID_OUT:58.51,INT:0.0000,EL:-231,ER:2,VEL:-185.1,MOT:1,TILT:25.0,TRIM:0.000,ATE:0,LATCH:0,TORQ:1,CR:0.0,FX1:1.00,FY1:-151.10,FX2:-6.00,FY2:-149.60,IK1:1,IK2:1,MOVE:0
[2026-09-07 23:34:35.149] [RX] AX12:MODE:0,TQ:1,TL:1023,CM:1,CS:4,MS:0,MT:800
[2026-09-07 23:34:35.231] [RX] PITCH:-0.40,PID_OUT:31.57,INT:0.0000,EL:-238,ER:-1,VEL:-22.8,MOT:1,TILT:25.0,TRIM:0.000,ATE:0,LATCH:0,TORQ:1,CR:0.0,FX1:1.00,FY1:-151.10,FX2:-6.00,FY2:-149.60,IK1:1,IK2:1,MOVE:0
[2026-09-07 23:34:35.231] [RX] SRV:1,38,0.0
[2026-09-07 23:34:35.342] [RX] PITCH:1.08,PID_OUT:-83.94,INT:0.0000,EL:-243,ER:0,VEL:-48.4,MOT:1,TILT:25.0,TRIM:0.000,ATE:0,LATCH:0,TORQ:1,CR:0.0,FX1:1.00,FY1:-151.10,FX2:-6.00,FY2:-149.60,IK1:1,IK2:1,MOVE:0
[2026-09-07 23:34:35.442] [RX] PITCH:0.54,PID_OUT:-41.88,INT:0.0000,EL:-275,ER:10,VEL:-194.6,MOT:1,TILT:25.0,TRIM:0.000,ATE:0,LATCH:0,TORQ:1,CR:0.0,FX1:1.00,FY1:-151.10,FX2:-6.00,FY2:-149.60,IK1:1,IK2:1,MOVE:0
[2026-09-07 23:34:35.538] [RX] PITCH:-3.34,PID_OUT:260.51,INT:0.0000,EL:-286,ER:10,VEL:-43.2,MOT:1,TILT:25.0,TRIM:0.000,ATE:0,LATCH:0,TORQ:1,CR:0.0,FX1:1.00,FY1:-151.10,FX2:-6.00,FY2:-149.60,IK1:1,IK2:1,MOVE:0
[2026-09-07 23:34:35.653] [RX] PITCH:5.65,PID_OUT:-440.70,INT:0.0000,EL:-260,ER:-20,VEL:169.4,MOT:1,TILT:25.0,TRIM:0.000,ATE:0,LATCH:0,TORQ:1,CR:0.0,FX1:1.00,FY1:-151.10,FX2:-6.00,FY2:-149.60,IK1:1,IK2:1,MOVE:0
[2026-09-07 23:34:35.653] [RX] AX12:MODE:0,TQ:1,TL:1023,CM:1,CS:4,MS:0,MT:800
[2026-09-07 23:34:35.736] [RX] PITCH:-8.54,PID_OUT:665.86,INT:0.0000,EL:-302,ER:13,VEL:-258.7,MOT:1,TILT:25.0,TRIM:0.000,ATE:0,LATCH:0,TORQ:1,CR:0.0,FX1:1.00,FY1:-151.10,FX2:-6.00,FY2:-149.60,IK1:1,IK2:1,MOVE:0
[2026-09-07 23:34:35.840] [RX] PITCH:-0.36,PID_OUT:28.46,INT:0.0000,EL:-266,ER:-33,VEL:362.8,MOT:1,TILT:25.0,TRIM:0.000,ATE:0,LATCH:0,TORQ:1,CR:0.0,FX1:1.00,FY1:-151.10,FX2:-6.00,FY2:-149.60,IK1:1,IK2:1,MOVE:0
[2026-09-07 23:34:35.943] [RX] PITCH:8.75,PID_OUT:-682.85,INT:0.0000,EL:-252,ER:-58,VEL:96.3,MOT:1,TILT:25.0,TRIM:0.000,ATE:0,LATCH:0,TORQ:1,CR:0.0,FX1:1.00,FY1:-151.10,FX2:-6.00,FY2:-149.60,IK1:1,IK2:1,MOVE:0
[2026-09-07 23:34:36.047] [RX] PITCH:-7.52,PID_OUT:586.78,INT:0.0000,EL:-315,ER:-12,VEL:-377.6,MOT:1,TILT:25.0,TRIM:0.000,ATE:0,LATCH:0,TORQ:1,CR:0.0,FX1:1.00,FY1:-151.10,FX2:-6.00,FY2:-149.60,IK1:1,IK2:1,MOVE:0
[2026-09-07 23:34:36.155] [RX] PITCH:5.52,PID_OUT:-430.58,INT:0.0000,EL:-296,ER:-36,VEL:100.1,MOT:1,TILT:25.0,TRIM:0.000,ATE:0,LATCH:0,TORQ:1,CR:0.0,FX1:1.00,FY1:-151.10,FX2:-6.00,FY2:-149.60,IK1:1,IK2:1,MOVE:0
[2026-09-07 23:34:36.169] [RX] AX12:MODE:0,TQ:1,TL:1023,CM:1,CS:4,MS:0,MT:800
[2026-09-07 23:34:36.231] [RX] PITCH:-5.50,PID_OUT:428.66,INT:0.0000,EL:-328,ER:-8,VEL:-220.1,MOT:1,TILT:25.0,TRIM:0.000,ATE:0,LATCH:0,TORQ:1,CR:0.0,FX1:1.00,FY1:-151.10,FX2:-6.00,FY2:-149.60,IK1:1,IK2:1,MOVE:0
[2026-09-07 23:34:36.231] [RX] SRV:6,38,0.0
[2026-09-07 23:34:36.335] [RX] T:1,TILT:25.0,TRIM:0.000,ATE:0,LATCH:0,TORQ:1,CR:0.0,FX1:1.00,FY1:-151.10,FX2:-6.00,FY2:-149.60,IK1:1,IK2:1,MOVE:0
[2026-09-07 23:34:36.441] [RX] PITCH:-3.66,PID_OUT:285.47,INT:0.0000,EL:-331,ER:-15,VEL:-71.9,MOT:1,TILT:25.0,TRIM:0.000,ATE:0,LATCH:0,TORQ:1,CR:0.0,FX1:1.00,FY1:-151.10,FX2:-6.00,FY2:-149.60,IK1:1,IK2:1,MOVE:0
[2026-09-07 23:34:36.536] [RX] PITCH:3.79,PID_OUT:-295.35,INT:0.0000,EL:-323,ER:-28,VEL:10.2,MOT:1,TILT:25.0,TRIM:0.000,ATE:0,LATCH:0,TORQ:1,CR:0.0,FX1:1.00,FY1:-151.10,FX2:-6.00,FY2:-149.60,IK1:1,IK2:1,MOVE:0
[2026-09-07 23:34:36.552] [TX] M
[2026-09-07 23:34:36.583] [RX] Motors DISABLED
--------------------------------------------------------------------------------
[2026-09-07 23:34:36.583] [SYS] Session Stopped: Motors DISABLED
Total Duration: 8.04s | Total Lines Captured: 110
================================================================================
