================================================================================
SERIAL MONITOR BACKUP LOG
Port: COM13 | Baud: 115200
Session Started: 2026-09-08 13:40:40
Trigger Reason: Motors ENABLED
Last IMU Calibration: No calibration recorded in this session
Active FW Parameters: Kp=78.0, Ki=650.0, Kd=3.52, pitchOffset=-1.291, targetAngle=0.0, alpha=0.96, maxSafeTilt=25.0, Ki_trim=0.0, crouchOffset=0.0, Kp_vel=0.2
================================================================================
[Timestamp]                [Dir]  Payload
--------------------------------------------------------------------------------
[2026-09-08 13:40:40.159] [RX] Motors ENABLED
[2026-09-08 13:40:40.242] [RX] PITCH:3.18,PID_OUT:310.12,INT:0.0105,EL:-6,ER:3,VEL:-57.7,MOT:1,TILT:25.0,TRIM:6.000,ATE:1,LATCH:0,TORQ:1,CR:0.0,FX1:1.00,FY1:-151.10,FX2:-6.00,FY2:-149.60,IK1:1,IK2:1,MOVE:0
[2026-09-08 13:40:40.242] [RX] SRV:0,41,0.0,0,0
[2026-09-08 13:40:40.336] [RX] PITCH:3.84,PID_OUT:359.14,INT:-0.0010,EL:-19,ER:3,VEL:-94.4,MOT:1,TILT:25.0,TRIM:6.000,ATE:1,LATCH:0,TORQ:1,CR:0.0,FX1:1.00,FY1:-151.10,FX2:-6.00,FY2:-149.60,IK1:1,IK2:1,MOVE:0
[2026-09-08 13:40:40.437] [RX] PITCH:3.82,PID_OUT:402.59,INT:-0.0681,EL:-33,ER:6,VEL:-143.6,MOT:1,TILT:25.0,TRIM:6.000,ATE:1,LATCH:0,TORQ:1,CR:0.0,FX1:1.00,FY1:-151.10,FX2:-6.00,FY2:-149.60,IK1:1,IK2:1,MOVE:0
[2026-09-08 13:40:40.538] [RX] PITCH:-1.00,PID_OUT:778.41,INT:0.0842,EL:-34,ER:0,VEL:-63.3,MOT:1,TILT:25.0,TRIM:6.000,ATE:1,LATCH:0,TORQ:1,CR:0.0,FX1:1.00,FY1:-151.10,FX2:-6.00,FY2:-149.60,IK1:1,IK2:1,MOVE:0
[2026-09-08 13:40:40.644] [RX] PITCH:-2.82,PID_OUT:-115.15,INT:0.0691,EL:-31,ER:-11,VEL:28.8,MOT:1,TILT:25.0,TRIM:-5.754,ATE:1,LATCH:0,TORQ:1,CR:0.0,FX1:1.00,FY1:-151.10,FX2:-6.00,FY2:-149.60,IK1:1,IK2:1,MOVE:0
[2026-09-08 13:40:40.647] [RX] AX12:MODE:0,TQ:1,TL:1023,CM:1,CS:4,MS:0,MT:800
[2026-09-08 13:40:40.739] [RX] PITCH:-3.91,PID_OUT:-283.25,INT:0.0276,EL:-30,ER:-20,VEL:67.4,MOT:1,TILT:25.0,TRIM:-6.000,ATE:1,LATCH:0,TORQ:1,CR:0.0,FX1:1.00,FY1:-151.10,FX2:-6.00,FY2:-149.60,IK1:1,IK2:1,MOVE:0
[2026-09-08 13:40:40.834] [RX] PITCH:-0.18,PID_OUT:378.73,INT:0.0095,EL:-35,ER:-16,VEL:-32.0,MOT:1,TILT:25.0,TRIM:6.000,ATE:1,LATCH:0,TORQ:1,CR:0.0,FX1:1.00,FY1:-151.10,FX2:-6.00,FY2:-149.60,IK1:1,IK2:1,MOVE:0
[2026-09-08 13:40:40.937] [RX] PITCH:0.82,PID_OUT:626.32,INT:0.0845,EL:-37,ER:-13,VEL:-49.9,MOT:1,TILT:25.0,TRIM:6.000,ATE:1,LATCH:0,TORQ:1,CR:0.0,FX1:1.00,FY1:-151.10,FX2:-6.00,FY2:-149.60,IK1:1,IK2:1,MOVE:0
[2026-09-08 13:40:41.035] [RX] PITCH:-2.53,PID_OUT:-147.86,INT:0.0637,EL:-32,ER:-22,VEL:50.9,MOT:1,TILT:25.0,TRIM:-6.000,ATE:1,LATCH:0,TORQ:1,CR:0.0,FX1:1.00,FY1:-151.10,FX2:-6.00,FY2:-149.60,IK1:1,IK2:1,MOVE:0
[2026-09-08 13:40:41.136] [RX] PITCH:1.28,PID_OUT:-778.05,INT:-0.0676,EL:-33,ER:-23,VEL:33.6,MOT:1,TILT:25.0,TRIM:-6.000,ATE:1,LATCH:0,TORQ:1,CR:0.0,FX1:1.00,FY1:-151.10,FX2:-6.00,FY2:-149.60,IK1:1,IK2:1,MOVE:0
[2026-09-08 13:40:41.146] [RX] AX12:MODE:0,TQ:1,TL:1023,CM:1,CS:4,MS:0,MT:800
[2026-09-08 13:40:41.241] [RX] PITCH:2.49,PID_OUT:92.41,INT:-0.0674,EL:-39,ER:-17,VEL:-28.0,MOT:1,TILT:25.0,TRIM:5.595,ATE:1,LATCH:0,TORQ:1,CR:0.0,FX1:1.00,FY1:-151.10,FX2:-6.00,FY2:-149.60,IK1:1,IK2:1,MOVE:0
[2026-09-08 13:40:41.241] [RX] SRV:14,47,0.0,0,0
[2026-09-08 13:40:41.335] [RX] PITCH:0.25,PID_OUT:606.55,INT:0.0453,EL:-43,ER:-13,VEL:-61.2,MOT:1,TILT:25.0,TRIM:6.000,ATE:1,LATCH:0,TORQ:1,CR:0.0,FX1:1.00,FY1:-151.10,FX2:-6.00,FY2:-149.60,IK1:1,IK2:1,MOVE:0
[2026-09-08 13:40:41.433] [RX] PITCH:-3.20,PID_OUT:-54.49,INT:0.0704,EL:-39,ER:-21,VEL:46.9,MOT:1,TILT:25.0,TRIM:-6.000,ATE:1,LATCH:0,TORQ:1,CR:0.0,FX1:1.00,FY1:-151.10,FX2:-6.00,FY2:-149.60,IK1:1,IK2:1,MOVE:0
[2026-09-08 13:40:41.536] [RX] PITCH:-1.53,PID_OUT:-511.15,INT:0.0065,EL:-36,ER:-24,VEL:63.3,MOT:1,TILT:25.0,TRIM:-6.000,ATE:1,LATCH:0,TORQ:1,CR:0.0,FX1:1.00,FY1:-151.10,FX2:-6.00,FY2:-149.60,IK1:1,IK2:1,MOVE:0
[2026-09-08 13:40:41.641] [RX] PITCH:-1.84,PID_OUT:-516.67,INT:-0.0395,EL:-35,ER:-22,VEL:30.9,MOT:1,TILT:25.0,TRIM:-6.000,ATE:1,LATCH:0,TORQ:1,CR:0.0,FX1:1.00,FY1:-151.10,FX2:-6.00,FY2:-149.60,IK1:1,IK2:1,MOVE:0
[2026-09-08 13:40:41.648] [RX] AX12:MODE:0,TQ:1,TL:1023,CM:1,CS:4,MS:0,MT:800
[2026-09-08 13:40:41.734] [RX] PITCH:0.88,PID_OUT:396.09,INT:-0.0080,EL:-39,ER:-18,VEL:-53.6,MOT:1,TILT:25.0,TRIM:6.000,ATE:1,LATCH:0,TORQ:1,CR:0.0,FX1:1.00,FY1:-151.10,FX2:-6.00,FY2:-149.60,IK1:1,IK2:1,MOVE:0
[2026-09-08 13:40:41.834] [RX] PITCH:-0.45,PID_OUT:747.84,INT:0.0985,EL:-40,ER:-18,VEL:-51.6,MOT:1,TILT:25.0,TRIM:6.000,ATE:1,LATCH:0,TORQ:1,CR:0.0,FX1:1.00,FY1:-151.10,FX2:-6.00,FY2:-149.60,IK1:1,IK2:1,MOVE:0
[2026-09-08 13:40:41.933] [RX] PITCH:-2.78,PID_OUT:-107.81,INT:0.0663,EL:-33,ER:-24,VEL:34.0,MOT:1,TILT:25.0,TRIM:-6.000,ATE:1,LATCH:0,TORQ:1,CR:0.0,FX1:1.00,FY1:-151.10,FX2:-6.00,FY2:-149.60,IK1:1,IK2:1,MOVE:0
[2026-09-08 13:40:42.033] [RX] PITCH:-2.39,PID_OUT:-359.62,INT:0.0281,EL:-28,ER:-29,VEL:78.4,MOT:1,TILT:25.0,TRIM:-6.000,ATE:1,LATCH:0,TORQ:1,CR:0.0,FX1:1.00,FY1:-151.10,FX2:-6.00,FY2:-149.60,IK1:1,IK2:1,MOVE:0
[2026-09-08 13:40:42.134] [RX] PITCH:-1.64,PID_OUT:-550.91,INT:-0.0461,EL:-30,ER:-31,VEL:37.1,MOT:1,TILT:25.0,TRIM:-6.000,ATE:1,LATCH:0,TORQ:1,CR:0.0,FX1:1.00,FY1:-151.10,FX2:-6.00,FY2:-149.60,IK1:1,IK2:1,MOVE:0
[2026-09-08 13:40:42.142] [RX] AX12:MODE:0,TQ:1,TL:1023,CM:1,CS:4,MS:0,MT:800
[2026-09-08 13:40:42.233] [RX] PITCH:-1.66,PID_OUT:729.46,INT:0.0985,EL:-39,ER:-28,VEL:-67.2,MOT:1,TILT:25.0,TRIM:6.000,ATE:1,LATCH:0,TORQ:1,CR:0.0,FX1:1.00,FY1:-151.10,FX2:-6.00,FY2:-149.60,IK1:1,IK2:1,MOVE:0
[2026-09-08 13:40:42.237] [RX] SRV:1,45,0.0,0,0
[2026-09-08 13:40:42.334] [RX] PITCH:-0.39,PID_OUT:756.28,INT:0.0985,EL:-39,ER:-35,VEL:-35.1,MOT:1,TILT:25.0,TRIM:6.000,ATE:1,LATCH:0,TORQ:1,CR:0.0,FX1:1.00,FY1:-151.10,FX2:-6.00,FY2:-149.60,IK1:1,IK2:1,MOVE:0
[2026-09-08 13:40:42.432] [RX] PITCH:-1.79,PID_OUT:-259.17,INT:0.0564,EL:-38,ER:-45,VEL:47.6,MOT:1,TILT:25.0,TRIM:-6.000,ATE:1,LATCH:0,TORQ:1,CR:0.0,FX1:1.00,FY1:-151.10,FX2:-6.00,FY2:-149.60,IK1:1,IK2:1,MOVE:0
[2026-09-08 13:40:42.532] [RX] PITCH:0.03,PID_OUT:-610.99,INT:-0.0776,EL:-43,ER:-50,VEL:23.3,MOT:1,TILT:25.0,TRIM:-4.670,ATE:1,LATCH:0,TORQ:1,CR:0.0,FX1:1.00,FY1:-151.10,FX2:-6.00,FY2:-149.60,IK1:1,IK2:1,MOVE:0
[2026-09-08 13:40:42.638] [RX] PITCH:1.53,PID_OUT:539.87,INT:0.0186,EL:-54,ER:-47,VEL:-72.1,MOT:1,TILT:25.0,TRIM:6.000,ATE:1,LATCH:0,TORQ:1,CR:0.0,FX1:1.00,FY1:-151.10,FX2:-6.00,FY2:-149.60,IK1:1,IK2:1,MOVE:0
[2026-09-08 13:40:42.638] [RX] AX12:MODE:0,TQ:1,TL:1023,CM:1,CS:4,MS:0,MT:800
[2026-09-08 13:40:42.731] [RX] PITCH:2.18,PID_OUT:514.60,INT:0.0402,EL:-58,ER:-50,VEL:-42.3,MOT:1,TILT:25.0,TRIM:6.000,ATE:1,LATCH:0,TORQ:1,CR:0.0,FX1:1.00,FY1:-151.10,FX2:-6.00,FY2:-149.60,IK1:1,IK2:1,MOVE:0
[2026-09-08 13:40:42.833] [RX] PITCH:-0.36,PID_OUT:-229.12,INT:0.0134,EL:-60,ER:-54,VEL:21.3,MOT:1,TILT:25.0,TRIM:-4.263,ATE:1,LATCH:0,TORQ:1,CR:0.0,FX1:1.00,FY1:-151.10,FX2:-6.00,FY2:-149.60,IK1:1,IK2:1,MOVE:0
[2026-09-08 13:40:42.854] [TX] VP0.18000000000000002
[2026-09-08 13:40:42.911] [RX] Updated -> P:78.000 I:650.000 D:3.520 Offset:-1.2910 Target:0.000 Alpha:0.9600 Tilt:25.00 TrimGain:0.0000 Crouch:0.00 VP:0.1800
[2026-09-08 13:40:43.032] [RX] PITCH:1.97,PID_OUT:486.08,INT:-0.0269,EL:-71,ER:-49,VEL:-90.3,MOT:1,TILT:25.0,TRIM:6.000,ATE:1,LATCH:0,TORQ:1,CR:0.0,FX1:1.00,FY1:-151.10,FX2:-6.00,FY2:-149.60,IK1:1,IK2:1,MOVE:0
[2026-09-08 13:40:43.138] [RX] PITCH:1.56,PID_OUT:581.51,INT:0.0267,EL:-72,ER:-50,VEL:-51.8,MOT:1,TILT:25.0,TRIM:6.000,ATE:1,LATCH:0,TORQ:1,CR:0.0,FX1:1.00,FY1:-151.10,FX2:-6.00,FY2:-149.60,IK1:1,IK2:1,MOVE:0
[2026-09-08 13:40:43.142] [RX] AX12:MODE:0,TQ:1,TL:1023,CM:1,CS:4,MS:0,MT:800
[2026-09-08 13:40:43.235] [RX] PITCH:-1.70,PID_OUT:-266.67,INT:0.0030,EL:-66,ER:-56,VEL:54.6,MOT:1,TILT:25.0,TRIM:-6.000,ATE:1,LATCH:0,TORQ:1,CR:0.0,FX1:1.00,FY1:-151.10,FX2:-6.00,FY2:-149.60,IK1:1,IK2:1,MOVE:0
[2026-09-08 13:40:43.236] [RX] SRV:6,39,0.0,0,0
[2026-09-08 13:40:43.327] [RX] PITCH:-0.30,PID_OUT:-195.83,INT:-0.0730,EL:-67,ER:-53,VEL:3.3,MOT:1,TILT:25.0,TRIM:-0.596,ATE:1,LATCH:0,TORQ:1,CR:0.0,FX1:1.00,FY1:-151.10,FX2:-6.00,FY2:-149.60,IK1:1,IK2:1,MOVE:0
[2026-09-08 13:40:43.430] [RX] PITCH:0.29,PID_OUT:697.14,INT:0.0814,EL:-71,ER:-49,VEL:-43.8,MOT:1,TILT:25.0,TRIM:6.000,ATE:1,LATCH:0,TORQ:1,CR:0.0,FX1:1.00,FY1:-151.10,FX2:-6.00,FY2:-149.60,IK1:1,IK2:1,MOVE:0
[2026-09-08 13:40:43.529] [RX] PITCH:-2.65,PID_OUT:-183.70,INT:0.0424,EL:-65,ER:-58,VEL:69.1,MOT:1,TILT:25.0,TRIM:-6.000,ATE:1,LATCH:0,TORQ:1,CR:0.0,FX1:1.00,FY1:-151.10,FX2:-6.00,FY2:-149.60,IK1:1,IK2:1,MOVE:0
[2026-09-08 13:40:43.630] [RX] PITCH:-2.30,PID_OUT:-482.53,INT:-0.0141,EL:-63,ER:-58,VEL:60.0,MOT:1,TILT:25.0,TRIM:-6.000,ATE:1,LATCH:0,TORQ:1,CR:0.0,FX1:1.00,FY1:-151.10,FX2:-6.00,FY2:-149.60,IK1:1,IK2:1,MOVE:0
[2026-09-08 13:40:43.640] [RX] AX12:MODE:0,TQ:1,TL:1023,CM:1,CS:4,MS:0,MT:800
[2026-09-08 13:40:43.728] [RX] PITCH:-1.25,PID_OUT:-4.77,INT:-0.0135,EL:-65,ER:-55,VEL:-0.8,MOT:1,TILT:25.0,TRIM:0.148,ATE:1,LATCH:0,TORQ:1,CR:0.0,FX1:1.00,FY1:-151.10,FX2:-6.00,FY2:-149.60,IK1:1,IK2:1,MOVE:0
[2026-09-08 13:40:43.828] [RX] PITCH:0.52,PID_OUT:597.23,INT:0.0363,EL:-68,ER:-51,VEL:-61.3,MOT:1,TILT:25.0,TRIM:6.000,ATE:1,LATCH:0,TORQ:1,CR:0.0,FX1:1.00,FY1:-151.10,FX2:-6.00,FY2:-149.60,IK1:1,IK2:1,MOVE:0
[2026-09-08 13:40:43.926] [RX] PITCH:-1.69,PID_OUT:168.51,INT:0.0977,EL:-66,ER:-56,VEL:9.8,MOT:1,TILT:25.0,TRIM:-1.762,ATE:1,LATCH:0,TORQ:1,CR:0.0,FX1:1.00,FY1:-151.10,FX2:-6.00,FY2:-149.60,IK1:1,IK2:1,MOVE:0
[2026-09-08 13:40:44.028] [RX] PITCH:-2.30,PID_OUT:-440.68,INT:0.0175,EL:-63,ER:-63,VEL:66.0,MOT:1,TILT:25.0,TRIM:-6.000,ATE:1,LATCH:0,TORQ:1,CR:0.0,FX1:1.00,FY1:-151.10,FX2:-6.00,FY2:-149.60,IK1:1,IK2:1,MOVE:0
[2026-09-08 13:40:44.133] [RX] PITCH:-1.10,PID_OUT:-589.45,INT:-0.0533,EL:-66,ER:-64,VEL:30.2,MOT:1,TILT:25.0,TRIM:-5.441,ATE:1,LATCH:0,TORQ:1,CR:0.0,FX1:1.00,FY1:-151.10,FX2:-6.00,FY2:-149.60,IK1:1,IK2:1,MOVE:0
[2026-09-08 13:40:44.141] [RX] AX12:MODE:0,TQ:1,TL:1023,CM:1,CS:4,MS:0,MT:800
[2026-09-08 13:40:44.231] [RX] PITCH:1.27,PID_OUT:606.95,INT:0.0379,EL:-73,ER:-57,VEL:-75.5,MOT:1,TILT:25.0,TRIM:6.000,ATE:1,LATCH:0,TORQ:1,CR:0.0,FX1:1.00,FY1:-151.10,FX2:-6.00,FY2:-149.60,IK1:1,IK2:1,MOVE:0
[2026-09-08 13:40:44.231] [RX] SRV:0,41,0.0,0,0
[2026-09-08 13:40:44.327] [RX] PITCH:0.95,PID_OUT:355.38,INT:0.0757,EL:-71,ER:-59,VEL:-15.3,MOT:1,TILT:25.0,TRIM:2.753,ATE:1,LATCH:0,TORQ:1,CR:0.0,FX1:1.00,FY1:-151.10,FX2:-6.00,FY2:-149.60,IK1:1,IK2:1,MOVE:0
[2026-09-08 13:40:44.427] [RX] PITCH:0.55,PID_OUT:-579.47,INT:-0.0377,EL:-72,ER:-63,VEL:30.9,MOT:1,TILT:25.0,TRIM:-5.569,ATE:1,LATCH:0,TORQ:1,CR:0.0,FX1:1.00,FY1:-151.10,FX2:-6.00,FY2:-149.60,IK1:1,IK2:1,MOVE:0
[2026-09-08 13:40:44.529] [RX] PITCH:1.54,PID_OUT:-537.67,INT:-0.0719,EL:-78,ER:-63,VEL:11.9,MOT:1,TILT:25.0,TRIM:-2.150,ATE:1,LATCH:0,TORQ:1,CR:0.0,FX1:1.00,FY1:-151.10,FX2:-6.00,FY2:-149.60,IK1:1,IK2:1,MOVE:0
[2026-09-08 13:40:44.633] [RX] PITCH:3.06,PID_OUT:221.85,INT:-0.0461,EL:-88,ER:-59,VEL:-69.8,MOT:1,TILT:25.0,TRIM:6.000,ATE:1,LATCH:0,TORQ:1,CR:0.0,FX1:1.00,FY1:-151.10,FX2:-6.00,FY2:-149.60,IK1:1,IK2:1,MOVE:0
[2026-09-08 13:40:44.639] [RX] AX12:MODE:0,TQ:1,TL:1023,CM:1,CS:4,MS:0,MT:800
[2026-09-08 13:40:44.726] [RX] PITCH:0.41,PID_OUT:198.42,INT:0.0452,EL:-91,ER:-65,VEL:-7.4,MOT:1,TILT:25.0,TRIM:1.327,ATE:1,LATCH:0,TORQ:1,CR:0.0,FX1:1.00,FY1:-151.10,FX2:-6.00,FY2:-149.60,IK1:1,IK2:1,MOVE:0
[2026-09-08 13:40:44.827] [RX] PITCH:0.11,PID_OUT:-710.88,INT:-0.0753,EL:-89,ER:-73,VEL:66.7,MOT:1,TILT:25.0,TRIM:-6.000,ATE:1,LATCH:0,TORQ:1,CR:0.0,FX1:1.00,FY1:-151.10,FX2:-6.00,FY2:-149.60,IK1:1,IK2:1,MOVE:0
[2026-09-08 13:40:44.926] [RX] PITCH:2.48,PID_OUT:-244.69,INT:-0.0985,EL:-98,ER:-71,VEL:-10.3,MOT:1,TILT:25.0,TRIM:1.856,ATE:1,LATCH:0,TORQ:1,CR:0.0,FX1:1.00,FY1:-151.10,FX2:-6.00,FY2:-149.60,IK1:1,IK2:1,MOVE:0
[2026-09-08 13:40:45.026] [RX] PITCH:2.45,PID_OUT:264.55,INT:0.0055,EL:-104,ER:-69,VEL:-41.4,MOT:1,TILT:25.0,TRIM:6.000,ATE:1,LATCH:0,TORQ:1,CR:0.0,FX1:1.00,FY1:-151.10,FX2:-6.00,FY2:-149.60,IK1:1,IK2:1,MOVE:0
[2026-09-08 13:40:45.135] [RX] PITCH:-0.02,PID_OUT:235.41,INT:0.0837,EL:-108,ER:-74,VEL:-10.4,MOT:1,TILT:25.0,TRIM:1.870,ATE:1,LATCH:0,TORQ:1,CR:0.0,FX1:1.00,FY1:-151.10,FX2:-6.00,FY2:-149.60,IK1:1,IK2:1,MOVE:0
[2026-09-08 13:40:45.135] [RX] AX12:MODE:0,TQ:1,TL:1023,CM:1,CS:4,MS:0,MT:800
[2026-09-08 13:40:45.229] [RX] PITCH:-0.89,PID_OUT:-385.23,INT:0.0049,EL:-113,ER:-84,VEL:36.6,MOT:1,TILT:25.0,TRIM:-6.000,ATE:1,LATCH:0,TORQ:1,CR:0.0,FX1:1.00,FY1:-151.10,FX2:-6.00,FY2:-149.60,IK1:1,IK2:1,MOVE:0
[2026-09-08 13:40:45.230] [RX] SRV:14,47,0.0,0,0
[2026-09-08 13:40:45.303] [TX] VP0.0
[2026-09-08 13:40:45.327] [RX] PITCH:-0.42,PID_OUT:-665.44,INT:-0.0761,EL:-115,ER:-87,VEL:37.7,MOT:1,TILT:25.0,TRIM:-6.000,ATE:1,LATCH:0,TORQ:1,CR:0.0,FX1:1.00,FY1:-151.10,FX2:-6.00,FY2:-149.60,IK1:1,IK2:1,MOVE:0
[2026-09-08 13:40:45.357] [RX] Updated -> P:78.000 I:650.000 D:3.520 Offset:-1.2910 Target:0.000 Alpha:0.9600 Tilt:25.00 TrimGain:0.0000 Crouch:0.00 VP:0.0000
[2026-09-08 13:40:45.424] [RX] PITCH:-0.18,PID_OUT:-218.88,INT:0.0985,EL:-106,ER:-100,VEL:167.6,MOT:1,TILT:25.0,TRIM:0.000,ATE:1,LATCH:0,TORQ:1,CR:0.0,FX1:1.00,FY1:-151.10,FX2:-6.00,FY2:-149.60,IK1:1,IK2:1,MOVE:0
[2026-09-08 13:40:45.524] [RX] PITCH:-1.46,PID_OUT:203.64,INT:-0.0609,EL:-124,ER:-90,VEL:-92.4,MOT:1,TILT:25.0,TRIM:0.000,ATE:1,LATCH:0,TORQ:1,CR:0.0,FX1:1.00,FY1:-151.10,FX2:-6.00,FY2:-149.60,IK1:1,IK2:1,MOVE:0
[2026-09-08 13:40:45.635] [RX] PITCH:1.51,PID_OUT:-145.13,INT:-0.0216,EL:-121,ER:-91,VEL:-7.2,MOT:1,TILT:25.0,TRIM:0.000,ATE:1,LATCH:0,TORQ:1,CR:0.0,FX1:1.00,FY1:-151.10,FX2:-6.00,FY2:-149.60,IK1:1,IK2:1,MOVE:0
[2026-09-08 13:40:45.635] [RX] AX12:MODE:0,TQ:1,TL:1023,CM:1,CS:4,MS:0,MT:800
[2026-09-08 13:40:45.723] [RX] PITCH:-0.49,PID_OUT:44.30,INT:-0.0914,EL:-131,ER:-77,VEL:-95.8,MOT:1,TILT:25.0,TRIM:0.000,ATE:1,LATCH:0,TORQ:1,CR:0.0,FX1:1.00,FY1:-151.10,FX2:-6.00,FY2:-149.60,IK1:1,IK2:1,MOVE:0
[2026-09-08 13:40:45.824] [RX] PITCH:-0.23,PID_OUT:-5.67,INT:-0.0327,EL:-132,ER:-73,VEL:-31.4,MOT:1,TILT:25.0,TRIM:0.000,ATE:1,LATCH:0,TORQ:1,CR:0.0,FX1:1.00,FY1:-151.10,FX2:-6.00,FY2:-149.60,IK1:1,IK2:1,MOVE:0
[2026-09-08 13:40:45.923] [RX] PITCH:-0.16,PID_OUT:5.72,INT:-0.0196,EL:-132,ER:-73,VEL:-6.2,MOT:1,TILT:25.0,TRIM:0.000,ATE:1,LATCH:0,TORQ:1,CR:0.0,FX1:1.00,FY1:-151.10,FX2:-6.00,FY2:-149.60,IK1:1,IK2:1,MOVE:0
[2026-09-08 13:40:46.023] [RX] PITCH:-0.60,PID_OUT:70.05,INT:0.0155,EL:-131,ER:-73,VEL:4.2,MOT:1,TILT:25.0,TRIM:0.000,ATE:1,LATCH:0,TORQ:1,CR:0.0,FX1:1.00,FY1:-151.10,FX2:-6.00,FY2:-149.60,IK1:1,IK2:1,MOVE:0
[2026-09-08 13:40:46.132] [RX] PITCH:-0.71,PID_OUT:77.97,INT:0.0949,EL:-127,ER:-78,VEL:43.7,MOT:1,TILT:25.0,TRIM:0.000,ATE:1,LATCH:0,TORQ:1,CR:0.0,FX1:1.00,FY1:-151.10,FX2:-6.00,FY2:-149.60,IK1:1,IK2:1,MOVE:0
[2026-09-08 13:40:46.135] [RX] AX12:MODE:0,TQ:1,TL:1023,CM:1,CS:4,MS:0,MT:800
[2026-09-08 13:40:46.225] [RX] PITCH:0.04,PID_OUT:35.68,INT:0.0978,EL:-120,ER:-83,VEL:53.8,MOT:1,TILT:25.0,TRIM:0.000,ATE:1,LATCH:0,TORQ:1,CR:0.0,FX1:1.00,FY1:-151.10,FX2:-6.00,FY2:-149.60,IK1:1,IK2:1,MOVE:0
[2026-09-08 13:40:46.225] [RX] SRV:1,45,0.0,0,0
[2026-09-08 13:40:46.322] [RX] PITCH:-0.04,PID_OUT:47.44,INT:0.0985,EL:-115,ER:-83,VEL:27.5,MOT:1,TILT:25.0,TRIM:0.000,ATE:1,LATCH:0,TORQ:1,CR:0.0,FX1:1.00,FY1:-151.10,FX2:-6.00,FY2:-149.60,IK1:1,IK2:1,MOVE:0
[2026-09-08 13:40:46.420] [RX] PITCH:0.18,PID_OUT:27.75,INT:0.0899,EL:-112,ER:-83,VEL:14.6,MOT:1,TILT:25.0,TRIM:0.000,ATE:1,LATCH:0,TORQ:1,CR:0.0,FX1:1.00,FY1:-151.10,FX2:-6.00,FY2:-149.60,IK1:1,IK2:1,MOVE:0
[2026-09-08 13:40:46.521] [RX] PITCH:0.40,PID_OUT:-7.94,INT:0.0641,EL:-113,ER:-83,VEL:-3.5,MOT:1,TILT:25.0,TRIM:0.000,ATE:1,LATCH:0,TORQ:1,CR:0.0,FX1:1.00,FY1:-151.10,FX2:-6.00,FY2:-149.60,IK1:1,IK2:1,MOVE:0
[2026-09-08 13:40:46.627] [RX] PITCH:0.79,PID_OUT:-78.97,INT:0.0029,EL:-113,ER:-82,VEL:-7.1,MOT:1,TILT:25.0,TRIM:0.000,ATE:1,LATCH:0,TORQ:1,CR:0.0,FX1:1.00,FY1:-151.10,FX2:-6.00,FY2:-149.60,IK1:1,IK2:1,MOVE:0
[2026-09-08 13:40:46.634] [RX] AX12:MODE:0,TQ:1,TL:1023,CM:1,CS:4,MS:0,MT:800
[2026-09-08 13:40:46.721] [RX] PITCH:0.54,PID_OUT:-78.50,INT:-0.0692,EL:-117,ER:-77,VEL:-38.9,MOT:1,TILT:25.0,TRIM:0.000,ATE:1,LATCH:0,TORQ:1,CR:0.0,FX1:1.00,FY1:-151.10,FX2:-6.00,FY2:-149.60,IK1:1,IK2:1,MOVE:0
[2026-09-08 13:40:46.822] [RX] PITCH:0.19,PID_OUT:-70.34,INT:-0.0985,EL:-122,ER:-73,VEL:-43.6,MOT:1,TILT:25.0,TRIM:0.000,ATE:1,LATCH:0,TORQ:1,CR:0.0,FX1:1.00,FY1:-151.10,FX2:-6.00,FY2:-149.60,IK1:1,IK2:1,MOVE:0
[2026-09-08 13:40:46.920] [RX] PITCH:0.08,PID_OUT:-61.54,INT:-0.0985,EL:-128,ER:-73,VEL:-32.9,MOT:1,TILT:25.0,TRIM:0.000,ATE:1,LATCH:0,TORQ:1,CR:0.0,FX1:1.00,FY1:-151.10,FX2:-6.00,FY2:-149.60,IK1:1,IK2:1,MOVE:0
[2026-09-08 13:40:47.021] [RX] PITCH:-0.22,PID_OUT:-43.88,INT:-0.0839,EL:-131,ER:-73,VEL:-15.3,MOT:1,TILT:25.0,TRIM:0.000,ATE:1,LATCH:0,TORQ:1,CR:0.0,FX1:1.00,FY1:-151.10,FX2:-6.00,FY2:-149.60,IK1:1,IK2:1,MOVE:0
[2026-09-08 13:40:47.123] [RX] PITCH:-0.24,PID_OUT:-21.93,INT:-0.0643,EL:-131,ER:-73,VEL:-3.0,MOT:1,TILT:25.0,TRIM:0.000,ATE:1,LATCH:0,TORQ:1,CR:0.0,FX1:1.00,FY1:-151.10,FX2:-6.00,FY2:-149.60,IK1:1,IK2:1,MOVE:0
[2026-09-08 13:40:47.130] [RX] AX12:MODE:0,TQ:1,TL:1023,CM:1,CS:4,MS:0,MT:800
[2026-09-08 13:40:47.220] [RX] PITCH:-0.64,PID_OUT:36.54,INT:-0.0189,EL:-131,ER:-73,VEL:-0.6,MOT:1,TILT:25.0,TRIM:0.000,ATE:1,LATCH:0,TORQ:1,CR:0.0,FX1:1.00,FY1:-151.10,FX2:-6.00,FY2:-149.60,IK1:1,IK2:1,MOVE:0
[2026-09-08 13:40:47.224] [RX] SRV:6,39,0.0,0,0
[2026-09-08 13:40:47.321] [RX] PITCH:-0.77,PID_OUT:63.41,INT:0.0587,EL:-129,ER:-76,VEL:21.9,MOT:1,TILT:25.0,TRIM:0.000,ATE:1,LATCH:0,TORQ:1,CR:0.0,FX1:1.00,FY1:-151.10,FX2:-6.00,FY2:-149.60,IK1:1,IK2:1,MOVE:0
[2026-09-08 13:40:47.419] [RX] PITCH:-0.20,PID_OUT:61.60,INT:0.0969,EL:-124,ER:-77,VEL:25.2,MOT:1,TILT:25.0,TRIM:0.000,ATE:1,LATCH:0,TORQ:1,CR:0.0,FX1:1.00,FY1:-151.10,FX2:-6.00,FY2:-149.60,IK1:1,IK2:1,MOVE:0
[2026-09-08 13:40:47.482] [TX] VP0.1
[2026-09-08 13:40:47.532] [RX] PITCH:-0.07,PID_OUT:51.12,INT:0.0985,EL:-119,ER:-77,VEL:23.4,MOT:1,TILT:25.0,TRIM:0.000,ATE:1,LATCH:0,TORQ:1,CR:0.0,FX1:1.00,FY1:-151.10,FX2:-6.00,FY2:-149.60,IK1:1,IK2:1,MOVE:0
[2026-09-08 13:40:47.551] [RX] Updated -> P:78.000 I:650.000 D:3.520 Offset:-1.2910 Target:0.000 Alpha:0.9600 Tilt:25.00 TrimGain:0.0000 Crouch:0.00 VP:0.1000
[2026-09-08 13:40:47.621] [RX] PITCH:-0.67,PID_OUT:254.50,INT:0.0985,EL:-117,ER:-73,VEL:-12.4,MOT:1,TILT:25.0,TRIM:1.241,ATE:1,LATCH:0,TORQ:1,CR:0.0,FX1:1.00,FY1:-151.10,FX2:-6.00,FY2:-149.60,IK1:1,IK2:1,MOVE:0
[2026-09-08 13:40:47.629] [RX] AX12:MODE:0,TQ:1,TL:1023,CM:1,CS:4,MS:0,MT:800
[2026-09-08 13:40:47.718] [RX] PITCH:-1.89,PID_OUT:-145.52,INT:0.0636,EL:-117,ER:-80,VEL:41.5,MOT:1,TILT:25.0,TRIM:-4.151,ATE:1,LATCH:0,TORQ:1,CR:0.0,FX1:1.00,FY1:-151.10,FX2:-6.00,FY2:-149.60,IK1:1,IK2:1,MOVE:0
[2026-09-08 13:40:47.818] [RX] PITCH:-0.15,PID_OUT:-690.06,INT:-0.0691,EL:-117,ER:-83,VEL:52.5,MOT:1,TILT:25.0,TRIM:-5.248,ATE:1,LATCH:0,TORQ:1,CR:0.0,FX1:1.00,FY1:-151.10,FX2:-6.00,FY2:-149.60,IK1:1,IK2:1,MOVE:0
[2026-09-08 13:40:47.919] [RX] PITCH:3.18,PID_OUT:-477.40,INT:-0.0911,EL:-124,ER:-79,VEL:-1.9,MOT:1,TILT:25.0,TRIM:0.185,ATE:1,LATCH:0,TORQ:1,CR:0.0,FX1:1.00,FY1:-151.10,FX2:-6.00,FY2:-149.60,IK1:1,IK2:1,MOVE:0
[2026-09-08 13:40:48.021] [RX] PITCH:4.33,PID_OUT:-98.30,INT:-0.0915,EL:-132,ER:-74,VEL:-50.2,MOT:1,TILT:25.0,TRIM:5.020,ATE:1,LATCH:0,TORQ:1,CR:0.0,FX1:1.00,FY1:-151.10,FX2:-6.00,FY2:-149.60,IK1:1,IK2:1,MOVE:0
[2026-09-08 13:40:48.125] [RX] PITCH:4.33,PID_OUT:123.41,INT:-0.0784,EL:-140,ER:-71,VEL:-74.3,MOT:1,TILT:25.0,TRIM:6.000,ATE:1,LATCH:0,TORQ:1,CR:0.0,FX1:1.00,FY1:-151.10,FX2:-6.00,FY2:-149.60,IK1:1,IK2:1,MOVE:0
[2026-09-08 13:40:48.130] [RX] AX12:MODE:0,TQ:1,TL:1023,CM:1,CS:4,MS:0,MT:800
[2026-09-08 13:40:48.224] [RX] PITCH:2.47,PID_OUT:456.38,INT:-0.0095,EL:-148,ER:-71,VEL:-81.3,MOT:1,TILT:25.0,TRIM:6.000,ATE:1,LATCH:0,TORQ:1,CR:0.0,FX1:1.00,FY1:-151.10,FX2:-6.00,FY2:-149.60,IK1:1,IK2:1,MOVE:0
[2026-09-08 13:40:48.224] [RX] SRV:0,41,0.8,0,0
[2026-09-08 13:40:48.314] [RX] PITCH:1.46,PID_OUT:565.81,INT:0.0020,EL:-154,ER:-73,VEL:-85.2,MOT:1,TILT:25.0,TRIM:6.000,ATE:1,LATCH:0,TORQ:1,CR:0.0,FX1:1.00,FY1:-151.10,FX2:-6.00,FY2:-149.60,IK1:1,IK2:1,MOVE:0
[2026-09-08 13:40:48.418] [RX] PITCH:2.53,PID_OUT:455.15,INT:-0.0346,EL:-159,ER:-74,VEL:-93.3,MOT:1,TILT:25.0,TRIM:6.000,ATE:1,LATCH:0,TORQ:1,CR:0.0,FX1:1.00,FY1:-151.10,FX2:-6.00,FY2:-149.60,IK1:1,IK2:1,MOVE:0
[2026-09-08 13:40:48.516] [RX] PITCH:2.74,PID_OUT:452.92,INT:-0.0427,EL:-162,ER:-73,VEL:-90.7,MOT:1,TILT:25.0,TRIM:6.000,ATE:1,LATCH:0,TORQ:1,CR:0.0,FX1:1.00,FY1:-151.10,FX2:-6.00,FY2:-149.60,IK1:1,IK2:1,MOVE:0
[2026-09-08 13:40:48.570] [TX] VP0.0
[2026-09-08 13:40:48.619] [RX] PITCH:0.91,PID_OUT:622.50,INT:0.0003,EL:-164,ER:-72,VEL:-83.8,MOT:1,TILT:25.0,TRIM:6.000,ATE:1,LATCH:0,TORQ:1,CR:0.0,FX1:1.00,FY1:-151.10,FX2:-6.00,FY2:-149.60,IK1:1,IK2:1,MOVE:0
[2026-09-08 13:40:48.637] [RX] AX12:MODE:0,TQ:1,TL:1023,CM:1,CS:4,MS:0,MT:800
[2026-09-08 13:40:48.658] [RX] Updated -> P:78.000 I:650.000 D:3.520 Offset:-1.2910 Target:0.000 Alpha:0.9600 Tilt:25.00 TrimGain:0.0000 Crouch:0.00 VP:0.0000
[2026-09-08 13:40:48.714] [RX] PITCH:1.57,PID_OUT:-75.39,INT:0.0221,EL:-153,ER:-82,VEL:25.6,MOT:1,TILT:25.0,TRIM:0.000,ATE:1,LATCH:0,TORQ:1,CR:0.0,FX1:1.00,FY1:-151.10,FX2:-6.00,FY2:-149.60,IK1:1,IK2:1,MOVE:0
[2026-09-08 13:40:48.816] [RX] PITCH:-1.87,PID_OUT:141.52,INT:0.0677,EL:-155,ER:-82,VEL:17.8,MOT:1,TILT:25.0,TRIM:0.000,ATE:1,LATCH:0,TORQ:1,CR:0.0,FX1:1.00,FY1:-151.10,FX2:-6.00,FY2:-149.60,IK1:1,IK2:1,MOVE:0
[2026-09-08 13:40:48.917] [RX] PITCH:-0.03,PID_OUT:40.55,INT:0.0985,EL:-143,ER:-88,VEL:68.7,MOT:1,TILT:25.0,TRIM:0.000,ATE:1,LATCH:0,TORQ:1,CR:0.0,FX1:1.00,FY1:-151.10,FX2:-6.00,FY2:-149.60,IK1:1,IK2:1,MOVE:0
[2026-09-08 13:40:49.015] [RX] PITCH:-0.26,PID_OUT:59.32,INT:0.0985,EL:-133,ER:-88,VEL:53.7,MOT:1,TILT:25.0,TRIM:0.000,ATE:1,LATCH:0,TORQ:1,CR:0.0,FX1:1.00,FY1:-151.10,FX2:-6.00,FY2:-149.60,IK1:1,IK2:1,MOVE:0
[2026-09-08 13:40:49.126] [RX] PITCH:-0.57,PID_OUT:94.36,INT:0.0985,EL:-123,ER:-88,VEL:50.7,MOT:1,TILT:25.0,TRIM:0.000,ATE:1,LATCH:0,TORQ:1,CR:0.0,FX1:1.00,FY1:-151.10,FX2:-6.00,FY2:-149.60,IK1:1,IK2:1,MOVE:0
[2026-09-08 13:40:49.126] [RX] AX12:MODE:0,TQ:1,TL:1023,CM:1,CS:4,MS:0,MT:800
[2026-09-08 13:40:49.219] [RX] PITCH:-1.41,PID_OUT:169.15,INT:0.0985,EL:-115,ER:-90,VEL:43.6,MOT:1,TILT:25.0,TRIM:0.000,ATE:1,LATCH:0,TORQ:1,CR:0.0,FX1:1.00,FY1:-151.10,FX2:-6.00,FY2:-149.60,IK1:1,IK2:1,MOVE:0
[2026-09-08 13:40:49.219] [RX] SRV:14,46,0.0,0,0
[2026-09-08 13:40:49.314] [RX] PITCH:-0.71,PID_OUT:36.45,INT:0.0985,EL:-115,ER:-103,VEL:63.0,MOT:1,TILT:25.0,TRIM:0.000,ATE:1,LATCH:0,TORQ:1,CR:0.0,FX1:1.00,FY1:-151.10,FX2:-6.00,FY2:-149.60,IK1:1,IK2:1,MOVE:0
[2026-09-08 13:40:49.414] [RX] PITCH:1.59,PID_OUT:-127.69,INT:0.0221,EL:-117,ER:-109,VEL:11.1,MOT:1,TILT:25.0,TRIM:0.000,ATE:1,LATCH:0,TORQ:1,CR:0.0,FX1:1.00,FY1:-151.10,FX2:-6.00,FY2:-149.60,IK1:1,IK2:1,MOVE:0
[2026-09-08 13:40:49.515] [RX] PITCH:0.09,PID_OUT:-25.14,INT:-0.0816,EL:-129,ER:-95,VEL:-104.2,MOT:1,TILT:25.0,TRIM:0.000,ATE:1,LATCH:0,TORQ:1,CR:0.0,FX1:1.00,FY1:-151.10,FX2:-6.00,FY2:-149.60,IK1:1,IK2:1,MOVE:0
[2026-09-08 13:40:49.619] [RX] PITCH:-0.10,PID_OUT:-36.89,INT:-0.0744,EL:-136,ER:-87,VEL:-74.2,MOT:1,TILT:25.0,TRIM:0.000,ATE:1,LATCH:0,TORQ:1,CR:0.0,FX1:1.00,FY1:-151.10,FX2:-6.00,FY2:-149.60,IK1:1,IK2:1,MOVE:0
[2026-09-08 13:40:49.626] [RX] AX12:MODE:0,TQ:1,TL:1023,CM:1,CS:4,MS:0,MT:800
[2026-09-08 13:40:49.713] [RX] PITCH:0.24,PID_OUT:-59.93,INT:-0.0896,EL:-140,ER:-77,VEL:-69.2,MOT:1,TILT:25.0,TRIM:0.000,ATE:1,LATCH:0,TORQ:1,CR:0.0,FX1:1.00,FY1:-151.10,FX2:-6.00,FY2:-149.60,IK1:1,IK2:1,MOVE:0
[2026-09-08 13:40:49.773] [TX] M
[2026-09-08 13:40:49.818] [RX] PITCH:-0.05,PID_OUT:-49.84,INT:-0.0946,EL:-142,ER:-70,VEL:-41.4,MOT:1,TILT:25.0,TRIM:0.000,ATE:1,LATCH:0,TORQ:1,CR:0.0,FX1:1.00,FY1:-151.10,FX2:-6.00,FY2:-149.60,IK1:1,IK2:1,MOVE:0
[2026-09-08 13:40:49.819] [RX] Motors DISABLED
--------------------------------------------------------------------------------
[2026-09-08 13:40:49.819] [SYS] Session Stopped: Motors DISABLED
Total Duration: 9.66s | Total Lines Captured: 136
================================================================================
