================================================================================
SERIAL MONITOR BACKUP LOG
Port: COM13 | Baud: 115200
Session Started: 2026-09-08 09:35:47
Trigger Reason: Motors ENABLED
Last IMU Calibration: Offset: 0.1653° (calibrated at 2026-09-08 09:35:09)
Active FW Parameters: Kp=78.0, Ki=650.0, Kd=3.52, pitchOffset=0.1653, targetAngle=0.0, alpha=0.96, maxSafeTilt=25.0, Ki_trim=0.001, crouchOffset=0.0
================================================================================
[Timestamp]                [Dir]  Payload
--------------------------------------------------------------------------------
[2026-09-08 09:35:47.753] [RX] Motors ENABLED
[2026-09-08 09:35:47.847] [RX] PITCH:-0.36,PID_OUT:41.32,INT:0.0258,EL:0,ER:-79,VEL:361.3,MOT:1,TILT:25.0,TRIM:0.000,ATE:0,LATCH:0,TORQ:1,CR:0.0,FX1:1.00,FY1:-151.10,FX2:-6.00,FY2:-149.60,IK1:1,IK2:1,MOVE:0
[2026-09-08 09:35:47.855] [RX] AX12:MODE:0,TQ:1,TL:1023,CM:1,CS:4,MS:0,MT:800
[2026-09-08 09:35:47.936] [RX] PITCH:-0.56,PID_OUT:88.39,INT:0.0733,EL:0,ER:-143,VEL:252.1,MOT:1,TILT:25.0,TRIM:0.000,ATE:0,LATCH:0,TORQ:1,CR:0.0,FX1:1.00,FY1:-151.10,FX2:-6.00,FY2:-149.60,IK1:1,IK2:1,MOVE:0
[2026-09-08 09:35:48.035] [RX] PITCH:-0.15,PID_OUT:49.91,INT:0.1239,EL:2,ER:-158,VEL:119.8,MOT:1,TILT:25.0,TRIM:0.000,ATE:0,LATCH:0,TORQ:1,CR:0.0,FX1:1.00,FY1:-151.10,FX2:-6.00,FY2:-149.60,IK1:1,IK2:1,MOVE:0
[2026-09-08 09:35:48.141] [RX] PITCH:0.70,PID_OUT:-24.72,INT:0.0899,EL:2,ER:-174,VEL:71.6,MOT:1,TILT:25.0,TRIM:0.000,ATE:0,LATCH:0,TORQ:1,CR:0.0,FX1:1.00,FY1:-151.10,FX2:-6.00,FY2:-149.60,IK1:1,IK2:1,MOVE:0
[2026-09-08 09:35:48.239] [RX] PITCH:0.79,PID_OUT:-68.07,INT:0.0046,EL:-19,ER:-174,VEL:-66.8,MOT:1,TILT:25.0,TRIM:0.000,ATE:0,LATCH:0,TORQ:1,CR:0.0,FX1:1.00,FY1:-151.10,FX2:-6.00,FY2:-149.60,IK1:1,IK2:1,MOVE:0
[2026-09-08 09:35:48.346] [RX] PITCH:0.37,PID_OUT:-54.88,INT:-0.0522,EL:-48,ER:-173,VEL:-130.7,MOT:1,TILT:25.0,TRIM:0.000,ATE:0,LATCH:0,TORQ:1,CR:0.0,FX1:1.00,FY1:-151.10,FX2:-6.00,FY2:-149.60,IK1:1,IK2:1,MOVE:0
[2026-09-08 09:35:48.346] [RX] AX12:MODE:0,TQ:1,TL:1023,CM:1,CS:4,MS:0,MT:800
[2026-09-08 09:35:48.436] [RX] PITCH:0.18,PID_OUT:-76.16,INT:-0.0749,EL:-62,ER:-173,VEL:-70.9,MOT:1,TILT:25.0,TRIM:0.000,ATE:0,LATCH:0,TORQ:1,CR:0.0,FX1:1.00,FY1:-151.10,FX2:-6.00,FY2:-149.60,IK1:1,IK2:1,MOVE:0
[2026-09-08 09:35:48.436] [RX] SRV:0,36,0.0,0,0
[2026-09-08 09:35:48.534] [RX] PITCH:-0.01,PID_OUT:-83.75,INT:-0.0854,EL:-82,ER:-173,VEL:-57.1,MOT:1,TILT:25.0,TRIM:0.000,ATE:0,LATCH:0,TORQ:1,CR:0.0,FX1:1.00,FY1:-151.10,FX2:-6.00,FY2:-149.60,IK1:1,IK2:1,MOVE:0
[2026-09-08 09:35:48.639] [RX] PITCH:0.57,PID_OUT:-116.58,INT:-0.1171,EL:-94,ER:-171,VEL:-93.4,MOT:1,TILT:25.0,TRIM:0.000,ATE:0,LATCH:0,TORQ:1,CR:0.0,FX1:1.00,FY1:-151.10,FX2:-6.00,FY2:-149.60,IK1:1,IK2:1,MOVE:0
[2026-09-08 09:35:48.738] [RX] PITCH:-0.38,PID_OUT:-46.35,INT:-0.1244,EL:-123,ER:-164,VEL:-160.9,MOT:1,TILT:25.0,TRIM:0.000,ATE:0,LATCH:0,TORQ:1,CR:0.0,FX1:1.00,FY1:-151.10,FX2:-6.00,FY2:-149.60,IK1:1,IK2:1,MOVE:0
[2026-09-08 09:35:48.843] [RX] PITCH:-0.25,PID_OUT:-61.71,INT:-0.0842,EL:-152,ER:-160,VEL:-156.0,MOT:1,TILT:25.0,TRIM:0.000,ATE:0,LATCH:0,TORQ:1,CR:0.0,FX1:1.00,FY1:-151.10,FX2:-6.00,FY2:-149.60,IK1:1,IK2:1,MOVE:0
[2026-09-08 09:35:48.851] [RX] AX12:MODE:0,TQ:1,TL:1023,CM:1,CS:4,MS:0,MT:800
[2026-09-08 09:35:48.932] [RX] PITCH:0.59,PID_OUT:-105.12,INT:-0.1017,EL:-171,ER:-160,VEL:-99.5,MOT:1,TILT:25.0,TRIM:0.000,ATE:0,LATCH:0,TORQ:1,CR:0.0,FX1:1.00,FY1:-151.10,FX2:-6.00,FY2:-149.60,IK1:1,IK2:1,MOVE:0
[2026-09-08 09:35:49.038] [RX] PITCH:-0.14,PID_OUT:-21.72,INT:-0.1320,EL:-194,ER:-156,VEL:-139.8,MOT:1,TILT:25.0,TRIM:0.000,ATE:0,LATCH:0,TORQ:1,CR:0.0,FX1:1.00,FY1:-151.10,FX2:-6.00,FY2:-149.60,IK1:1,IK2:1,MOVE:0
[2026-09-08 09:35:49.137] [RX] PITCH:-1.39,PID_OUT:92.73,INT:-0.0476,EL:-211,ER:-155,VEL:-86.2,MOT:1,TILT:25.0,TRIM:0.000,ATE:0,LATCH:0,TORQ:1,CR:0.0,FX1:1.00,FY1:-151.10,FX2:-6.00,FY2:-149.60,IK1:1,IK2:1,MOVE:0
[2026-09-08 09:35:49.235] [RX] PITCH:-0.67,PID_OUT:69.25,INT:0.0681,EL:-213,ER:-162,VEL:6.5,MOT:1,TILT:25.0,TRIM:0.000,ATE:0,LATCH:0,TORQ:1,CR:0.0,FX1:1.00,FY1:-151.10,FX2:-6.00,FY2:-149.60,IK1:1,IK2:1,MOVE:0
[2026-09-08 09:35:49.338] [RX] PITCH:-0.19,PID_OUT:67.08,INT:0.1003,EL:-213,ER:-177,VEL:52.6,MOT:1,TILT:25.0,TRIM:0.000,ATE:0,LATCH:0,TORQ:1,CR:0.0,FX1:1.00,FY1:-151.10,FX2:-6.00,FY2:-149.60,IK1:1,IK2:1,MOVE:0
[2026-09-08 09:35:49.342] [RX] AX12:MODE:0,TQ:1,TL:1023,CM:1,CS:4,MS:0,MT:800
[2026-09-08 09:35:49.437] [RX] PITCH:-0.32,PID_OUT:83.72,INT:0.1257,EL:-212,ER:-187,VEL:53.7,MOT:1,TILT:25.0,TRIM:0.000,ATE:0,LATCH:0,TORQ:1,CR:0.0,FX1:1.00,FY1:-151.10,FX2:-6.00,FY2:-149.60,IK1:1,IK2:1,MOVE:0
[2026-09-08 09:35:49.440] [RX] SRV:14,37,0.0,0,0
[2026-09-08 09:35:49.532] [RX] PITCH:-0.13,PID_OUT:70.32,INT:0.1508,EL:-211,ER:-201,VEL:80.6,MOT:1,TILT:25.0,TRIM:0.000,ATE:0,LATCH:0,TORQ:1,CR:0.0,FX1:1.00,FY1:-151.10,FX2:-6.00,FY2:-149.60,IK1:1,IK2:1,MOVE:0
[2026-09-08 09:35:49.636] [RX] PITCH:0.42,PID_OUT:14.60,INT:0.1320,EL:-210,ER:-215,VEL:79.4,MOT:1,TILT:25.0,TRIM:0.000,ATE:0,LATCH:0,TORQ:1,CR:0.0,FX1:1.00,FY1:-151.10,FX2:-6.00,FY2:-149.60,IK1:1,IK2:1,MOVE:0
[2026-09-08 09:35:49.738] [RX] PITCH:0.86,PID_OUT:-42.81,INT:0.0599,EL:-210,ER:-222,VEL:40.7,MOT:1,TILT:25.0,TRIM:0.000,ATE:0,LATCH:0,TORQ:1,CR:0.0,FX1:1.00,FY1:-151.10,FX2:-6.00,FY2:-149.60,IK1:1,IK2:1,MOVE:0
[2026-09-08 09:35:49.837] [RX] PITCH:0.59,PID_OUT:-71.85,INT:-0.0068,EL:-220,ER:-220,VEL:-77.3,MOT:1,TILT:25.0,TRIM:0.000,ATE:0,LATCH:0,TORQ:1,CR:0.0,FX1:1.00,FY1:-151.10,FX2:-6.00,FY2:-149.60,IK1:1,IK2:1,MOVE:0
[2026-09-08 09:35:49.845] [RX] AX12:MODE:0,TQ:1,TL:1023,CM:1,CS:4,MS:0,MT:800
[2026-09-08 09:35:49.935] [RX] PITCH:0.81,PID_OUT:-97.00,INT:-0.0919,EL:-248,ER:-215,VEL:-152.5,MOT:1,TILT:25.0,TRIM:0.000,ATE:0,LATCH:0,TORQ:1,CR:0.0,FX1:1.00,FY1:-151.10,FX2:-6.00,FY2:-149.60,IK1:1,IK2:1,MOVE:0
[2026-09-08 09:35:50.034] [RX] PITCH:-0.18,PID_OUT:-33.94,INT:-0.1222,EL:-279,ER:-207,VEL:-188.3,MOT:1,TILT:25.0,TRIM:0.000,ATE:0,LATCH:0,TORQ:1,CR:0.0,FX1:1.00,FY1:-151.10,FX2:-6.00,FY2:-149.60,IK1:1,IK2:1,MOVE:0
[2026-09-08 09:35:50.133] [RX] PITCH:-0.58,PID_OUT:17.91,INT:-0.0701,EL:-293,ER:-206,VEL:-82.9,MOT:1,TILT:25.0,TRIM:0.000,ATE:0,LATCH:0,TORQ:1,CR:0.0,FX1:1.00,FY1:-151.10,FX2:-6.00,FY2:-149.60,IK1:1,IK2:1,MOVE:0
[2026-09-08 09:35:50.234] [RX] PITCH:-0.75,PID_OUT:61.39,INT:0.0002,EL:-295,ER:-206,VEL:-21.2,MOT:1,TILT:25.0,TRIM:0.000,ATE:0,LATCH:0,TORQ:1,CR:0.0,FX1:1.00,FY1:-151.10,FX2:-6.00,FY2:-149.60,IK1:1,IK2:1,MOVE:0
[2026-09-08 09:35:50.334] [RX] PITCH:-0.97,PID_OUT:101.70,INT:0.0974,EL:-292,ER:-218,VEL:55.6,MOT:1,TILT:25.0,TRIM:0.000,ATE:0,LATCH:0,TORQ:1,CR:0.0,FX1:1.00,FY1:-151.10,FX2:-6.00,FY2:-149.60,IK1:1,IK2:1,MOVE:0
[2026-09-08 09:35:50.345] [RX] AX12:MODE:0,TQ:1,TL:1023,CM:1,CS:4,MS:0,MT:800
[2026-09-08 09:35:50.436] [RX] PITCH:0.14,PID_OUT:39.49,INT:0.1349,EL:-286,ER:-238,VEL:115.1,MOT:1,TILT:25.0,TRIM:0.000,ATE:0,LATCH:0,TORQ:1,CR:0.0,FX1:1.00,FY1:-151.10,FX2:-6.00,FY2:-149.60,IK1:1,IK2:1,MOVE:0
[2026-09-08 09:35:50.436] [RX] SRV:1,36,0.0,0,0
[2026-09-08 09:35:50.536] [RX] PITCH:0.19,PID_OUT:53.39,INT:0.1133,EL:-283,ER:-261,VEL:131.4,MOT:1,TILT:25.0,TRIM:0.000,ATE:0,LATCH:0,TORQ:1,CR:0.0,FX1:1.00,FY1:-151.10,FX2:-6.00,FY2:-149.60,IK1:1,IK2:1,MOVE:0
[2026-09-08 09:35:50.633] [RX] PITCH:-0.17,PID_OUT:76.16,INT:0.1191,EL:-281,ER:-261,VEL:34.1,MOT:1,TILT:25.0,TRIM:0.000,ATE:0,LATCH:0,TORQ:1,CR:0.0,FX1:1.00,FY1:-151.10,FX2:-6.00,FY2:-149.60,IK1:1,IK2:1,MOVE:0
[2026-09-08 09:35:50.730] [RX] PITCH:0.02,PID_OUT:49.11,INT:0.1299,EL:-277,ER:-261,VEL:24.2,MOT:1,TILT:25.0,TRIM:0.000,ATE:0,LATCH:0,TORQ:1,CR:0.0,FX1:1.00,FY1:-151.10,FX2:-6.00,FY2:-149.60,IK1:1,IK2:1,MOVE:0
[2026-09-08 09:35:50.837] [RX] PITCH:0.65,PID_OUT:-21.11,INT:0.0953,EL:-285,ER:-261,VEL:-41.2,MOT:1,TILT:25.0,TRIM:0.000,ATE:0,LATCH:0,TORQ:1,CR:0.0,FX1:1.00,FY1:-151.10,FX2:-6.00,FY2:-149.60,IK1:1,IK2:1,MOVE:0
[2026-09-08 09:35:50.837] [RX] AX12:MODE:0,TQ:1,TL:1023,CM:1,CS:4,MS:0,MT:800
[2026-09-08 09:35:50.934] [RX] PITCH:1.49,PID_OUT:-91.33,INT:-0.0180,EL:-323,ER:-257,VEL:-159.2,MOT:1,TILT:25.0,TRIM:0.000,ATE:0,LATCH:0,TORQ:1,CR:0.0,FX1:1.00,FY1:-151.10,FX2:-6.00,FY2:-149.60,IK1:1,IK2:1,MOVE:0
[2026-09-08 09:35:51.032] [RX] PITCH:0.05,PID_OUT:-28.03,INT:-0.0828,EL:-350,ER:-247,VEL:-177.2,MOT:1,TILT:25.0,TRIM:0.000,ATE:0,LATCH:0,TORQ:1,CR:0.0,FX1:1.00,FY1:-151.10,FX2:-6.00,FY2:-149.60,IK1:1,IK2:1,MOVE:0
[2026-09-08 09:35:51.138] [RX] PITCH:-0.16,PID_OUT:-34.67,INT:-0.0627,EL:-371,ER:-242,VEL:-129.0,MOT:1,TILT:25.0,TRIM:0.000,ATE:0,LATCH:0,TORQ:1,CR:0.0,FX1:1.00,FY1:-151.10,FX2:-6.00,FY2:-149.60,IK1:1,IK2:1,MOVE:0
[2026-09-08 09:35:51.233] [RX] PITCH:0.14,PID_OUT:-44.19,INT:-0.0745,EL:-396,ER:-242,VEL:-112.2,MOT:1,TILT:25.0,TRIM:0.000,ATE:0,LATCH:0,TORQ:1,CR:0.0,FX1:1.00,FY1:-151.10,FX2:-6.00,FY2:-149.60,IK1:1,IK2:1,MOVE:0
[2026-09-08 09:35:51.340] [RX] PITCH:-0.45,PID_OUT:6.42,INT:-0.0555,EL:-413,ER:-242,VEL:-68.7,MOT:1,TILT:25.0,TRIM:0.000,ATE:0,LATCH:0,TORQ:1,CR:0.0,FX1:1.00,FY1:-151.10,FX2:-6.00,FY2:-149.60,IK1:1,IK2:1,MOVE:0
[2026-09-08 09:35:51.340] [RX] AX12:MODE:0,TQ:1,TL:1023,CM:1,CS:4,MS:0,MT:800
[2026-09-08 09:35:51.434] [RX] PITCH:-0.96,PID_OUT:98.01,INT:0.0161,EL:-412,ER:-280,VEL:106.7,MOT:1,TILT:25.0,TRIM:0.000,ATE:0,LATCH:0,TORQ:1,CR:0.0,FX1:1.00,FY1:-151.10,FX2:-6.00,FY2:-149.60,IK1:1,IK2:1,MOVE:0
[2026-09-08 09:35:51.437] [RX] SRV:6,44,0.0,0,0
[2026-09-08 09:35:51.531] [RX] PITCH:-0.60,PID_OUT:74.18,INT:0.1036,EL:-406,ER:-299,VEL:121.1,MOT:1,TILT:25.0,TRIM:0.000,ATE:0,LATCH:0,TORQ:1,CR:0.0,FX1:1.00,FY1:-151.10,FX2:-6.00,FY2:-149.60,IK1:1,IK2:1,MOVE:0
[2026-09-08 09:35:51.628] [RX] PITCH:-0.05,PID_OUT:62.27,INT:0.1220,EL:-400,ER:-325,VEL:149.9,MOT:1,TILT:25.0,TRIM:0.000,ATE:0,LATCH:0,TORQ:1,CR:0.0,FX1:1.00,FY1:-151.10,FX2:-6.00,FY2:-149.60,IK1:1,IK2:1,MOVE:0
[2026-09-08 09:35:51.733] [RX] PITCH:-0.18,PID_OUT:77.15,INT:0.1315,EL:-394,ER:-346,VEL:151.0,MOT:1,TILT:25.0,TRIM:0.000,ATE:0,LATCH:0,TORQ:1,CR:0.0,FX1:1.00,FY1:-151.10,FX2:-6.00,FY2:-149.60,IK1:1,IK2:1,MOVE:0
[2026-09-08 09:35:51.838] [RX] PITCH:-0.00,PID_OUT:53.65,INT:0.1444,EL:-387,ER:-346,VEL:58.9,MOT:1,TILT:25.0,TRIM:0.000,ATE:0,LATCH:0,TORQ:1,CR:0.0,FX1:1.00,FY1:-151.10,FX2:-6.00,FY2:-149.60,IK1:1,IK2:1,MOVE:0
[2026-09-08 09:35:51.840] [RX] AX12:MODE:0,TQ:1,TL:1023,CM:1,CS:4,MS:0,MT:800
[2026-09-08 09:35:51.931] [RX] PITCH:0.56,PID_OUT:-14.75,INT:0.1136,EL:-382,ER:-346,VEL:27.0,MOT:1,TILT:25.0,TRIM:0.000,ATE:0,LATCH:0,TORQ:1,CR:0.0,FX1:1.00,FY1:-151.10,FX2:-6.00,FY2:-149.60,IK1:1,IK2:1,MOVE:0
[2026-09-08 09:35:52.030] [RX] PITCH:1.67,PID_OUT:-154.81,INT:0.0135,EL:-390,ER:-344,VEL:-62.6,MOT:1,TILT:25.0,TRIM:0.000,ATE:0,LATCH:0,TORQ:1,CR:0.0,FX1:1.00,FY1:-151.10,FX2:-6.00,FY2:-149.60,IK1:1,IK2:1,MOVE:0
[2026-09-08 09:35:52.131] [RX] PITCH:0.55,PID_OUT:-48.85,INT:-0.1170,EL:-423,ER:-330,VEL:-204.5,MOT:1,TILT:25.0,TRIM:0.000,ATE:0,LATCH:0,TORQ:1,CR:0.0,FX1:1.00,FY1:-151.10,FX2:-6.00,FY2:-149.60,IK1:1,IK2:1,MOVE:0
[2026-09-08 09:35:52.228] [RX] PITCH:-0.54,PID_OUT:4.96,INT:-0.0988,EL:-457,ER:-318,VEL:-208.9,MOT:1,TILT:25.0,TRIM:0.000,ATE:0,LATCH:0,TORQ:1,CR:0.0,FX1:1.00,FY1:-151.10,FX2:-6.00,FY2:-149.60,IK1:1,IK2:1,MOVE:0
[2026-09-08 09:35:52.341] [RX] PITCH:-0.41,PID_OUT:2.77,INT:-0.0407,EL:-469,ER:-325,VEL:-69.7,MOT:1,TILT:25.0,TRIM:0.000,ATE:0,LATCH:0,TORQ:1,CR:0.0,FX1:1.00,FY1:-151.10,FX2:-6.00,FY2:-149.60,IK1:1,IK2:1,MOVE:0
[2026-09-08 09:35:52.341] [RX] AX12:MODE:0,TQ:1,TL:1023,CM:1,CS:4,MS:0,MT:800
[2026-09-08 09:35:52.434] [RX] PITCH:0.05,PID_OUT:-31.36,INT:-0.0296,EL:-491,ER:-325,VEL:-111.8,MOT:1,TILT:25.0,TRIM:0.000,ATE:0,LATCH:0,TORQ:1,CR:0.0,FX1:1.00,FY1:-151.10,FX2:-6.00,FY2:-149.60,IK1:1,IK2:1,MOVE:0
[2026-09-08 09:35:52.434] [RX] SRV:0,36,0.0,0,0
[2026-09-08 09:35:52.529] [RX] PITCH:-0.02,PID_OUT:-24.93,INT:-0.0343,EL:-500,ER:-325,VEL:-41.8,MOT:1,TILT:25.0,TRIM:0.000,ATE:0,LATCH:0,TORQ:1,CR:0.0,FX1:1.00,FY1:-151.10,FX2:-6.00,FY2:-149.60,IK1:1,IK2:1,MOVE:0
[2026-09-08 09:35:52.630] [RX] PITCH:-0.30,PID_OUT:15.56,INT:-0.0167,EL:-500,ER:-325,VEL:-8.2,MOT:1,TILT:25.0,TRIM:0.000,ATE:0,LATCH:0,TORQ:1,CR:0.0,FX1:1.00,FY1:-151.10,FX2:-6.00,FY2:-149.60,IK1:1,IK2:1,MOVE:0
[2026-09-08 09:35:52.728] [RX] PITCH:-0.72,PID_OUT:89.01,INT:0.0332,EL:-499,ER:-335,VEL:66.6,MOT:1,TILT:25.0,TRIM:0.000,ATE:0,LATCH:0,TORQ:1,CR:0.0,FX1:1.00,FY1:-151.10,FX2:-6.00,FY2:-149.60,IK1:1,IK2:1,MOVE:0
[2026-09-08 09:35:52.836] [RX] PITCH:-0.57,PID_OUT:81.97,INT:0.1038,EL:-495,ER:-353,VEL:102.8,MOT:1,TILT:25.0,TRIM:0.000,ATE:0,LATCH:0,TORQ:1,CR:0.0,FX1:1.00,FY1:-151.10,FX2:-6.00,FY2:-149.60,IK1:1,IK2:1,MOVE:0
[2026-09-08 09:35:52.836] [RX] AX12:MODE:0,TQ:1,TL:1023,CM:1,CS:4,MS:0,MT:800
[2026-09-08 09:35:52.928] [RX] PITCH:-0.06,PID_OUT:56.00,INT:0.1388,EL:-488,ER:-374,VEL:132.7,MOT:1,TILT:25.0,TRIM:0.000,ATE:0,LATCH:0,TORQ:1,CR:0.0,FX1:1.00,FY1:-151.10,FX2:-6.00,FY2:-149.60,IK1:1,IK2:1,MOVE:0
[2026-09-08 09:35:53.030] [RX] PITCH:0.54,PID_OUT:1.06,INT:0.1049,EL:-483,ER:-393,VEL:107.5,MOT:1,TILT:25.0,TRIM:0.000,ATE:0,LATCH:0,TORQ:1,CR:0.0,FX1:1.00,FY1:-151.10,FX2:-6.00,FY2:-149.60,IK1:1,IK2:1,MOVE:0
[2026-09-08 09:35:53.127] [RX] PITCH:0.22,PID_OUT:29.57,INT:0.0608,EL:-482,ER:-402,VEL:57.9,MOT:1,TILT:25.0,TRIM:0.000,ATE:0,LATCH:0,TORQ:1,CR:0.0,FX1:1.00,FY1:-151.10,FX2:-6.00,FY2:-149.60,IK1:1,IK2:1,MOVE:0
[2026-09-08 09:35:53.225] [RX] PITCH:-0.37,PID_OUT:80.63,INT:0.0745,EL:-482,ER:-408,VEL:56.4,MOT:1,TILT:25.0,TRIM:0.000,ATE:0,LATCH:0,TORQ:1,CR:0.0,FX1:1.00,FY1:-151.10,FX2:-6.00,FY2:-149.60,IK1:1,IK2:1,MOVE:0
[2026-09-08 09:35:53.331] [RX] PITCH:-0.28,PID_OUT:56.07,INT:0.1238,EL:-480,ER:-424,VEL:79.2,MOT:1,TILT:25.0,TRIM:0.000,ATE:0,LATCH:0,TORQ:1,CR:0.0,FX1:1.00,FY1:-151.10,FX2:-6.00,FY2:-149.60,IK1:1,IK2:1,MOVE:0
[2026-09-08 09:35:53.338] [RX] AX12:MODE:0,TQ:1,TL:1023,CM:1,CS:4,MS:0,MT:800
[2026-09-08 09:35:53.428] [RX] PITCH:0.51,PID_OUT:-15.41,INT:0.0998,EL:-478,ER:-443,VEL:85.2,MOT:1,TILT:25.0,TRIM:0.000,ATE:0,LATCH:0,TORQ:1,CR:0.0,FX1:1.00,FY1:-151.10,FX2:-6.00,FY2:-149.60,IK1:1,IK2:1,MOVE:0
[2026-09-08 09:35:53.428] [RX] SRV:14,37,0.0,0,0
[2026-09-08 09:35:53.527] [RX] PITCH:0.91,PID_OUT:-89.02,INT:0.0259,EL:-485,ER:-443,VEL:-35.7,MOT:1,TILT:25.0,TRIM:0.000,ATE:0,LATCH:0,TORQ:1,CR:0.0,FX1:1.00,FY1:-151.10,FX2:-6.00,FY2:-149.60,IK1:1,IK2:1,MOVE:0
[2026-09-08 09:35:53.631] [RX] PITCH:1.07,PID_OUT:-100.10,INT:-0.0902,EL:-512,ER:-438,VEL:-149.5,MOT:1,TILT:25.0,TRIM:0.000,ATE:0,LATCH:0,TORQ:1,CR:0.0,FX1:1.00,FY1:-151.10,FX2:-6.00,FY2:-149.60,IK1:1,IK2:1,MOVE:0
[2026-09-08 09:35:53.723] [RX] PITCH:-0.39,PID_OUT:-13.87,INT:-0.1136,EL:-549,ER:-428,VEL:-221.8,MOT:1,TILT:25.0,TRIM:0.000,ATE:0,LATCH:0,TORQ:1,CR:0.0,FX1:1.00,FY1:-151.10,FX2:-6.00,FY2:-149.60,IK1:1,IK2:1,MOVE:0
[2026-09-08 09:35:53.834] [RX] PITCH:-0.28,PID_OUT:-20.77,INT:-0.0702,EL:-566,ER:-427,VEL:-116.1,MOT:1,TILT:25.0,TRIM:0.000,ATE:0,LATCH:0,TORQ:1,CR:0.0,FX1:1.00,FY1:-151.10,FX2:-6.00,FY2:-149.60,IK1:1,IK2:1,MOVE:0
[2026-09-08 09:35:53.834] [RX] AX12:MODE:0,TQ:1,TL:1023,CM:1,CS:4,MS:0,MT:800
[2026-09-08 09:35:53.923] [RX] PITCH:-0.32,PID_OUT:7.68,INT:-0.0444,EL:-582,ER:-428,VEL:-60.5,MOT:1,TILT:25.0,TRIM:0.000,ATE:0,LATCH:0,TORQ:1,CR:0.0,FX1:1.00,FY1:-151.10,FX2:-6.00,FY2:-149.60,IK1:1,IK2:1,MOVE:0
[2026-09-08 09:35:54.024] [RX] PITCH:-1.15,PID_OUT:126.13,INT:0.0238,EL:-581,ER:-475,VEL:134.7,MOT:1,TILT:25.0,TRIM:0.000,ATE:0,LATCH:0,TORQ:1,CR:0.0,FX1:1.00,FY1:-151.10,FX2:-6.00,FY2:-149.60,IK1:1,IK2:1,MOVE:0
[2026-09-08 09:35:54.120] [RX] PITCH:-0.46,PID_OUT:55.59,INT:0.1285,EL:-570,ER:-503,VEL:193.2,MOT:1,TILT:25.0,TRIM:0.000,ATE:0,LATCH:0,TORQ:1,CR:0.0,FX1:1.00,FY1:-151.10,FX2:-6.00,FY2:-149.60,IK1:1,IK2:1,MOVE:0
[2026-09-08 09:35:54.225] [RX] PITCH:0.15,PID_OUT:44.05,INT:0.1270,EL:-560,ER:-528,VEL:175.8,MOT:1,TILT:25.0,TRIM:0.000,ATE:0,LATCH:0,TORQ:1,CR:0.0,FX1:1.00,FY1:-151.10,FX2:-6.00,FY2:-149.60,IK1:1,IK2:1,MOVE:0
[2026-09-08 09:35:54.332] [RX] PITCH:-0.02,PID_OUT:52.55,INT:0.1260,EL:-553,ER:-548,VEL:141.8,MOT:1,TILT:25.0,TRIM:0.000,ATE:0,LATCH:0,TORQ:1,CR:0.0,FX1:1.00,FY1:-151.10,FX2:-6.00,FY2:-149.60,IK1:1,IK2:1,MOVE:0
[2026-09-08 09:35:54.333] [RX] AX12:MODE:0,TQ:1,TL:1023,CM:1,CS:4,MS:0,MT:800
[2026-09-08 09:35:54.422] [RX] PITCH:0.34,PID_OUT:11.91,INT:0.1099,EL:-547,ER:-548,VEL:48.8,MOT:1,TILT:25.0,TRIM:0.000,ATE:0,LATCH:0,TORQ:1,CR:0.0,FX1:1.00,FY1:-151.10,FX2:-6.00,FY2:-149.60,IK1:1,IK2:1,MOVE:0
[2026-09-08 09:35:54.422] [RX] SRV:1,36,0.0,0,0
[2026-09-08 09:35:54.519] [RX] PITCH:0.70,PID_OUT:-62.04,INT:0.0565,EL:-550,ER:-548,VEL:-1.7,MOT:1,TILT:25.0,TRIM:0.000,ATE:0,LATCH:0,TORQ:1,CR:0.0,FX1:1.00,FY1:-151.10,FX2:-6.00,FY2:-149.60,IK1:1,IK2:1,MOVE:0
[2026-09-08 09:35:54.624] [RX] PITCH:1.31,PID_OUT:-95.62,INT:-0.0703,EL:-581,ER:-540,VEL:-165.0,MOT:1,TILT:25.0,TRIM:0.000,ATE:0,LATCH:0,TORQ:1,CR:0.0,FX1:1.00,FY1:-151.10,FX2:-6.00,FY2:-149.60,IK1:1,IK2:1,MOVE:0
[2026-09-08 09:35:54.724] [RX] PITCH:-0.20,PID_OUT:-7.15,INT:-0.1196,EL:-614,ER:-525,VEL:-226.8,MOT:1,TILT:25.0,TRIM:0.000,ATE:0,LATCH:0,TORQ:1,CR:0.0,FX1:1.00,FY1:-151.10,FX2:-6.00,FY2:-149.60,IK1:1,IK2:1,MOVE:0
[2026-09-08 09:35:54.831] [RX] PITCH:-0.79,PID_OUT:39.86,INT:-0.0594,EL:-624,ER:-530,VEL:-37.3,MOT:1,TILT:25.0,TRIM:0.000,ATE:0,LATCH:0,TORQ:1,CR:0.0,FX1:1.00,FY1:-151.10,FX2:-6.00,FY2:-149.60,IK1:1,IK2:1,MOVE:0
[2026-09-08 09:35:54.831] [RX] AX12:MODE:0,TQ:1,TL:1023,CM:1,CS:4,MS:0,MT:800
[2026-09-08 09:35:54.921] [RX] PITCH:-0.46,PID_OUT:40.82,INT:0.0028,EL:-625,ER:-530,VEL:-9.7,MOT:1,TILT:25.0,TRIM:0.000,ATE:0,LATCH:0,TORQ:1,CR:0.0,FX1:1.00,FY1:-151.10,FX2:-6.00,FY2:-149.60,IK1:1,IK2:1,MOVE:0
[2026-09-08 09:35:55.020] [RX] PITCH:-0.85,PID_OUT:104.98,INT:0.0665,EL:-624,ER:-534,VEL:32.7,MOT:1,TILT:25.0,TRIM:0.000,ATE:0,LATCH:0,TORQ:1,CR:0.0,FX1:1.00,FY1:-151.10,FX2:-6.00,FY2:-149.60,IK1:1,IK2:1,MOVE:0
[2026-09-08 09:35:55.120] [RX] PITCH:-0.50,PID_OUT:75.03,INT:0.1446,EL:-616,ER:-554,VEL:121.1,MOT:1,TILT:25.0,TRIM:0.000,ATE:0,LATCH:0,TORQ:1,CR:0.0,FX1:1.00,FY1:-151.10,FX2:-6.00,FY2:-149.60,IK1:1,IK2:1,MOVE:0
[2026-09-08 09:35:55.225] [RX] PITCH:0.65,PID_OUT:-5.17,INT:0.1249,EL:-608,ER:-575,VEL:119.8,MOT:1,TILT:25.0,TRIM:0.000,ATE:0,LATCH:0,TORQ:1,CR:0.0,FX1:1.00,FY1:-151.10,FX2:-6.00,FY2:-149.60,IK1:1,IK2:1,MOVE:0
[2026-09-08 09:35:55.333] [RX] PITCH:0.53,PID_OUT:7.38,INT:0.0537,EL:-616,ER:-579,VEL:13.8,MOT:1,TILT:25.0,TRIM:0.000,ATE:0,LATCH:0,TORQ:1,CR:0.0,FX1:1.00,FY1:-151.10,FX2:-6.00,FY2:-149.60,IK1:1,IK2:1,MOVE:0
[2026-09-08 09:35:55.333] [RX] AX12:MODE:0,TQ:1,TL:1023,CM:1,CS:4,MS:0,MT:800
[2026-09-08 09:35:55.427] [RX] PITCH:-0.42,PID_OUT:60.77,INT:0.0515,EL:-615,ER:-579,VEL:8.1,MOT:1,TILT:25.0,TRIM:0.000,ATE:0,LATCH:0,TORQ:1,CR:0.0,FX1:1.00,FY1:-151.10,FX2:-6.00,FY2:-149.60,IK1:1,IK2:1,MOVE:0
[2026-09-08 09:35:55.427] [RX] SRV:6,43,0.8,0,0
[2026-09-08 09:35:55.521] [RX] PITCH:-0.21,PID_OUT:47.42,INT:0.0995,EL:-613,ER:-598,VEL:76.0,MOT:1,TILT:25.0,TRIM:0.000,ATE:0,LATCH:0,TORQ:1,CR:0.0,FX1:1.00,FY1:-151.10,FX2:-6.00,FY2:-149.60,IK1:1,IK2:1,MOVE:0
[2026-09-08 09:35:55.623] [RX] PITCH:0.06,PID_OUT:33.12,INT:0.1097,EL:-612,ER:-603,VEL:25.7,MOT:1,TILT:25.0,TRIM:0.000,ATE:0,LATCH:0,TORQ:1,CR:0.0,FX1:1.00,FY1:-151.10,FX2:-6.00,FY2:-149.60,IK1:1,IK2:1,MOVE:0
[2026-09-08 09:35:55.722] [RX] PITCH:0.99,PID_OUT:-76.10,INT:0.0627,EL:-612,ER:-603,VEL:5.1,MOT:1,TILT:25.0,TRIM:0.000,ATE:0,LATCH:0,TORQ:1,CR:0.0,FX1:1.00,FY1:-151.10,FX2:-6.00,FY2:-149.60,IK1:1,IK2:1,MOVE:0
[2026-09-08 09:35:55.827] [RX] PITCH:0.96,PID_OUT:-73.99,INT:-0.0805,EL:-640,ER:-595,VEL:-155.1,MOT:1,TILT:25.0,TRIM:0.000,ATE:0,LATCH:0,TORQ:1,CR:0.0,FX1:1.00,FY1:-151.10,FX2:-6.00,FY2:-149.60,IK1:1,IK2:1,MOVE:0
[2026-09-08 09:35:55.835] [RX] AX12:MODE:0,TQ:1,TL:1023,CM:1,CS:4,MS:0,MT:800
[2026-09-08 09:35:55.929] [RX] PITCH:-0.50,PID_OUT:15.58,INT:-0.0795,EL:-662,ER:-587,VEL:-126.7,MOT:1,TILT:25.0,TRIM:0.000,ATE:0,LATCH:0,TORQ:1,CR:0.0,FX1:1.00,FY1:-151.10,FX2:-6.00,FY2:-149.60,IK1:1,IK2:1,MOVE:0
[2026-09-08 09:35:56.018] [RX] PITCH:-0.25,PID_OUT:8.53,INT:-0.0394,EL:-671,ER:-594,VEL:-46.9,MOT:1,TILT:25.0,TRIM:0.000,ATE:0,LATCH:0,TORQ:1,CR:0.0,FX1:1.00,FY1:-151.10,FX2:-6.00,FY2:-149.60,IK1:1,IK2:1,MOVE:0
[2026-09-08 09:35:56.122] [RX] PITCH:-0.69,PID_OUT:80.86,INT:0.0001,EL:-671,ER:-594,VEL:-9.2,MOT:1,TILT:25.0,TRIM:0.000,ATE:0,LATCH:0,TORQ:1,CR:0.0,FX1:1.00,FY1:-151.10,FX2:-6.00,FY2:-149.60,IK1:1,IK2:1,MOVE:0
[2026-09-08 09:35:56.220] [RX] PITCH:-0.90,PID_OUT:93.92,INT:0.1041,EL:-665,ER:-614,VEL:111.8,MOT:1,TILT:25.0,TRIM:0.000,ATE:0,LATCH:0,TORQ:1,CR:0.0,FX1:1.00,FY1:-151.10,FX2:-6.00,FY2:-149.60,IK1:1,IK2:1,MOVE:0
[2026-09-08 09:35:56.321] [RX] PITCH:-0.19,PID_OUT:64.06,INT:0.1486,EL:-655,ER:-640,VEL:174.4,MOT:1,TILT:25.0,TRIM:0.000,ATE:0,LATCH:0,TORQ:1,CR:0.0,FX1:1.00,FY1:-151.10,FX2:-6.00,FY2:-149.60,IK1:1,IK2:1,MOVE:0
[2026-09-08 09:35:56.327] [RX] AX12:MODE:0,TQ:1,TL:1023,CM:1,CS:4,MS:0,MT:800
[2026-09-08 09:35:56.424] [RX] PITCH:0.40,PID_OUT:10.40,INT:0.1369,EL:-645,ER:-663,VEL:165.6,MOT:1,TILT:25.0,TRIM:0.000,ATE:0,LATCH:0,TORQ:1,CR:0.0,FX1:1.00,FY1:-151.10,FX2:-6.00,FY2:-149.60,IK1:1,IK2:1,MOVE:0
[2026-09-08 09:35:56.424] [RX] SRV:0,36,0.0,0,0
[2026-09-08 09:35:56.514] [RX] PITCH:0.78,PID_OUT:-27.97,INT:0.0697,EL:-648,ER:-667,VEL:36.2,MOT:1,TILT:25.0,TRIM:0.000,ATE:0,LATCH:0,TORQ:1,CR:0.0,FX1:1.00,FY1:-151.10,FX2:-6.00,FY2:-149.60,IK1:1,IK2:1,MOVE:0
[2026-09-08 09:35:56.622] [RX] PITCH:0.69,PID_OUT:-74.74,INT:0.0047,EL:-648,ER:-667,VEL:7.1,MOT:1,TILT:25.0,TRIM:0.000,ATE:0,LATCH:0,TORQ:1,CR:0.0,FX1:1.00,FY1:-151.10,FX2:-6.00,FY2:-149.60,IK1:1,IK2:1,MOVE:0
[2026-09-08 09:35:56.719] [RX] PITCH:0.72,PID_OUT:-99.74,INT:-0.0704,EL:-672,ER:-664,VEL:-119.2,MOT:1,TILT:25.0,TRIM:0.000,ATE:0,LATCH:0,TORQ:1,CR:0.0,FX1:1.00,FY1:-151.10,FX2:-6.00,FY2:-149.60,IK1:1,IK2:1,MOVE:0
[2026-09-08 09:35:56.831] [RX] PITCH:0.21,PID_OUT:-68.83,INT:-0.1161,EL:-703,ER:-658,VEL:-178.9,MOT:1,TILT:25.0,TRIM:0.000,ATE:0,LATCH:0,TORQ:1,CR:0.0,FX1:1.00,FY1:-151.10,FX2:-6.00,FY2:-149.60,IK1:1,IK2:1,MOVE:0
[2026-09-08 09:35:56.833] [RX] AX12:MODE:0,TQ:1,TL:1023,CM:1,CS:4,MS:0,MT:800
[2026-09-08 09:35:56.923] [RX] PITCH:-0.61,PID_OUT:-2.23,INT:-0.0961,EL:-730,ER:-649,VEL:-159.4,MOT:1,TILT:25.0,TRIM:0.000,ATE:0,LATCH:0,TORQ:1,CR:0.0,FX1:1.00,FY1:-151.10,FX2:-6.00,FY2:-149.60,IK1:1,IK2:1,MOVE:0
[2026-09-08 09:35:57.022] [RX] PITCH:-0.25,PID_OUT:-24.47,INT:-0.0524,EL:-743,ER:-643,VEL:-117.9,MOT:1,TILT:25.0,TRIM:0.000,ATE:0,LATCH:0,TORQ:1,CR:0.0,FX1:1.00,FY1:-151.10,FX2:-6.00,FY2:-149.60,IK1:1,IK2:1,MOVE:0
[2026-09-08 09:35:57.118] [RX] PITCH:-0.01,PID_OUT:-37.64,INT:-0.0483,EL:-743,ER:-641,VEL:-32.0,MOT:1,TILT:25.0,TRIM:0.000,ATE:0,LATCH:0,TORQ:1,CR:0.0,FX1:1.00,FY1:-151.10,FX2:-6.00,FY2:-149.60,IK1:1,IK2:1,MOVE:0
[2026-09-08 09:35:57.218] [RX] PITCH:-0.29,PID_OUT:-10.81,INT:-0.0339,EL:-743,ER:-639,VEL:-15.1,MOT:1,TILT:25.0,TRIM:0.000,ATE:0,LATCH:0,TORQ:1,CR:0.0,FX1:1.00,FY1:-151.10,FX2:-6.00,FY2:-149.60,IK1:1,IK2:1,MOVE:0
[2026-09-08 09:35:57.325] [RX] PITCH:-0.26,PID_OUT:-8.98,INT:0.0016,EL:-751,ER:-639,VEL:-60.4,MOT:1,TILT:25.0,TRIM:0.000,ATE:0,LATCH:0,TORQ:1,CR:0.0,FX1:1.00,FY1:-151.10,FX2:-6.00,FY2:-149.60,IK1:1,IK2:1,MOVE:0
[2026-09-08 09:35:57.331] [RX] AX12:MODE:0,TQ:1,TL:1023,CM:1,CS:4,MS:0,MT:800
[2026-09-08 09:35:57.418] [RX] PITCH:0.32,PID_OUT:-63.85,INT:0.0019,EL:-762,ER:-639,VEL:-46.5,MOT:1,TILT:25.0,TRIM:0.000,ATE:0,LATCH:0,TORQ:1,CR:0.0,FX1:1.00,FY1:-151.10,FX2:-6.00,FY2:-149.60,IK1:1,IK2:1,MOVE:0
[2026-09-08 09:35:57.418] [RX] SRV:14,37,0.0,0,0
[2026-09-08 09:35:57.516] [RX] PITCH:0.91,PID_OUT:-98.31,INT:-0.0628,EL:-762,ER:-633,VEL:-39.8,MOT:1,TILT:25.0,TRIM:0.000,ATE:0,LATCH:0,TORQ:1,CR:0.0,FX1:1.00,FY1:-151.10,FX2:-6.00,FY2:-149.60,IK1:1,IK2:1,MOVE:0
[2026-09-08 09:35:57.615] [RX] PITCH:-0.06,PID_OUT:-8.94,INT:-0.1115,EL:-762,ER:-614,VEL:-89.7,MOT:1,TILT:25.0,TRIM:0.000,ATE:0,LATCH:0,TORQ:1,CR:0.0,FX1:1.00,FY1:-151.10,FX2:-6.00,FY2:-149.60,IK1:1,IK2:1,MOVE:0
[2026-09-08 09:35:57.716] [RX] PITCH:-2.00,PID_OUT:148.57,INT:-0.0002,EL:-758,ER:-610,VEL:-5.7,MOT:1,TILT:25.0,TRIM:0.000,ATE:0,LATCH:0,TORQ:1,CR:0.0,FX1:1.00,FY1:-151.10,FX2:-6.00,FY2:-149.60,IK1:1,IK2:1,MOVE:0
[2026-09-08 09:35:57.824] [RX] PITCH:0.44,PID_OUT:-61.63,INT:0.0691,EL:-752,ER:-644,VEL:102.8,MOT:1,TILT:25.0,TRIM:0.000,ATE:0,LATCH:0,TORQ:1,CR:0.0,FX1:1.00,FY1:-151.10,FX2:-6.00,FY2:-149.60,IK1:1,IK2:1,MOVE:0
[2026-09-08 09:35:57.829] [RX] AX12:MODE:0,TQ:1,TL:1023,CM:1,CS:4,MS:0,MT:800
[2026-09-08 09:35:57.917] [RX] PITCH:0.86,PID_OUT:-48.46,INT:-0.0374,EL:-764,ER:-640,VEL:-64.4,MOT:1,TILT:25.0,TRIM:0.000,ATE:0,LATCH:0,TORQ:1,CR:0.0,FX1:1.00,FY1:-151.10,FX2:-6.00,FY2:-149.60,IK1:1,IK2:1,MOVE:0
[2026-09-08 09:35:58.020] [RX] PITCH:-0.25,PID_OUT:-17.76,INT:-0.0505,EL:-780,ER:-637,VEL:-72.3,MOT:1,TILT:25.0,TRIM:0.000,ATE:0,LATCH:0,TORQ:1,CR:0.0,FX1:1.00,FY1:-151.10,FX2:-6.00,FY2:-149.60,IK1:1,IK2:1,MOVE:0
[2026-09-08 09:35:58.115] [RX] PITCH:-0.21,PID_OUT:-10.23,INT:-0.0265,EL:-780,ER:-637,VEL:-14.2,MOT:1,TILT:25.0,TRIM:0.000,ATE:0,LATCH:0,TORQ:1,CR:0.0,FX1:1.00,FY1:-151.10,FX2:-6.00,FY2:-149.60,IK1:1,IK2:1,MOVE:0
[2026-09-08 09:35:58.218] [RX] PITCH:-0.23,PID_OUT:7.75,INT:-0.0034,EL:-780,ER:-637,VEL:-2.8,MOT:1,TILT:25.0,TRIM:0.000,ATE:0,LATCH:0,TORQ:1,CR:0.0,FX1:1.00,FY1:-151.10,FX2:-6.00,FY2:-149.60,IK1:1,IK2:1,MOVE:0
[2026-09-08 09:35:58.324] [RX] PITCH:-0.28,PID_OUT:30.40,INT:0.0235,EL:-780,ER:-637,VEL:-0.6,MOT:1,TILT:25.0,TRIM:0.000,ATE:0,LATCH:0,TORQ:1,CR:0.0,FX1:1.00,FY1:-151.10,FX2:-6.00,FY2:-149.60,IK1:1,IK2:1,MOVE:0
[2026-09-08 09:35:58.324] [RX] AX12:MODE:0,TQ:1,TL:1023,CM:1,CS:4,MS:0,MT:800
[2026-09-08 09:35:58.413] [RX] PITCH:-0.41,PID_OUT:60.94,INT:0.0567,EL:-779,ER:-685,VEL:213.3,MOT:1,TILT:25.0,TRIM:0.000,ATE:0,LATCH:0,TORQ:1,CR:0.0,FX1:1.00,FY1:-151.10,FX2:-6.00,FY2:-149.60,IK1:1,IK2:1,MOVE:0
[2026-09-08 09:35:58.413] [RX] SRV:1,37,0.0,0,0
[2026-09-08 09:35:58.510] [RX] PITCH:-0.30,PID_OUT:65.09,INT:0.0930,EL:-778,ER:-697,VEL:135.1,MOT:1,TILT:25.0,TRIM:0.000,ATE:0,LATCH:0,TORQ:1,CR:0.0,FX1:1.00,FY1:-151.10,FX2:-6.00,FY2:-149.60,IK1:1,IK2:1,MOVE:0
[2026-09-08 09:35:58.617] [RX] PITCH:-0.06,PID_OUT:48.02,INT:0.1108,EL:-778,ER:-718,VEL:108.0,MOT:1,TILT:25.0,TRIM:0.000,ATE:0,LATCH:0,TORQ:1,CR:0.0,FX1:1.00,FY1:-151.10,FX2:-6.00,FY2:-149.60,IK1:1,IK2:1,MOVE:0
[2026-09-08 09:35:58.713] [RX] PITCH:0.34,PID_OUT:11.10,INT:0.0954,EL:-778,ER:-718,VEL:21.3,MOT:1,TILT:25.0,TRIM:0.000,ATE:0,LATCH:0,TORQ:1,CR:0.0,FX1:1.00,FY1:-151.10,FX2:-6.00,FY2:-149.60,IK1:1,IK2:1,MOVE:0
[2026-09-08 09:35:58.817] [RX] PITCH:0.90,PID_OUT:-75.24,INT:0.0313,EL:-778,ER:-717,VEL:-1.2,MOT:1,TILT:25.0,TRIM:0.000,ATE:0,LATCH:0,TORQ:1,CR:0.0,FX1:1.00,FY1:-151.10,FX2:-6.00,FY2:-149.60,IK1:1,IK2:1,MOVE:0
[2026-09-08 09:35:58.824] [RX] AX12:MODE:0,TQ:1,TL:1023,CM:1,CS:4,MS:0,MT:800
[2026-09-08 09:35:58.915] [RX] PITCH:0.70,PID_OUT:-69.89,INT:-0.0683,EL:-807,ER:-711,VEL:-145.1,MOT:1,TILT:25.0,TRIM:0.000,ATE:0,LATCH:0,TORQ:1,CR:0.0,FX1:1.00,FY1:-151.10,FX2:-6.00,FY2:-149.60,IK1:1,IK2:1,MOVE:0
[2026-09-08 09:35:59.014] [RX] PITCH:-0.31,PID_OUT:-16.00,INT:-0.0726,EL:-831,ER:-706,VEL:-140.0,MOT:1,TILT:25.0,TRIM:0.000,ATE:0,LATCH:0,TORQ:1,CR:0.0,FX1:1.00,FY1:-151.10,FX2:-6.00,FY2:-149.60,IK1:1,IK2:1,MOVE:0
[2026-09-08 09:35:59.104] [TX] I684.5
[2026-09-08 09:35:59.115] [RX] PITCH:-0.17,PID_OUT:-20.95,INT:-0.0439,EL:-836,ER:-706,VEL:-36.2,MOT:1,TILT:25.0,TRIM:0.000,ATE:0,LATCH:0,TORQ:1,CR:0.0,FX1:1.00,FY1:-151.10,FX2:-6.00,FY2:-149.60,IK1:1,IK2:1,MOVE:0
[2026-09-08 09:35:59.163] [RX] Updated -> P:78.000 I:684.500 D:3.520 Offset:0.1653 Target:0.000 Alpha:0.9600 Tilt:25.00 TrimGain:0.0010 Crouch:0.00
[2026-09-08 09:35:59.212] [RX] PITCH:-0.28,PID_OUT:6.45,INT:-0.0271,EL:-836,ER:-706,VEL:-7.1,MOT:1,TILT:25.0,TRIM:0.000,ATE:0,LATCH:0,TORQ:1,CR:0.0,FX1:1.00,FY1:-151.10,FX2:-6.00,FY2:-149.60,IK1:1,IK2:1,MOVE:0
[2026-09-08 09:35:59.321] [RX] PITCH:-0.78,PID_OUT:83.51,INT:0.0267,EL:-836,ER:-713,VEL:51.1,MOT:1,TILT:25.0,TRIM:0.000,ATE:0,LATCH:0,TORQ:1,CR:0.0,FX1:1.00,FY1:-151.10,FX2:-6.00,FY2:-149.60,IK1:1,IK2:1,MOVE:0
[2026-09-08 09:35:59.321] [RX] AX12:MODE:0,TQ:1,TL:1023,CM:1,CS:4,MS:0,MT:800
[2026-09-08 09:35:59.417] [RX] PITCH:-0.47,PID_OUT:58.40,INT:0.1059,EL:-832,ER:-726,VEL:80.7,MOT:1,TILT:25.0,TRIM:0.000,ATE:0,LATCH:0,TORQ:1,CR:0.0,FX1:1.00,FY1:-151.10,FX2:-6.00,FY2:-149.60,IK1:1,IK2:1,MOVE:0
[2026-09-08 09:35:59.417] [RX] SRV:6,43,0.0,0,0
[2026-09-08 09:35:59.515] [RX] PITCH:0.25,PID_OUT:33.48,INT:0.1046,EL:-828,ER:-747,VEL:110.5,MOT:1,TILT:25.0,TRIM:0.000,ATE:0,LATCH:0,TORQ:1,CR:0.0,FX1:1.00,FY1:-151.10,FX2:-6.00,FY2:-149.60,IK1:1,IK2:1,MOVE:0
[2026-09-08 09:35:59.557] [TX] I691.5
[2026-09-08 09:35:59.615] [RX] PITCH:0.14,PID_OUT:43.32,INT:0.0866,EL:-827,ER:-771,VEL:154.8,MOT:1,TILT:25.0,TRIM:0.000,ATE:0,LATCH:0,TORQ:1,CR:0.0,FX1:1.00,FY1:-151.10,FX2:-6.00,FY2:-149.60,IK1:1,IK2:1,MOVE:0
[2026-09-08 09:35:59.641] [RX] Updated -> P:78.000 I:691.500 D:3.520 Offset:0.1653 Target:0.000 Alpha:0.9600 Tilt:25.00 TrimGain:0.0010 Crouch:0.00
[2026-09-08 09:35:59.715] [RX] PITCH:0.08,PID_OUT:43.41,INT:0.0783,EL:-827,ER:-871,VEL:432.0,MOT:1,TILT:25.0,TRIM:0.000,ATE:0,LATCH:0,TORQ:1,CR:0.0,FX1:1.00,FY1:-151.10,FX2:-6.00,FY2:-149.60,IK1:1,IK2:1,MOVE:0
[2026-09-08 09:35:59.818] [RX] PITCH:-0.06,PID_OUT:58.42,INT:0.0764,EL:-827,ER:-971,VEL:486.6,MOT:1,TILT:25.0,TRIM:0.000,ATE:0,LATCH:0,TORQ:1,CR:0.0,FX1:1.00,FY1:-151.10,FX2:-6.00,FY2:-149.60,IK1:1,IK2:1,MOVE:0
[2026-09-08 09:35:59.818] [RX] AX12:MODE:0,TQ:1,TL:1023,CM:1,CS:4,MS:0,MT:800
[2026-09-08 09:35:59.910] [RX] PITCH:-0.37,PID_OUT:91.26,INT:0.0970,EL:-827,ER:-1064,VEL:444.8,MOT:1,TILT:25.0,TRIM:0.000,ATE:0,LATCH:0,TORQ:1,CR:0.0,FX1:1.00,FY1:-151.10,FX2:-6.00,FY2:-149.60,IK1:1,IK2:1,MOVE:0
[2026-09-08 09:35:59.999] [TX] I698.0
[2026-09-08 09:36:00.008] [RX] PITCH:-0.00,PID_OUT:48.81,INT:0.1257,EL:-824,ER:-1076,VEL:158.5,MOT:1,TILT:25.0,TRIM:0.000,ATE:0,LATCH:0,TORQ:1,CR:0.0,FX1:1.00,FY1:-151.10,FX2:-6.00,FY2:-149.60,IK1:1,IK2:1,MOVE:0
[2026-09-08 09:36:00.058] [RX] Updated -> P:78.000 I:698.000 D:3.520 Offset:0.1653 Target:0.000 Alpha:0.9600 Tilt:25.00 TrimGain:0.0010 Crouch:0.00
[2026-09-08 09:36:00.107] [RX] PITCH:0.36,PID_OUT:24.23,INT:0.0945,EL:-823,ER:-1094,VEL:92.8,MOT:1,TILT:25.0,TRIM:0.000,ATE:0,LATCH:0,TORQ:1,CR:0.0,FX1:1.00,FY1:-151.10,FX2:-6.00,FY2:-149.60,IK1:1,IK2:1,MOVE:0
[2026-09-08 09:36:00.207] [RX] PITCH:0.33,PID_OUT:4.24,INT:0.0637,EL:-823,ER:-1094,VEL:18.3,MOT:1,TILT:25.0,TRIM:0.000,ATE:0,LATCH:0,TORQ:1,CR:0.0,FX1:1.00,FY1:-151.10,FX2:-6.00,FY2:-149.60,IK1:1,IK2:1,MOVE:0
[2026-09-08 09:36:00.306] [RX] PITCH:0.58,PID_OUT:-44.16,INT:0.0172,EL:-823,ER:-1094,VEL:3.6,MOT:1,TILT:25.0,TRIM:0.000,ATE:0,LATCH:0,TORQ:1,CR:0.0,FX1:1.00,FY1:-151.10,FX2:-6.00,FY2:-149.60,IK1:1,IK2:1,MOVE:0
[2026-09-08 09:36:00.321] [RX] AX12:MODE:0,TQ:1,TL:1023,CM:1,CS:4,MS:0,MT:800
[2026-09-08 09:36:00.412] [RX] PITCH:0.81,PID_OUT:-83.69,INT:-0.0516,EL:-848,ER:-1093,VEL:-113.8,MOT:1,TILT:25.0,TRIM:0.000,ATE:0,LATCH:0,TORQ:1,CR:0.0,FX1:1.00,FY1:-151.10,FX2:-6.00,FY2:-149.60,IK1:1,IK2:1,MOVE:0
[2026-09-08 09:36:00.412] [RX] SRV:0,36,0.0,0,0
[2026-09-08 09:36:00.512] [RX] PITCH:-0.29,PID_OUT:-12.85,INT:-0.0758,EL:-876,ER:-1089,VEL:-147.9,MOT:1,TILT:25.0,TRIM:0.000,ATE:0,LATCH:0,TORQ:1,CR:0.0,FX1:1.00,FY1:-151.10,FX2:-6.00,FY2:-149.60,IK1:1,IK2:1,MOVE:0
[2026-09-08 09:36:00.613] [RX] PITCH:-0.62,PID_OUT:31.64,INT:-0.0226,EL:-879,ER:-1127,VEL:197.2,MOT:1,TILT:25.0,TRIM:0.000,ATE:0,LATCH:0,TORQ:1,CR:0.0,FX1:1.00,FY1:-151.10,FX2:-6.00,FY2:-149.60,IK1:1,IK2:1,MOVE:0
[2026-09-08 09:36:00.708] [RX] PITCH:-0.97,PID_OUT:102.17,INT:0.0514,EL:-877,ER:-1182,VEL:198.3,MOT:1,TILT:25.0,TRIM:0.000,ATE:0,LATCH:0,TORQ:1,CR:0.0,FX1:1.00,FY1:-151.10,FX2:-6.00,FY2:-149.60,IK1:1,IK2:1,MOVE:0
[2026-09-08 09:36:00.814] [RX] PITCH:-0.17,PID_OUT:44.37,INT:0.1094,EL:-872,ER:-1201,VEL:139.6,MOT:1,TILT:25.0,TRIM:0.000,ATE:0,LATCH:0,TORQ:1,CR:0.0,FX1:1.00,FY1:-151.10,FX2:-6.00,FY2:-149.60,IK1:1,IK2:1,MOVE:0
[2026-09-08 09:36:00.822] [RX] AX12:MODE:0,TQ:1,TL:1023,CM:1,CS:4,MS:0,MT:800
[2026-09-08 09:36:00.911] [RX] PITCH:0.26,PID_OUT:26.92,INT:0.0932,EL:-868,ER:-1219,VEL:113.8,MOT:1,TILT:25.0,TRIM:0.000,ATE:0,LATCH:0,TORQ:1,CR:0.0,FX1:1.00,FY1:-151.10,FX2:-6.00,FY2:-149.60,IK1:1,IK2:1,MOVE:0
[2026-09-08 09:36:01.005] [RX] PITCH:0.11,PID_OUT:27.72,INT:0.0756,EL:-868,ER:-1229,VEL:39.8,MOT:1,TILT:25.0,TRIM:0.000,ATE:0,LATCH:0,TORQ:1,CR:0.0,FX1:1.00,FY1:-151.10,FX2:-6.00,FY2:-149.60,IK1:1,IK2:1,MOVE:0
[2026-09-08 09:36:01.109] [RX] PITCH:0.35,PID_OUT:-12.37,INT:0.0547,EL:-868,ER:-1229,VEL:7.8,MOT:1,TILT:25.0,TRIM:0.000,ATE:0,LATCH:0,TORQ:1,CR:0.0,FX1:1.00,FY1:-151.10,FX2:-6.00,FY2:-149.60,IK1:1,IK2:1,MOVE:0
[2026-09-08 09:36:01.215] [RX] PITCH:0.95,PID_OUT:-108.96,INT:-0.0093,EL:-870,ER:-1228,VEL:-19.8,MOT:1,TILT:25.0,TRIM:0.000,ATE:0,LATCH:0,TORQ:1,CR:0.0,FX1:1.00,FY1:-151.10,FX2:-6.00,FY2:-149.60,IK1:1,IK2:1,MOVE:0
[2026-09-08 09:36:01.307] [RX] PITCH:0.30,PID_OUT:-41.04,INT:-0.0934,EL:-899,ER:-1220,VEL:-156.8,MOT:1,TILT:25.0,TRIM:0.000,ATE:0,LATCH:0,TORQ:1,CR:0.0,FX1:1.00,FY1:-151.10,FX2:-6.00,FY2:-149.60,IK1:1,IK2:1,MOVE:0
[2026-09-08 09:36:01.315] [RX] AX12:MODE:0,TQ:1,TL:1023,CM:1,CS:4,MS:0,MT:800
[2026-09-08 09:36:01.413] [RX] PITCH:-0.58,PID_OUT:10.83,INT:-0.0649,EL:-918,ER:-1214,VEL:-111.5,MOT:1,TILT:25.0,TRIM:0.000,ATE:0,LATCH:0,TORQ:1,CR:0.0,FX1:1.00,FY1:-151.10,FX2:-6.00,FY2:-149.60,IK1:1,IK2:1,MOVE:0
[2026-09-08 09:36:01.413] [RX] SRV:14,37,0.0,0,0
[2026-09-08 09:36:01.511] [RX] PITCH:-0.67,PID_OUT:48.49,INT:0.0055,EL:-919,ER:-1217,VEL:-18.5,MOT:1,TILT:25.0,TRIM:0.000,ATE:0,LATCH:0,TORQ:1,CR:0.0,FX1:1.00,FY1:-151.10,FX2:-6.00,FY2:-149.60,IK1:1,IK2:1,MOVE:0
[2026-09-08 09:36:01.601] [RX] PITCH:-0.62,PID_OUT:83.12,INT:0.0698,EL:-918,ER:-1237,VEL:140.5,MOT:1,TILT:25.0,TRIM:0.000,ATE:0,LATCH:0,TORQ:1,CR:0.0,FX1:1.00,FY1:-151.10,FX2:-6.00,FY2:-149.60,IK1:1,IK2:1,MOVE:0
[2026-09-08 09:36:01.709] [RX] PITCH:-0.24,PID_OUT:67.55,INT:0.1211,EL:-915,ER:-1247,VEL:89.8,MOT:1,TILT:25.0,TRIM:0.000,ATE:0,LATCH:0,TORQ:1,CR:0.0,FX1:1.00,FY1:-151.10,FX2:-6.00,FY2:-149.60,IK1:1,IK2:1,MOVE:0
[2026-09-08 09:36:01.817] [RX] PITCH:0.40,PID_OUT:38.46,INT:0.1012,EL:-911,ER:-1265,VEL:93.3,MOT:1,TILT:25.0,TRIM:0.000,ATE:0,LATCH:0,TORQ:1,CR:0.0,FX1:1.00,FY1:-151.10,FX2:-6.00,FY2:-149.60,IK1:1,IK2:1,MOVE:0
[2026-09-08 09:36:01.817] [RX] AX12:MODE:0,TQ:1,TL:1023,CM:1,CS:4,MS:0,MT:800
[2026-09-08 09:36:01.907] [RX] PITCH:-0.24,PID_OUT:94.50,INT:0.0932,EL:-911,ER:-1274,VEL:40.4,MOT:1,TILT:25.0,TRIM:0.000,ATE:0,LATCH:0,TORQ:1,CR:0.0,FX1:1.00,FY1:-151.10,FX2:-6.00,FY2:-149.60,IK1:1,IK2:1,MOVE:0
[2026-09-08 09:36:02.007] [RX] PITCH:-0.41,PID_OUT:78.66,INT:0.1431,EL:-907,ER:-1293,VEL:110.3,MOT:1,TILT:25.0,TRIM:0.000,ATE:0,LATCH:0,TORQ:1,CR:0.0,FX1:1.00,FY1:-151.10,FX2:-6.00,FY2:-149.60,IK1:1,IK2:1,MOVE:0
[2026-09-08 09:36:02.106] [RX] PITCH:0.74,PID_OUT:-9.75,INT:0.1148,EL:-901,ER:-1310,VEL:97.9,MOT:1,TILT:25.0,TRIM:0.000,ATE:0,LATCH:0,TORQ:1,CR:0.0,FX1:1.00,FY1:-151.10,FX2:-6.00,FY2:-149.60,IK1:1,IK2:1,MOVE:0
[2026-09-08 09:36:02.210] [RX] PITCH:0.72,PID_OUT:-33.43,INT:0.0385,EL:-903,ER:-1311,VEL:18.9,MOT:1,TILT:25.0,TRIM:0.000,ATE:0,LATCH:0,TORQ:1,CR:0.0,FX1:1.00,FY1:-151.10,FX2:-6.00,FY2:-149.60,IK1:1,IK2:1,MOVE:0
[2026-09-08 09:36:02.315] [RX] PITCH:0.49,PID_OUT:-65.94,INT:-0.0240,EL:-912,ER:-1310,VEL:-65.7,MOT:1,TILT:25.0,TRIM:0.000,ATE:0,LATCH:0,TORQ:1,CR:0.0,FX1:1.00,FY1:-151.10,FX2:-6.00,FY2:-149.60,IK1:1,IK2:1,MOVE:0
[2026-09-08 09:36:02.315] [RX] AX12:MODE:0,TQ:1,TL:1023,CM:1,CS:4,MS:0,MT:800
[2026-09-08 09:36:02.406] [RX] PITCH:0.13,PID_OUT:-53.90,INT:-0.0588,EL:-932,ER:-1308,VEL:-97.0,MOT:1,TILT:25.0,TRIM:0.000,ATE:0,LATCH:0,TORQ:1,CR:0.0,FX1:1.00,FY1:-151.10,FX2:-6.00,FY2:-149.60,IK1:1,IK2:1,MOVE:0
[2026-09-08 09:36:02.406] [RX] SRV:1,37,0.0,0,0
[2026-09-08 09:36:02.511] [RX] PITCH:0.20,PID_OUT:-77.38,INT:-0.0691,EL:-956,ER:-1306,VEL:-113.0,MOT:1,TILT:25.0,TRIM:0.000,ATE:0,LATCH:0,TORQ:1,CR:0.0,FX1:1.00,FY1:-151.10,FX2:-6.00,FY2:-149.60,IK1:1,IK2:1,MOVE:0
[2026-09-08 09:36:02.609] [RX] PITCH:0.31,PID_OUT:-80.74,INT:-0.0978,EL:-985,ER:-1302,VEL:-161.8,MOT:1,TILT:25.0,TRIM:0.000,ATE:0,LATCH:0,TORQ:1,CR:0.0,FX1:1.00,FY1:-151.10,FX2:-6.00,FY2:-149.60,IK1:1,IK2:1,MOVE:0
[2026-09-08 09:36:02.706] [RX] PITCH:-0.31,PID_OUT:-30.54,INT:-0.0913,EL:-1010,ER:-1296,VEL:-154.3,MOT:1,TILT:25.0,TRIM:0.000,ATE:0,LATCH:0,TORQ:1,CR:0.0,FX1:1.00,FY1:-151.10,FX2:-6.00,FY2:-149.60,IK1:1,IK2:1,MOVE:0
[2026-09-08 09:36:02.820] [RX] PITCH:-0.18,PID_OUT:-45.44,INT:-0.0591,EL:-1036,ER:-1293,VEL:-136.3,MOT:1,TILT:25.0,TRIM:0.000,ATE:0,LATCH:0,TORQ:1,CR:0.0,FX1:1.00,FY1:-151.10,FX2:-6.00,FY2:-149.60,IK1:1,IK2:1,MOVE:0
[2026-09-08 09:36:02.820] [RX] AX12:MODE:0,TQ:1,TL:1023,CM:1,CS:4,MS:0,MT:800
[2026-09-08 09:36:02.907] [RX] PITCH:0.37,PID_OUT:-93.33,INT:-0.0688,EL:-1056,ER:-1292,VEL:-94.8,MOT:1,TILT:25.0,TRIM:0.000,ATE:0,LATCH:0,TORQ:1,CR:0.0,FX1:1.00,FY1:-151.10,FX2:-6.00,FY2:-149.60,IK1:1,IK2:1,MOVE:0
[2026-09-08 09:36:03.003] [RX] PITCH:0.00,PID_OUT:-47.00,INT:-0.0964,EL:-1084,ER:-1288,VEL:-148.0,MOT:1,TILT:25.0,TRIM:0.000,ATE:0,LATCH:0,TORQ:1,CR:0.0,FX1:1.00,FY1:-151.10,FX2:-6.00,FY2:-149.60,IK1:1,IK2:1,MOVE:0
[2026-09-08 09:36:03.106] [RX] PITCH:-0.34,PID_OUT:-44.46,INT:-0.0654,EL:-1118,ER:-1285,VEL:-198.5,MOT:1,TILT:25.0,TRIM:0.000,ATE:0,LATCH:0,TORQ:1,CR:0.0,FX1:1.00,FY1:-151.10,FX2:-6.00,FY2:-149.60,IK1:1,IK2:1,MOVE:0
[2026-09-08 09:36:03.204] [RX] PITCH:0.39,PID_OUT:-90.23,INT:-0.0723,EL:-1120,ER:-1284,VEL:-48.9,MOT:1,TILT:25.0,TRIM:0.000,ATE:0,LATCH:0,TORQ:1,CR:0.0,FX1:1.00,FY1:-151.10,FX2:-6.00,FY2:-149.60,IK1:1,IK2:1,MOVE:0
[2026-09-08 09:36:03.308] [RX] PITCH:-0.00,PID_OUT:-49.41,INT:-0.0976,EL:-1142,ER:-1280,VEL:-123.0,MOT:1,TILT:25.0,TRIM:0.000,ATE:0,LATCH:0,TORQ:1,CR:0.0,FX1:1.00,FY1:-151.10,FX2:-6.00,FY2:-149.60,IK1:1,IK2:1,MOVE:0
[2026-09-08 09:36:03.316] [RX] AX12:MODE:0,TQ:1,TL:1023,CM:1,CS:4,MS:0,MT:800
[2026-09-08 09:36:03.405] [RX] PITCH:-0.27,PID_OUT:-38.75,INT:-0.0748,EL:-1156,ER:-1277,VEL:-69.2,MOT:1,TILT:25.0,TRIM:0.000,ATE:0,LATCH:0,TORQ:1,CR:0.0,FX1:1.00,FY1:-151.10,FX2:-6.00,FY2:-149.60,IK1:1,IK2:1,MOVE:0
[2026-09-08 09:36:03.407] [RX] SRV:6,43,0.8,0,0
[2026-09-08 09:36:03.504] [RX] PITCH:-0.30,PID_OUT:-3.06,INT:-0.0483,EL:-1156,ER:-1277,VEL:-13.6,MOT:1,TILT:25.0,TRIM:0.000,ATE:0,LATCH:0,TORQ:1,CR:0.0,FX1:1.00,FY1:-151.10,FX2:-6.00,FY2:-149.60,IK1:1,IK2:1,MOVE:0
[2026-09-08 09:36:03.611] [RX] PITCH:-0.76,PID_OUT:81.76,INT:0.0052,EL:-1156,ER:-1281,VEL:27.3,MOT:1,TILT:25.0,TRIM:0.000,ATE:0,LATCH:0,TORQ:1,CR:0.0,FX1:1.00,FY1:-151.10,FX2:-6.00,FY2:-149.60,IK1:1,IK2:1,MOVE:0
[2026-09-08 09:36:03.635] [TX] P82.0
[2026-09-08 09:36:03.684] [RX] Updated -> P:82.000 I:698.000 D:3.520 Offset:0.1653 Target:0.000 Alpha:0.9600 Tilt:25.00 TrimGain:0.0010 Crouch:0.00
[2026-09-08 09:36:03.808] [RX] PITCH:0.41,PID_OUT:15.50,INT:0.1064,EL:-1140,ER:-1325,VEL:155.4,MOT:1,TILT:25.0,TRIM:0.000,ATE:0,LATCH:0,TORQ:1,CR:0.0,FX1:1.00,FY1:-151.10,FX2:-6.00,FY2:-149.60,IK1:1,IK2:1,MOVE:0
[2026-09-08 09:36:03.821] [RX] AX12:MODE:0,TQ:1,TL:1023,CM:1,CS:4,MS:0,MT:800
[2026-09-08 09:36:03.904] [RX] PITCH:0.19,PID_OUT:42.80,INT:0.0702,EL:-1137,ER:-1343,VEL:107.1,MOT:1,TILT:25.0,TRIM:0.000,ATE:0,LATCH:0,TORQ:1,CR:0.0,FX1:1.00,FY1:-151.10,FX2:-6.00,FY2:-149.60,IK1:1,IK2:1,MOVE:0
[2026-09-08 09:36:03.999] [RX] PITCH:-0.54,PID_OUT:81.41,INT:0.1077,EL:-1135,ER:-1357,VEL:103.7,MOT:1,TILT:25.0,TRIM:0.000,ATE:0,LATCH:0,TORQ:1,CR:0.0,FX1:1.00,FY1:-151.10,FX2:-6.00,FY2:-149.60,IK1:1,IK2:1,MOVE:0
[2026-09-08 09:36:04.104] [RX] PITCH:0.43,PID_OUT:-1.60,INT:0.1106,EL:-1131,ER:-1374,VEL:104.5,MOT:1,TILT:25.0,TRIM:0.000,ATE:0,LATCH:0,TORQ:1,CR:0.0,FX1:1.00,FY1:-151.10,FX2:-6.00,FY2:-149.60,IK1:1,IK2:1,MOVE:0
[2026-09-08 09:36:04.203] [RX] PITCH:1.01,PID_OUT:-86.37,INT:0.0326,EL:-1141,ER:-1375,VEL:0.1,MOT:1,TILT:25.0,TRIM:0.000,ATE:0,LATCH:0,TORQ:1,CR:0.0,FX1:1.00,FY1:-151.10,FX2:-6.00,FY2:-149.60,IK1:1,IK2:1,MOVE:0
[2026-09-08 09:36:04.301] [RX] PITCH:0.66,PID_OUT:-84.96,INT:-0.0591,EL:-1171,ER:-1370,VEL:-135.5,MOT:1,TILT:25.0,TRIM:0.000,ATE:0,LATCH:0,TORQ:1,CR:0.0,FX1:1.00,FY1:-151.10,FX2:-6.00,FY2:-149.60,IK1:1,IK2:1,MOVE:0
[2026-09-08 09:36:04.310] [RX] AX12:MODE:0,TQ:1,TL:1023,CM:1,CS:4,MS:0,MT:800
[2026-09-08 09:36:04.404] [RX] PITCH:-0.10,PID_OUT:-41.16,INT:-0.0849,EL:-1199,ER:-1363,VEL:-165.3,MOT:1,TILT:25.0,TRIM:0.000,ATE:0,LATCH:0,TORQ:1,CR:0.0,FX1:1.00,FY1:-151.10,FX2:-6.00,FY2:-149.60,IK1:1,IK2:1,MOVE:0
[2026-09-08 09:36:04.406] [RX] SRV:0,36,0.0,0,0
[2026-09-08 09:36:04.504] [RX] PITCH:-0.05,PID_OUT:-64.65,INT:-0.0717,EL:-1223,ER:-1358,VEL:-135.7,MOT:1,TILT:25.0,TRIM:0.000,ATE:0,LATCH:0,TORQ:1,CR:0.0,FX1:1.00,FY1:-151.10,FX2:-6.00,FY2:-149.60,IK1:1,IK2:1,MOVE:0
[2026-09-08 09:36:04.600] [RX] PITCH:0.36,PID_OUT:-80.58,INT:-0.0933,EL:-1249,ER:-1353,VEL:-137.4,MOT:1,TILT:25.0,TRIM:0.000,ATE:0,LATCH:0,TORQ:1,CR:0.0,FX1:1.00,FY1:-151.10,FX2:-6.00,FY2:-149.60,IK1:1,IK2:1,MOVE:0
[2026-09-08 09:36:04.708] [RX] PITCH:-0.05,PID_OUT:-40.49,INT:-0.1100,EL:-1279,ER:-1344,VEL:-179.7,MOT:1,TILT:25.0,TRIM:0.000,ATE:0,LATCH:0,TORQ:1,CR:0.0,FX1:1.00,FY1:-151.10,FX2:-6.00,FY2:-149.60,IK1:1,IK2:1,MOVE:0
[2026-09-08 09:36:04.806] [RX] PITCH:-0.73,PID_OUT:38.83,INT:-0.0669,EL:-1293,ER:-1343,VEL:-70.4,MOT:1,TILT:25.0,TRIM:0.000,ATE:0,LATCH:0,TORQ:1,CR:0.0,FX1:1.00,FY1:-151.10,FX2:-6.00,FY2:-149.60,IK1:1,IK2:1,MOVE:0
[2026-09-08 09:36:04.815] [RX] AX12:MODE:0,TQ:1,TL:1023,CM:1,CS:4,MS:0,MT:800
[2026-09-08 09:36:04.897] [RX] PITCH:-1.16,PID_OUT:113.11,INT:0.0372,EL:-1292,ER:-1358,VEL:59.6,MOT:1,TILT:25.0,TRIM:0.000,ATE:0,LATCH:0,TORQ:1,CR:0.0,FX1:1.00,FY1:-151.10,FX2:-6.00,FY2:-149.60,IK1:1,IK2:1,MOVE:0
[2026-09-08 09:36:05.003] [RX] PITCH:-0.33,PID_OUT:60.34,INT:0.1238,EL:-1284,ER:-1380,VEL:136.3,MOT:1,TILT:25.0,TRIM:0.000,ATE:0,LATCH:0,TORQ:1,CR:0.0,FX1:1.00,FY1:-151.10,FX2:-6.00,FY2:-149.60,IK1:1,IK2:1,MOVE:0
[2026-09-08 09:36:05.101] [RX] PITCH:0.39,PID_OUT:26.70,INT:0.1000,EL:-1275,ER:-1405,VEL:161.1,MOT:1,TILT:25.0,TRIM:0.000,ATE:0,LATCH:0,TORQ:1,CR:0.0,FX1:1.00,FY1:-151.10,FX2:-6.00,FY2:-149.60,IK1:1,IK2:1,MOVE:0
[2026-09-08 09:36:05.200] [RX] PITCH:-0.19,PID_OUT:79.57,INT:0.0912,EL:-1270,ER:-1426,VEL:140.6,MOT:1,TILT:25.0,TRIM:0.000,ATE:0,LATCH:0,TORQ:1,CR:0.0,FX1:1.00,FY1:-151.10,FX2:-6.00,FY2:-149.60,IK1:1,IK2:1,MOVE:0
[2026-09-08 09:36:05.312] [RX] PITCH:-0.35,PID_OUT:68.93,INT:0.1392,EL:-1263,ER:-1444,VEL:144.6,MOT:1,TILT:25.0,TRIM:0.000,ATE:0,LATCH:0,TORQ:1,CR:0.0,FX1:1.00,FY1:-151.10,FX2:-6.00,FY2:-149.60,IK1:1,IK2:1,MOVE:0
[2026-09-08 09:36:05.313] [RX] AX12:MODE:0,TQ:1,TL:1023,CM:1,CS:4,MS:0,MT:800
[2026-09-08 09:36:05.406] [RX] PITCH:0.80,PID_OUT:-32.03,INT:0.1016,EL:-1259,ER:-1462,VEL:87.0,MOT:1,TILT:25.0,TRIM:0.000,ATE:0,LATCH:0,TORQ:1,CR:0.0,FX1:1.00,FY1:-151.10,FX2:-6.00,FY2:-149.60,IK1:1,IK2:1,MOVE:0
[2026-09-08 09:36:05.406] [RX] SRV:14,37,0.0,0,0
[2026-09-08 09:36:05.500] [RX] PITCH:0.98,PID_OUT:-74.07,INT:-0.0033,EL:-1270,ER:-1464,VEL:-43.6,MOT:1,TILT:25.0,TRIM:0.000,ATE:0,LATCH:0,TORQ:1,CR:0.0,FX1:1.00,FY1:-151.10,FX2:-6.00,FY2:-149.60,IK1:1,IK2:1,MOVE:0
[2026-09-08 09:36:05.598] [RX] PITCH:0.45,PID_OUT:-82.83,INT:-0.0681,EL:-1294,ER:-1463,VEL:-109.9,MOT:1,TILT:25.0,TRIM:0.000,ATE:0,LATCH:0,TORQ:1,CR:0.0,FX1:1.00,FY1:-151.10,FX2:-6.00,FY2:-149.60,IK1:1,IK2:1,MOVE:0
[2026-09-08 09:36:05.701] [RX] PITCH:0.29,PID_OUT:-88.01,INT:-0.1016,EL:-1317,ER:-1463,VEL:-107.9,MOT:1,TILT:25.0,TRIM:0.000,ATE:0,LATCH:0,TORQ:1,CR:0.0,FX1:1.00,FY1:-151.10,FX2:-6.00,FY2:-149.60,IK1:1,IK2:1,MOVE:0
[2026-09-08 09:36:05.805] [RX] PITCH:-0.27,PID_OUT:-34.52,INT:-0.1054,EL:-1347,ER:-1461,VEL:-149.5,MOT:1,TILT:25.0,TRIM:0.000,ATE:0,LATCH:0,TORQ:1,CR:0.0,FX1:1.00,FY1:-151.10,FX2:-6.00,FY2:-149.60,IK1:1,IK2:1,MOVE:0
[2026-09-08 09:36:05.810] [RX] AX12:MODE:0,TQ:1,TL:1023,CM:1,CS:4,MS:0,MT:800
[2026-09-08 09:36:05.900] [RX] PITCH:-0.48,PID_OUT:-5.82,INT:-0.0631,EL:-1374,ER:-1461,VEL:-135.1,MOT:1,TILT:25.0,TRIM:0.000,ATE:0,LATCH:0,TORQ:1,CR:0.0,FX1:1.00,FY1:-151.10,FX2:-6.00,FY2:-149.60,IK1:1,IK2:1,MOVE:0
[2026-09-08 09:36:06.001] [RX] PITCH:-0.33,PID_OUT:6.43,INT:-0.0233,EL:-1386,ER:-1461,VEL:-107.7,MOT:1,TILT:25.0,TRIM:0.000,ATE:0,LATCH:0,TORQ:1,CR:0.0,FX1:1.00,FY1:-151.10,FX2:-6.00,FY2:-149.60,IK1:1,IK2:1,MOVE:0
[2026-09-08 09:36:06.105] [RX] PITCH:-0.45,PID_OUT:49.97,INT:0.0136,EL:-1387,ER:-1461,VEL:-22.9,MOT:1,TILT:25.0,TRIM:0.000,ATE:0,LATCH:0,TORQ:1,CR:0.0,FX1:1.00,FY1:-151.10,FX2:-6.00,FY2:-149.60,IK1:1,IK2:1,MOVE:0
[2026-09-08 09:36:06.198] [RX] PITCH:-0.55,PID_OUT:65.57,INT:0.0731,EL:-1384,ER:-1481,VEL:84.7,MOT:1,TILT:25.0,TRIM:0.000,ATE:0,LATCH:0,TORQ:1,CR:0.0,FX1:1.00,FY1:-151.10,FX2:-6.00,FY2:-149.60,IK1:1,IK2:1,MOVE:0
[2026-09-08 09:36:06.303] [RX] PITCH:-0.01,PID_OUT:45.11,INT:0.0961,EL:-1380,ER:-1499,VEL:109.5,MOT:1,TILT:25.0,TRIM:0.000,ATE:0,LATCH:0,TORQ:1,CR:0.0,FX1:1.00,FY1:-151.10,FX2:-6.00,FY2:-149.60,IK1:1,IK2:1,MOVE:0
[2026-09-08 09:36:06.309] [RX] AX12:MODE:0,TQ:1,TL:1023,CM:1,CS:4,MS:0,MT:800
[2026-09-08 09:36:06.400] [RX] PITCH:-0.07,PID_OUT:64.22,INT:0.0963,EL:-1379,ER:-1512,VEL:60.5,MOT:1,TILT:25.0,TRIM:0.000,ATE:0,LATCH:0,TORQ:1,CR:0.0,FX1:1.00,FY1:-151.10,FX2:-6.00,FY2:-149.60,IK1:1,IK2:1,MOVE:0
[2026-09-08 09:36:06.400] [RX] SRV:1,37,0.0,0,0
[2026-09-08 09:36:06.499] [RX] PITCH:-0.18,PID_OUT:72.35,INT:0.1117,EL:-1379,ER:-1525,VEL:46.3,MOT:1,TILT:25.0,TRIM:0.000,ATE:0,LATCH:0,TORQ:1,CR:0.0,FX1:1.00,FY1:-151.10,FX2:-6.00,FY2:-149.60,IK1:1,IK2:1,MOVE:0
[2026-09-08 09:36:06.600] [RX] PITCH:0.22,PID_OUT:33.84,INT:0.1088,EL:-1379,ER:-1532,VEL:39.5,MOT:1,TILT:25.0,TRIM:0.000,ATE:0,LATCH:0,TORQ:1,CR:0.0,FX1:1.00,FY1:-151.10,FX2:-6.00,FY2:-149.60,IK1:1,IK2:1,MOVE:0
[2026-09-08 09:36:06.693] [RX] PITCH:0.42,PID_OUT:6.31,INT:0.0724,EL:-1379,ER:-1543,VEL:32.8,MOT:1,TILT:25.0,TRIM:0.000,ATE:0,LATCH:0,TORQ:1,CR:0.0,FX1:1.00,FY1:-151.10,FX2:-6.00,FY2:-149.60,IK1:1,IK2:1,MOVE:0
[2026-09-08 09:36:06.798] [TX] S-0.4
[2026-09-08 09:36:06.798] [RX] PITCH:0.49,PID_OUT:-36.18,INT:0.0285,EL:-1379,ER:-1543,VEL:6.5,MOT:1,TILT:25.0,TRIM:0.000,ATE:0,LATCH:0,TORQ:1,CR:0.0,FX1:1.00,FY1:-151.10,FX2:-6.00,FY2:-149.60,IK1:1,IK2:1,MOVE:0
[2026-09-08 09:36:06.808] [RX] AX12:MODE:0,TQ:1,TL:1023,CM:1,CS:4,MS:0,MT:800
[2026-09-08 09:36:06.848] [RX] Updated -> P:82.000 I:698.000 D:3.520 Offset:0.1653 Target:-0.400 Alpha:0.9600 Tilt:25.00 TrimGain:0.0010 Crouch:0.00
[2026-09-08 09:36:06.899] [RX] PITCH:0.97,PID_OUT:-128.59,INT:-0.0509,EL:-1403,ER:-1541,VEL:-109.0,MOT:1,TILT:25.0,TRIM:0.000,ATE:0,LATCH:0,TORQ:1,CR:0.0,FX1:1.00,FY1:-151.10,FX2:-6.00,FY2:-149.60,IK1:1,IK2:1,MOVE:0
[2026-09-08 09:36:07.005] [RX] PITCH:-0.67,PID_OUT:-3.72,INT:-0.1048,EL:-1434,ER:-1532,VEL:-191.8,MOT:1,TILT:25.0,TRIM:0.000,ATE:0,LATCH:0,TORQ:1,CR:0.0,FX1:1.00,FY1:-151.10,FX2:-6.00,FY2:-149.60,IK1:1,IK2:1,MOVE:0
[2026-09-08 09:36:07.098] [RX] PITCH:-1.50,PID_OUT:54.20,INT:-0.0116,EL:-1436,ER:-1536,VEL:-25.6,MOT:1,TILT:25.0,TRIM:0.000,ATE:0,LATCH:0,TORQ:1,CR:0.0,FX1:1.00,FY1:-151.10,FX2:-6.00,FY2:-149.60,IK1:1,IK2:1,MOVE:0
[2026-09-08 09:36:07.198] [RX] PITCH:-0.85,PID_OUT:66.32,INT:0.0550,EL:-1434,ER:-1556,VEL:60.4,MOT:1,TILT:25.0,TRIM:0.000,ATE:0,LATCH:0,TORQ:1,CR:0.0,FX1:1.00,FY1:-151.10,FX2:-6.00,FY2:-149.60,IK1:1,IK2:1,MOVE:0
[2026-09-08 09:36:07.306] [RX] PITCH:-0.76,PID_OUT:79.63,INT:0.0939,EL:-1432,ER:-1556,VEL:23.3,MOT:1,TILT:25.0,TRIM:0.000,ATE:0,LATCH:0,TORQ:1,CR:0.0,FX1:1.00,FY1:-151.10,FX2:-6.00,FY2:-149.60,IK1:1,IK2:1,MOVE:0
[2026-09-08 09:36:07.306] [RX] AX12:MODE:0,TQ:1,TL:1023,CM:1,CS:4,MS:0,MT:800
[2026-09-08 09:36:07.397] [RX] PITCH:-0.53,PID_OUT:65.85,INT:0.1192,EL:-1428,ER:-1571,VEL:72.3,MOT:1,TILT:25.0,TRIM:0.000,ATE:0,LATCH:0,TORQ:1,CR:0.0,FX1:1.00,FY1:-151.10,FX2:-6.00,FY2:-149.60,IK1:1,IK2:1,MOVE:0
[2026-09-08 09:36:07.400] [RX] SRV:6,43,0.0,0,0
[2026-09-08 09:36:07.495] [RX] PITCH:-0.24,PID_OUT:40.25,INT:0.1167,EL:-1423,ER:-1596,VEL:140.2,MOT:1,TILT:25.0,TRIM:0.000,ATE:0,LATCH:0,TORQ:1,CR:0.0,FX1:1.00,FY1:-151.10,FX2:-6.00,FY2:-149.60,IK1:1,IK2:1,MOVE:0
[2026-09-08 09:36:07.597] [RX] PITCH:-0.08,PID_OUT:21.34,INT:0.0897,EL:-1422,ER:-1624,VEL:189.8,MOT:1,TILT:25.0,TRIM:0.000,ATE:0,LATCH:0,TORQ:1,CR:0.0,FX1:1.00,FY1:-151.10,FX2:-6.00,FY2:-149.60,IK1:1,IK2:1,MOVE:0
[2026-09-08 09:36:07.691] [RX] PITCH:0.06,PID_OUT:-18.67,INT:0.0485,EL:-1422,ER:-1655,VEL:102.0,MOT:1,TILT:25.0,TRIM:0.000,ATE:0,LATCH:0,TORQ:1,CR:0.0,FX1:1.00,FY1:-151.10,FX2:-6.00,FY2:-149.60,IK1:1,IK2:1,MOVE:0
[2026-09-08 09:36:07.797] [RX] PITCH:0.23,PID_OUT:-74.78,INT:-0.0048,EL:-1422,ER:-1655,VEL:20.1,MOT:1,TILT:25.0,TRIM:0.000,ATE:0,LATCH:0,TORQ:1,CR:0.0,FX1:1.00,FY1:-151.10,FX2:-6.00,FY2:-149.60,IK1:1,IK2:1,MOVE:0
[2026-09-08 09:36:07.806] [RX] AX12:MODE:0,TQ:1,TL:1023,CM:1,CS:4,MS:0,MT:800
[2026-09-08 09:36:07.895] [RX] PITCH:0.16,PID_OUT:-85.34,INT:-0.0706,EL:-1443,ER:-1652,VEL:-101.1,MOT:1,TILT:25.0,TRIM:0.000,ATE:0,LATCH:0,TORQ:1,CR:0.0,FX1:1.00,FY1:-151.10,FX2:-6.00,FY2:-149.60,IK1:1,IK2:1,MOVE:0
[2026-09-08 09:36:07.998] [RX] PITCH:-0.54,PID_OUT:-35.64,INT:-0.0891,EL:-1470,ER:-1649,VEL:-137.6,MOT:1,TILT:25.0,TRIM:0.000,ATE:0,LATCH:0,TORQ:1,CR:0.0,FX1:1.00,FY1:-151.10,FX2:-6.00,FY2:-149.60,IK1:1,IK2:1,MOVE:0
[2026-09-08 09:36:08.098] [RX] PITCH:-0.56,PID_OUT:-41.03,INT:-0.0655,EL:-1487,ER:-1647,VEL:-79.2,MOT:1,TILT:25.0,TRIM:0.000,ATE:0,LATCH:0,TORQ:1,CR:0.0,FX1:1.00,FY1:-151.10,FX2:-6.00,FY2:-149.60,IK1:1,IK2:1,MOVE:0
[2026-09-08 09:36:08.195] [RX] PITCH:-0.38,PID_OUT:-47.21,INT:-0.0635,EL:-1487,ER:-1647,VEL:-15.6,MOT:1,TILT:25.0,TRIM:0.000,ATE:0,LATCH:0,TORQ:1,CR:0.0,FX1:1.00,FY1:-151.10,FX2:-6.00,FY2:-149.60,IK1:1,IK2:1,MOVE:0
[2026-09-08 09:36:08.295] [RX] PITCH:-0.61,PID_OUT:-16.59,INT:-0.0536,EL:-1487,ER:-1647,VEL:-3.1,MOT:1,TILT:25.0,TRIM:0.000,ATE:0,LATCH:0,TORQ:1,CR:0.0,FX1:1.00,FY1:-151.10,FX2:-6.00,FY2:-149.60,IK1:1,IK2:1,MOVE:0
[2026-09-08 09:36:08.304] [RX] AX12:MODE:0,TQ:1,TL:1023,CM:1,CS:4,MS:0,MT:800
[2026-09-08 09:36:08.395] [RX] PITCH:-1.07,PID_OUT:54.42,INT:-0.0105,EL:-1487,ER:-1647,VEL:-0.6,MOT:1,TILT:25.0,TRIM:0.000,ATE:0,LATCH:0,TORQ:1,CR:0.0,FX1:1.00,FY1:-151.10,FX2:-6.00,FY2:-149.60,IK1:1,IK2:1,MOVE:0
[2026-09-08 09:36:08.402] [RX] SRV:0,36,0.0,0,0
[2026-09-08 09:36:08.494] [RX] PITCH:-1.24,PID_OUT:77.09,INT:0.0829,EL:-1483,ER:-1669,VEL:97.8,MOT:1,TILT:25.0,TRIM:0.000,ATE:0,LATCH:0,TORQ:1,CR:0.0,FX1:1.00,FY1:-151.10,FX2:-6.00,FY2:-149.60,IK1:1,IK2:1,MOVE:0
[2026-09-08 09:36:08.594] [RX] PITCH:-0.10,PID_OUT:10.82,INT:0.1036,EL:-1476,ER:-1693,VEL:148.8,MOT:1,TILT:25.0,TRIM:0.000,ATE:0,LATCH:0,TORQ:1,CR:0.0,FX1:1.00,FY1:-151.10,FX2:-6.00,FY2:-149.60,IK1:1,IK2:1,MOVE:0
[2026-09-08 09:36:08.690] [RX] PITCH:-0.03,PID_OUT:4.43,INT:0.0581,EL:-1475,ER:-1694,VEL:33.7,MOT:1,TILT:25.0,TRIM:0.000,ATE:0,LATCH:0,TORQ:1,CR:0.0,FX1:1.00,FY1:-151.10,FX2:-6.00,FY2:-149.60,IK1:1,IK2:1,MOVE:0
[2026-09-08 09:36:08.795] [RX] PITCH:-0.28,PID_OUT:2.18,INT:0.0397,EL:-1475,ER:-1694,VEL:6.6,MOT:1,TILT:25.0,TRIM:0.000,ATE:0,LATCH:0,TORQ:1,CR:0.0,FX1:1.00,FY1:-151.10,FX2:-6.00,FY2:-149.60,IK1:1,IK2:1,MOVE:0
[2026-09-08 09:36:08.804] [RX] AX12:MODE:0,TQ:1,TL:1023,CM:1,CS:4,MS:0,MT:800
[2026-09-08 09:36:08.893] [RX] PITCH:0.01,PID_OUT:-49.56,INT:0.0146,EL:-1475,ER:-1694,VEL:1.3,MOT:1,TILT:25.0,TRIM:0.000,ATE:0,LATCH:0,TORQ:1,CR:0.0,FX1:1.00,FY1:-151.10,FX2:-6.00,FY2:-149.60,IK1:1,IK2:1,MOVE:0
[2026-09-08 09:36:08.994] [RX] PITCH:0.44,PID_OUT:-95.21,INT:-0.0587,EL:-1497,ER:-1692,VEL:-111.6,MOT:1,TILT:25.0,TRIM:0.000,ATE:0,LATCH:0,TORQ:1,CR:0.0,FX1:1.00,FY1:-151.10,FX2:-6.00,FY2:-149.60,IK1:1,IK2:1,MOVE:0
[2026-09-08 09:36:09.091] [RX] PITCH:-0.38,PID_OUT:-37.09,INT:-0.0997,EL:-1523,ER:-1686,VEL:-149.5,MOT:1,TILT:25.0,TRIM:0.000,ATE:0,LATCH:0,TORQ:1,CR:0.0,FX1:1.00,FY1:-151.10,FX2:-6.00,FY2:-149.60,IK1:1,IK2:1,MOVE:0
[2026-09-08 09:36:09.195] [RX] PITCH:-0.80,PID_OUT:-20.28,INT:-0.0656,EL:-1548,ER:-1682,VEL:-134.4,MOT:1,TILT:25.0,TRIM:0.000,ATE:0,LATCH:0,TORQ:1,CR:0.0,FX1:1.00,FY1:-151.10,FX2:-6.00,FY2:-149.60,IK1:1,IK2:1,MOVE:0
[2026-09-08 09:36:09.293] [RX] PITCH:-0.38,PID_OUT:-43.95,INT:-0.0495,EL:-1556,ER:-1681,VEL:-42.1,MOT:1,TILT:25.0,TRIM:0.000,ATE:0,LATCH:0,TORQ:1,CR:0.0,FX1:1.00,FY1:-151.10,FX2:-6.00,FY2:-149.60,IK1:1,IK2:1,MOVE:0
[2026-09-08 09:36:09.305] [RX] AX12:MODE:0,TQ:1,TL:1023,CM:1,CS:4,MS:0,MT:800
[2026-09-08 09:36:09.400] [RX] PITCH:-0.50,PID_OUT:-23.40,INT:-0.0484,EL:-1556,ER:-1681,VEL:-8.3,MOT:1,TILT:25.0,TRIM:0.000,ATE:0,LATCH:0,TORQ:1,CR:0.0,FX1:1.00,FY1:-151.10,FX2:-6.00,FY2:-149.60,IK1:1,IK2:1,MOVE:0
[2026-09-08 09:36:09.400] [RX] SRV:14,37,0.0,0,0
[2026-09-08 09:36:09.492] [RX] PITCH:-0.85,PID_OUT:31.33,INT:-0.0207,EL:-1556,ER:-1681,VEL:-1.6,MOT:1,TILT:25.0,TRIM:0.000,ATE:0,LATCH:0,TORQ:1,CR:0.0,FX1:1.00,FY1:-151.10,FX2:-6.00,FY2:-149.60,IK1:1,IK2:1,MOVE:0
[2026-09-08 09:36:09.591] [RX] PITCH:-1.48,PID_OUT:92.51,INT:0.0634,EL:-1553,ER:-1687,VEL:50.9,MOT:1,TILT:25.0,TRIM:0.000,ATE:0,LATCH:0,TORQ:1,CR:0.0,FX1:1.00,FY1:-151.10,FX2:-6.00,FY2:-149.60,IK1:1,IK2:1,MOVE:0
[2026-09-08 09:36:09.691] [RX] PITCH:-0.20,PID_OUT:23.42,INT:0.0955,EL:-1547,ER:-1706,VEL:100.6,MOT:1,TILT:25.0,TRIM:0.000,ATE:0,LATCH:0,TORQ:1,CR:0.0,FX1:1.00,FY1:-151.10,FX2:-6.00,FY2:-149.60,IK1:1,IK2:1,MOVE:0
[2026-09-08 09:36:09.794] [RX] PITCH:-0.29,PID_OUT:49.06,INT:0.0706,EL:-1544,ER:-1715,VEL:45.6,MOT:1,TILT:25.0,TRIM:0.000,ATE:0,LATCH:0,TORQ:1,CR:0.0,FX1:1.00,FY1:-151.10,FX2:-6.00,FY2:-149.60,IK1:1,IK2:1,MOVE:0
[2026-09-08 09:36:09.804] [RX] AX12:MODE:0,TQ:1,TL:1023,CM:1,CS:4,MS:0,MT:800
[2026-09-08 09:36:09.891] [RX] PITCH:-0.76,PID_OUT:87.51,INT:0.0905,EL:-1544,ER:-1726,VEL:55.1,MOT:1,TILT:25.0,TRIM:0.000,ATE:0,LATCH:0,TORQ:1,CR:0.0,FX1:1.00,FY1:-151.10,FX2:-6.00,FY2:-149.60,IK1:1,IK2:1,MOVE:0
[2026-09-08 09:36:09.992] [RX] PITCH:-0.54,PID_OUT:70.06,INT:0.1217,EL:-1541,ER:-1743,VEL:90.0,MOT:1,TILT:25.0,TRIM:0.000,ATE:0,LATCH:0,TORQ:1,CR:0.0,FX1:1.00,FY1:-151.10,FX2:-6.00,FY2:-149.60,IK1:1,IK2:1,MOVE:0
[2026-09-08 09:36:10.086] [RX] PITCH:-0.12,PID_OUT:46.17,INT:0.1067,EL:-1538,ER:-1762,VEL:95.9,MOT:1,TILT:25.0,TRIM:0.000,ATE:0,LATCH:0,TORQ:1,CR:0.0,FX1:1.00,FY1:-151.10,FX2:-6.00,FY2:-149.60,IK1:1,IK2:1,MOVE:0
[2026-09-08 09:36:10.193] [RX] PITCH:-0.42,PID_OUT:61.24,INT:0.0902,EL:-1537,ER:-1781,VEL:87.0,MOT:1,TILT:25.0,TRIM:0.000,ATE:0,LATCH:0,TORQ:1,CR:0.0,FX1:1.00,FY1:-151.10,FX2:-6.00,FY2:-149.60,IK1:1,IK2:1,MOVE:0
[2026-09-08 09:36:10.296] [RX] PITCH:-0.61,PID_OUT:75.70,INT:0.1044,EL:-1537,ER:-1797,VEL:74.5,MOT:1,TILT:25.0,TRIM:0.000,ATE:0,LATCH:0,TORQ:1,CR:0.0,FX1:1.00,FY1:-151.10,FX2:-6.00,FY2:-149.60,IK1:1,IK2:1,MOVE:0
[2026-09-08 09:36:10.296] [RX] AX12:MODE:0,TQ:1,TL:1023,CM:1,CS:4,MS:0,MT:800
[2026-09-08 09:36:10.396] [RX] PITCH:-0.39,PID_OUT:56.16,INT:0.1151,EL:-1535,ER:-1810,VEL:76.5,MOT:1,TILT:25.0,TRIM:0.000,ATE:0,LATCH:0,TORQ:1,CR:0.0,FX1:1.00,FY1:-151.10,FX2:-6.00,FY2:-149.60,IK1:1,IK2:1,MOVE:0
[2026-09-08 09:36:10.396] [RX] SRV:1,37,0.0,0,0
[2026-09-08 09:36:10.488] [RX] PITCH:-0.54,PID_OUT:92.48,INT:0.1123,EL:-1534,ER:-1820,VEL:47.6,MOT:1,TILT:25.0,TRIM:0.000,ATE:0,LATCH:0,TORQ:1,CR:0.0,FX1:1.00,FY1:-151.10,FX2:-6.00,FY2:-149.60,IK1:1,IK2:1,MOVE:0
[2026-09-08 09:36:10.590] [RX] PITCH:-0.65,PID_OUT:82.12,INT:0.1435,EL:-1530,ER:-1868,VEL:301.0,MOT:1,TILT:25.0,TRIM:0.000,ATE:0,LATCH:0,TORQ:1,CR:0.0,FX1:1.00,FY1:-151.10,FX2:-6.00,FY2:-149.60,IK1:1,IK2:1,MOVE:0
[2026-09-08 09:36:10.690] [RX] PITCH:0.15,PID_OUT:-4.67,INT:0.1287,EL:-1525,ER:-1959,VEL:407.0,MOT:1,TILT:25.0,TRIM:0.000,ATE:0,LATCH:0,TORQ:1,CR:0.0,FX1:1.00,FY1:-151.10,FX2:-6.00,FY2:-149.60,IK1:1,IK2:1,MOVE:0
[2026-09-08 09:36:10.796] [RX] PITCH:1.11,PID_OUT:-124.18,INT:0.0190,EL:-1532,ER:-1956,VEL:20.5,MOT:1,TILT:25.0,TRIM:0.000,ATE:0,LATCH:0,TORQ:1,CR:0.0,FX1:1.00,FY1:-151.10,FX2:-6.00,FY2:-149.60,IK1:1,IK2:1,MOVE:0
[2026-09-08 09:36:10.796] [RX] AX12:MODE:0,TQ:1,TL:1023,CM:1,CS:4,MS:0,MT:800
[2026-09-08 09:36:10.890] [RX] PITCH:0.14,PID_OUT:-59.08,INT:-0.0948,EL:-1560,ER:-1944,VEL:-169.5,MOT:1,TILT:25.0,TRIM:0.000,ATE:0,LATCH:0,TORQ:1,CR:0.0,FX1:1.00,FY1:-151.10,FX2:-6.00,FY2:-149.60,IK1:1,IK2:1,MOVE:0
[2026-09-08 09:36:10.986] [RX] PITCH:-0.86,PID_OUT:-22.59,INT:-0.0824,EL:-1595,ER:-1933,VEL:-214.8,MOT:1,TILT:25.0,TRIM:0.000,ATE:0,LATCH:0,TORQ:1,CR:0.0,FX1:1.00,FY1:-151.10,FX2:-6.00,FY2:-149.60,IK1:1,IK2:1,MOVE:0
[2026-09-08 09:36:11.090] [RX] PITCH:-0.18,PID_OUT:-96.83,INT:-0.0630,EL:-1619,ER:-1926,VEL:-168.9,MOT:1,TILT:25.0,TRIM:0.000,ATE:0,LATCH:0,TORQ:1,CR:0.0,FX1:1.00,FY1:-151.10,FX2:-6.00,FY2:-149.60,IK1:1,IK2:1,MOVE:0
[2026-09-08 09:36:11.191] [RX] PITCH:-0.01,PID_OUT:-86.20,INT:-0.1123,EL:-1650,ER:-1916,VEL:-212.4,MOT:1,TILT:25.0,TRIM:0.000,ATE:0,LATCH:0,TORQ:1,CR:0.0,FX1:1.00,FY1:-151.10,FX2:-6.00,FY2:-149.60,IK1:1,IK2:1,MOVE:0
[2026-09-08 09:36:11.297] [RX] PITCH:-0.88,PID_OUT:-24.16,INT:-0.0939,EL:-1682,ER:-1903,VEL:-226.7,MOT:1,TILT:25.0,TRIM:0.000,ATE:0,LATCH:0,TORQ:1,CR:0.0,FX1:1.00,FY1:-151.10,FX2:-6.00,FY2:-149.60,IK1:1,IK2:1,MOVE:0
[2026-09-08 09:36:11.297] [RX] AX12:MODE:0,TQ:1,TL:1023,CM:1,CS:4,MS:0,MT:800
[2026-09-08 09:36:11.392] [RX] PITCH:-0.55,PID_OUT:-61.25,INT:-0.0502,EL:-1709,ER:-1894,VEL:-174.7,MOT:1,TILT:25.0,TRIM:0.000,ATE:0,LATCH:0,TORQ:1,CR:0.0,FX1:1.00,FY1:-151.10,FX2:-6.00,FY2:-149.60,IK1:1,IK2:1,MOVE:0
[2026-09-08 09:36:11.394] [RX] SRV:6,43,0.0,0,0
[2026-09-08 09:36:11.484] [RX] PITCH:0.04,PID_OUT:-88.69,INT:-0.0833,EL:-1737,ER:-1884,VEL:-190.1,MOT:1,TILT:25.0,TRIM:0.000,ATE:0,LATCH:0,TORQ:1,CR:0.0,FX1:1.00,FY1:-151.10,FX2:-6.00,FY2:-149.60,IK1:1,IK2:1,MOVE:0
[2026-09-08 09:36:11.590] [RX] PITCH:-0.56,PID_OUT:-48.17,INT:-0.1015,EL:-1771,ER:-1869,VEL:-226.6,MOT:1,TILT:25.0,TRIM:0.000,ATE:0,LATCH:0,TORQ:1,CR:0.0,FX1:1.00,FY1:-151.10,FX2:-6.00,FY2:-149.60,IK1:1,IK2:1,MOVE:0
[2026-09-08 09:36:11.689] [RX] PITCH:-0.73,PID_OUT:-39.63,INT:-0.0754,EL:-1799,ER:-1858,VEL:-189.0,MOT:1,TILT:25.0,TRIM:0.000,ATE:0,LATCH:0,TORQ:1,CR:0.0,FX1:1.00,FY1:-151.10,FX2:-6.00,FY2:-149.60,IK1:1,IK2:1,MOVE:0
[2026-09-08 09:36:11.804] [RX] PITCH:-0.40,PID_OUT:-69.30,INT:-0.0548,EL:-1827,ER:-1849,VEL:-174.9,MOT:1,TILT:25.0,TRIM:0.000,ATE:0,LATCH:0,TORQ:1,CR:0.0,FX1:1.00,FY1:-151.10,FX2:-6.00,FY2:-149.60,IK1:1,IK2:1,MOVE:0
[2026-09-08 09:36:11.804] [RX] AX12:MODE:0,TQ:1,TL:1023,CM:1,CS:4,MS:0,MT:800
[2026-09-08 09:36:11.885] [RX] PITCH:-0.01,PID_OUT:-85.60,INT:-0.0836,EL:-1858,ER:-1839,VEL:-201.5,MOT:1,TILT:25.0,TRIM:0.000,ATE:0,LATCH:0,TORQ:1,CR:0.0,FX1:1.00,FY1:-151.10,FX2:-6.00,FY2:-149.60,IK1:1,IK2:1,MOVE:0
[2026-09-08 09:36:11.987] [RX] PITCH:-0.58,PID_OUT:-39.50,INT:-0.0919,EL:-1890,ER:-1827,VEL:-215.5,MOT:1,TILT:25.0,TRIM:0.000,ATE:0,LATCH:0,TORQ:1,CR:0.0,FX1:1.00,FY1:-151.10,FX2:-6.00,FY2:-149.60,IK1:1,IK2:1,MOVE:0
[2026-09-08 09:36:12.085] [RX] PITCH:-0.58,PID_OUT:-56.77,INT:-0.0650,EL:-1919,ER:-1817,VEL:-191.1,MOT:1,TILT:25.0,TRIM:0.000,ATE:0,LATCH:0,TORQ:1,CR:0.0,FX1:1.00,FY1:-151.10,FX2:-6.00,FY2:-149.60,IK1:1,IK2:1,MOVE:0
[2026-09-08 09:36:12.188] [RX] PITCH:-0.08,PID_OUT:-81.21,INT:-0.0824,EL:-1948,ER:-1812,VEL:-176.7,MOT:1,TILT:25.0,TRIM:0.000,ATE:0,LATCH:0,TORQ:1,CR:0.0,FX1:1.00,FY1:-151.10,FX2:-6.00,FY2:-149.60,IK1:1,IK2:1,MOVE:0
[2026-09-08 09:36:12.296] [RX] PITCH:-0.77,PID_OUT:-7.42,INT:-0.0806,EL:-1978,ER:-1804,VEL:-189.6,MOT:1,TILT:25.0,TRIM:0.000,ATE:0,LATCH:0,TORQ:1,CR:0.0,FX1:1.00,FY1:-151.10,FX2:-6.00,FY2:-149.60,IK1:1,IK2:1,MOVE:0
[2026-09-08 09:36:12.297] [RX] AX12:MODE:0,TQ:1,TL:1023,CM:1,CS:4,MS:0,MT:800
[2026-09-08 09:36:12.386] [RX] PITCH:-0.87,PID_OUT:-17.31,INT:-0.0245,EL:-1984,ER:-1798,VEL:-81.6,MOT:1,TILT:25.0,TRIM:0.000,ATE:0,LATCH:0,TORQ:1,CR:0.0,FX1:1.00,FY1:-151.10,FX2:-6.00,FY2:-149.60,IK1:1,IK2:1,MOVE:0
[2026-09-08 09:36:12.386] [RX] SRV:0,36,0.0,0,0
[2026-09-08 09:36:12.486] [RX] PITCH:0.25,PID_OUT:-93.30,INT:-0.0384,EL:-1993,ER:-1794,VEL:-102.8,MOT:1,TILT:25.0,TRIM:0.000,ATE:0,LATCH:0,TORQ:1,CR:0.0,FX1:1.00,FY1:-151.10,FX2:-6.00,FY2:-149.60,IK1:1,IK2:1,MOVE:0
[2026-09-08 09:36:12.591] [RX] PITCH:-0.22,PID_OUT:-52.54,INT:-0.0932,EL:-2018,ER:-1787,VEL:-160.3,MOT:1,TILT:25.0,TRIM:0.000,ATE:0,LATCH:0,TORQ:1,CR:0.0,FX1:1.00,FY1:-151.10,FX2:-6.00,FY2:-149.60,IK1:1,IK2:1,MOVE:0
[2026-09-08 09:36:12.689] [RX] PITCH:-0.92,PID_OUT:-6.92,INT:-0.0614,EL:-2046,ER:-1779,VEL:-172.7,MOT:1,TILT:25.0,TRIM:0.000,ATE:0,LATCH:0,TORQ:1,CR:0.0,FX1:1.00,FY1:-151.10,FX2:-6.00,FY2:-149.60,IK1:1,IK2:1,MOVE:0
[2026-09-08 09:36:12.788] [RX] PITCH:-0.46,PID_OUT:-40.68,INT:-0.0295,EL:-2116,ER:-1778,VEL:-376.5,MOT:1,TILT:25.0,TRIM:0.000,ATE:0,LATCH:0,TORQ:1,CR:0.0,FX1:1.00,FY1:-151.10,FX2:-6.00,FY2:-149.60,IK1:1,IK2:1,MOVE:0
[2026-09-08 09:36:12.797] [RX] AX12:MODE:0,TQ:1,TL:1023,CM:1,CS:4,MS:0,MT:800
[2026-09-08 09:36:12.889] [RX] PITCH:-0.06,PID_OUT:-78.05,INT:-0.0479,EL:-2216,ER:-1778,VEL:-475.6,MOT:1,TILT:25.0,TRIM:0.000,ATE:0,LATCH:0,TORQ:1,CR:0.0,FX1:1.00,FY1:-151.10,FX2:-6.00,FY2:-149.60,IK1:1,IK2:1,MOVE:0
[2026-09-08 09:36:12.986] [RX] PITCH:-0.07,PID_OUT:-73.03,INT:-0.0854,EL:-2243,ER:-1777,VEL:-181.7,MOT:1,TILT:25.0,TRIM:0.000,ATE:0,LATCH:0,TORQ:1,CR:0.0,FX1:1.00,FY1:-151.10,FX2:-6.00,FY2:-149.60,IK1:1,IK2:1,MOVE:0
[2026-09-08 09:36:13.085] [RX] PITCH:-0.72,PID_OUT:-29.82,INT:-0.0815,EL:-2265,ER:-1774,VEL:-117.9,MOT:1,TILT:25.0,TRIM:0.000,ATE:0,LATCH:0,TORQ:1,CR:0.0,FX1:1.00,FY1:-151.10,FX2:-6.00,FY2:-149.60,IK1:1,IK2:1,MOVE:0
[2026-09-08 09:36:13.183] [RX] PITCH:-0.87,PID_OUT:15.35,INT:-0.0429,EL:-2265,ER:-1782,VEL:36.8,MOT:1,TILT:25.0,TRIM:0.000,ATE:0,LATCH:0,TORQ:1,CR:0.0,FX1:1.00,FY1:-151.10,FX2:-6.00,FY2:-149.60,IK1:1,IK2:1,MOVE:0
[2026-09-08 09:36:13.289] [RX] PITCH:-1.31,PID_OUT:101.07,INT:0.0259,EL:-2263,ER:-1810,VEL:80.6,MOT:1,TILT:25.0,TRIM:0.000,ATE:0,LATCH:0,TORQ:1,CR:0.0,FX1:1.00,FY1:-151.10,FX2:-6.00,FY2:-149.60,IK1:1,IK2:1,MOVE:0
[2026-09-08 09:36:13.297] [RX] AX12:MODE:0,TQ:1,TL:1023,CM:1,CS:4,MS:0,MT:800
[2026-09-08 09:36:13.388] [RX] PITCH:-0.88,PID_OUT:78.63,INT:0.1018,EL:-2256,ER:-1830,VEL:124.0,MOT:1,TILT:25.0,TRIM:0.000,ATE:0,LATCH:0,TORQ:1,CR:0.0,FX1:1.00,FY1:-151.10,FX2:-6.00,FY2:-149.60,IK1:1,IK2:1,MOVE:0
[2026-09-08 09:36:13.388] [RX] SRV:14,37,0.0,0,0
[2026-09-08 09:36:13.483] [RX] PITCH:-0.31,PID_OUT:48.74,INT:0.1096,EL:-2246,ER:-1853,VEL:150.7,MOT:1,TILT:25.0,TRIM:0.000,ATE:0,LATCH:0,TORQ:1,CR:0.0,FX1:1.00,FY1:-151.10,FX2:-6.00,FY2:-149.60,IK1:1,IK2:1,MOVE:0
[2026-09-08 09:36:13.576] [RX] PITCH:-0.41,PID_OUT:73.38,INT:0.0993,EL:-2239,ER:-1874,VEL:139.5,MOT:1,TILT:25.0,TRIM:0.000,ATE:0,LATCH:0,TORQ:1,CR:0.0,FX1:1.00,FY1:-151.10,FX2:-6.00,FY2:-149.60,IK1:1,IK2:1,MOVE:0
[2026-09-08 09:36:13.687] [RX] PITCH:-0.66,PID_OUT:81.88,INT:0.1182,EL:-2231,ER:-1895,VEL:145.3,MOT:1,TILT:25.0,TRIM:0.000,ATE:0,LATCH:0,TORQ:1,CR:0.0,FX1:1.00,FY1:-151.10,FX2:-6.00,FY2:-149.60,IK1:1,IK2:1,MOVE:0
[2026-09-08 09:36:13.789] [RX] PITCH:-0.49,PID_OUT:81.42,INT:0.1279,EL:-2221,ER:-1918,VEL:159.7,MOT:1,TILT:25.0,TRIM:0.000,ATE:0,LATCH:0,TORQ:1,CR:0.0,FX1:1.00,FY1:-151.10,FX2:-6.00,FY2:-149.60,IK1:1,IK2:1,MOVE:0
[2026-09-08 09:36:13.796] [RX] AX12:MODE:0,TQ:1,TL:1023,CM:1,CS:4,MS:0,MT:800
[2026-09-08 09:36:13.880] [RX] PITCH:-0.30,PID_OUT:61.20,INT:0.1293,EL:-2208,ER:-1940,VEL:173.1,MOT:1,TILT:25.0,TRIM:0.000,ATE:0,LATCH:0,TORQ:1,CR:0.0,FX1:1.00,FY1:-151.10,FX2:-6.00,FY2:-149.60,IK1:1,IK2:1,MOVE:0
[2026-09-08 09:36:13.981] [RX] PITCH:0.02,PID_OUT:26.07,INT:0.1036,EL:-2197,ER:-1963,VEL:169.7,MOT:1,TILT:25.0,TRIM:0.000,ATE:0,LATCH:0,TORQ:1,CR:0.0,FX1:1.00,FY1:-151.10,FX2:-6.00,FY2:-149.60,IK1:1,IK2:1,MOVE:0
[2026-09-08 09:36:14.079] [RX] PITCH:-3.11,PID_OUT:-118.27,INT:0.3174,EL:-2175,ER:-1987,VEL:258.3,MOT:1,TILT:25.0,TRIM:0.000,ATE:0,LATCH:0,TORQ:1,CR:0.0,FX1:1.00,FY1:-151.10,FX2:-6.00,FY2:-149.60,IK1:1,IK2:1,MOVE:0
[2026-09-08 09:36:14.184] [RX] PITCH:4.87,PID_OUT:-300.52,INT:-0.0874,EL:-2193,ER:-1979,VEL:-145.7,MOT:1,TILT:25.0,TRIM:0.000,ATE:0,LATCH:0,TORQ:1,CR:0.0,FX1:1.00,FY1:-151.10,FX2:-6.00,FY2:-149.60,IK1:1,IK2:1,MOVE:0
[2026-09-08 09:36:14.279] [RX] PITCH:-2.90,PID_OUT:243.24,INT:-0.1991,EL:-2255,ER:-1930,VEL:-445.8,MOT:1,TILT:25.0,TRIM:0.000,ATE:0,LATCH:0,TORQ:1,CR:0.0,FX1:1.00,FY1:-151.10,FX2:-6.00,FY2:-149.60,IK1:1,IK2:1,MOVE:0
[2026-09-08 09:36:14.293] [RX] AX12:MODE:0,TQ:1,TL:1023,CM:1,CS:4,MS:0,MT:800
[2026-09-08 09:36:14.387] [RX] PITCH:1.19,PID_OUT:-159.91,INT:-0.1238,EL:-2284,ER:-1911,VEL:-334.0,MOT:1,TILT:25.0,TRIM:0.000,ATE:0,LATCH:0,TORQ:1,CR:0.0,FX1:1.00,FY1:-151.10,FX2:-6.00,FY2:-149.60,IK1:1,IK2:1,MOVE:0
[2026-09-08 09:36:14.387] [RX] SRV:1,37,0.0,0,0
[2026-09-08 09:36:14.482] [RX] PITCH:-0.62,PID_OUT:-52.87,INT:-0.1770,EL:-2337,ER:-1867,VEL:-450.0,MOT:1,TILT:25.0,TRIM:0.000,ATE:0,LATCH:0,TORQ:1,CR:0.0,FX1:1.00,FY1:-151.10,FX2:-6.00,FY2:-149.60,IK1:1,IK2:1,MOVE:0
[2026-09-08 09:36:14.572] [RX] PITCH:-0.06,PID_OUT:-188.64,INT:-0.1568,EL:-2385,ER:-1827,VEL:-440.1,MOT:1,TILT:25.0,TRIM:0.000,ATE:0,LATCH:0,TORQ:1,CR:0.0,FX1:1.00,FY1:-151.10,FX2:-6.00,FY2:-149.60,IK1:1,IK2:1,MOVE:0
[2026-09-08 09:36:14.681] [RX] PITCH:-0.00,PID_OUT:-122.24,INT:-0.2201,EL:-2444,ER:-1782,VEL:-516.7,MOT:1,TILT:25.0,TRIM:0.000,ATE:0,LATCH:0,TORQ:1,CR:0.0,FX1:1.00,FY1:-151.10,FX2:-6.00,FY2:-149.60,IK1:1,IK2:1,MOVE:0
[2026-09-08 09:36:14.777] [RX] PITCH:-1.11,PID_OUT:-84.85,INT:-0.1917,EL:-2504,ER:-1730,VEL:-548.0,MOT:1,TILT:25.0,TRIM:0.000,ATE:0,LATCH:0,TORQ:1,CR:0.0,FX1:1.00,FY1:-151.10,FX2:-6.00,FY2:-149.60,IK1:1,IK2:1,MOVE:0
[2026-09-08 09:36:14.792] [RX] AX12:MODE:0,TQ:1,TL:1023,CM:1,CS:4,MS:0,MT:800
[2026-09-08 09:36:14.881] [RX] PITCH:-0.19,PID_OUT:-164.95,INT:-0.1644,EL:-2560,ER:-1681,VEL:-526.9,MOT:1,TILT:25.0,TRIM:0.000,ATE:0,LATCH:0,TORQ:1,CR:0.0,FX1:1.00,FY1:-151.10,FX2:-6.00,FY2:-149.60,IK1:1,IK2:1,MOVE:0
[2026-09-08 09:36:14.981] [RX] PITCH:-0.24,PID_OUT:-111.49,INT:-0.2206,EL:-2624,ER:-1626,VEL:-591.0,MOT:1,TILT:25.0,TRIM:0.000,ATE:0,LATCH:0,TORQ:1,CR:0.0,FX1:1.00,FY1:-151.10,FX2:-6.00,FY2:-149.60,IK1:1,IK2:1,MOVE:0
[2026-09-08 09:36:15.080] [RX] PITCH:-1.28,PID_OUT:-28.55,INT:-0.1854,EL:-2691,ER:-1569,VEL:-611.1,MOT:1,TILT:25.0,TRIM:0.000,ATE:0,LATCH:0,TORQ:1,CR:0.0,FX1:1.00,FY1:-151.10,FX2:-6.00,FY2:-149.60,IK1:1,IK2:1,MOVE:0
[2026-09-08 09:36:15.180] [RX] PITCH:-1.19,PID_OUT:-31.10,INT:-0.0851,EL:-2751,ER:-1518,VEL:-557.7,MOT:1,TILT:25.0,TRIM:0.000,ATE:0,LATCH:0,TORQ:1,CR:0.0,FX1:1.00,FY1:-151.10,FX2:-6.00,FY2:-149.60,IK1:1,IK2:1,MOVE:0
[2026-09-08 09:36:15.286] [RX] PITCH:0.78,PID_OUT:-200.70,INT:-0.1029,EL:-2808,ER:-1472,VEL:-526.2,MOT:1,TILT:25.0,TRIM:0.000,ATE:0,LATCH:0,TORQ:1,CR:0.0,FX1:1.00,FY1:-151.10,FX2:-6.00,FY2:-149.60,IK1:1,IK2:1,MOVE:0
[2026-09-08 09:36:15.286] [RX] AX12:MODE:0,TQ:1,TL:1023,CM:1,CS:4,MS:0,MT:800
[2026-09-08 09:36:15.377] [RX] PITCH:-0.30,PID_OUT:-91.03,INT:-0.1867,EL:-2877,ER:-1416,VEL:-617.3,MOT:1,TILT:25.0,TRIM:0.000,ATE:0,LATCH:0,TORQ:1,CR:0.0,FX1:1.00,FY1:-151.10,FX2:-6.00,FY2:-149.60,IK1:1,IK2:1,MOVE:0
[2026-09-08 09:36:15.385] [RX] SRV:6,42,0.0,0,0
[2026-09-08 09:36:15.479] [RX] PITCH:-1.61,PID_OUT:38.06,INT:-0.1339,EL:-2946,ER:-1360,VEL:-612.8,MOT:1,TILT:25.0,TRIM:0.000,ATE:0,LATCH:0,TORQ:1,CR:0.0,FX1:1.00,FY1:-151.10,FX2:-6.00,FY2:-149.60,IK1:1,IK2:1,MOVE:0
[2026-09-08 09:36:15.578] [RX] PITCH:-0.95,PID_OUT:-50.38,INT:-0.0019,EL:-3003,ER:-1324,VEL:-484.9,MOT:1,TILT:25.0,TRIM:0.000,ATE:0,LATCH:0,TORQ:1,CR:0.0,FX1:1.00,FY1:-151.10,FX2:-6.00,FY2:-149.60,IK1:1,IK2:1,MOVE:0
[2026-09-08 09:36:15.681] [RX] PITCH:0.76,PID_OUT:-139.72,INT:-0.0906,EL:-3062,ER:-1278,VEL:-540.6,MOT:1,TILT:25.0,TRIM:0.000,ATE:0,LATCH:0,TORQ:1,CR:0.0,FX1:1.00,FY1:-151.10,FX2:-6.00,FY2:-149.60,IK1:1,IK2:1,MOVE:0
[2026-09-08 09:36:15.792] [RX] PITCH:-0.60,PID_OUT:-40.16,INT:-0.1445,EL:-3129,ER:-1224,VEL:-595.3,MOT:1,TILT:25.0,TRIM:0.000,ATE:0,LATCH:0,TORQ:1,CR:0.0,FX1:1.00,FY1:-151.10,FX2:-6.00,FY2:-149.60,IK1:1,IK2:1,MOVE:0
[2026-09-08 09:36:15.792] [RX] AX12:MODE:0,TQ:1,TL:1023,CM:1,CS:4,MS:0,MT:800
[2026-09-08 09:36:15.877] [RX] PITCH:-1.33,PID_OUT:11.99,INT:-0.0741,EL:-3192,ER:-1177,VEL:-533.9,MOT:1,TILT:25.0,TRIM:0.000,ATE:0,LATCH:0,TORQ:1,CR:0.0,FX1:1.00,FY1:-151.10,FX2:-6.00,FY2:-149.60,IK1:1,IK2:1,MOVE:0
[2026-09-08 09:36:15.977] [RX] PITCH:-0.37,PID_OUT:-83.47,INT:-0.0228,EL:-3248,ER:-1138,VEL:-487.6,MOT:1,TILT:25.0,TRIM:0.000,ATE:0,LATCH:0,TORQ:1,CR:0.0,FX1:1.00,FY1:-151.10,FX2:-6.00,FY2:-149.60,IK1:1,IK2:1,MOVE:0
[2026-09-08 09:36:16.079] [RX] PITCH:0.77,PID_OUT:-145.66,INT:-0.1093,EL:-3306,ER:-1092,VEL:-524.6,MOT:1,TILT:25.0,TRIM:0.000,ATE:0,LATCH:0,TORQ:1,CR:0.0,FX1:1.00,FY1:-151.10,FX2:-6.00,FY2:-149.60,IK1:1,IK2:1,MOVE:0
[2026-09-08 09:36:16.181] [RX] PITCH:-0.46,PID_OUT:-56.88,INT:-0.1696,EL:-3372,ER:-1037,VEL:-590.5,MOT:1,TILT:25.0,TRIM:0.000,ATE:0,LATCH:0,TORQ:1,CR:0.0,FX1:1.00,FY1:-151.10,FX2:-6.00,FY2:-149.60,IK1:1,IK2:1,MOVE:0
[2026-09-08 09:36:16.278] [RX] PITCH:-2.22,PID_OUT:35.71,INT:-0.0549,EL:-3432,ER:-992,VEL:-517.1,MOT:1,TILT:25.0,TRIM:0.000,ATE:0,LATCH:0,TORQ:1,CR:0.0,FX1:1.00,FY1:-151.10,FX2:-6.00,FY2:-149.60,IK1:1,IK2:1,MOVE:0
[2026-09-08 09:36:16.286] [RX] AX12:MODE:0,TQ:1,TL:1023,CM:1,CS:4,MS:0,MT:800
[2026-09-08 09:36:16.376] [RX] PITCH:0.51,PID_OUT:-165.99,INT:-0.0299,EL:-3479,ER:-953,VEL:-453.6,MOT:1,TILT:25.0,TRIM:0.000,ATE:0,LATCH:0,TORQ:1,CR:0.0,FX1:1.00,FY1:-151.10,FX2:-6.00,FY2:-149.60,IK1:1,IK2:1,MOVE:0
[2026-09-08 09:36:16.376] [RX] SRV:0,37,0.0,0,0
[2026-09-08 09:36:16.475] [RX] PITCH:-0.11,PID_OUT:-57.24,INT:-0.1321,EL:-3539,ER:-905,VEL:-525.3,MOT:1,TILT:25.0,TRIM:0.000,ATE:0,LATCH:0,TORQ:1,CR:0.0,FX1:1.00,FY1:-151.10,FX2:-6.00,FY2:-149.60,IK1:1,IK2:1,MOVE:0
[2026-09-08 09:36:16.574] [RX] PITCH:-1.30,PID_OUT:33.27,INT:-0.0881,EL:-3596,ER:-858,VEL:-504.7,MOT:1,TILT:25.0,TRIM:0.000,ATE:0,LATCH:0,TORQ:1,CR:0.0,FX1:1.00,FY1:-151.10,FX2:-6.00,FY2:-149.60,IK1:1,IK2:1,MOVE:0
[2026-09-08 09:36:16.673] [RX] PITCH:-1.09,PID_OUT:-9.65,INT:0.0065,EL:-3643,ER:-827,VEL:-396.6,MOT:1,TILT:25.0,TRIM:0.000,ATE:0,LATCH:0,TORQ:1,CR:0.0,FX1:1.00,FY1:-151.10,FX2:-6.00,FY2:-149.60,IK1:1,IK2:1,MOVE:0
[2026-09-08 09:36:16.787] [RX] PITCH:0.92,PID_OUT:-168.89,INT:-0.0212,EL:-3687,ER:-789,VEL:-418.1,MOT:1,TILT:25.0,TRIM:0.000,ATE:0,LATCH:0,TORQ:1,CR:0.0,FX1:1.00,FY1:-151.10,FX2:-6.00,FY2:-149.60,IK1:1,IK2:1,MOVE:0
[2026-09-08 09:36:16.787] [RX] AX12:MODE:0,TQ:1,TL:1023,CM:1,CS:4,MS:0,MT:800
[2026-09-08 09:36:16.871] [RX] PITCH:0.43,PID_OUT:-124.39,INT:-0.1425,EL:-3742,ER:-742,VEL:-501.0,MOT:1,TILT:25.0,TRIM:0.000,ATE:0,LATCH:0,TORQ:1,CR:0.0,FX1:1.00,FY1:-151.10,FX2:-6.00,FY2:-149.60,IK1:1,IK2:1,MOVE:0
[2026-09-08 09:36:16.976] [RX] PITCH:-1.62,PID_OUT:58.80,INT:-0.1081,EL:-3797,ER:-694,VEL:-501.9,MOT:1,TILT:25.0,TRIM:0.000,ATE:0,LATCH:0,TORQ:1,CR:0.0,FX1:1.00,FY1:-151.10,FX2:-6.00,FY2:-149.60,IK1:1,IK2:1,MOVE:0
[2026-09-08 09:36:17.076] [RX] PITCH:-0.94,PID_OUT:-27.73,INT:0.0145,EL:-3839,ER:-660,VEL:-390.4,MOT:1,TILT:25.0,TRIM:0.000,ATE:0,LATCH:0,TORQ:1,CR:0.0,FX1:1.00,FY1:-151.10,FX2:-6.00,FY2:-149.60,IK1:1,IK2:1,MOVE:0
[2026-09-08 09:36:17.171] [RX] PITCH:1.13,PID_OUT:-181.74,INT:-0.0549,EL:-3882,ER:-624,VEL:-405.8,MOT:1,TILT:25.0,TRIM:0.000,ATE:0,LATCH:0,TORQ:1,CR:0.0,FX1:1.00,FY1:-151.10,FX2:-6.00,FY2:-149.60,IK1:1,IK2:1,MOVE:0
[2026-09-08 09:36:17.284] [RX] PITCH:-0.19,PID_OUT:-72.47,INT:-0.1380,EL:-3934,ER:-578,VEL:-481.3,MOT:1,TILT:25.0,TRIM:0.000,ATE:0,LATCH:0,TORQ:1,CR:0.0,FX1:1.00,FY1:-151.10,FX2:-6.00,FY2:-149.60,IK1:1,IK2:1,MOVE:0
[2026-09-08 09:36:17.284] [RX] AX12:MODE:0,TQ:1,TL:1023,CM:1,CS:4,MS:0,MT:800
[2026-09-08 09:36:17.380] [RX] PITCH:-1.21,PID_OUT:1.04,INT:-0.0968,EL:-3985,ER:-533,VEL:-473.0,MOT:1,TILT:25.0,TRIM:0.000,ATE:0,LATCH:0,TORQ:1,CR:0.0,FX1:1.00,FY1:-151.10,FX2:-6.00,FY2:-149.60,IK1:1,IK2:1,MOVE:0
[2026-09-08 09:36:17.380] [RX] SRV:14,37,0.0,0,0
[2026-09-08 09:36:17.473] [RX] PITCH:-0.92,PID_OUT:-31.20,INT:-0.0210,EL:-4027,ER:-506,VEL:-361.2,MOT:1,TILT:25.0,TRIM:0.000,ATE:0,LATCH:0,TORQ:1,CR:0.0,FX1:1.00,FY1:-151.10,FX2:-6.00,FY2:-149.60,IK1:1,IK2:1,MOVE:0
[2026-09-08 09:36:17.576] [RX] PITCH:0.47,PID_OUT:-131.24,INT:-0.0518,EL:-4072,ER:-471,VEL:-398.5,MOT:1,TILT:25.0,TRIM:0.000,ATE:0,LATCH:0,TORQ:1,CR:0.0,FX1:1.00,FY1:-151.10,FX2:-6.00,FY2:-149.60,IK1:1,IK2:1,MOVE:0
[2026-09-08 09:36:17.677] [RX] PITCH:-0.14,PID_OUT:-49.54,INT:-0.1522,EL:-4123,ER:-428,VEL:-465.5,MOT:1,TILT:25.0,TRIM:0.000,ATE:0,LATCH:0,TORQ:1,CR:0.0,FX1:1.00,FY1:-151.10,FX2:-6.00,FY2:-149.60,IK1:1,IK2:1,MOVE:0
[2026-09-08 09:36:17.772] [RX] PITCH:-2.01,PID_OUT:44.10,INT:-0.0552,EL:-4170,ER:-394,VEL:-398.1,MOT:1,TILT:25.0,TRIM:0.000,ATE:0,LATCH:0,TORQ:1,CR:0.0,FX1:1.00,FY1:-151.10,FX2:-6.00,FY2:-149.60,IK1:1,IK2:1,MOVE:0
[2026-09-08 09:36:17.781] [RX] AX12:MODE:0,TQ:1,TL:1023,CM:1,CS:4,MS:0,MT:800
[2026-09-08 09:36:17.871] [RX] PITCH:-0.23,PID_OUT:-97.45,INT:0.0174,EL:-4206,ER:-373,VEL:-324.7,MOT:1,TILT:25.0,TRIM:0.000,ATE:0,LATCH:0,TORQ:1,CR:0.0,FX1:1.00,FY1:-151.10,FX2:-6.00,FY2:-149.60,IK1:1,IK2:1,MOVE:0
[2026-09-08 09:36:17.972] [RX] PITCH:0.77,PID_OUT:-123.44,INT:-0.0997,EL:-4247,ER:-337,VEL:-390.3,MOT:1,TILT:25.0,TRIM:0.000,ATE:0,LATCH:0,TORQ:1,CR:0.0,FX1:1.00,FY1:-151.10,FX2:-6.00,FY2:-149.60,IK1:1,IK2:1,MOVE:0
[2026-09-08 09:36:18.073] [RX] PITCH:-0.95,PID_OUT:2.76,INT:-0.1305,EL:-4294,ER:-293,VEL:-440.7,MOT:1,TILT:25.0,TRIM:0.000,ATE:0,LATCH:0,TORQ:1,CR:0.0,FX1:1.00,FY1:-151.10,FX2:-6.00,FY2:-149.60,IK1:1,IK2:1,MOVE:0
[2026-09-08 09:36:18.176] [RX] PITCH:-1.52,PID_OUT:9.24,INT:-0.0138,EL:-4333,ER:-265,VEL:-326.7,MOT:1,TILT:25.0,TRIM:0.000,ATE:0,LATCH:0,TORQ:1,CR:0.0,FX1:1.00,FY1:-151.10,FX2:-6.00,FY2:-149.60,IK1:1,IK2:1,MOVE:0
[2026-09-08 09:36:18.282] [RX] PITCH:0.68,PID_OUT:-154.59,INT:-0.0218,EL:-4371,ER:-237,VEL:-344.7,MOT:1,TILT:25.0,TRIM:0.000,ATE:0,LATCH:0,TORQ:1,CR:0.0,FX1:1.00,FY1:-151.10,FX2:-6.00,FY2:-149.60,IK1:1,IK2:1,MOVE:0
[2026-09-08 09:36:18.282] [RX] AX12:MODE:0,TQ:1,TL:1023,CM:1,CS:4,MS:0,MT:800
[2026-09-08 09:36:18.375] [RX] PITCH:0.19,PID_OUT:-72.96,INT:-0.1303,EL:-4423,ER:-200,VEL:-432.8,MOT:1,TILT:25.0,TRIM:0.000,ATE:0,LATCH:0,TORQ:1,CR:0.0,FX1:1.00,FY1:-151.10,FX2:-6.00,FY2:-149.60,IK1:1,IK2:1,MOVE:0
[2026-09-08 09:36:18.375] [RX] SRV:1,37,0.0,0,0
[2026-09-08 09:36:18.473] [RX] PITCH:-1.32,PID_OUT:35.69,INT:-0.0966,EL:-4463,ER:-162,VEL:-382.0,MOT:1,TILT:25.0,TRIM:0.000,ATE:0,LATCH:0,TORQ:1,CR:0.0,FX1:1.00,FY1:-151.10,FX2:-6.00,FY2:-149.60,IK1:1,IK2:1,MOVE:0
[2026-09-08 09:36:18.571] [RX] PITCH:-0.93,PID_OUT:-9.77,INT:0.0025,EL:-4493,ER:-147,VEL:-237.9,MOT:1,TILT:25.0,TRIM:0.000,ATE:0,LATCH:0,TORQ:1,CR:0.0,FX1:1.00,FY1:-151.10,FX2:-6.00,FY2:-149.60,IK1:1,IK2:1,MOVE:0
[2026-09-08 09:36:18.673] [RX] PITCH:0.86,PID_OUT:-144.86,INT:-0.0373,EL:-4534,ER:-119,VEL:-339.1,MOT:1,TILT:25.0,TRIM:0.000,ATE:0,LATCH:0,TORQ:1,CR:0.0,FX1:1.00,FY1:-151.10,FX2:-6.00,FY2:-149.60,IK1:1,IK2:1,MOVE:0
[2026-09-08 09:36:18.776] [RX] PITCH:-0.11,PID_OUT:-63.96,INT:-0.1296,EL:-4580,ER:-82,VEL:-411.3,MOT:1,TILT:25.0,TRIM:0.000,ATE:0,LATCH:0,TORQ:1,CR:0.0,FX1:1.00,FY1:-151.10,FX2:-6.00,FY2:-149.60,IK1:1,IK2:1,MOVE:0
[2026-09-08 09:36:18.785] [RX] AX12:MODE:0,TQ:1,TL:1023,CM:1,CS:4,MS:0,MT:800
[2026-09-08 09:36:18.866] [RX] PITCH:-1.51,PID_OUT:38.09,INT:-0.0718,EL:-4618,ER:-54,VEL:-331.6,MOT:1,TILT:25.0,TRIM:0.000,ATE:0,LATCH:0,TORQ:1,CR:0.0,FX1:1.00,FY1:-151.10,FX2:-6.00,FY2:-149.60,IK1:1,IK2:1,MOVE:0
[2026-09-08 09:36:18.967] [RX] PITCH:-0.72,PID_OUT:-26.78,INT:0.0085,EL:-4646,ER:-38,VEL:-246.9,MOT:1,TILT:25.0,TRIM:0.000,ATE:0,LATCH:0,TORQ:1,CR:0.0,FX1:1.00,FY1:-151.10,FX2:-6.00,FY2:-149.60,IK1:1,IK2:1,MOVE:0
[2026-09-08 09:36:19.064] [RX] PITCH:0.72,PID_OUT:-132.11,INT:-0.0544,EL:-4688,ER:-12,VEL:-329.2,MOT:1,TILT:25.0,TRIM:0.000,ATE:0,LATCH:0,TORQ:1,CR:0.0,FX1:1.00,FY1:-151.10,FX2:-6.00,FY2:-149.60,IK1:1,IK2:1,MOVE:0
[2026-09-08 09:36:19.171] [RX] PITCH:-0.38,PID_OUT:-52.44,INT:-0.1181,EL:-4733,ER:23,VEL:-381.2,MOT:1,TILT:25.0,TRIM:0.000,ATE:0,LATCH:0,TORQ:1,CR:0.0,FX1:1.00,FY1:-151.10,FX2:-6.00,FY2:-149.60,IK1:1,IK2:1,MOVE:0
[2026-09-08 09:36:19.279] [RX] PITCH:-1.27,PID_OUT:44.34,INT:-0.0564,EL:-4766,ER:49,VEL:-291.8,MOT:1,TILT:25.0,TRIM:0.000,ATE:0,LATCH:0,TORQ:1,CR:0.0,FX1:1.00,FY1:-151.10,FX2:-6.00,FY2:-149.60,IK1:1,IK2:1,MOVE:0
[2026-09-08 09:36:19.279] [RX] AX12:MODE:0,TQ:1,TL:1023,CM:1,CS:4,MS:0,MT:800
[2026-09-08 09:36:19.370] [RX] PITCH:-0.62,PID_OUT:-49.15,INT:0.0108,EL:-4791,ER:64,VEL:-232.4,MOT:1,TILT:25.0,TRIM:0.000,ATE:0,LATCH:0,TORQ:1,CR:0.0,FX1:1.00,FY1:-151.10,FX2:-6.00,FY2:-149.60,IK1:1,IK2:1,MOVE:0
[2026-09-08 09:36:19.370] [RX] SRV:6,42,0.0,0,0
[2026-09-08 09:36:19.472] [RX] PITCH:0.68,PID_OUT:-139.92,INT:-0.0612,EL:-4831,ER:88,VEL:-315.0,MOT:1,TILT:25.0,TRIM:0.000,ATE:0,LATCH:0,TORQ:1,CR:0.0,FX1:1.00,FY1:-151.10,FX2:-6.00,FY2:-149.60,IK1:1,IK2:1,MOVE:0
[2026-09-08 09:36:19.571] [RX] PITCH:-0.69,PID_OUT:-16.19,INT:-0.1041,EL:-4875,ER:120,VEL:-364.4,MOT:1,TILT:25.0,TRIM:0.000,ATE:0,LATCH:0,TORQ:1,CR:0.0,FX1:1.00,FY1:-151.10,FX2:-6.00,FY2:-149.60,IK1:1,IK2:1,MOVE:0
[2026-09-08 09:36:19.671] [RX] PITCH:-1.21,PID_OUT:15.81,INT:-0.0370,EL:-4897,ER:135,VEL:-195.3,MOT:1,TILT:25.0,TRIM:0.000,ATE:0,LATCH:0,TORQ:1,CR:0.0,FX1:1.00,FY1:-151.10,FX2:-6.00,FY2:-149.60,IK1:1,IK2:1,MOVE:0
[2026-09-08 09:36:19.771] [RX] PITCH:0.00,PID_OUT:-106.25,INT:-0.0124,EL:-4926,ER:153,VEL:-237.1,MOT:1,TILT:25.0,TRIM:0.000,ATE:0,LATCH:0,TORQ:1,CR:0.0,FX1:1.00,FY1:-151.10,FX2:-6.00,FY2:-149.60,IK1:1,IK2:1,MOVE:0
[2026-09-08 09:36:19.782] [RX] AX12:MODE:0,TQ:1,TL:1023,CM:1,CS:4,MS:0,MT:800
[2026-09-08 09:36:19.871] [RX] PITCH:0.09,PID_OUT:-76.48,INT:-0.0897,EL:-4963,ER:175,VEL:-284.4,MOT:1,TILT:25.0,TRIM:0.000,ATE:0,LATCH:0,TORQ:1,CR:0.0,FX1:1.00,FY1:-151.10,FX2:-6.00,FY2:-149.60,IK1:1,IK2:1,MOVE:0
[2026-09-08 09:36:19.974] [RX] PITCH:-0.82,PID_OUT:-18.61,INT:-0.0832,EL:-5006,ER:200,VEL:-320.0,MOT:1,TILT:25.0,TRIM:0.000,ATE:0,LATCH:0,TORQ:1,CR:0.0,FX1:1.00,FY1:-151.10,FX2:-6.00,FY2:-149.60,IK1:1,IK2:1,MOVE:0
[2026-09-08 09:36:20.063] [RX] PITCH:-0.59,PID_OUT:-52.32,INT:-0.0475,EL:-5038,ER:217,VEL:-262.4,MOT:1,TILT:25.0,TRIM:0.000,ATE:0,LATCH:0,TORQ:1,CR:0.0,FX1:1.00,FY1:-151.10,FX2:-6.00,FY2:-149.60,IK1:1,IK2:1,MOVE:0
[2026-09-08 09:36:20.175] [RX] PITCH:0.08,PID_OUT:-105.11,INT:-0.0748,EL:-5075,ER:232,VEL:-263.3,MOT:1,TILT:25.0,TRIM:0.000,ATE:0,LATCH:0,TORQ:1,CR:0.0,FX1:1.00,FY1:-151.10,FX2:-6.00,FY2:-149.60,IK1:1,IK2:1,MOVE:0
[2026-09-08 09:36:20.276] [RX] PITCH:-0.57,PID_OUT:-47.01,INT:-0.0913,EL:-5118,ER:250,VEL:-300.5,MOT:1,TILT:25.0,TRIM:0.000,ATE:0,LATCH:0,TORQ:1,CR:0.0,FX1:1.00,FY1:-151.10,FX2:-6.00,FY2:-149.60,IK1:1,IK2:1,MOVE:0
[2026-09-08 09:36:20.276] [RX] AX12:MODE:0,TQ:1,TL:1023,CM:1,CS:4,MS:0,MT:800
[2026-09-08 09:36:20.370] [RX] PITCH:-0.47,PID_OUT:-59.78,INT:-0.0745,EL:-5158,ER:264,VEL:-275.1,MOT:1,TILT:25.0,TRIM:0.000,ATE:0,LATCH:0,TORQ:1,CR:0.0,FX1:1.00,FY1:-151.10,FX2:-6.00,FY2:-149.60,IK1:1,IK2:1,MOVE:0
[2026-09-08 09:36:20.370] [RX] SRV:0,37,0.0,0,0
[2026-09-08 09:36:20.470] [RX] PITCH:-0.33,PID_OUT:-73.86,INT:-0.0757,EL:-5196,ER:276,VEL:-253.8,MOT:1,TILT:25.0,TRIM:0.000,ATE:0,LATCH:0,TORQ:1,CR:0.0,FX1:1.00,FY1:-151.10,FX2:-6.00,FY2:-149.60,IK1:1,IK2:1,MOVE:0
[2026-09-08 09:36:20.569] [RX] PITCH:-0.23,PID_OUT:-75.30,INT:-0.0887,EL:-5235,ER:289,VEL:-260.9,MOT:1,TILT:25.0,TRIM:0.000,ATE:0,LATCH:0,TORQ:1,CR:0.0,FX1:1.00,FY1:-151.10,FX2:-6.00,FY2:-149.60,IK1:1,IK2:1,MOVE:0
[2026-09-08 09:36:20.668] [RX] PITCH:-0.57,PID_OUT:-48.75,INT:-0.0913,EL:-5273,ER:302,VEL:-253.4,MOT:1,TILT:25.0,TRIM:0.000,ATE:0,LATCH:0,TORQ:1,CR:0.0,FX1:1.00,FY1:-151.10,FX2:-6.00,FY2:-149.60,IK1:1,IK2:1,MOVE:0
[2026-09-08 09:36:20.771] [RX] PITCH:-0.53,PID_OUT:-52.99,INT:-0.0730,EL:-5309,ER:314,VEL:-238.2,MOT:1,TILT:25.0,TRIM:0.000,ATE:0,LATCH:0,TORQ:1,CR:0.0,FX1:1.00,FY1:-151.10,FX2:-6.00,FY2:-149.60,IK1:1,IK2:1,MOVE:0
[2026-09-08 09:36:20.778] [RX] AX12:MODE:0,TQ:1,TL:1023,CM:1,CS:4,MS:0,MT:800
[2026-09-08 09:36:20.861] [RX] PITCH:-0.36,PID_OUT:-73.37,INT:-0.0655,EL:-5340,ER:325,VEL:-212.4,MOT:1,TILT:25.0,TRIM:0.000,ATE:0,LATCH:0,TORQ:1,CR:0.0,FX1:1.00,FY1:-151.10,FX2:-6.00,FY2:-149.60,IK1:1,IK2:1,MOVE:0
[2026-09-08 09:36:20.969] [RX] PITCH:-0.22,PID_OUT:-65.24,INT:-0.0886,EL:-5370,ER:336,VEL:-205.3,MOT:1,TILT:25.0,TRIM:0.000,ATE:0,LATCH:0,TORQ:1,CR:0.0,FX1:1.00,FY1:-151.10,FX2:-6.00,FY2:-149.60,IK1:1,IK2:1,MOVE:0
[2026-09-08 09:36:21.067] [RX] PITCH:-0.43,PID_OUT:-60.84,INT:-0.0864,EL:-5402,ER:348,VEL:-210.5,MOT:1,TILT:25.0,TRIM:0.000,ATE:0,LATCH:0,TORQ:1,CR:0.0,FX1:1.00,FY1:-151.10,FX2:-6.00,FY2:-149.60,IK1:1,IK2:1,MOVE:0
[2026-09-08 09:36:21.173] [RX] PITCH:-0.50,PID_OUT:-54.13,INT:-0.0754,EL:-5434,ER:356,VEL:-201.8,MOT:1,TILT:25.0,TRIM:0.000,ATE:0,LATCH:0,TORQ:1,CR:0.0,FX1:1.00,FY1:-151.10,FX2:-6.00,FY2:-149.60,IK1:1,IK2:1,MOVE:0
[2026-09-08 09:36:21.273] [RX] PITCH:-0.42,PID_OUT:-56.24,INT:-0.0659,EL:-5462,ER:363,VEL:-186.5,MOT:1,TILT:25.0,TRIM:0.000,ATE:0,LATCH:0,TORQ:1,CR:0.0,FX1:1.00,FY1:-151.10,FX2:-6.00,FY2:-149.60,IK1:1,IK2:1,MOVE:0
[2026-09-08 09:36:21.280] [RX] AX12:MODE:0,TQ:1,TL:1023,CM:1,CS:4,MS:0,MT:800
[2026-09-08 09:36:21.371] [RX] PITCH:-0.38,PID_OUT:-57.94,INT:-0.0650,EL:-5482,ER:369,VEL:-137.7,MOT:1,TILT:25.0,TRIM:0.000,ATE:0,LATCH:0,TORQ:1,CR:0.0,FX1:1.00,FY1:-151.10,FX2:-6.00,FY2:-149.60,IK1:1,IK2:1,MOVE:0
[2026-09-08 09:36:21.371] [RX] SRV:14,37,0.0,0,0
[2026-09-08 09:36:21.460] [RX] PITCH:-0.35,PID_OUT:-56.51,INT:-0.0717,EL:-5506,ER:374,VEL:-143.5,MOT:1,TILT:25.0,TRIM:0.000,ATE:0,LATCH:0,TORQ:1,CR:0.0,FX1:1.00,FY1:-151.10,FX2:-6.00,FY2:-149.60,IK1:1,IK2:1,MOVE:0
[2026-09-08 09:36:21.568] [RX] PITCH:-0.56,PID_OUT:-37.77,INT:-0.0655,EL:-5521,ER:377,VEL:-80.8,MOT:1,TILT:25.0,TRIM:0.000,ATE:0,LATCH:0,TORQ:1,CR:0.0,FX1:1.00,FY1:-151.10,FX2:-6.00,FY2:-149.60,IK1:1,IK2:1,MOVE:0
[2026-09-08 09:36:21.667] [RX] PITCH:-0.64,PID_OUT:-20.15,INT:-0.0456,EL:-5521,ER:379,VEL:-21.6,MOT:1,TILT:25.0,TRIM:0.000,ATE:0,LATCH:0,TORQ:1,CR:0.0,FX1:1.00,FY1:-151.10,FX2:-6.00,FY2:-149.60,IK1:1,IK2:1,MOVE:0
[2026-09-08 09:36:21.767] [RX] PITCH:-0.73,PID_OUT:13.73,INT:-0.0160,EL:-5521,ER:379,VEL:-4.2,MOT:1,TILT:25.0,TRIM:0.000,ATE:0,LATCH:0,TORQ:1,CR:0.0,FX1:1.00,FY1:-151.10,FX2:-6.00,FY2:-149.60,IK1:1,IK2:1,MOVE:0
[2026-09-08 09:36:21.775] [RX] AX12:MODE:0,TQ:1,TL:1023,CM:1,CS:4,MS:0,MT:800
[2026-09-08 09:36:21.868] [RX] PITCH:-0.97,PID_OUT:73.53,INT:0.0286,EL:-5521,ER:363,VEL:101.6,MOT:1,TILT:25.0,TRIM:0.000,ATE:0,LATCH:0,TORQ:1,CR:0.0,FX1:1.00,FY1:-151.10,FX2:-6.00,FY2:-149.60,IK1:1,IK2:1,MOVE:0
[2026-09-08 09:36:21.963] [RX] PITCH:-0.95,PID_OUT:93.50,INT:0.0941,EL:-5516,ER:344,VEL:127.1,MOT:1,TILT:25.0,TRIM:0.000,ATE:0,LATCH:0,TORQ:1,CR:0.0,FX1:1.00,FY1:-151.10,FX2:-6.00,FY2:-149.60,IK1:1,IK2:1,MOVE:0
[2026-09-08 09:36:22.061] [RX] PITCH:-0.39,PID_OUT:62.93,INT:0.1177,EL:-5509,ER:325,VEL:140.1,MOT:1,TILT:25.0,TRIM:0.000,ATE:0,LATCH:0,TORQ:1,CR:0.0,FX1:1.00,FY1:-151.10,FX2:-6.00,FY2:-149.60,IK1:1,IK2:1,MOVE:0
[2026-09-08 09:36:22.161] [RX] PITCH:-0.30,PID_OUT:59.49,INT:0.1137,EL:-5502,ER:309,VEL:124.8,MOT:1,TILT:25.0,TRIM:0.000,ATE:0,LATCH:0,TORQ:1,CR:0.0,FX1:1.00,FY1:-151.10,FX2:-6.00,FY2:-149.60,IK1:1,IK2:1,MOVE:0
[2026-09-08 09:36:22.276] [RX] PITCH:1.86,PID_OUT:28.16,INT:-0.0119,EL:-5497,ER:300,VEL:59.1,MOT:1,TILT:25.0,TRIM:0.000,ATE:0,LATCH:0,TORQ:1,CR:0.0,FX1:1.00,FY1:-151.10,FX2:-6.00,FY2:-149.60,IK1:1,IK2:1,MOVE:0
[2026-09-08 09:36:22.278] [RX] AX12:MODE:0,TQ:1,TL:1023,CM:1,CS:4,MS:0,MT:800
[2026-09-08 09:36:22.369] [RX] PITCH:-5.49,PID_OUT:568.08,INT:0.0081,EL:-5481,ER:294,VEL:142.6,MOT:1,TILT:25.0,TRIM:0.000,ATE:0,LATCH:0,TORQ:1,CR:0.0,FX1:1.00,FY1:-151.10,FX2:-6.00,FY2:-149.60,IK1:1,IK2:1,MOVE:0
[2026-09-08 09:36:22.369] [RX] SRV:1,37,0.0,0,0
[2026-09-08 09:36:22.464] [RX] PITCH:-2.62,PID_OUT:246.01,INT:0.4890,EL:-5406,ER:229,VEL:652.6,MOT:1,TILT:25.0,TRIM:0.000,ATE:0,LATCH:0,TORQ:1,CR:0.0,FX1:1.00,FY1:-151.10,FX2:-6.00,FY2:-149.60,IK1:1,IK2:1,MOVE:0
[2026-09-08 09:36:22.564] [RX] PITCH:3.78,PID_OUT:-196.35,INT:0.3361,EL:-5319,ER:144,VEL:767.8,MOT:1,TILT:25.0,TRIM:0.000,ATE:0,LATCH:0,TORQ:1,CR:0.0,FX1:1.00,FY1:-151.10,FX2:-6.00,FY2:-149.60,IK1:1,IK2:1,MOVE:0
[2026-09-08 09:36:22.664] [RX] PITCH:-3.02,PID_OUT:443.74,INT:0.2317,EL:-5271,ER:93,VEL:601.4,MOT:1,TILT:25.0,TRIM:0.000,ATE:0,LATCH:0,TORQ:1,CR:0.0,FX1:1.00,FY1:-151.10,FX2:-6.00,FY2:-149.60,IK1:1,IK2:1,MOVE:0
[2026-09-08 09:36:22.776] [RX] PITCH:0.02,PID_OUT:21.93,INT:0.4281,EL:-5173,ER:-2,VEL:929.7,MOT:1,TILT:25.0,TRIM:0.000,ATE:0,LATCH:0,TORQ:1,CR:0.0,FX1:1.00,FY1:-151.10,FX2:-6.00,FY2:-149.60,IK1:1,IK2:1,MOVE:0
[2026-09-08 09:36:22.776] [RX] AX12:MODE:0,TQ:1,TL:1023,CM:1,CS:4,MS:0,MT:800
[2026-09-08 09:36:22.861] [RX] PITCH:2.35,PID_OUT:-49.02,INT:0.2338,EL:-5080,ER:-97,VEL:903.0,MOT:1,TILT:25.0,TRIM:0.000,ATE:0,LATCH:0,TORQ:1,CR:0.0,FX1:1.00,FY1:-151.10,FX2:-6.00,FY2:-149.60,IK1:1,IK2:1,MOVE:0
[2026-09-08 09:36:22.965] [RX] PITCH:-2.06,PID_OUT:274.82,INT:0.1664,EL:-5005,ER:-179,VEL:823.1,MOT:1,TILT:25.0,TRIM:0.000,ATE:0,LATCH:0,TORQ:1,CR:0.0,FX1:1.00,FY1:-151.10,FX2:-6.00,FY2:-149.60,IK1:1,IK2:1,MOVE:0
[2026-09-08 09:36:23.065] [RX] PITCH:-0.28,PID_OUT:117.22,INT:0.2518,EL:-4904,ER:-278,VEL:970.3,MOT:1,TILT:25.0,TRIM:0.000,ATE:0,LATCH:0,TORQ:1,CR:0.0,FX1:1.00,FY1:-151.10,FX2:-6.00,FY2:-149.60,IK1:1,IK2:1,MOVE:0
[2026-09-08 09:36:23.163] [RX] PITCH:-0.23,PID_OUT:165.95,INT:0.2498,EL:-4804,ER:-376,VEL:985.2,MOT:1,TILT:25.0,TRIM:0.000,ATE:0,LATCH:0,TORQ:1,CR:0.0,FX1:1.00,FY1:-151.10,FX2:-6.00,FY2:-149.60,IK1:1,IK2:1,MOVE:0
[2026-09-08 09:36:23.263] [RX] PITCH:-1.36,PID_OUT:240.66,INT:0.2902,EL:-4702,ER:-477,VEL:1018.5,MOT:1,TILT:25.0,TRIM:0.000,ATE:0,LATCH:0,TORQ:1,CR:0.0,FX1:1.00,FY1:-151.10,FX2:-6.00,FY2:-149.60,IK1:1,IK2:1,MOVE:0
[2026-09-08 09:36:23.268] [RX] AX12:MODE:0,TQ:1,TL:1023,CM:1,CS:4,MS:0,MT:800
[2026-09-08 09:36:23.360] [RX] PITCH:0.84,PID_OUT:29.14,INT:0.3186,EL:-4589,ER:-589,VEL:1104.0,MOT:1,TILT:25.0,TRIM:0.000,ATE:0,LATCH:0,TORQ:1,CR:0.0,FX1:1.00,FY1:-151.10,FX2:-6.00,FY2:-149.60,IK1:1,IK2:1,MOVE:0
[2026-09-08 09:36:23.360] [RX] SRV:6,42,0.0,0,0
[2026-09-08 09:36:23.458] [RX] PITCH:1.55,PID_OUT:102.03,INT:0.0764,EL:-4506,ER:-687,VEL:908.4,MOT:1,TILT:25.0,TRIM:0.000,ATE:0,LATCH:0,TORQ:1,CR:0.0,FX1:1.00,FY1:-151.10,FX2:-6.00,FY2:-149.60,IK1:1,IK2:1,MOVE:0
[2026-09-08 09:36:23.565] [RX] PITCH:-3.72,PID_OUT:388.00,INT:0.2095,EL:-4412,ER:-782,VEL:971.5,MOT:1,TILT:25.0,TRIM:0.000,ATE:0,LATCH:0,TORQ:1,CR:0.0,FX1:1.00,FY1:-151.10,FX2:-6.00,FY2:-149.60,IK1:1,IK2:1,MOVE:0
[2026-09-08 09:36:23.665] [RX] PITCH:-1.22,PID_OUT:156.15,INT:0.4395,EL:-4287,ER:-905,VEL:1210.9,MOT:1,TILT:25.0,TRIM:0.000,ATE:0,LATCH:0,TORQ:1,CR:0.0,FX1:1.00,FY1:-151.10,FX2:-6.00,FY2:-149.60,IK1:1,IK2:1,MOVE:0
[2026-09-08 09:36:23.768] [RX] PITCH:4.32,PID_OUT:-65.28,INT:0.1820,EL:-4181,ER:-1018,VEL:1039.2,MOT:1,TILT:25.0,TRIM:0.000,ATE:0,LATCH:0,TORQ:1,CR:0.0,FX1:1.00,FY1:-151.10,FX2:-6.00,FY2:-149.60,IK1:1,IK2:1,MOVE:0
[2026-09-08 09:36:23.768] [RX] AX12:MODE:0,TQ:1,TL:1023,CM:1,CS:4,MS:0,MT:800
[2026-09-08 09:36:23.859] [RX] PITCH:-6.48,PID_OUT:873.25,INT:0.2862,EL:-4107,ER:-1095,VEL:867.7,MOT:1,TILT:25.0,TRIM:0.000,ATE:0,LATCH:0,TORQ:1,CR:0.0,FX1:1.00,FY1:-151.10,FX2:-6.00,FY2:-149.60,IK1:1,IK2:1,MOVE:0
[2026-09-08 09:36:23.965] [RX] PITCH:-7.86,PID_OUT:1256.66,INT:0.9936,EL:-3994,ER:-1206,VEL:1094.8,MOT:1,TILT:25.0,TRIM:0.000,ATE:0,LATCH:0,TORQ:1,CR:0.0,FX1:1.00,FY1:-151.10,FX2:-6.00,FY2:-149.60,IK1:1,IK2:1,MOVE:0
[2026-09-08 09:36:24.060] [RX] PITCH:-4.82,PID_OUT:1408.95,INT:1.5481,EL:-3863,ER:-1335,VEL:1270.2,MOT:1,TILT:25.0,TRIM:0.000,ATE:0,LATCH:0,TORQ:1,CR:0.0,FX1:1.00,FY1:-151.10,FX2:-6.00,FY2:-149.60,IK1:1,IK2:1,MOVE:0
[2026-09-08 09:36:24.162] [RX] PITCH:-3.77,PID_OUT:1431.66,INT:1.7192,EL:-3723,ER:-1473,VEL:1369.4,MOT:1,TILT:25.0,TRIM:0.000,ATE:0,LATCH:0,TORQ:1,CR:0.0,FX1:1.00,FY1:-151.10,FX2:-6.00,FY2:-149.60,IK1:1,IK2:1,MOVE:0
[2026-09-08 09:36:24.263] [RX] PITCH:-1.87,PID_OUT:1315.59,INT:1.7192,EL:-3579,ER:-1616,VEL:1421.3,MOT:1,TILT:25.0,TRIM:0.000,ATE:0,LATCH:0,TORQ:1,CR:0.0,FX1:1.00,FY1:-151.10,FX2:-6.00,FY2:-149.60,IK1:1,IK2:1,MOVE:0
[2026-09-08 09:36:24.272] [RX] AX12:MODE:0,TQ:1,TL:1023,CM:1,CS:4,MS:0,MT:800
[2026-09-08 09:36:24.367] [RX] PITCH:-1.55,PID_OUT:1325.64,INT:1.7192,EL:-3433,ER:-1761,VEL:1445.7,MOT:1,TILT:25.0,TRIM:0.000,ATE:0,LATCH:0,TORQ:1,CR:0.0,FX1:1.00,FY1:-151.10,FX2:-6.00,FY2:-149.60,IK1:1,IK2:1,MOVE:0
[2026-09-08 09:36:24.367] [RX] SRV:0,37,0.0,0,0
[2026-09-08 09:36:24.464] [RX] PITCH:-3.94,PID_OUT:1596.27,INT:1.7192,EL:-3285,ER:-1908,VEL:1466.8,MOT:1,TILT:25.0,TRIM:0.000,ATE:0,LATCH:0,TORQ:1,CR:0.0,FX1:1.00,FY1:-151.10,FX2:-6.00,FY2:-149.60,IK1:1,IK2:1,MOVE:0
[2026-09-08 09:36:24.558] [RX] PITCH:-6.66,PID_OUT:1845.02,INT:1.7192,EL:-3139,ER:-2054,VEL:1458.6,MOT:1,TILT:25.0,TRIM:0.000,ATE:0,LATCH:0,TORQ:1,CR:0.0,FX1:1.00,FY1:-151.10,FX2:-6.00,FY2:-149.60,IK1:1,IK2:1,MOVE:0
[2026-09-08 09:36:24.664] [RX] PITCH:-13.06,PID_OUT:1946.27,INT:1.7192,EL:-2987,ER:-2207,VEL:1523.5,MOT:1,TILT:25.0,TRIM:0.000,ATE:0,LATCH:0,TORQ:1,CR:0.0,FX1:1.00,FY1:-151.10,FX2:-6.00,FY2:-149.60,IK1:1,IK2:1,MOVE:0
[2026-09-08 09:36:24.762] [RX] PITCH:-5.11,PID_OUT:1057.21,INT:1.7192,EL:-2833,ER:-2369,VEL:1573.1,MOT:1,TILT:25.0,TRIM:0.000,ATE:0,LATCH:0,TORQ:1,CR:0.0,FX1:1.00,FY1:-151.10,FX2:-6.00,FY2:-149.60,IK1:1,IK2:1,MOVE:0
[2026-09-08 09:36:24.770] [RX] AX12:MODE:0,TQ:1,TL:1023,CM:1,CS:4,MS:0,MT:800
[2026-09-08 09:36:24.861] [RX] PITCH:4.35,PID_OUT:-180.79,INT:1.5600,EL:-2673,ER:-2535,VEL:1625.2,MOT:1,TILT:25.0,TRIM:0.000,ATE:0,LATCH:0,TORQ:1,CR:0.0,FX1:1.00,FY1:-151.10,FX2:-6.00,FY2:-149.60,IK1:1,IK2:1,MOVE:0
[2026-09-08 09:36:24.930] [RX] SAFETY:CUTOFF
--------------------------------------------------------------------------------
[2026-09-08 09:36:24.930] [SYS] Session Stopped: SAFETY CUTOFF
Total Duration: 37.18s | Total Lines Captured: 495
================================================================================
