================================================================================
SERIAL MONITOR BACKUP LOG
Port: COM13 | Baud: 115200
Session Started: 2026-09-08 13:39:52
Trigger Reason: Motors ENABLED
Last IMU Calibration: No calibration recorded in this session
Active FW Parameters: Kp=78.0, Ki=650.0, Kd=3.52, pitchOffset=-1.291, targetAngle=0.0, alpha=0.96, maxSafeTilt=25.0, Ki_trim=0.0, crouchOffset=0.0, Kp_vel=0.0
================================================================================
[Timestamp]                [Dir]  Payload
--------------------------------------------------------------------------------
[2026-09-08 13:39:52.098] [RX] Motors ENABLED
[2026-09-08 13:39:52.159] [RX] PITCH:2.12,PID_OUT:-140.79,INT:-0.0438,EL:0,ER:0,VEL:0.0,MOT:1,TILT:25.0,TRIM:0.000,ATE:1,LATCH:0,TORQ:1,CR:0.0,FX1:1.00,FY1:-151.10,FX2:-6.00,FY2:-149.60,IK1:1,IK2:1,MOVE:0
[2026-09-08 13:39:52.261] [RX] PITCH:-1.36,PID_OUT:100.67,INT:-0.0630,EL:-18,ER:0,VEL:-44.5,MOT:1,TILT:25.0,TRIM:0.000,ATE:1,LATCH:0,TORQ:1,CR:0.0,FX1:1.00,FY1:-151.10,FX2:-6.00,FY2:-149.60,IK1:1,IK2:1,MOVE:0
[2026-09-08 13:39:52.272] [RX] AX12:MODE:0,TQ:1,TL:1023,CM:1,CS:4,MS:0,MT:800
[2026-09-08 13:39:52.362] [RX] PITCH:-1.04,PID_OUT:18.50,INT:0.0985,EL:-8,ER:-21,VEL:140.6,MOT:1,TILT:25.0,TRIM:0.000,ATE:1,LATCH:0,TORQ:1,CR:0.0,FX1:1.00,FY1:-151.10,FX2:-6.00,FY2:-149.60,IK1:1,IK2:1,MOVE:0
[2026-09-08 13:39:52.362] [RX] SRV:0,43,0.0,0,0
[2026-09-08 13:39:52.459] [RX] PITCH:1.30,PID_OUT:-130.05,INT:0.0428,EL:-11,ER:-27,VEL:23.1,MOT:1,TILT:25.0,TRIM:0.000,ATE:1,LATCH:0,TORQ:1,CR:0.0,FX1:1.00,FY1:-151.10,FX2:-6.00,FY2:-149.60,IK1:1,IK2:1,MOVE:0
[2026-09-08 13:39:52.558] [RX] PITCH:1.09,PID_OUT:-114.36,INT:-0.0952,EL:-47,ER:-18,VEL:-179.2,MOT:1,TILT:25.0,TRIM:0.000,ATE:1,LATCH:0,TORQ:1,CR:0.0,FX1:1.00,FY1:-151.10,FX2:-6.00,FY2:-149.60,IK1:1,IK2:1,MOVE:0
[2026-09-08 13:39:52.658] [RX] PITCH:0.16,PID_OUT:-67.08,INT:-0.0985,EL:-82,ER:-2,VEL:-232.3,MOT:1,TILT:25.0,TRIM:0.000,ATE:1,LATCH:0,TORQ:1,CR:0.0,FX1:1.00,FY1:-151.10,FX2:-6.00,FY2:-149.60,IK1:1,IK2:1,MOVE:0
[2026-09-08 13:39:52.769] [RX] PITCH:0.45,PID_OUT:-76.16,INT:-0.0985,EL:-115,ER:14,VEL:-250.7,MOT:1,TILT:25.0,TRIM:0.000,ATE:1,LATCH:0,TORQ:1,CR:0.0,FX1:1.00,FY1:-151.10,FX2:-6.00,FY2:-149.60,IK1:1,IK2:1,MOVE:0
[2026-09-08 13:39:52.769] [RX] AX12:MODE:0,TQ:1,TL:1023,CM:1,CS:4,MS:0,MT:800
[2026-09-08 13:39:52.856] [RX] PITCH:0.29,PID_OUT:-22.65,INT:-0.0985,EL:-150,ER:31,VEL:-254.8,MOT:1,TILT:25.0,TRIM:0.000,ATE:1,LATCH:0,TORQ:1,CR:0.0,FX1:1.00,FY1:-151.10,FX2:-6.00,FY2:-149.60,IK1:1,IK2:1,MOVE:0
[2026-09-08 13:39:52.957] [RX] PITCH:-1.20,PID_OUT:155.85,INT:-0.0688,EL:-166,ER:35,VEL:-117.8,MOT:1,TILT:25.0,TRIM:0.000,ATE:1,LATCH:0,TORQ:1,CR:0.0,FX1:1.00,FY1:-151.10,FX2:-6.00,FY2:-149.60,IK1:1,IK2:1,MOVE:0
[2026-09-08 13:39:53.058] [RX] PITCH:-1.28,PID_OUT:175.06,INT:0.0395,EL:-164,ER:22,VEL:45.5,MOT:1,TILT:25.0,TRIM:0.000,ATE:1,LATCH:0,TORQ:1,CR:0.0,FX1:1.00,FY1:-151.10,FX2:-6.00,FY2:-149.60,IK1:1,IK2:1,MOVE:0
[2026-09-08 13:39:53.156] [RX] PITCH:-0.70,PID_OUT:126.15,INT:0.0985,EL:-143,ER:-4,VEL:216.4,MOT:1,TILT:25.0,TRIM:0.000,ATE:1,LATCH:0,TORQ:1,CR:0.0,FX1:1.00,FY1:-151.10,FX2:-6.00,FY2:-149.60,IK1:1,IK2:1,MOVE:0
[2026-09-08 13:39:53.259] [RX] PITCH:-1.92,PID_OUT:145.74,INT:0.0985,EL:-113,ER:-45,VEL:336.0,MOT:1,TILT:25.0,TRIM:0.000,ATE:1,LATCH:0,TORQ:1,CR:0.0,FX1:1.00,FY1:-151.10,FX2:-6.00,FY2:-149.60,IK1:1,IK2:1,MOVE:0
[2026-09-08 13:39:53.266] [RX] AX12:MODE:0,TQ:1,TL:1023,CM:1,CS:4,MS:0,MT:800
[2026-09-08 13:39:53.359] [RX] PITCH:-1.62,PID_OUT:1.06,INT:0.0985,EL:-73,ER:-82,VEL:371.7,MOT:1,TILT:25.0,TRIM:0.000,ATE:1,LATCH:0,TORQ:1,CR:0.0,FX1:1.00,FY1:-151.10,FX2:-6.00,FY2:-149.60,IK1:1,IK2:1,MOVE:0
[2026-09-08 13:39:53.359] [RX] SRV:14,49,6.3,0,0
[2026-09-08 13:39:53.457] [RX] PITCH:1.05,PID_OUT:-99.30,INT:0.0642,EL:-54,ER:-102,VEL:196.8,MOT:1,TILT:25.0,TRIM:0.000,ATE:1,LATCH:0,TORQ:1,CR:0.0,FX1:1.00,FY1:-151.10,FX2:-6.00,FY2:-149.60,IK1:1,IK2:1,MOVE:0
[2026-09-08 13:39:53.556] [RX] PITCH:-0.02,PID_OUT:-90.30,INT:0.0822,EL:-53,ER:-102,VEL:40.5,MOT:1,TILT:25.0,TRIM:0.000,ATE:1,LATCH:0,TORQ:1,CR:0.0,FX1:1.00,FY1:-151.10,FX2:-6.00,FY2:-149.60,IK1:1,IK2:1,MOVE:0
[2026-09-08 13:39:53.654] [RX] PITCH:1.41,PID_OUT:-86.00,INT:-0.0887,EL:-73,ER:-86,VEL:-188.1,MOT:1,TILT:25.0,TRIM:0.000,ATE:1,LATCH:0,TORQ:1,CR:0.0,FX1:1.00,FY1:-151.10,FX2:-6.00,FY2:-149.60,IK1:1,IK2:1,MOVE:0
[2026-09-08 13:39:53.770] [RX] PITCH:1.08,PID_OUT:-99.75,INT:-0.0985,EL:-112,ER:-55,VEL:-313.6,MOT:1,TILT:25.0,TRIM:0.000,ATE:1,LATCH:0,TORQ:1,CR:0.0,FX1:1.00,FY1:-151.10,FX2:-6.00,FY2:-149.60,IK1:1,IK2:1,MOVE:0
[2026-09-08 13:39:53.770] [RX] AX12:MODE:0,TQ:1,TL:1023,CM:1,CS:4,MS:0,MT:800
[2026-09-08 13:39:53.854] [RX] PITCH:0.82,PID_OUT:0.19,INT:-0.0985,EL:-148,ER:-24,VEL:-329.8,MOT:1,TILT:25.0,TRIM:0.000,ATE:1,LATCH:0,TORQ:1,CR:0.0,FX1:1.00,FY1:-151.10,FX2:-6.00,FY2:-149.60,IK1:1,IK2:1,MOVE:0
[2026-09-08 13:39:53.956] [RX] PITCH:-1.12,PID_OUT:104.53,INT:-0.0521,EL:-174,ER:-11,VEL:-195.7,MOT:1,TILT:25.0,TRIM:0.000,ATE:1,LATCH:0,TORQ:1,CR:0.0,FX1:1.00,FY1:-151.10,FX2:-6.00,FY2:-149.60,IK1:1,IK2:1,MOVE:0
[2026-09-08 13:39:54.054] [RX] PITCH:-0.67,PID_OUT:121.15,INT:0.0121,EL:-176,ER:-16,VEL:-29.9,MOT:1,TILT:25.0,TRIM:0.000,ATE:1,LATCH:0,TORQ:1,CR:0.0,FX1:1.00,FY1:-151.10,FX2:-6.00,FY2:-149.60,IK1:1,IK2:1,MOVE:0
[2026-09-08 13:39:54.154] [RX] PITCH:-1.10,PID_OUT:134.48,INT:0.0985,EL:-162,ER:-34,VEL:153.1,MOT:1,TILT:25.0,TRIM:0.000,ATE:1,LATCH:0,TORQ:1,CR:0.0,FX1:1.00,FY1:-151.10,FX2:-6.00,FY2:-149.60,IK1:1,IK2:1,MOVE:0
[2026-09-08 13:39:54.255] [RX] PITCH:-1.37,PID_OUT:95.11,INT:0.0985,EL:-135,ER:-71,VEL:292.5,MOT:1,TILT:25.0,TRIM:0.000,ATE:1,LATCH:0,TORQ:1,CR:0.0,FX1:1.00,FY1:-151.10,FX2:-6.00,FY2:-149.60,IK1:1,IK2:1,MOVE:0
[2026-09-08 13:39:54.262] [RX] AX12:MODE:0,TQ:1,TL:1023,CM:1,CS:4,MS:0,MT:800
[2026-09-08 13:39:54.354] [RX] PITCH:-1.20,PID_OUT:43.65,INT:0.0985,EL:-105,ER:-113,VEL:339.7,MOT:1,TILT:25.0,TRIM:0.000,ATE:1,LATCH:0,TORQ:1,CR:0.0,FX1:1.00,FY1:-151.10,FX2:-6.00,FY2:-149.60,IK1:1,IK2:1,MOVE:0
[2026-09-08 13:39:54.358] [RX] SRV:1,48,0.0,0,0
[2026-09-08 13:39:54.455] [RX] PITCH:0.32,PID_OUT:-110.37,INT:0.0940,EL:-91,ER:-136,VEL:180.3,MOT:1,TILT:25.0,TRIM:0.000,ATE:1,LATCH:0,TORQ:1,CR:0.0,FX1:1.00,FY1:-151.10,FX2:-6.00,FY2:-149.60,IK1:1,IK2:1,MOVE:0
[2026-09-08 13:39:54.553] [RX] PITCH:0.91,PID_OUT:-139.68,INT:0.0055,EL:-109,ER:-136,VEL:-69.7,MOT:1,TILT:25.0,TRIM:0.000,ATE:1,LATCH:0,TORQ:1,CR:0.0,FX1:1.00,FY1:-151.10,FX2:-6.00,FY2:-149.60,IK1:1,IK2:1,MOVE:0
[2026-09-08 13:39:54.653] [RX] PITCH:1.06,PID_OUT:-83.56,INT:-0.0985,EL:-135,ER:-124,VEL:-193.2,MOT:1,TILT:25.0,TRIM:0.000,ATE:1,LATCH:0,TORQ:1,CR:0.0,FX1:1.00,FY1:-151.10,FX2:-6.00,FY2:-149.60,IK1:1,IK2:1,MOVE:0
[2026-09-08 13:39:54.764] [RX] PITCH:0.82,PID_OUT:-67.44,INT:-0.0985,EL:-174,ER:-102,VEL:-282.2,MOT:1,TILT:25.0,TRIM:0.000,ATE:1,LATCH:0,TORQ:1,CR:0.0,FX1:1.00,FY1:-151.10,FX2:-6.00,FY2:-149.60,IK1:1,IK2:1,MOVE:0
[2026-09-08 13:39:54.764] [RX] AX12:MODE:0,TQ:1,TL:1023,CM:1,CS:4,MS:0,MT:800
[2026-09-08 13:39:54.852] [RX] PITCH:0.33,PID_OUT:21.26,INT:-0.0985,EL:-204,ER:-83,VEL:-239.5,MOT:1,TILT:25.0,TRIM:0.000,ATE:1,LATCH:0,TORQ:1,CR:0.0,FX1:1.00,FY1:-151.10,FX2:-6.00,FY2:-149.60,IK1:1,IK2:1,MOVE:0
[2026-09-08 13:39:54.953] [RX] PITCH:-0.72,PID_OUT:62.75,INT:-0.0463,EL:-216,ER:-81,VEL:-89.3,MOT:1,TILT:25.0,TRIM:0.000,ATE:1,LATCH:0,TORQ:1,CR:0.0,FX1:1.00,FY1:-151.10,FX2:-6.00,FY2:-149.60,IK1:1,IK2:1,MOVE:0
[2026-09-08 13:39:55.052] [RX] PITCH:-1.51,PID_OUT:177.07,INT:0.0613,EL:-212,ER:-103,VEL:93.7,MOT:1,TILT:25.0,TRIM:0.000,ATE:1,LATCH:0,TORQ:1,CR:0.0,FX1:1.00,FY1:-151.10,FX2:-6.00,FY2:-149.60,IK1:1,IK2:1,MOVE:0
[2026-09-08 13:39:55.153] [RX] PITCH:-0.70,PID_OUT:107.48,INT:0.0985,EL:-192,ER:-128,VEL:211.3,MOT:1,TILT:25.0,TRIM:0.000,ATE:1,LATCH:0,TORQ:1,CR:0.0,FX1:1.00,FY1:-151.10,FX2:-6.00,FY2:-149.60,IK1:1,IK2:1,MOVE:0
[2026-09-08 13:39:55.259] [RX] PITCH:-1.59,PID_OUT:124.53,INT:0.0985,EL:-166,ER:-163,VEL:292.9,MOT:1,TILT:25.0,TRIM:0.000,ATE:1,LATCH:0,TORQ:1,CR:0.0,FX1:1.00,FY1:-151.10,FX2:-6.00,FY2:-149.60,IK1:1,IK2:1,MOVE:0
[2026-09-08 13:39:55.262] [RX] AX12:MODE:0,TQ:1,TL:1023,CM:1,CS:4,MS:0,MT:800
[2026-09-08 13:39:55.355] [RX] PITCH:-0.86,PID_OUT:2.69,INT:0.0985,EL:-135,ER:-200,VEL:320.0,MOT:1,TILT:25.0,TRIM:0.000,ATE:1,LATCH:0,TORQ:1,CR:0.0,FX1:1.00,FY1:-151.10,FX2:-6.00,FY2:-149.60,IK1:1,IK2:1,MOVE:0
[2026-09-08 13:39:55.355] [RX] SRV:6,39,0.0,0,0
[2026-09-08 13:39:55.453] [RX] PITCH:0.94,PID_OUT:-143.10,INT:0.0725,EL:-129,ER:-215,VEL:116.4,MOT:1,TILT:25.0,TRIM:0.000,ATE:1,LATCH:0,TORQ:1,CR:0.0,FX1:1.00,FY1:-151.10,FX2:-6.00,FY2:-149.60,IK1:1,IK2:1,MOVE:0
[2026-09-08 13:39:55.503] [TX] VP1.25
[2026-09-08 13:39:55.558] [RX] PITCH:0.98,PID_OUT:-124.22,INT:-0.0278,EL:-151,ER:-212,VEL:-102.2,MOT:1,TILT:25.0,TRIM:0.000,ATE:1,LATCH:0,TORQ:1,CR:0.0,FX1:1.00,FY1:-151.10,FX2:-6.00,FY2:-149.60,IK1:1,IK2:1,MOVE:0
[2026-09-08 13:39:55.586] [RX] Updated -> P:78.000 I:650.000 D:3.520 Offset:-1.2910 Target:0.000 Alpha:0.9600 Tilt:25.00 TrimGain:0.0000 Crouch:0.00 VP:1.2500
[2026-09-08 13:39:55.650] [RX] PITCH:3.79,PID_OUT:-61.23,INT:-0.0486,EL:-154,ER:-211,VEL:-50.2,MOT:1,TILT:25.0,TRIM:6.000,ATE:1,LATCH:0,TORQ:1,CR:0.0,FX1:1.00,FY1:-151.10,FX2:-6.00,FY2:-149.60,IK1:1,IK2:1,MOVE:0
[2026-09-08 13:39:55.752] [RX] PITCH:7.62,PID_OUT:-252.90,INT:0.0593,EL:-159,ER:-210,VEL:-39.7,MOT:1,TILT:25.0,TRIM:6.000,ATE:1,LATCH:0,TORQ:1,CR:0.0,FX1:1.00,FY1:-151.10,FX2:-6.00,FY2:-149.60,IK1:1,IK2:1,MOVE:0
[2026-09-08 13:39:55.761] [RX] AX12:MODE:0,TQ:1,TL:1023,CM:1,CS:4,MS:0,MT:800
[2026-09-08 13:39:55.848] [RX] PITCH:7.15,PID_OUT:-6.44,INT:-0.0985,EL:-198,ER:-179,VEL:-291.7,MOT:1,TILT:25.0,TRIM:6.000,ATE:1,LATCH:0,TORQ:1,CR:0.0,FX1:1.00,FY1:-151.10,FX2:-6.00,FY2:-149.60,IK1:1,IK2:1,MOVE:0
[2026-09-08 13:39:55.950] [RX] PITCH:5.05,PID_OUT:113.68,INT:-0.0729,EL:-226,ER:-164,VEL:-205.2,MOT:1,TILT:25.0,TRIM:6.000,ATE:1,LATCH:0,TORQ:1,CR:0.0,FX1:1.00,FY1:-151.10,FX2:-6.00,FY2:-149.60,IK1:1,IK2:1,MOVE:0
[2026-09-08 13:39:56.051] [RX] PITCH:5.80,PID_OUT:65.23,INT:-0.0146,EL:-229,ER:-168,VEL:-36.2,MOT:1,TILT:25.0,TRIM:6.000,ATE:1,LATCH:0,TORQ:1,CR:0.0,FX1:1.00,FY1:-151.10,FX2:-6.00,FY2:-149.60,IK1:1,IK2:1,MOVE:0
[2026-09-08 13:39:56.148] [RX] PITCH:1.61,PID_OUT:-613.98,INT:-0.0985,EL:-231,ER:-173,VEL:31.9,MOT:1,TILT:25.0,TRIM:-6.000,ATE:1,LATCH:0,TORQ:1,CR:0.0,FX1:1.00,FY1:-151.10,FX2:-6.00,FY2:-149.60,IK1:1,IK2:1,MOVE:0
[2026-09-08 13:39:56.263] [RX] PITCH:-2.15,PID_OUT:-335.83,INT:-0.0981,EL:-230,ER:-174,VEL:20.5,MOT:1,TILT:25.0,TRIM:-6.000,ATE:1,LATCH:0,TORQ:1,CR:0.0,FX1:1.00,FY1:-151.10,FX2:-6.00,FY2:-149.60,IK1:1,IK2:1,MOVE:0
[2026-09-08 13:39:56.263] [RX] AX12:MODE:0,TQ:1,TL:1023,CM:1,CS:4,MS:0,MT:800
[2026-09-08 13:39:56.354] [RX] PITCH:-5.17,PID_OUT:-49.27,INT:0.0257,EL:-234,ER:-184,VEL:29.7,MOT:1,TILT:25.0,TRIM:-6.000,ATE:1,LATCH:0,TORQ:1,CR:0.0,FX1:1.00,FY1:-151.10,FX2:-6.00,FY2:-149.60,IK1:1,IK2:1,MOVE:0
[2026-09-08 13:39:56.354] [RX] SRV:0,43,7.0,0,0
[2026-09-08 13:39:56.448] [RX] PITCH:-7.95,PID_OUT:-182.47,INT:0.0985,EL:-212,ER:-207,VEL:237.0,MOT:1,TILT:25.0,TRIM:-6.000,ATE:1,LATCH:0,TORQ:1,CR:0.0,FX1:1.00,FY1:-151.10,FX2:-6.00,FY2:-149.60,IK1:1,IK2:1,MOVE:0
[2026-09-08 13:39:56.548] [RX] PITCH:-6.39,PID_OUT:106.22,INT:0.0018,EL:-214,ER:-210,VEL:32.0,MOT:1,TILT:25.0,TRIM:-6.000,ATE:1,LATCH:0,TORQ:1,CR:0.0,FX1:1.00,FY1:-151.10,FX2:-6.00,FY2:-149.60,IK1:1,IK2:1,MOVE:0
[2026-09-08 13:39:56.648] [RX] PITCH:-6.12,PID_OUT:-13.39,INT:0.0815,EL:-212,ER:-223,VEL:59.4,MOT:1,TILT:25.0,TRIM:-6.000,ATE:1,LATCH:0,TORQ:1,CR:0.0,FX1:1.00,FY1:-151.10,FX2:-6.00,FY2:-149.60,IK1:1,IK2:1,MOVE:0
[2026-09-08 13:39:56.754] [RX] PITCH:-4.56,PID_OUT:-179.72,INT:0.0739,EL:-212,ER:-227,VEL:50.5,MOT:1,TILT:25.0,TRIM:-6.000,ATE:1,LATCH:0,TORQ:1,CR:0.0,FX1:1.00,FY1:-151.10,FX2:-6.00,FY2:-149.60,IK1:1,IK2:1,MOVE:0
[2026-09-08 13:39:56.759] [RX] AX12:MODE:0,TQ:1,TL:1023,CM:1,CS:4,MS:0,MT:800
[2026-09-08 13:39:56.848] [RX] PITCH:-1.72,PID_OUT:-579.69,INT:-0.0044,EL:-212,ER:-230,VEL:58.2,MOT:1,TILT:25.0,TRIM:-6.000,ATE:1,LATCH:0,TORQ:1,CR:0.0,FX1:1.00,FY1:-151.10,FX2:-6.00,FY2:-149.60,IK1:1,IK2:1,MOVE:0
[2026-09-08 13:39:56.948] [RX] PITCH:1.10,PID_OUT:394.68,INT:0.0595,EL:-223,ER:-227,VEL:-51.3,MOT:1,TILT:25.0,TRIM:6.000,ATE:1,LATCH:0,TORQ:1,CR:0.0,FX1:1.00,FY1:-151.10,FX2:-6.00,FY2:-149.60,IK1:1,IK2:1,MOVE:0
[2026-09-08 13:39:57.047] [RX] PITCH:-2.37,PID_OUT:-379.65,INT:0.0243,EL:-221,ER:-238,VEL:53.6,MOT:1,TILT:25.0,TRIM:-6.000,ATE:1,LATCH:0,TORQ:1,CR:0.0,FX1:1.00,FY1:-151.10,FX2:-6.00,FY2:-149.60,IK1:1,IK2:1,MOVE:0
[2026-09-08 13:39:57.147] [RX] PITCH:1.19,PID_OUT:367.12,INT:0.0521,EL:-232,ER:-239,VEL:-21.7,MOT:1,TILT:25.0,TRIM:6.000,ATE:1,LATCH:0,TORQ:1,CR:0.0,FX1:1.00,FY1:-151.10,FX2:-6.00,FY2:-149.60,IK1:1,IK2:1,MOVE:0
[2026-09-08 13:39:57.258] [RX] PITCH:-2.64,PID_OUT:-137.93,INT:0.0649,EL:-233,ER:-247,VEL:36.9,MOT:1,TILT:25.0,TRIM:-6.000,ATE:1,LATCH:0,TORQ:1,CR:0.0,FX1:1.00,FY1:-151.10,FX2:-6.00,FY2:-149.60,IK1:1,IK2:1,MOVE:0
[2026-09-08 13:39:57.258] [RX] AX12:MODE:0,TQ:1,TL:1023,CM:1,CS:4,MS:0,MT:800
[2026-09-08 13:39:57.348] [RX] PITCH:-0.82,PID_OUT:434.07,INT:0.0388,EL:-239,ER:-247,VEL:-33.7,MOT:1,TILT:25.0,TRIM:6.000,ATE:1,LATCH:0,TORQ:1,CR:0.0,FX1:1.00,FY1:-151.10,FX2:-6.00,FY2:-149.60,IK1:1,IK2:1,MOVE:0
[2026-09-08 13:39:57.352] [RX] SRV:14,49,6.3,0,0
[2026-09-08 13:39:57.451] [RX] PITCH:-1.68,PID_OUT:-331.03,INT:0.0292,EL:-239,ER:-254,VEL:47.6,MOT:1,TILT:25.0,TRIM:-6.000,ATE:1,LATCH:0,TORQ:1,CR:0.0,FX1:1.00,FY1:-151.10,FX2:-6.00,FY2:-149.60,IK1:1,IK2:1,MOVE:0
[2026-09-08 13:39:57.547] [RX] PITCH:0.86,PID_OUT:354.44,INT:0.0157,EL:-250,ER:-254,VEL:-53.1,MOT:1,TILT:25.0,TRIM:6.000,ATE:1,LATCH:0,TORQ:1,CR:0.0,FX1:1.00,FY1:-151.10,FX2:-6.00,FY2:-149.60,IK1:1,IK2:1,MOVE:0
[2026-09-08 13:39:57.644] [RX] PITCH:1.37,PID_OUT:586.81,INT:0.0214,EL:-253,ER:-254,VEL:-65.5,MOT:1,TILT:25.0,TRIM:6.000,ATE:1,LATCH:0,TORQ:1,CR:0.0,FX1:1.00,FY1:-151.10,FX2:-6.00,FY2:-149.60,IK1:1,IK2:1,MOVE:0
[2026-09-08 13:39:57.758] [RX] PITCH:-1.83,PID_OUT:-462.71,INT:-0.0548,EL:-250,ER:-261,VEL:23.9,MOT:1,TILT:25.0,TRIM:-6.000,ATE:1,LATCH:0,TORQ:1,CR:0.0,FX1:1.00,FY1:-151.10,FX2:-6.00,FY2:-149.60,IK1:1,IK2:1,MOVE:0
[2026-09-08 13:39:57.759] [RX] AX12:MODE:0,TQ:1,TL:1023,CM:1,CS:4,MS:0,MT:800
[2026-09-08 13:39:57.843] [RX] PITCH:-1.42,PID_OUT:-242.35,INT:0.0526,EL:-251,ER:-259,VEL:19.4,MOT:1,TILT:25.0,TRIM:-6.000,ATE:1,LATCH:0,TORQ:1,CR:0.0,FX1:1.00,FY1:-151.10,FX2:-6.00,FY2:-149.60,IK1:1,IK2:1,MOVE:0
[2026-09-08 13:39:57.944] [RX] PITCH:0.30,PID_OUT:-721.61,INT:-0.0985,EL:-248,ER:-258,VEL:8.2,MOT:1,TILT:25.0,TRIM:-6.000,ATE:1,LATCH:0,TORQ:1,CR:0.0,FX1:1.00,FY1:-151.10,FX2:-6.00,FY2:-149.60,IK1:1,IK2:1,MOVE:0
[2026-09-08 13:39:58.009] [TX] VP0.2
[2026-09-08 13:39:58.052] [RX] PITCH:0.82,PID_OUT:456.89,INT:0.0002,EL:-257,ER:-254,VEL:-59.7,MOT:1,TILT:25.0,TRIM:6.000,ATE:1,LATCH:0,TORQ:1,CR:0.0,FX1:1.00,FY1:-151.10,FX2:-6.00,FY2:-149.60,IK1:1,IK2:1,MOVE:0
[2026-09-08 13:39:58.077] [RX] Updated -> P:78.000 I:650.000 D:3.520 Offset:-1.2910 Target:0.000 Alpha:0.9600 Tilt:25.00 TrimGain:0.0000 Crouch:0.00 VP:0.2000
[2026-09-08 13:39:58.141] [RX] PITCH:-2.42,PID_OUT:-344.16,INT:0.0293,EL:-249,ER:-263,VEL:81.1,MOT:1,TILT:25.0,TRIM:-6.000,ATE:1,LATCH:0,TORQ:1,CR:0.0,FX1:1.00,FY1:-151.10,FX2:-6.00,FY2:-149.60,IK1:1,IK2:1,MOVE:0
[2026-09-08 13:39:58.254] [RX] PITCH:0.62,PID_OUT:-462.08,INT:-0.0390,EL:-254,ER:-262,VEL:14.5,MOT:1,TILT:25.0,TRIM:-2.900,ATE:1,LATCH:0,TORQ:1,CR:0.0,FX1:1.00,FY1:-151.10,FX2:-6.00,FY2:-149.60,IK1:1,IK2:1,MOVE:0
[2026-09-08 13:39:58.255] [RX] AX12:MODE:0,TQ:1,TL:1023,CM:1,CS:4,MS:0,MT:800
[2026-09-08 13:39:58.347] [RX] PITCH:0.61,PID_OUT:659.62,INT:0.0556,EL:-263,ER:-259,VEL:-58.5,MOT:1,TILT:25.0,TRIM:6.000,ATE:1,LATCH:0,TORQ:1,CR:0.0,FX1:1.00,FY1:-151.10,FX2:-6.00,FY2:-149.60,IK1:1,IK2:1,MOVE:0
[2026-09-08 13:39:58.347] [RX] SRV:1,47,0.0,0,0
[2026-09-08 13:39:58.443] [RX] PITCH:-0.40,PID_OUT:-393.07,INT:0.0254,EL:-260,ER:-270,VEL:46.3,MOT:1,TILT:25.0,TRIM:-6.000,ATE:1,LATCH:0,TORQ:1,CR:0.0,FX1:1.00,FY1:-151.10,FX2:-6.00,FY2:-149.60,IK1:1,IK2:1,MOVE:0
[2026-09-08 13:39:58.544] [RX] PITCH:0.38,PID_OUT:-681.02,INT:-0.0985,EL:-263,ER:-270,VEL:24.2,MOT:1,TILT:25.0,TRIM:-4.832,ATE:1,LATCH:0,TORQ:1,CR:0.0,FX1:1.00,FY1:-151.10,FX2:-6.00,FY2:-149.60,IK1:1,IK2:1,MOVE:0
[2026-09-08 13:39:58.643] [RX] PITCH:1.46,PID_OUT:334.12,INT:-0.0026,EL:-271,ER:-265,VEL:-55.7,MOT:1,TILT:25.0,TRIM:6.000,ATE:1,LATCH:0,TORQ:1,CR:0.0,FX1:1.00,FY1:-151.10,FX2:-6.00,FY2:-149.60,IK1:1,IK2:1,MOVE:0
[2026-09-08 13:39:58.750] [RX] PITCH:-1.57,PID_OUT:-311.34,INT:-0.0110,EL:-266,ER:-275,VEL:62.4,MOT:1,TILT:25.0,TRIM:-6.000,ATE:1,LATCH:0,TORQ:1,CR:0.0,FX1:1.00,FY1:-151.10,FX2:-6.00,FY2:-149.60,IK1:1,IK2:1,MOVE:0
[2026-09-08 13:39:58.755] [RX] AX12:MODE:0,TQ:1,TL:1023,CM:1,CS:4,MS:0,MT:800
[2026-09-08 13:39:58.843] [RX] PITCH:0.13,PID_OUT:-163.88,INT:-0.0593,EL:-270,ER:-274,VEL:-1.4,MOT:1,TILT:25.0,TRIM:0.289,ATE:1,LATCH:0,TORQ:1,CR:0.0,FX1:1.00,FY1:-151.10,FX2:-6.00,FY2:-149.60,IK1:1,IK2:1,MOVE:0
[2026-09-08 13:39:58.942] [RX] PITCH:0.40,PID_OUT:688.38,INT:0.0836,EL:-277,ER:-270,VEL:-59.1,MOT:1,TILT:25.0,TRIM:6.000,ATE:1,LATCH:0,TORQ:1,CR:0.0,FX1:1.00,FY1:-151.10,FX2:-6.00,FY2:-149.60,IK1:1,IK2:1,MOVE:0
[2026-09-08 13:39:59.043] [RX] PITCH:0.70,PID_OUT:-528.24,INT:0.0202,EL:-274,ER:-276,VEL:35.7,MOT:1,TILT:25.0,TRIM:-6.000,ATE:1,LATCH:0,TORQ:1,CR:0.0,FX1:1.00,FY1:-151.10,FX2:-6.00,FY2:-149.60,IK1:1,IK2:1,MOVE:0
[2026-09-08 13:39:59.142] [RX] PITCH:1.71,PID_OUT:-818.91,INT:-0.0985,EL:-275,ER:-273,VEL:26.6,MOT:1,TILT:25.0,TRIM:-5.310,ATE:1,LATCH:0,TORQ:1,CR:0.0,FX1:1.00,FY1:-151.10,FX2:-6.00,FY2:-149.60,IK1:1,IK2:1,MOVE:0
[2026-09-08 13:39:59.247] [RX] PITCH:2.13,PID_OUT:284.76,INT:-0.0597,EL:-282,ER:-268,VEL:-49.0,MOT:1,TILT:25.0,TRIM:6.000,ATE:1,LATCH:0,TORQ:1,CR:0.0,FX1:1.00,FY1:-151.10,FX2:-6.00,FY2:-149.60,IK1:1,IK2:1,MOVE:0
[2026-09-08 13:39:59.252] [RX] AX12:MODE:0,TQ:1,TL:1023,CM:1,CS:4,MS:0,MT:800
[2026-09-08 13:39:59.343] [RX] PITCH:-2.76,PID_OUT:924.76,INT:0.0985,EL:-281,ER:-270,VEL:-26.1,MOT:1,TILT:25.0,TRIM:5.210,ATE:1,LATCH:0,TORQ:1,CR:0.0,FX1:1.00,FY1:-151.10,FX2:-6.00,FY2:-149.60,IK1:1,IK2:1,MOVE:0
[2026-09-08 13:39:59.346] [RX] SRV:6,39,0.0,0,0
[2026-09-08 13:39:59.440] [RX] PITCH:-7.23,PID_OUT:223.79,INT:0.0985,EL:-273,ER:-280,VEL:56.6,MOT:1,TILT:25.0,TRIM:-6.000,ATE:1,LATCH:0,TORQ:1,CR:0.0,FX1:1.00,FY1:-151.10,FX2:-6.00,FY2:-149.60,IK1:1,IK2:1,MOVE:0
[2026-09-08 13:39:59.543] [RX] PITCH:-4.13,PID_OUT:-49.02,INT:0.0797,EL:-271,ER:-284,VEL:31.7,MOT:1,TILT:25.0,TRIM:-6.000,ATE:1,LATCH:0,TORQ:1,CR:0.0,FX1:1.00,FY1:-151.10,FX2:-6.00,FY2:-149.60,IK1:1,IK2:1,MOVE:0
[2026-09-08 13:39:59.638] [RX] PITCH:0.88,PID_OUT:-274.66,INT:-0.0690,EL:-271,ER:-284,VEL:0.2,MOT:1,TILT:25.0,TRIM:-0.047,ATE:1,LATCH:0,TORQ:1,CR:0.0,FX1:1.00,FY1:-151.10,FX2:-6.00,FY2:-149.60,IK1:1,IK2:1,MOVE:0
[2026-09-08 13:39:59.742] [RX] PITCH:3.30,PID_OUT:207.01,INT:-0.0076,EL:-280,ER:-281,VEL:-60.4,MOT:1,TILT:25.0,TRIM:6.000,ATE:1,LATCH:0,TORQ:1,CR:0.0,FX1:1.00,FY1:-151.10,FX2:-6.00,FY2:-149.60,IK1:1,IK2:1,MOVE:0
[2026-09-08 13:39:59.750] [RX] AX12:MODE:0,TQ:1,TL:1023,CM:1,CS:4,MS:0,MT:800
[2026-09-08 13:39:59.838] [RX] PITCH:1.20,PID_OUT:553.72,INT:0.0605,EL:-286,ER:-284,VEL:-33.0,MOT:1,TILT:25.0,TRIM:6.000,ATE:1,LATCH:0,TORQ:1,CR:0.0,FX1:1.00,FY1:-151.10,FX2:-6.00,FY2:-149.60,IK1:1,IK2:1,MOVE:0
[2026-09-08 13:39:59.938] [RX] PITCH:1.24,PID_OUT:-861.41,INT:-0.0968,EL:-286,ER:-292,VEL:45.6,MOT:1,TILT:25.0,TRIM:-6.000,ATE:1,LATCH:0,TORQ:1,CR:0.0,FX1:1.00,FY1:-151.10,FX2:-6.00,FY2:-149.60,IK1:1,IK2:1,MOVE:0
[2026-09-08 13:40:00.040] [RX] PITCH:2.98,PID_OUT:218.73,INT:-0.0256,EL:-294,ER:-286,VEL:-63.5,MOT:1,TILT:25.0,TRIM:6.000,ATE:1,LATCH:0,TORQ:1,CR:0.0,FX1:1.00,FY1:-151.10,FX2:-6.00,FY2:-149.60,IK1:1,IK2:1,MOVE:0
[2026-09-08 13:40:00.049] [TX] M
[2026-09-08 13:40:00.070] [RX] Motors DISABLED
--------------------------------------------------------------------------------
[2026-09-08 13:40:00.070] [SYS] Session Stopped: Motors DISABLED
Total Duration: 7.97s | Total Lines Captured: 111
================================================================================
