================================================================================
SERIAL MONITOR BACKUP LOG
Port: COM13 | Baud: 115200
Session Started: 2026-09-08 09:35:08
Trigger Reason: Motors ENABLED
Last IMU Calibration: Offset: -0.0995° (calibrated at 2026-09-08 09:35:07)
Active FW Parameters: Kp=78.0, Ki=650.0, Kd=3.52, pitchOffset=-0.0995, targetAngle=0.0, alpha=0.96, maxSafeTilt=25.0, Ki_trim=0.001, crouchOffset=0.0
================================================================================
[Timestamp]                [Dir]  Payload
--------------------------------------------------------------------------------
[2026-09-08 09:35:08.849] [RX] Motors ENABLED
[2026-09-08 09:35:08.937] [RX] PITCH:0.91,PID_OUT:0.00,INT:0.0000,EL:0,ER:0,VEL:0.0,MOT:1,TILT:25.0,TRIM:0.000,ATE:0,LATCH:0,TORQ:1,CR:0.0,FX1:1.00,FY1:-151.10,FX2:-6.00,FY2:-149.60,IK1:1,IK2:1,MOVE:0
[2026-09-08 09:35:08.946] [RX] AX12:MODE:0,TQ:1,TL:1023,CM:1,CS:4,MS:0,MT:800
[2026-09-08 09:35:09.004] [RX] CAL:DONE,OFFSET:0.1653
[2026-09-08 09:35:09.041] [RX] PITCH:0.00,PID_OUT:-7.01,INT:0.0000,EL:0,ER:0,VEL:0.0,MOT:1,TILT:25.0,TRIM:0.000,ATE:0,LATCH:0,TORQ:1,CR:0.0,FX1:1.00,FY1:-151.10,FX2:-6.00,FY2:-149.60,IK1:1,IK2:1,MOVE:0
[2026-09-08 09:35:09.141] [RX] PITCH:0.16,PID_OUT:-25.52,INT:-0.0097,EL:-69,ER:0,VEL:-336.9,MOT:1,TILT:25.0,TRIM:0.000,ATE:0,LATCH:0,TORQ:1,CR:0.0,FX1:1.00,FY1:-151.10,FX2:-6.00,FY2:-149.60,IK1:1,IK2:1,MOVE:0
[2026-09-08 09:35:09.239] [RX] PITCH:0.27,PID_OUT:-52.69,INT:-0.0321,EL:-169,ER:0,VEL:-467.8,MOT:1,TILT:25.0,TRIM:0.000,ATE:0,LATCH:0,TORQ:1,CR:0.0,FX1:1.00,FY1:-151.10,FX2:-6.00,FY2:-149.60,IK1:1,IK2:1,MOVE:0
[2026-09-08 09:35:09.337] [RX] PITCH:0.39,PID_OUT:-81.80,INT:-0.0668,EL:-175,ER:0,VEL:-102.5,MOT:1,TILT:25.0,TRIM:0.000,ATE:0,LATCH:0,TORQ:1,CR:0.0,FX1:1.00,FY1:-151.10,FX2:-6.00,FY2:-149.60,IK1:1,IK2:1,MOVE:0
[2026-09-08 09:35:09.444] [RX] PITCH:0.28,PID_OUT:-81.84,INT:-0.1036,EL:-197,ER:0,VEL:-101.5,MOT:1,TILT:25.0,TRIM:0.000,ATE:0,LATCH:0,TORQ:1,CR:0.0,FX1:1.00,FY1:-151.10,FX2:-6.00,FY2:-149.60,IK1:1,IK2:1,MOVE:0
[2026-09-08 09:35:09.452] [RX] AX12:MODE:0,TQ:1,TL:1023,CM:1,CS:4,MS:0,MT:800
[2026-09-08 09:35:09.541] [RX] PITCH:-0.07,PID_OUT:-60.47,INT:-0.1127,EL:-227,ER:0,VEL:-135.9,MOT:1,TILT:25.0,TRIM:0.000,ATE:0,LATCH:0,TORQ:1,CR:0.0,FX1:1.00,FY1:-151.10,FX2:-6.00,FY2:-149.60,IK1:1,IK2:1,MOVE:0
[2026-09-08 09:35:09.542] [RX] SRV:14,36,0.0,0,0
[2026-09-08 09:35:09.633] [RX] PITCH:-0.37,PID_OUT:-30.90,INT:-0.0858,EL:-254,ER:0,VEL:-159.8,MOT:1,TILT:25.0,TRIM:0.000,ATE:0,LATCH:0,TORQ:1,CR:0.0,FX1:1.00,FY1:-151.10,FX2:-6.00,FY2:-149.60,IK1:1,IK2:1,MOVE:0
[2026-09-08 09:35:09.738] [RX] PITCH:-0.29,PID_OUT:-17.74,INT:-0.0530,EL:-257,ER:0,VEL:-36.7,MOT:1,TILT:25.0,TRIM:0.000,ATE:0,LATCH:0,TORQ:1,CR:0.0,FX1:1.00,FY1:-151.10,FX2:-6.00,FY2:-149.60,IK1:1,IK2:1,MOVE:0
[2026-09-08 09:35:09.836] [RX] PITCH:-0.40,PID_OUT:19.33,INT:-0.0190,EL:-257,ER:0,VEL:-7.2,MOT:1,TILT:25.0,TRIM:0.000,ATE:0,LATCH:0,TORQ:1,CR:0.0,FX1:1.00,FY1:-151.10,FX2:-6.00,FY2:-149.60,IK1:1,IK2:1,MOVE:0
[2026-09-08 09:35:09.941] [RX] PITCH:-0.77,PID_OUT:80.32,INT:0.0381,EL:-256,ER:0,VEL:6.1,MOT:1,TILT:25.0,TRIM:0.000,ATE:0,LATCH:0,TORQ:1,CR:0.0,FX1:1.00,FY1:-151.10,FX2:-6.00,FY2:-149.60,IK1:1,IK2:1,MOVE:0
[2026-09-08 09:35:09.946] [RX] AX12:MODE:0,TQ:1,TL:1023,CM:1,CS:4,MS:0,MT:800
[2026-09-08 09:35:10.034] [RX] PITCH:-0.28,PID_OUT:29.37,INT:0.1009,EL:-252,ER:-26,VEL:114.8,MOT:1,TILT:25.0,TRIM:0.000,ATE:0,LATCH:0,TORQ:1,CR:0.0,FX1:1.00,FY1:-151.10,FX2:-6.00,FY2:-149.60,IK1:1,IK2:1,MOVE:0
[2026-09-08 09:35:10.136] [RX] PITCH:0.73,PID_OUT:-35.01,INT:0.0658,EL:-255,ER:-32,VEL:24.3,MOT:1,TILT:25.0,TRIM:0.000,ATE:0,LATCH:0,TORQ:1,CR:0.0,FX1:1.00,FY1:-151.10,FX2:-6.00,FY2:-149.60,IK1:1,IK2:1,MOVE:0
[2026-09-08 09:35:10.231] [RX] PITCH:0.73,PID_OUT:-79.77,INT:-0.0059,EL:-255,ER:-32,VEL:4.8,MOT:1,TILT:25.0,TRIM:0.000,ATE:0,LATCH:0,TORQ:1,CR:0.0,FX1:1.00,FY1:-151.10,FX2:-6.00,FY2:-149.60,IK1:1,IK2:1,MOVE:0
[2026-09-08 09:35:10.338] [RX] PITCH:0.63,PID_OUT:-90.88,INT:-0.0786,EL:-272,ER:-29,VEL:-95.6,MOT:1,TILT:25.0,TRIM:0.000,ATE:0,LATCH:0,TORQ:1,CR:0.0,FX1:1.00,FY1:-151.10,FX2:-6.00,FY2:-149.60,IK1:1,IK2:1,MOVE:0
[2026-09-08 09:35:10.444] [RX] PITCH:0.18,PID_OUT:-77.54,INT:-0.1147,EL:-300,ER:-23,VEL:-154.4,MOT:1,TILT:25.0,TRIM:0.000,ATE:0,LATCH:0,TORQ:1,CR:0.0,FX1:1.00,FY1:-151.10,FX2:-6.00,FY2:-149.60,IK1:1,IK2:1,MOVE:0
[2026-09-08 09:35:10.444] [RX] AX12:MODE:0,TQ:1,TL:1023,CM:1,CS:4,MS:0,MT:800
[2026-09-08 09:35:10.538] [RX] PITCH:-0.02,PID_OUT:-63.95,INT:-0.1195,EL:-328,ER:-21,VEL:-147.6,MOT:1,TILT:25.0,TRIM:0.000,ATE:0,LATCH:0,TORQ:1,CR:0.0,FX1:1.00,FY1:-151.10,FX2:-6.00,FY2:-149.60,IK1:1,IK2:1,MOVE:0
[2026-09-08 09:35:10.538] [RX] SRV:1,35,0.0,0,0
[2026-09-08 09:35:10.634] [RX] PITCH:-0.48,PID_OUT:-12.51,INT:-0.0892,EL:-356,ER:-21,VEL:-143.0,MOT:1,TILT:25.0,TRIM:0.000,ATE:0,LATCH:0,TORQ:1,CR:0.0,FX1:1.00,FY1:-151.10,FX2:-6.00,FY2:-149.60,IK1:1,IK2:1,MOVE:0
[2026-09-08 09:35:10.735] [RX] PITCH:-0.51,PID_OUT:11.78,INT:-0.0369,EL:-358,ER:-22,VEL:-29.7,MOT:1,TILT:25.0,TRIM:0.000,ATE:0,LATCH:0,TORQ:1,CR:0.0,FX1:1.00,FY1:-151.10,FX2:-6.00,FY2:-149.60,IK1:1,IK2:1,MOVE:0
[2026-09-08 09:35:10.835] [RX] PITCH:-0.80,PID_OUT:88.68,INT:0.0257,EL:-356,ER:-23,VEL:12.5,MOT:1,TILT:25.0,TRIM:0.000,ATE:0,LATCH:0,TORQ:1,CR:0.0,FX1:1.00,FY1:-151.10,FX2:-6.00,FY2:-149.60,IK1:1,IK2:1,MOVE:0
[2026-09-08 09:35:10.941] [RX] PITCH:-0.55,PID_OUT:59.35,INT:0.1104,EL:-351,ER:-42,VEL:95.4,MOT:1,TILT:25.0,TRIM:0.000,ATE:0,LATCH:0,TORQ:1,CR:0.0,FX1:1.00,FY1:-151.10,FX2:-6.00,FY2:-149.60,IK1:1,IK2:1,MOVE:0
[2026-09-08 09:35:10.945] [RX] AX12:MODE:0,TQ:1,TL:1023,CM:1,CS:4,MS:0,MT:800
[2026-09-08 09:35:11.035] [RX] PITCH:0.38,PID_OUT:10.95,INT:0.1050,EL:-344,ER:-63,VEL:116.9,MOT:1,TILT:25.0,TRIM:0.000,ATE:0,LATCH:0,TORQ:1,CR:0.0,FX1:1.00,FY1:-151.10,FX2:-6.00,FY2:-149.60,IK1:1,IK2:1,MOVE:0
[2026-09-08 09:35:11.126] [RX] PITCH:0.41,PID_OUT:5.46,INT:0.0590,EL:-343,ER:-65,VEL:29.2,MOT:1,TILT:25.0,TRIM:0.000,ATE:0,LATCH:0,TORQ:1,CR:0.0,FX1:1.00,FY1:-151.10,FX2:-6.00,FY2:-149.60,IK1:1,IK2:1,MOVE:0
[2026-09-08 09:35:11.231] [RX] PITCH:0.10,PID_OUT:5.53,INT:0.0387,EL:-343,ER:-65,VEL:5.7,MOT:1,TILT:25.0,TRIM:0.000,ATE:0,LATCH:0,TORQ:1,CR:0.0,FX1:1.00,FY1:-151.10,FX2:-6.00,FY2:-149.60,IK1:1,IK2:1,MOVE:0
[2026-09-08 09:35:11.330] [RX] PITCH:0.07,PID_OUT:-1.60,INT:0.0321,EL:-343,ER:-65,VEL:1.1,MOT:1,TILT:25.0,TRIM:0.000,ATE:0,LATCH:0,TORQ:1,CR:0.0,FX1:1.00,FY1:-151.10,FX2:-6.00,FY2:-149.60,IK1:1,IK2:1,MOVE:0
[2026-09-08 09:35:11.429] [RX] PITCH:0.30,PID_OUT:-42.10,INT:0.0137,EL:-343,ER:-65,VEL:0.2,MOT:1,TILT:25.0,TRIM:0.000,ATE:0,LATCH:0,TORQ:1,CR:0.0,FX1:1.00,FY1:-151.10,FX2:-6.00,FY2:-149.60,IK1:1,IK2:1,MOVE:0
[2026-09-08 09:35:11.437] [RX] AX12:MODE:0,TQ:1,TL:1023,CM:1,CS:4,MS:0,MT:800
[2026-09-08 09:35:11.535] [RX] PITCH:0.72,PID_OUT:-96.19,INT:-0.0424,EL:-358,ER:-64,VEL:-94.3,MOT:1,TILT:25.0,TRIM:0.000,ATE:0,LATCH:0,TORQ:1,CR:0.0,FX1:1.00,FY1:-151.10,FX2:-6.00,FY2:-149.60,IK1:1,IK2:1,MOVE:0
[2026-09-08 09:35:11.535] [RX] SRV:6,44,6.3,0,0
[2026-09-08 09:35:11.633] [RX] PITCH:0.43,PID_OUT:-86.24,INT:-0.1007,EL:-384,ER:-59,VEL:-150.9,MOT:1,TILT:25.0,TRIM:0.000,ATE:0,LATCH:0,TORQ:1,CR:0.0,FX1:1.00,FY1:-151.10,FX2:-6.00,FY2:-149.60,IK1:1,IK2:1,MOVE:0
[2026-09-08 09:35:11.732] [RX] PITCH:-0.16,PID_OUT:-41.88,INT:-0.1138,EL:-415,ER:-53,VEL:-176.7,MOT:1,TILT:25.0,TRIM:0.000,ATE:0,LATCH:0,TORQ:1,CR:0.0,FX1:1.00,FY1:-151.10,FX2:-6.00,FY2:-149.60,IK1:1,IK2:1,MOVE:0
[2026-09-08 09:35:11.833] [RX] PITCH:-0.00,PID_OUT:-74.45,INT:-0.0925,EL:-442,ER:-50,VEL:-149.6,MOT:1,TILT:25.0,TRIM:0.000,ATE:0,LATCH:0,TORQ:1,CR:0.0,FX1:1.00,FY1:-151.10,FX2:-6.00,FY2:-149.60,IK1:1,IK2:1,MOVE:0
[2026-09-08 09:35:11.931] [RX] PITCH:0.04,PID_OUT:-68.21,INT:-0.1038,EL:-469,ER:-50,VEL:-142.9,MOT:1,TILT:25.0,TRIM:0.000,ATE:0,LATCH:0,TORQ:1,CR:0.0,FX1:1.00,FY1:-151.10,FX2:-6.00,FY2:-149.60,IK1:1,IK2:1,MOVE:0
[2026-09-08 09:35:11.938] [RX] AX12:MODE:0,TQ:1,TL:1023,CM:1,CS:4,MS:0,MT:800
[2026-09-08 09:35:12.029] [RX] PITCH:-0.34,PID_OUT:-30.82,INT:-0.0882,EL:-496,ER:-50,VEL:-139.4,MOT:1,TILT:25.0,TRIM:0.000,ATE:0,LATCH:0,TORQ:1,CR:0.0,FX1:1.00,FY1:-151.10,FX2:-6.00,FY2:-149.60,IK1:1,IK2:1,MOVE:0
[2026-09-08 09:35:12.127] [RX] PITCH:-0.37,PID_OUT:-19.26,INT:-0.0464,EL:-513,ER:-50,VEL:-81.7,MOT:1,TILT:25.0,TRIM:0.000,ATE:0,LATCH:0,TORQ:1,CR:0.0,FX1:1.00,FY1:-151.10,FX2:-6.00,FY2:-149.60,IK1:1,IK2:1,MOVE:0
[2026-09-08 09:35:12.228] [RX] PITCH:-0.22,PID_OUT:-7.36,INT:-0.0182,EL:-513,ER:-50,VEL:-16.1,MOT:1,TILT:25.0,TRIM:0.000,ATE:0,LATCH:0,TORQ:1,CR:0.0,FX1:1.00,FY1:-151.10,FX2:-6.00,FY2:-149.60,IK1:1,IK2:1,MOVE:0
[2026-09-08 09:35:12.325] [RX] PITCH:-0.19,PID_OUT:5.69,INT:0.0012,EL:-513,ER:-50,VEL:-3.2,MOT:1,TILT:25.0,TRIM:0.000,ATE:0,LATCH:0,TORQ:1,CR:0.0,FX1:1.00,FY1:-151.10,FX2:-6.00,FY2:-149.60,IK1:1,IK2:1,MOVE:0
[2026-09-08 09:35:12.435] [RX] PITCH:-0.17,PID_OUT:16.52,INT:0.0199,EL:-513,ER:-50,VEL:-0.6,MOT:1,TILT:25.0,TRIM:0.000,ATE:0,LATCH:0,TORQ:1,CR:0.0,FX1:1.00,FY1:-151.10,FX2:-6.00,FY2:-149.60,IK1:1,IK2:1,MOVE:0
[2026-09-08 09:35:12.440] [RX] AX12:MODE:0,TQ:1,TL:1023,CM:1,CS:4,MS:0,MT:800
[2026-09-08 09:35:12.528] [RX] PITCH:-0.19,PID_OUT:32.55,INT:0.0370,EL:-513,ER:-50,VEL:-0.1,MOT:1,TILT:25.0,TRIM:0.000,ATE:0,LATCH:0,TORQ:1,CR:0.0,FX1:1.00,FY1:-151.10,FX2:-6.00,FY2:-149.60,IK1:1,IK2:1,MOVE:0
[2026-09-08 09:35:12.528] [RX] SRV:0,35,0.0,0,0
[2026-09-08 09:35:12.627] [RX] PITCH:-0.30,PID_OUT:56.62,INT:0.0625,EL:-513,ER:-80,VEL:120.5,MOT:1,TILT:25.0,TRIM:0.000,ATE:0,LATCH:0,TORQ:1,CR:0.0,FX1:1.00,FY1:-151.10,FX2:-6.00,FY2:-149.60,IK1:1,IK2:1,MOVE:0
[2026-09-08 09:35:12.727] [RX] PITCH:-0.12,PID_OUT:41.31,INT:0.0914,EL:-511,ER:-92,VEL:80.9,MOT:1,TILT:25.0,TRIM:0.000,ATE:0,LATCH:0,TORQ:1,CR:0.0,FX1:1.00,FY1:-151.10,FX2:-6.00,FY2:-149.60,IK1:1,IK2:1,MOVE:0
[2026-09-08 09:35:12.831] [RX] PITCH:0.07,PID_OUT:38.45,INT:0.0882,EL:-511,ER:-105,VEL:46.2,MOT:1,TILT:25.0,TRIM:0.000,ATE:0,LATCH:0,TORQ:1,CR:0.0,FX1:1.00,FY1:-151.10,FX2:-6.00,FY2:-149.60,IK1:1,IK2:1,MOVE:0
[2026-09-08 09:35:12.937] [RX] PITCH:0.21,PID_OUT:5.12,INT:0.0742,EL:-511,ER:-127,VEL:63.1,MOT:1,TILT:25.0,TRIM:0.000,ATE:0,LATCH:0,TORQ:1,CR:0.0,FX1:1.00,FY1:-151.10,FX2:-6.00,FY2:-149.60,IK1:1,IK2:1,MOVE:0
[2026-09-08 09:35:12.937] [RX] AX12:MODE:0,TQ:1,TL:1023,CM:1,CS:4,MS:0,MT:800
[2026-09-08 09:35:13.029] [RX] PITCH:0.62,PID_OUT:-63.12,INT:0.0348,EL:-511,ER:-127,VEL:12.4,MOT:1,TILT:25.0,TRIM:0.000,ATE:0,LATCH:0,TORQ:1,CR:0.0,FX1:1.00,FY1:-151.10,FX2:-6.00,FY2:-149.60,IK1:1,IK2:1,MOVE:0
[2026-09-08 09:35:13.128] [RX] PITCH:0.97,PID_OUT:-94.79,INT:-0.0643,EL:-538,ER:-123,VEL:-136.2,MOT:1,TILT:25.0,TRIM:0.000,ATE:0,LATCH:0,TORQ:1,CR:0.0,FX1:1.00,FY1:-151.10,FX2:-6.00,FY2:-149.60,IK1:1,IK2:1,MOVE:0
[2026-09-08 09:35:13.223] [RX] PITCH:0.15,PID_OUT:-73.90,INT:-0.1204,EL:-571,ER:-117,VEL:-186.6,MOT:1,TILT:25.0,TRIM:0.000,ATE:0,LATCH:0,TORQ:1,CR:0.0,FX1:1.00,FY1:-151.10,FX2:-6.00,FY2:-149.60,IK1:1,IK2:1,MOVE:0
[2026-09-08 09:35:13.324] [RX] PITCH:-0.24,PID_OUT:-39.05,INT:-0.1106,EL:-591,ER:-116,VEL:-117.5,MOT:1,TILT:25.0,TRIM:0.000,ATE:0,LATCH:0,TORQ:1,CR:0.0,FX1:1.00,FY1:-151.10,FX2:-6.00,FY2:-149.60,IK1:1,IK2:1,MOVE:0
[2026-09-08 09:35:13.428] [RX] PITCH:-0.56,PID_OUT:4.43,INT:-0.0684,EL:-621,ER:-116,VEL:-120.2,MOT:1,TILT:25.0,TRIM:0.000,ATE:0,LATCH:0,TORQ:1,CR:0.0,FX1:1.00,FY1:-151.10,FX2:-6.00,FY2:-149.60,IK1:1,IK2:1,MOVE:0
[2026-09-08 09:35:13.435] [RX] AX12:MODE:0,TQ:1,TL:1023,CM:1,CS:4,MS:0,MT:800
[2026-09-08 09:35:13.526] [RX] PITCH:-0.53,PID_OUT:23.75,INT:-0.0137,EL:-631,ER:-117,VEL:-57.3,MOT:1,TILT:25.0,TRIM:0.000,ATE:0,LATCH:0,TORQ:1,CR:0.0,FX1:1.00,FY1:-151.10,FX2:-6.00,FY2:-149.60,IK1:1,IK2:1,MOVE:0
[2026-09-08 09:35:13.531] [RX] SRV:14,36,0.8,0,0
[2026-09-08 09:35:13.626] [RX] PITCH:-0.30,PID_OUT:19.68,INT:0.0299,EL:-634,ER:-117,VEL:-20.1,MOT:1,TILT:25.0,TRIM:0.000,ATE:0,LATCH:0,TORQ:1,CR:0.0,FX1:1.00,FY1:-151.10,FX2:-6.00,FY2:-149.60,IK1:1,IK2:1,MOVE:0
[2026-09-08 09:35:13.726] [RX] PITCH:0.08,PID_OUT:4.56,INT:0.0344,EL:-634,ER:-117,VEL:-4.0,MOT:1,TILT:25.0,TRIM:0.000,ATE:0,LATCH:0,TORQ:1,CR:0.0,FX1:1.00,FY1:-151.10,FX2:-6.00,FY2:-149.60,IK1:1,IK2:1,MOVE:0
[2026-09-08 09:35:13.822] [RX] PITCH:0.11,PID_OUT:2.68,INT:0.0229,EL:-634,ER:-117,VEL:-0.8,MOT:1,TILT:25.0,TRIM:0.000,ATE:0,LATCH:0,TORQ:1,CR:0.0,FX1:1.00,FY1:-151.10,FX2:-6.00,FY2:-149.60,IK1:1,IK2:1,MOVE:0
[2026-09-08 09:35:13.927] [RX] PITCH:-0.24,PID_OUT:33.98,INT:0.0302,EL:-634,ER:-117,VEL:-0.2,MOT:1,TILT:25.0,TRIM:0.000,ATE:0,LATCH:0,TORQ:1,CR:0.0,FX1:1.00,FY1:-151.10,FX2:-6.00,FY2:-149.60,IK1:1,IK2:1,MOVE:0
[2026-09-08 09:35:13.936] [RX] AX12:MODE:0,TQ:1,TL:1023,CM:1,CS:4,MS:0,MT:800
[2026-09-08 09:35:14.023] [RX] PITCH:-0.37,PID_OUT:65.37,INT:0.0618,EL:-634,ER:-117,VEL:-0.0,MOT:1,TILT:25.0,TRIM:0.000,ATE:0,LATCH:0,TORQ:1,CR:0.0,FX1:1.00,FY1:-151.10,FX2:-6.00,FY2:-149.60,IK1:1,IK2:1,MOVE:0
[2026-09-08 09:35:14.125] [RX] PITCH:-0.31,PID_OUT:58.90,INT:0.0995,EL:-633,ER:-127,VEL:36.5,MOT:1,TILT:25.0,TRIM:0.000,ATE:0,LATCH:0,TORQ:1,CR:0.0,FX1:1.00,FY1:-151.10,FX2:-6.00,FY2:-149.60,IK1:1,IK2:1,MOVE:0
[2026-09-08 09:35:14.223] [RX] PITCH:-0.02,PID_OUT:56.73,INT:0.1149,EL:-633,ER:-135,VEL:38.1,MOT:1,TILT:25.0,TRIM:0.000,ATE:0,LATCH:0,TORQ:1,CR:0.0,FX1:1.00,FY1:-151.10,FX2:-6.00,FY2:-149.60,IK1:1,IK2:1,MOVE:0
[2026-09-08 09:35:14.320] [RX] PITCH:0.21,PID_OUT:29.24,INT:0.1062,EL:-633,ER:-143,VEL:46.8,MOT:1,TILT:25.0,TRIM:0.000,ATE:0,LATCH:0,TORQ:1,CR:0.0,FX1:1.00,FY1:-151.10,FX2:-6.00,FY2:-149.60,IK1:1,IK2:1,MOVE:0
[2026-09-08 09:35:14.429] [RX] PITCH:0.28,PID_OUT:9.87,INT:0.0789,EL:-633,ER:-151,VEL:27.1,MOT:1,TILT:25.0,TRIM:0.000,ATE:0,LATCH:0,TORQ:1,CR:0.0,FX1:1.00,FY1:-151.10,FX2:-6.00,FY2:-149.60,IK1:1,IK2:1,MOVE:0
[2026-09-08 09:35:14.429] [RX] AX12:MODE:0,TQ:1,TL:1023,CM:1,CS:4,MS:0,MT:800
[2026-09-08 09:35:14.527] [RX] PITCH:0.57,PID_OUT:-55.74,INT:0.0382,EL:-633,ER:-151,VEL:5.3,MOT:1,TILT:25.0,TRIM:0.000,ATE:0,LATCH:0,TORQ:1,CR:0.0,FX1:1.00,FY1:-151.10,FX2:-6.00,FY2:-149.60,IK1:1,IK2:1,MOVE:0
[2026-09-08 09:35:14.527] [RX] SRV:1,35,0.0,0,0
[2026-09-08 09:35:14.624] [RX] PITCH:1.12,PID_OUT:-96.64,INT:-0.0550,EL:-662,ER:-147,VEL:-127.7,MOT:1,TILT:25.0,TRIM:0.000,ATE:0,LATCH:0,TORQ:1,CR:0.0,FX1:1.00,FY1:-151.10,FX2:-6.00,FY2:-149.60,IK1:1,IK2:1,MOVE:0
[2026-09-08 09:35:14.722] [RX] PITCH:0.13,PID_OUT:-60.93,INT:-0.1067,EL:-696,ER:-138,VEL:-199.2,MOT:1,TILT:25.0,TRIM:0.000,ATE:0,LATCH:0,TORQ:1,CR:0.0,FX1:1.00,FY1:-151.10,FX2:-6.00,FY2:-149.60,IK1:1,IK2:1,MOVE:0
[2026-09-08 09:35:14.820] [RX] PITCH:-0.15,PID_OUT:-72.60,INT:-0.0917,EL:-730,ER:-131,VEL:-200.4,MOT:1,TILT:25.0,TRIM:0.000,ATE:0,LATCH:0,TORQ:1,CR:0.0,FX1:1.00,FY1:-151.10,FX2:-6.00,FY2:-149.60,IK1:1,IK2:1,MOVE:0
[2026-09-08 09:35:14.926] [RX] PITCH:0.63,PID_OUT:-130.94,INT:-0.1250,EL:-755,ER:-129,VEL:-142.2,MOT:1,TILT:25.0,TRIM:0.000,ATE:0,LATCH:0,TORQ:1,CR:0.0,FX1:1.00,FY1:-151.10,FX2:-6.00,FY2:-149.60,IK1:1,IK2:1,MOVE:0
[2026-09-08 09:35:14.935] [RX] AX12:MODE:0,TQ:1,TL:1023,CM:1,CS:4,MS:0,MT:800
[2026-09-08 09:35:15.025] [RX] PITCH:-0.15,PID_OUT:-60.46,INT:-0.1629,EL:-780,ER:-124,VEL:-155.7,MOT:1,TILT:25.0,TRIM:0.000,ATE:0,LATCH:0,TORQ:1,CR:0.0,FX1:1.00,FY1:-151.10,FX2:-6.00,FY2:-149.60,IK1:1,IK2:1,MOVE:0
[2026-09-08 09:35:15.124] [RX] PITCH:-0.75,PID_OUT:-0.63,INT:-0.1038,EL:-813,ER:-124,VEL:-169.8,MOT:1,TILT:25.0,TRIM:0.000,ATE:0,LATCH:0,TORQ:1,CR:0.0,FX1:1.00,FY1:-151.10,FX2:-6.00,FY2:-149.60,IK1:1,IK2:1,MOVE:0
[2026-09-08 09:35:15.222] [RX] PITCH:-0.65,PID_OUT:6.16,INT:-0.0326,EL:-832,ER:-132,VEL:-48.3,MOT:1,TILT:25.0,TRIM:0.000,ATE:0,LATCH:0,TORQ:1,CR:0.0,FX1:1.00,FY1:-151.10,FX2:-6.00,FY2:-149.60,IK1:1,IK2:1,MOVE:0
[2026-09-08 09:35:15.320] [RX] PITCH:-0.15,PID_OUT:-24.00,INT:0.0076,EL:-845,ER:-132,VEL:-61.4,MOT:1,TILT:25.0,TRIM:0.000,ATE:0,LATCH:0,TORQ:1,CR:0.0,FX1:1.00,FY1:-151.10,FX2:-6.00,FY2:-149.60,IK1:1,IK2:1,MOVE:0
[2026-09-08 09:35:15.434] [RX] PITCH:0.65,PID_OUT:-95.49,INT:-0.0242,EL:-869,ER:-132,VEL:-106.2,MOT:1,TILT:25.0,TRIM:0.000,ATE:0,LATCH:0,TORQ:1,CR:0.0,FX1:1.00,FY1:-151.10,FX2:-6.00,FY2:-149.60,IK1:1,IK2:1,MOVE:0
[2026-09-08 09:35:15.434] [RX] AX12:MODE:0,TQ:1,TL:1023,CM:1,CS:4,MS:0,MT:800
[2026-09-08 09:35:15.519] [RX] PITCH:0.69,PID_OUT:-109.79,INT:-0.1027,EL:-891,ER:-130,VEL:-114.2,MOT:1,TILT:25.0,TRIM:0.000,ATE:0,LATCH:0,TORQ:1,CR:0.0,FX1:1.00,FY1:-151.10,FX2:-6.00,FY2:-149.60,IK1:1,IK2:1,MOVE:0
[2026-09-08 09:35:15.525] [RX] SRV:6,44,6.3,0,0
[2026-09-08 09:35:15.623] [RX] PITCH:-0.43,PID_OUT:-17.90,INT:-0.1149,EL:-925,ER:-124,VEL:-192.9,MOT:1,TILT:25.0,TRIM:0.000,ATE:0,LATCH:0,TORQ:1,CR:0.0,FX1:1.00,FY1:-151.10,FX2:-6.00,FY2:-149.60,IK1:1,IK2:1,MOVE:0
[2026-09-08 09:35:15.722] [RX] PITCH:-0.92,PID_OUT:19.86,INT:-0.0363,EL:-947,ER:-126,VEL:-104.2,MOT:1,TILT:25.0,TRIM:0.000,ATE:0,LATCH:0,TORQ:1,CR:0.0,FX1:1.00,FY1:-151.10,FX2:-6.00,FY2:-149.60,IK1:1,IK2:1,MOVE:0
[2026-09-08 09:35:15.819] [RX] PITCH:0.26,PID_OUT:-96.81,INT:0.0011,EL:-969,ER:-132,VEL:-113.1,MOT:1,TILT:25.0,TRIM:0.000,ATE:0,LATCH:0,TORQ:1,CR:0.0,FX1:1.00,FY1:-151.10,FX2:-6.00,FY2:-149.60,IK1:1,IK2:1,MOVE:0
[2026-09-08 09:35:15.932] [RX] PITCH:0.99,PID_OUT:-113.22,INT:-0.0882,EL:-1002,ER:-124,VEL:-197.0,MOT:1,TILT:25.0,TRIM:0.000,ATE:0,LATCH:0,TORQ:1,CR:0.0,FX1:1.00,FY1:-151.10,FX2:-6.00,FY2:-149.60,IK1:1,IK2:1,MOVE:0
[2026-09-08 09:35:15.932] [RX] AX12:MODE:0,TQ:1,TL:1023,CM:1,CS:4,MS:0,MT:800
[2026-09-08 09:35:16.017] [RX] PITCH:0.00,PID_OUT:-37.30,INT:-0.1305,EL:-1044,ER:-108,VEL:-279.2,MOT:1,TILT:25.0,TRIM:0.000,ATE:0,LATCH:0,TORQ:1,CR:0.0,FX1:1.00,FY1:-151.10,FX2:-6.00,FY2:-149.60,IK1:1,IK2:1,MOVE:0
[2026-09-08 09:35:16.122] [RX] PITCH:-0.60,PID_OUT:24.22,INT:-0.0987,EL:-1070,ER:-101,VEL:-158.8,MOT:1,TILT:25.0,TRIM:0.000,ATE:0,LATCH:0,TORQ:1,CR:0.0,FX1:1.00,FY1:-151.10,FX2:-6.00,FY2:-149.60,IK1:1,IK2:1,MOVE:0
[2026-09-08 09:35:16.221] [RX] PITCH:-1.18,PID_OUT:71.00,INT:0.0016,EL:-1081,ER:-101,VEL:-65.9,MOT:1,TILT:25.0,TRIM:0.000,ATE:0,LATCH:0,TORQ:1,CR:0.0,FX1:1.00,FY1:-151.10,FX2:-6.00,FY2:-149.60,IK1:1,IK2:1,MOVE:0
[2026-09-08 09:35:16.320] [RX] PITCH:-0.59,PID_OUT:60.30,INT:0.0852,EL:-1080,ER:-113,VEL:41.2,MOT:1,TILT:25.0,TRIM:0.000,ATE:0,LATCH:0,TORQ:1,CR:0.0,FX1:1.00,FY1:-151.10,FX2:-6.00,FY2:-149.60,IK1:1,IK2:1,MOVE:0
[2026-09-08 09:35:16.427] [RX] PITCH:0.43,PID_OUT:-6.46,INT:0.1422,EL:-1077,ER:-126,VEL:71.8,MOT:1,TILT:25.0,TRIM:0.000,ATE:0,LATCH:0,TORQ:1,CR:0.0,FX1:1.00,FY1:-151.10,FX2:-6.00,FY2:-149.60,IK1:1,IK2:1,MOVE:0
[2026-09-08 09:35:16.427] [RX] AX12:MODE:0,TQ:1,TL:1023,CM:1,CS:4,MS:0,MT:800
[2026-09-08 09:35:16.517] [RX] PITCH:1.29,PID_OUT:-49.78,INT:0.0036,EL:-1093,ER:-131,VEL:-55.5,MOT:1,TILT:25.0,TRIM:0.000,ATE:0,LATCH:0,TORQ:1,CR:0.0,FX1:1.00,FY1:-151.10,FX2:-6.00,FY2:-149.60,IK1:1,IK2:1,MOVE:0
[2026-09-08 09:35:16.517] [RX] SRV:0,35,0.0,0,0
[2026-09-08 09:35:16.615] [RX] PITCH:-1.04,PID_OUT:128.45,INT:-0.0167,EL:-1117,ER:-138,VEL:-65.1,MOT:1,TILT:25.0,TRIM:0.000,ATE:0,LATCH:0,TORQ:1,CR:0.0,FX1:1.00,FY1:-151.10,FX2:-6.00,FY2:-149.60,IK1:1,IK2:1,MOVE:0
[2026-09-08 09:35:16.714] [RX] PITCH:-0.77,PID_OUT:63.23,INT:0.1130,EL:-1121,ER:-166,VEL:102.9,MOT:1,TILT:25.0,TRIM:0.000,ATE:0,LATCH:0,TORQ:1,CR:0.0,FX1:1.00,FY1:-151.10,FX2:-6.00,FY2:-149.60,IK1:1,IK2:1,MOVE:0
[2026-09-08 09:35:16.812] [RX] PITCH:0.85,PID_OUT:-91.61,INT:0.0960,EL:-1123,ER:-202,VEL:157.0,MOT:1,TILT:25.0,TRIM:0.000,ATE:0,LATCH:0,TORQ:1,CR:0.0,FX1:1.00,FY1:-151.10,FX2:-6.00,FY2:-149.60,IK1:1,IK2:1,MOVE:0
[2026-09-08 09:35:16.920] [RX] PITCH:0.77,PID_OUT:-52.01,INT:-0.0016,EL:-1133,ER:-232,VEL:97.8,MOT:1,TILT:25.0,TRIM:0.000,ATE:0,LATCH:0,TORQ:1,CR:0.0,FX1:1.00,FY1:-151.10,FX2:-6.00,FY2:-149.60,IK1:1,IK2:1,MOVE:0
[2026-09-08 09:35:16.928] [RX] AX12:MODE:0,TQ:1,TL:1023,CM:1,CS:4,MS:0,MT:800
[2026-09-08 09:35:17.018] [RX] PITCH:-0.19,PID_OUT:17.26,INT:-0.0360,EL:-1148,ER:-252,VEL:31.4,MOT:1,TILT:25.0,TRIM:0.000,ATE:0,LATCH:0,TORQ:1,CR:0.0,FX1:1.00,FY1:-151.10,FX2:-6.00,FY2:-149.60,IK1:1,IK2:1,MOVE:0
[2026-09-08 09:35:17.117] [RX] PITCH:-1.17,PID_OUT:46.16,INT:0.0707,EL:-1156,ER:-272,VEL:66.6,MOT:1,TILT:25.0,TRIM:0.000,ATE:0,LATCH:0,TORQ:1,CR:0.0,FX1:1.00,FY1:-151.10,FX2:-6.00,FY2:-149.60,IK1:1,IK2:1,MOVE:0
[2026-09-08 09:35:17.219] [RX] PITCH:1.89,PID_OUT:-193.56,INT:0.0408,EL:-1159,ER:-291,VEL:62.0,MOT:1,TILT:25.0,TRIM:0.000,ATE:0,LATCH:0,TORQ:1,CR:0.0,FX1:1.00,FY1:-151.10,FX2:-6.00,FY2:-149.60,IK1:1,IK2:1,MOVE:0
[2026-09-08 09:35:17.314] [RX] PITCH:0.17,PID_OUT:-19.59,INT:-0.0654,EL:-1179,ER:-292,VEL:-72.6,MOT:1,TILT:25.0,TRIM:0.000,ATE:0,LATCH:0,TORQ:1,CR:0.0,FX1:1.00,FY1:-151.10,FX2:-6.00,FY2:-149.60,IK1:1,IK2:1,MOVE:0
[2026-09-08 09:35:17.421] [RX] PITCH:-0.07,PID_OUT:11.53,INT:-0.0593,EL:-1209,ER:-292,VEL:-127.7,MOT:1,TILT:25.0,TRIM:0.000,ATE:0,LATCH:0,TORQ:1,CR:0.0,FX1:1.00,FY1:-151.10,FX2:-6.00,FY2:-149.60,IK1:1,IK2:1,MOVE:0
[2026-09-08 09:35:17.429] [RX] AX12:MODE:0,TQ:1,TL:1023,CM:1,CS:4,MS:0,MT:800
[2026-09-08 09:35:17.519] [RX] PITCH:-1.40,PID_OUT:84.81,INT:0.0206,EL:-1225,ER:-293,VEL:-77.9,MOT:1,TILT:25.0,TRIM:0.000,ATE:0,LATCH:0,TORQ:1,CR:0.0,FX1:1.00,FY1:-151.10,FX2:-6.00,FY2:-149.60,IK1:1,IK2:1,MOVE:0
[2026-09-08 09:35:17.519] [RX] SRV:14,36,0.0,0,0
[2026-09-08 09:35:17.613] [RX] PITCH:1.18,PID_OUT:-137.85,INT:0.0525,EL:-1236,ER:-302,VEL:-38.2,MOT:1,TILT:25.0,TRIM:0.000,ATE:0,LATCH:0,TORQ:1,CR:0.0,FX1:1.00,FY1:-151.10,FX2:-6.00,FY2:-149.60,IK1:1,IK2:1,MOVE:0
[2026-09-08 09:35:17.716] [RX] PITCH:0.92,PID_OUT:-96.55,INT:-0.0864,EL:-1259,ER:-300,VEL:-108.5,MOT:1,TILT:25.0,TRIM:0.000,ATE:0,LATCH:0,TORQ:1,CR:0.0,FX1:1.00,FY1:-151.10,FX2:-6.00,FY2:-149.60,IK1:1,IK2:1,MOVE:0
[2026-09-08 09:35:17.815] [RX] PITCH:-1.00,PID_OUT:44.41,INT:-0.0836,EL:-1288,ER:-300,VEL:-135.0,MOT:1,TILT:25.0,TRIM:0.000,ATE:0,LATCH:0,TORQ:1,CR:0.0,FX1:1.00,FY1:-151.10,FX2:-6.00,FY2:-149.60,IK1:1,IK2:1,MOVE:0
[2026-09-08 09:35:17.918] [RX] PITCH:-1.32,PID_OUT:38.07,INT:0.0512,EL:-1308,ER:-306,VEL:-68.1,MOT:1,TILT:25.0,TRIM:0.000,ATE:0,LATCH:0,TORQ:1,CR:0.0,FX1:1.00,FY1:-151.10,FX2:-6.00,FY2:-149.60,IK1:1,IK2:1,MOVE:0
[2026-09-08 09:35:17.926] [RX] AX12:MODE:0,TQ:1,TL:1023,CM:1,CS:4,MS:0,MT:800
[2026-09-08 09:35:18.014] [RX] PITCH:1.54,PID_OUT:-169.19,INT:0.0290,EL:-1333,ER:-310,VEL:-122.8,MOT:1,TILT:25.0,TRIM:0.000,ATE:0,LATCH:0,TORQ:1,CR:0.0,FX1:1.00,FY1:-151.10,FX2:-6.00,FY2:-149.60,IK1:1,IK2:1,MOVE:0
[2026-09-08 09:35:18.114] [RX] PITCH:0.61,PID_OUT:-73.18,INT:-0.1129,EL:-1369,ER:-292,VEL:-257.6,MOT:1,TILT:25.0,TRIM:0.000,ATE:0,LATCH:0,TORQ:1,CR:0.0,FX1:1.00,FY1:-151.10,FX2:-6.00,FY2:-149.60,IK1:1,IK2:1,MOVE:0
[2026-09-08 09:35:18.216] [RX] PITCH:-0.32,PID_OUT:-58.68,INT:-0.1119,EL:-1410,ER:-273,VEL:-289.1,MOT:1,TILT:25.0,TRIM:0.000,ATE:0,LATCH:0,TORQ:1,CR:0.0,FX1:1.00,FY1:-151.10,FX2:-6.00,FY2:-149.60,IK1:1,IK2:1,MOVE:0
[2026-09-08 09:35:18.317] [RX] PITCH:0.36,PID_OUT:-123.46,INT:-0.1112,EL:-1451,ER:-255,VEL:-289.7,MOT:1,TILT:25.0,TRIM:0.000,ATE:0,LATCH:0,TORQ:1,CR:0.0,FX1:1.00,FY1:-151.10,FX2:-6.00,FY2:-149.60,IK1:1,IK2:1,MOVE:0
[2026-09-08 09:35:18.423] [RX] PITCH:0.24,PID_OUT:-130.07,INT:-0.1333,EL:-1499,ER:-232,VEL:-344.1,MOT:1,TILT:25.0,TRIM:0.000,ATE:0,LATCH:0,TORQ:1,CR:0.0,FX1:1.00,FY1:-151.10,FX2:-6.00,FY2:-149.60,IK1:1,IK2:1,MOVE:0
[2026-09-08 09:35:18.423] [RX] AX12:MODE:0,TQ:1,TL:1023,CM:1,CS:4,MS:0,MT:800
[2026-09-08 09:35:18.518] [RX] PITCH:-0.07,PID_OUT:-89.34,INT:-0.1500,EL:-1544,ER:-205,VEL:-366.5,MOT:1,TILT:25.0,TRIM:0.000,ATE:0,LATCH:0,TORQ:1,CR:0.0,FX1:1.00,FY1:-151.10,FX2:-6.00,FY2:-149.60,IK1:1,IK2:1,MOVE:0
[2026-09-08 09:35:18.518] [RX] SRV:1,35,0.0,0,0
[2026-09-08 09:35:18.614] [RX] PITCH:0.26,PID_OUT:-116.48,INT:-0.1403,EL:-1588,ER:-179,VEL:-350.6,MOT:1,TILT:25.0,TRIM:0.000,ATE:0,LATCH:0,TORQ:1,CR:0.0,FX1:1.00,FY1:-151.10,FX2:-6.00,FY2:-149.60,IK1:1,IK2:1,MOVE:0
[2026-09-08 09:35:18.814] [RX] PITCH:0.04,PID_OUT:-75.15,INT:-0.1821,EL:-1635,ER:-147,VEL:-383.2,MOT:1,TILT:25.0,TRIM:0.000,ATE:0,LATCH:0,TORQ:1,CR:0.0,FX1:1.00,FY1:-15PITCH:-0.65,PID_OUT:-19.55,INT:-0.1315,EL:-1675,ER:-115,VEL:-353.3,MOT:1,TILT:25.0,TRIM:0.000,ATE:0,LATCH:0,TORQ:1,CR:0.0,FX1:1.00,FY1:-151.10,FX2:-6.00,FY2:-149.60,IK1:1,IK2:1,MOVE:0
[2026-09-08 09:35:18.918] [RX] PITCH:-0.55,PID_OUT:-29.51,INT:-0.0684,EL:-1711,ER:-90,VEL:-310.3,MOT:1,TILT:25.0,TRIM:0.000,ATE:0,LATCH:0,TORQ:1,CR:0.0,FX1:1.00,FY1:-151.10,FX2:-6.00,FY2:-149.60,IK1:1,IK2:1,MOVE:0
[2026-09-08 09:35:18.926] [RX] AX12:MODE:0,TQ:1,TL:1023,CM:1,CS:4,MS:0,MT:800
[2026-09-08 09:35:19.013] [RX] PITCH:0.76,PID_OUT:-111.21,INT:-0.0805,EL:-1752,ER:-67,VEL:-324.4,MOT:1,TILT:25.0,TRIM:0.000,ATE:0,LATCH:0,TORQ:1,CR:0.0,FX1:1.00,FY1:-151.10,FX2:-6.00,FY2:-149.60,IK1:1,IK2:1,MOVE:0
[2026-09-08 09:35:19.113] [RX] PITCH:0.08,PID_OUT:-73.97,INT:-0.1118,EL:-1795,ER:-40,VEL:-337.9,MOT:1,TILT:25.0,TRIM:0.000,ATE:0,LATCH:0,TORQ:1,CR:0.0,FX1:1.00,FY1:-151.10,FX2:-6.00,FY2:-149.60,IK1:1,IK2:1,MOVE:0
[2026-09-08 09:35:19.208] [RX] PITCH:-0.12,PID_OUT:-82.72,INT:-0.0969,EL:-1839,ER:-15,VEL:-341.8,MOT:1,TILT:25.0,TRIM:0.000,ATE:0,LATCH:0,TORQ:1,CR:0.0,FX1:1.00,FY1:-151.10,FX2:-6.00,FY2:-149.60,IK1:1,IK2:1,MOVE:0
[2026-09-08 09:35:19.313] [RX] PITCH:0.33,PID_OUT:-101.14,INT:-0.1063,EL:-1879,ER:10,VEL:-327.5,MOT:1,TILT:25.0,TRIM:0.000,ATE:0,LATCH:0,TORQ:1,CR:0.0,FX1:1.00,FY1:-151.10,FX2:-6.00,FY2:-149.60,IK1:1,IK2:1,MOVE:0
[2026-09-08 09:35:19.416] [RX] PITCH:0.03,PID_OUT:-77.61,INT:-0.1212,EL:-1920,ER:38,VEL:-340.1,MOT:1,TILT:25.0,TRIM:0.000,ATE:0,LATCH:0,TORQ:1,CR:0.0,FX1:1.00,FY1:-151.10,FX2:-6.00,FY2:-149.60,IK1:1,IK2:1,MOVE:0
[2026-09-08 09:35:19.425] [RX] AX12:MODE:0,TQ:1,TL:1023,CM:1,CS:4,MS:0,MT:800
[2026-09-08 09:35:19.513] [RX] PITCH:-0.14,PID_OUT:-78.87,INT:-0.1138,EL:-1964,ER:65,VEL:-345.8,MOT:1,TILT:25.0,TRIM:0.000,ATE:0,LATCH:0,TORQ:1,CR:0.0,FX1:1.00,FY1:-151.10,FX2:-6.00,FY2:-149.60,IK1:1,IK2:1,MOVE:0
[2026-09-08 09:35:19.513] [RX] SRV:6,45,6.3,0,0
[2026-09-08 09:35:19.611] [RX] PITCH:0.13,PID_OUT:-105.70,INT:-0.1031,EL:-2004,ER:90,VEL:-327.7,MOT:1,TILT:25.0,TRIM:0.000,ATE:0,LATCH:0,TORQ:1,CR:0.0,FX1:1.00,FY1:-151.10,FX2:-6.00,FY2:-149.60,IK1:1,IK2:1,MOVE:0
[2026-09-08 09:35:19.710] [RX] PITCH:-0.04,PID_OUT:-70.71,INT:-0.1297,EL:-2045,ER:117,VEL:-343.1,MOT:1,TILT:25.0,TRIM:0.000,ATE:0,LATCH:0,TORQ:1,CR:0.0,FX1:1.00,FY1:-151.10,FX2:-6.00,FY2:-149.60,IK1:1,IK2:1,MOVE:0
[2026-09-08 09:35:19.809] [RX] PITCH:-0.32,PID_OUT:-59.49,INT:-0.1022,EL:-2086,ER:143,VEL:-332.6,MOT:1,TILT:25.0,TRIM:0.000,ATE:0,LATCH:0,TORQ:1,CR:0.0,FX1:1.00,FY1:-151.10,FX2:-6.00,FY2:-149.60,IK1:1,IK2:1,MOVE:0
[2026-09-08 09:35:19.914] [RX] PITCH:0.25,PID_OUT:-96.54,INT:-0.1018,EL:-2126,ER:165,VEL:-315.6,MOT:1,TILT:25.0,TRIM:0.000,ATE:0,LATCH:0,TORQ:1,CR:0.0,FX1:1.00,FY1:-151.10,FX2:-6.00,FY2:-149.60,IK1:1,IK2:1,MOVE:0
[2026-09-08 09:35:19.914] [RX] AX12:MODE:0,TQ:1,TL:1023,CM:1,CS:4,MS:0,MT:800
[2026-09-08 09:35:20.007] [RX] PITCH:0.30,PID_OUT:-99.42,INT:-0.1322,EL:-2171,ER:189,VEL:-345.6,MOT:1,TILT:25.0,TRIM:0.000,ATE:0,LATCH:0,TORQ:1,CR:0.0,FX1:1.00,FY1:-151.10,FX2:-6.00,FY2:-149.60,IK1:1,IK2:1,MOVE:0
[2026-09-08 09:35:20.111] [RX] PITCH:-0.44,PID_OUT:-48.25,INT:-0.1039,EL:-2212,ER:211,VEL:-318.9,MOT:1,TILT:25.0,TRIM:0.000,ATE:0,LATCH:0,TORQ:1,CR:0.0,FX1:1.00,FY1:-151.10,FX2:-6.00,FY2:-149.60,IK1:1,IK2:1,MOVE:0
[2026-09-08 09:35:20.209] [RX] PITCH:-0.06,PID_OUT:-82.63,INT:-0.0758,EL:-2255,ER:228,VEL:-302.3,MOT:1,TILT:25.0,TRIM:0.000,ATE:0,LATCH:0,TORQ:1,CR:0.0,FX1:1.00,FY1:-151.10,FX2:-6.00,FY2:-149.60,IK1:1,IK2:1,MOVE:0
[2026-09-08 09:35:20.307] [RX] PITCH:0.22,PID_OUT:-94.82,INT:-0.0952,EL:-2294,ER:245,VEL:-281.5,MOT:1,TILT:25.0,TRIM:0.000,ATE:0,LATCH:0,TORQ:1,CR:0.0,FX1:1.00,FY1:-151.10,FX2:-6.00,FY2:-149.60,IK1:1,IK2:1,MOVE:0
[2026-09-08 09:35:20.412] [RX] PITCH:-0.01,PID_OUT:-58.14,INT:-0.1138,EL:-2338,ER:265,VEL:-315.9,MOT:1,TILT:25.0,TRIM:0.000,ATE:0,LATCH:0,TORQ:1,CR:0.0,FX1:1.00,FY1:-151.10,FX2:-6.00,FY2:-149.60,IK1:1,IK2:1,MOVE:0
[2026-09-08 09:35:20.421] [RX] AX12:MODE:0,TQ:1,TL:1023,CM:1,CS:4,MS:0,MT:800
[2026-09-08 09:35:20.511] [RX] PITCH:-0.01,PID_OUT:-85.37,INT:-0.1036,EL:-2383,ER:285,VEL:-328.6,MOT:1,TILT:25.0,TRIM:0.000,ATE:0,LATCH:0,TORQ:1,CR:0.0,FX1:1.00,FY1:-151.10,FX2:-6.00,FY2:-149.60,IK1:1,IK2:1,MOVE:0
[2026-09-08 09:35:20.511] [RX] SRV:0,35,0.0,0,0
[2026-09-08 09:35:20.610] [RX] PITCH:0.21,PID_OUT:-105.43,INT:-0.1097,EL:-2430,ER:305,VEL:-334.2,MOT:1,TILT:25.0,TRIM:0.000,ATE:0,LATCH:0,TORQ:1,CR:0.0,FX1:1.00,FY1:-151.10,FX2:-6.00,FY2:-149.60,IK1:1,IK2:1,MOVE:0
[2026-09-08 09:35:20.710] [RX] PITCH:-0.11,PID_OUT:-70.74,INT:-0.1195,EL:-2472,ER:328,VEL:-329.4,MOT:1,TILT:25.0,TRIM:0.000,ATE:0,LATCH:0,TORQ:1,CR:0.0,FX1:1.00,FY1:-151.10,FX2:-6.00,FY2:-149.60,IK1:1,IK2:1,MOVE:0
[2026-09-08 09:35:20.799] [RX] PITCH:-0.05,PID_OUT:-85.39,INT:-0.1143,EL:-2516,ER:353,VEL:-341.2,MOT:1,TILT:25.0,TRIM:0.000,ATE:0,LATCH:0,TORQ:1,CR:0.0,FX1:1.00,FY1:-151.10,FX2:-6.00,FY2:-149.60,IK1:1,IK2:1,MOVE:0
[2026-09-08 09:35:20.913] [RX] PITCH:0.21,PID_OUT:-113.98,INT:-0.1185,EL:-2561,ER:380,VEL:-350.1,MOT:1,TILT:25.0,TRIM:0.000,ATE:0,LATCH:0,TORQ:1,CR:0.0,FX1:1.00,FY1:-151.10,FX2:-6.00,FY2:-149.60,IK1:1,IK2:1,MOVE:0
[2026-09-08 09:35:20.921] [RX] AX12:MODE:0,TQ:1,TL:1023,CM:1,CS:4,MS:0,MT:800
[2026-09-08 09:35:21.004] [RX] PITCH:-0.19,PID_OUT:-61.33,INT:-0.1312,EL:-2602,ER:410,VEL:-352.1,MOT:1,TILT:25.0,TRIM:0.000,ATE:0,LATCH:0,TORQ:1,CR:0.0,FX1:1.00,FY1:-151.10,FX2:-6.00,FY2:-149.60,IK1:1,IK2:1,MOVE:0
[2026-09-08 09:35:21.102] [RX] PITCH:0.07,PID_OUT:-88.30,INT:-0.1245,EL:-2648,ER:440,VEL:-388.9,MOT:1,TILT:25.0,TRIM:0.000,ATE:0,LATCH:0,TORQ:1,CR:0.0,FX1:1.00,FY1:-151.10,FX2:-6.00,FY2:-149.60,IK1:1,IK2:1,MOVE:0
[2026-09-08 09:35:21.199] [RX] PITCH:-0.42,PID_OUT:-62.65,INT:-0.1164,EL:-2693,ER:472,VEL:-380.2,MOT:1,TILT:25.0,TRIM:0.000,ATE:0,LATCH:0,TORQ:1,CR:0.0,FX1:1.00,FY1:-151.10,FX2:-6.00,FY2:-149.60,IK1:1,IK2:1,MOVE:0
[2026-09-08 09:35:21.305] [RX] PITCH:-0.10,PID_OUT:-87.66,INT:-0.0952,EL:-2740,ER:503,VEL:-384.5,MOT:1,TILT:25.0,TRIM:0.000,ATE:0,LATCH:0,TORQ:1,CR:0.0,FX1:1.00,FY1:-151.10,FX2:-6.00,FY2:-149.60,IK1:1,IK2:1,MOVE:0
[2026-09-08 09:35:21.413] [RX] PITCH:0.30,PID_OUT:-103.56,INT:-0.1296,EL:-2787,ER:536,VEL:-407.7,MOT:1,TILT:25.0,TRIM:0.000,ATE:0,LATCH:0,TORQ:1,CR:0.0,FX1:1.00,FY1:-151.10,FX2:-6.00,FY2:-149.60,IK1:1,IK2:1,MOVE:0
[2026-09-08 09:35:21.421] [RX] AX12:MODE:0,TQ:1,TL:1023,CM:1,CS:4,MS:0,MT:800
[2026-09-08 09:35:21.511] [RX] PITCH:-0.06,PID_OUT:-94.70,INT:-0.1384,EL:-2833,ER:573,VEL:-407.9,MOT:1,TILT:25.0,TRIM:0.000,ATE:0,LATCH:0,TORQ:1,CR:0.0,FX1:1.00,FY1:-151.10,FX2:-6.00,FY2:-149.60,IK1:1,IK2:1,MOVE:0
[2026-09-08 09:35:21.511] [RX] SRV:14,36,28.2,0,0
[2026-09-08 09:35:21.600] [RX] PITCH:-0.14,PID_OUT:-89.65,INT:-0.1271,EL:-2879,ER:611,VEL:-425.7,MOT:1,TILT:25.0,TRIM:0.000,ATE:0,LATCH:0,TORQ:1,CR:0.0,FX1:1.00,FY1:-151.10,FX2:-6.00,FY2:-149.60,IK1:1,IK2:1,MOVE:0
[2026-09-08 09:35:21.700] [RX] PITCH:0.12,PID_OUT:-114.82,INT:-0.1231,EL:-2923,ER:649,VEL:-422.6,MOT:1,TILT:25.0,TRIM:0.000,ATE:0,LATCH:0,TORQ:1,CR:0.0,FX1:1.00,FY1:-151.10,FX2:-6.00,FY2:-149.60,IK1:1,IK2:1,MOVE:0
[2026-09-08 09:35:21.806] [RX] PITCH:-0.29,PID_OUT:-73.23,INT:-0.1206,EL:-2973,ER:690,VEL:-450.2,MOT:1,TILT:25.0,TRIM:0.000,ATE:0,LATCH:0,TORQ:1,CR:0.0,FX1:1.00,FY1:-151.10,FX2:-6.00,FY2:-149.60,IK1:1,IK2:1,MOVE:0
[2026-09-08 09:35:21.912] [RX] PITCH:0.08,PID_OUT:-98.21,INT:-0.1215,EL:-3019,ER:732,VEL:-448.9,MOT:1,TILT:25.0,TRIM:0.000,ATE:0,LATCH:0,TORQ:1,CR:0.0,FX1:1.00,FY1:-151.10,FX2:-6.00,FY2:-149.60,IK1:1,IK2:1,MOVE:0
[2026-09-08 09:35:21.913] [RX] AX12:MODE:0,TQ:1,TL:1023,CM:1,CS:4,MS:0,MT:800
[2026-09-08 09:35:22.004] [RX] PITCH:0.26,PID_OUT:-155.72,INT:-0.1354,EL:-3068,ER:777,VEL:-467.4,MOT:1,TILT:25.0,TRIM:0.000,ATE:0,LATCH:0,TORQ:1,CR:0.0,FX1:1.00,FY1:-151.10,FX2:-6.00,FY2:-149.60,IK1:1,IK2:1,MOVE:0
[2026-09-08 09:35:22.101] [RX] PITCH:0.01,PID_OUT:-114.71,INT:-0.1575,EL:-3120,ER:827,VEL:-509.8,MOT:1,TILT:25.0,TRIM:0.000,ATE:0,LATCH:0,TORQ:1,CR:0.0,FX1:1.00,FY1:-151.10,FX2:-6.00,FY2:-149.60,IK1:1,IK2:1,MOVE:0
[2026-09-08 09:35:22.205] [RX] PITCH:-0.21,PID_OUT:-108.84,INT:-0.1423,EL:-3173,ER:879,VEL:-520.1,MOT:1,TILT:25.0,TRIM:0.000,ATE:0,LATCH:0,TORQ:1,CR:0.0,FX1:1.00,FY1:-151.10,FX2:-6.00,FY2:-149.60,IK1:1,IK2:1,MOVE:0
[2026-09-08 09:35:22.304] [RX] PITCH:0.59,PID_OUT:-164.72,INT:-0.1806,EL:-3232,ER:934,VEL:-568.2,MOT:1,TILT:25.0,TRIM:0.000,ATE:0,LATCH:0,TORQ:1,CR:0.0,FX1:1.00,FY1:-151.10,FX2:-6.00,FY2:-149.60,IK1:1,IK2:1,MOVE:0
[2026-09-08 09:35:22.411] [RX] PITCH:-0.06,PID_OUT:-106.06,INT:-0.2077,EL:-3297,ER:995,VEL:-619.7,MOT:1,TILT:25.0,TRIM:0.000,ATE:0,LATCH:0,TORQ:1,CR:0.0,FX1:1.00,FY1:-151.10,FX2:-6.00,FY2:-149.60,IK1:1,IK2:1,MOVE:0
[2026-09-08 09:35:22.411] [RX] AX12:MODE:0,TQ:1,TL:1023,CM:1,CS:4,MS:0,MT:800
[2026-09-08 09:35:22.508] [RX] PITCH:-0.63,PID_OUT:-93.07,INT:-0.1427,EL:-3360,ER:1056,VEL:-613.2,MOT:1,TILT:25.0,TRIM:0.000,ATE:0,LATCH:0,TORQ:1,CR:0.0,FX1:1.00,FY1:-151.10,FX2:-6.00,FY2:-149.60,IK1:1,IK2:1,MOVE:0
[2026-09-08 09:35:22.510] [RX] SRV:1,35,0.0,0,0
[2026-09-08 09:35:22.606] [RX] PITCH:0.67,PID_OUT:-157.30,INT:-0.1787,EL:-3425,ER:1116,VEL:-632.1,MOT:1,TILT:25.0,TRIM:0.000,ATE:0,LATCH:0,TORQ:1,CR:0.0,FX1:1.00,FY1:-151.10,FX2:-6.00,FY2:-149.60,IK1:1,IK2:1,MOVE:0
[2026-09-08 09:35:22.704] [RX] PITCH:0.02,PID_OUT:-126.51,INT:-0.2300,EL:-3501,ER:1185,VEL:-707.5,MOT:1,TILT:25.0,TRIM:0.000,ATE:0,LATCH:0,TORQ:1,CR:0.0,FX1:1.00,FY1:-151.10,FX2:-6.00,FY2:-149.60,IK1:1,IK2:1,MOVE:0
[2026-09-08 09:35:22.803] [RX] PITCH:-0.37,PID_OUT:-108.23,INT:-0.1909,EL:-3576,ER:1255,VEL:-720.5,MOT:1,TILT:25.0,TRIM:0.000,ATE:0,LATCH:0,TORQ:1,CR:0.0,FX1:1.00,FY1:-151.10,FX2:-6.00,FY2:-149.60,IK1:1,IK2:1,MOVE:0
[2026-09-08 09:35:22.901] [RX] PITCH:0.13,PID_OUT:-152.90,INT:-0.1728,EL:-3647,ER:1322,VEL:-696.9,MOT:1,TILT:25.0,TRIM:0.000,ATE:0,LATCH:0,TORQ:1,CR:0.0,FX1:1.00,FY1:-151.10,FX2:-6.00,FY2:-149.60,IK1:1,IK2:1,MOVE:0
[2026-09-08 09:35:22.913] [RX] AX12:MODE:0,TQ:1,TL:1023,CM:1,CS:4,MS:0,MT:800
[2026-09-08 09:35:23.002] [RX] PITCH:0.15,PID_OUT:-157.76,INT:-0.1824,EL:-3721,ER:1392,VEL:-720.3,MOT:1,TILT:25.0,TRIM:0.000,ATE:0,LATCH:0,TORQ:1,CR:0.0,FX1:1.00,FY1:-151.10,FX2:-6.00,FY2:-149.60,IK1:1,IK2:1,MOVE:0
[2026-09-08 09:35:23.101] [RX] PITCH:0.24,PID_OUT:-160.18,INT:-0.2098,EL:-3800,ER:1465,VEL:-757.4,MOT:1,TILT:25.0,TRIM:0.000,ATE:0,LATCH:0,TORQ:1,CR:0.0,FX1:1.00,FY1:-151.10,FX2:-6.00,FY2:-149.60,IK1:1,IK2:1,MOVE:0
[2026-09-08 09:35:23.199] [RX] PITCH:0.42,PID_OUT:-157.29,INT:-0.2440,EL:-3884,ER:1541,VEL:-797.9,MOT:1,TILT:25.0,TRIM:0.000,ATE:0,LATCH:0,TORQ:1,CR:0.0,FX1:1.00,FY1:-151.10,FX2:-6.00,FY2:-149.60,IK1:1,IK2:1,MOVE:0
[2026-09-08 09:35:23.299] [RX] PITCH:0.04,PID_OUT:-127.14,INT:-0.2436,EL:-3972,ER:1622,VEL:-836.4,MOT:1,TILT:25.0,TRIM:0.000,ATE:0,LATCH:0,TORQ:1,CR:0.0,FX1:1.00,FY1:-151.10,FX2:-6.00,FY2:-149.60,IK1:1,IK2:1,MOVE:0
[2026-09-08 09:35:23.412] [RX] PITCH:-1.41,PID_OUT:-17.07,INT:-0.1663,EL:-4058,ER:1701,VEL:-821.0,MOT:1,TILT:25.0,TRIM:0.000,ATE:0,LATCH:0,TORQ:1,CR:0.0,FX1:1.00,FY1:-151.10,FX2:-6.00,FY2:-149.60,IK1:1,IK2:1,MOVE:0
[2026-09-08 09:35:23.428] [RX] AX12:MODE:0,TQ:1,TL:1023,CM:1,CS:4,MS:0,MT:800
[2026-09-08 09:35:23.501] [RX] PITCH:0.07,PID_OUT:-154.70,INT:-0.0722,EL:-4137,ER:1772,VEL:-751.4,MOT:1,TILT:25.0,TRIM:0.000,ATE:0,LATCH:0,TORQ:1,CR:0.0,FX1:1.00,FY1:-151.10,FX2:-6.00,FY2:-149.60,IK1:1,IK2:1,MOVE:0
[2026-09-08 09:35:23.501] [RX] SRV:6,45,6.3,0,0
[2026-09-08 09:35:23.601] [RX] PITCH:0.98,PID_OUT:-116.64,INT:-0.2113,EL:-4227,ER:1853,VEL:-865.5,MOT:1,TILT:25.0,TRIM:0.000,ATE:0,LATCH:0,TORQ:1,CR:0.0,FX1:1.00,FY1:-151.10,FX2:-6.00,FY2:-149.60,IK1:1,IK2:1,MOVE:0
[2026-09-08 09:35:23.699] [RX] PITCH:-0.21,PID_OUT:-89.70,INT:-0.2136,EL:-4326,ER:1942,VEL:-921.5,MOT:1,TILT:25.0,TRIM:0.000,ATE:0,LATCH:0,TORQ:1,CR:0.0,FX1:1.00,FY1:-151.10,FX2:-6.00,FY2:-149.60,IK1:1,IK2:1,MOVE:0
[2026-09-08 09:35:23.798] [RX] PITCH:-1.16,PID_OUT:-22.61,INT:-0.1041,EL:-4418,ER:2022,VEL:-858.8,MOT:1,TILT:25.0,TRIM:0.000,ATE:0,LATCH:0,TORQ:1,CR:0.0,FX1:1.00,FY1:-151.10,FX2:-6.00,FY2:-149.60,IK1:1,IK2:1,MOVE:0
[2026-09-08 09:35:23.908] [RX] PITCH:0.83,PID_OUT:-192.79,INT:-0.1029,EL:-4504,ER:2099,VEL:-828.8,MOT:1,TILT:25.0,TRIM:0.000,ATE:0,LATCH:0,TORQ:1,CR:0.0,FX1:1.00,FY1:-151.10,FX2:-6.00,FY2:-149.60,IK1:1,IK2:1,MOVE:0
[2026-09-08 09:35:23.913] [RX] AX12:MODE:0,TQ:1,TL:1023,CM:1,CS:4,MS:0,MT:800
[2026-09-08 09:35:23.997] [RX] PITCH:0.95,PID_OUT:-169.46,INT:-0.2426,EL:-4604,ER:2189,VEL:-949.0,MOT:1,TILT:25.0,TRIM:0.000,ATE:0,LATCH:0,TORQ:1,CR:0.0,FX1:1.00,FY1:-151.10,FX2:-6.00,FY2:-149.60,IK1:1,IK2:1,MOVE:0
[2026-09-08 09:35:24.093] [RX] PITCH:-0.36,PID_OUT:-63.29,INT:-0.2607,EL:-4710,ER:2286,VEL:-1001.2,MOT:1,TILT:25.0,TRIM:0.000,ATE:0,LATCH:0,TORQ:1,CR:0.0,FX1:1.00,FY1:-151.10,FX2:-6.00,FY2:-149.60,IK1:1,IK2:1,MOVE:0
[2026-09-08 09:35:24.198] [RX] PITCH:-1.72,PID_OUT:29.60,INT:-0.1250,EL:-4811,ER:2374,VEL:-943.5,MOT:1,TILT:25.0,TRIM:0.000,ATE:0,LATCH:0,TORQ:1,CR:0.0,FX1:1.00,FY1:-151.10,FX2:-6.00,FY2:-149.60,IK1:1,IK2:1,MOVE:0
[2026-09-08 09:35:24.300] [RX] PITCH:-0.44,PID_OUT:-79.11,INT:-0.0138,EL:-4900,ER:2451,VEL:-849.3,MOT:1,TILT:25.0,TRIM:0.000,ATE:0,LATCH:0,TORQ:1,CR:0.0,FX1:1.00,FY1:-151.10,FX2:-6.00,FY2:-149.60,IK1:1,IK2:1,MOVE:0
[2026-09-08 09:35:24.400] [RX] PITCH:3.08,PID_OUT:-213.25,INT:-0.1501,EL:-4989,ER:2533,VEL:-873.5,MOT:1,TILT:25.0,TRIM:0.000,ATE:0,LATCH:0,TORQ:1,CR:0.0,FX1:1.00,FY1:-151.10,FX2:-6.00,FY2:-149.60,IK1:1,IK2:1,MOVE:0
[2026-09-08 09:35:24.406] [RX] AX12:MODE:0,TQ:1,TL:1023,CM:1,CS:4,MS:0,MT:800
[2026-09-08 09:35:24.497] [RX] PITCH:-0.61,PID_OUT:194.41,INT:-0.3445,EL:-5096,ER:2624,VEL:-955.2,MOT:1,TILT:25.0,TRIM:0.000,ATE:0,LATCH:0,TORQ:1,CR:0.0,FX1:1.00,FY1:-151.10,FX2:-6.00,FY2:-149.60,IK1:1,IK2:1,MOVE:0
[2026-09-08 09:35:24.497] [RX] SRV:0,35,0.0,0,0
[2026-09-08 09:35:24.602] [RX] PITCH:-0.05,PID_OUT:-130.98,INT:-0.1355,EL:-5148,ER:2666,VEL:-530.5,MOT:1,TILT:25.0,TRIM:0.000,ATE:0,LATCH:0,TORQ:1,CR:0.0,FX1:1.00,FY1:-151.10,FX2:-6.00,FY2:-149.60,IK1:1,IK2:1,MOVE:0
[2026-09-08 09:35:24.693] [RX] PITCH:-2.36,PID_OUT:123.58,INT:-0.0338,EL:-5186,ER:2695,VEL:-346.0,MOT:1,TILT:25.0,TRIM:0.000,ATE:0,LATCH:0,TORQ:1,CR:0.0,FX1:1.00,FY1:-151.10,FX2:-6.00,FY2:-149.60,IK1:1,IK2:1,MOVE:0
[2026-09-08 09:35:24.801] [RX] PITCH:-0.59,PID_OUT:34.55,INT:0.1235,EL:-5194,ER:2693,VEL:-76.1,MOT:1,TILT:25.0,TRIM:0.000,ATE:0,LATCH:0,TORQ:1,CR:0.0,FX1:1.00,FY1:-151.10,FX2:-6.00,FY2:-149.60,IK1:1,IK2:1,MOVE:0
[2026-09-08 09:35:24.905] [RX] PITCH:0.79,PID_OUT:-69.52,INT:0.1038,EL:-5194,ER:2689,VEL:-8.5,MOT:1,TILT:25.0,TRIM:0.000,ATE:0,LATCH:0,TORQ:1,CR:0.0,FX1:1.00,FY1:-151.10,FX2:-6.00,FY2:-149.60,IK1:1,IK2:1,MOVE:0
[2026-09-08 09:35:24.906] [RX] AX12:MODE:0,TQ:1,TL:1023,CM:1,CS:4,MS:0,MT:800
[2026-09-08 09:35:25.001] [RX] PITCH:0.68,PID_OUT:-48.02,INT:0.0140,EL:-5215,ER:2690,VEL:-104.5,MOT:1,TILT:25.0,TRIM:0.000,ATE:0,LATCH:0,TORQ:1,CR:0.0,FX1:1.00,FY1:-151.10,FX2:-6.00,FY2:-149.60,IK1:1,IK2:1,MOVE:0
[2026-09-08 09:35:25.096] [RX] PITCH:-0.46,PID_OUT:71.65,INT:0.0019,EL:-5224,ER:2687,VEL:-14.0,MOT:1,TILT:25.0,TRIM:0.000,ATE:0,LATCH:0,TORQ:1,CR:0.0,FX1:1.00,FY1:-151.10,FX2:-6.00,FY2:-149.60,IK1:1,IK2:1,MOVE:0
[2026-09-08 09:35:25.196] [RX] PITCH:-1.79,PID_OUT:171.79,INT:0.1317,EL:-5218,ER:2670,VEL:91.2,MOT:1,TILT:25.0,TRIM:0.000,ATE:0,LATCH:0,TORQ:1,CR:0.0,FX1:1.00,FY1:-151.10,FX2:-6.00,FY2:-149.60,IK1:1,IK2:1,MOVE:0
[2026-09-08 09:35:25.293] [RX] PITCH:0.11,PID_OUT:51.45,INT:0.2200,EL:-5196,ER:2641,VEL:236.1,MOT:1,TILT:25.0,TRIM:0.000,ATE:0,LATCH:0,TORQ:1,CR:0.0,FX1:1.00,FY1:-151.10,FX2:-6.00,FY2:-149.60,IK1:1,IK2:1,MOVE:0
[2026-09-08 09:35:25.399] [RX] PITCH:0.83,PID_OUT:23.98,INT:0.1475,EL:-5176,ER:2619,VEL:207.7,MOT:1,TILT:25.0,TRIM:0.000,ATE:0,LATCH:0,TORQ:1,CR:0.0,FX1:1.00,FY1:-151.10,FX2:-6.00,FY2:-149.60,IK1:1,IK2:1,MOVE:0
[2026-09-08 09:35:25.407] [RX] AX12:MODE:0,TQ:1,TL:1023,CM:1,CS:4,MS:0,MT:800
[2026-09-08 09:35:25.497] [RX] PITCH:-0.48,PID_OUT:137.11,INT:0.1268,EL:-5161,ER:2593,VEL:209.4,MOT:1,TILT:25.0,TRIM:0.000,ATE:0,LATCH:0,TORQ:1,CR:0.0,FX1:1.00,FY1:-151.10,FX2:-6.00,FY2:-149.60,IK1:1,IK2:1,MOVE:0
[2026-09-08 09:35:25.500] [RX] SRV:14,37,0.0,0,0
[2026-09-08 09:35:25.596] [RX] PITCH:-0.30,PID_OUT:90.74,INT:0.1887,EL:-5138,ER:2563,VEL:269.0,MOT:1,TILT:25.0,TRIM:0.000,ATE:0,LATCH:0,TORQ:1,CR:0.0,FX1:1.00,FY1:-151.10,FX2:-6.00,FY2:-149.60,IK1:1,IK2:1,MOVE:0
[2026-09-08 09:35:25.694] [RX] PITCH:0.37,PID_OUT:35.93,INT:0.1738,EL:-5112,ER:2537,VEL:261.1,MOT:1,TILT:25.0,TRIM:0.000,ATE:0,LATCH:0,TORQ:1,CR:0.0,FX1:1.00,FY1:-151.10,FX2:-6.00,FY2:-149.60,IK1:1,IK2:1,MOVE:0
[2026-09-08 09:35:25.793] [RX] PITCH:0.22,PID_OUT:73.87,INT:0.1326,EL:-5090,ER:2513,VEL:240.2,MOT:1,TILT:25.0,TRIM:0.000,ATE:0,LATCH:0,TORQ:1,CR:0.0,FX1:1.00,FY1:-151.10,FX2:-6.00,FY2:-149.60,IK1:1,IK2:1,MOVE:0
[2026-09-08 09:35:25.892] [RX] PITCH:-0.17,PID_OUT:94.33,INT:0.1346,EL:-5070,ER:2484,VEL:245.7,MOT:1,TILT:25.0,TRIM:0.000,ATE:0,LATCH:0,TORQ:1,CR:0.0,FX1:1.00,FY1:-151.10,FX2:-6.00,FY2:-149.60,IK1:1,IK2:1,MOVE:0
[2026-09-08 09:35:25.900] [RX] AX12:MODE:0,TQ:1,TL:1023,CM:1,CS:4,MS:0,MT:800
[2026-09-08 09:35:25.992] [RX] PITCH:-0.01,PID_OUT:52.19,INT:0.1552,EL:-5047,ER:2454,VEL:265.2,MOT:1,TILT:25.0,TRIM:0.000,ATE:0,LATCH:0,TORQ:1,CR:0.0,FX1:1.00,FY1:-151.10,FX2:-6.00,FY2:-149.60,IK1:1,IK2:1,MOVE:0
[2026-09-08 09:35:26.099] [RX] PITCH:0.50,PID_OUT:9.87,INT:0.1248,EL:-5024,ER:2431,VEL:230.4,MOT:1,TILT:25.0,TRIM:0.000,ATE:0,LATCH:0,TORQ:1,CR:0.0,FX1:1.00,FY1:-151.10,FX2:-6.00,FY2:-149.60,IK1:1,IK2:1,MOVE:0
[2026-09-08 09:35:26.195] [RX] PITCH:0.28,PID_OUT:43.88,INT:0.0713,EL:-5008,ER:2412,VEL:181.4,MOT:1,TILT:25.0,TRIM:0.000,ATE:0,LATCH:0,TORQ:1,CR:0.0,FX1:1.00,FY1:-151.10,FX2:-6.00,FY2:-149.60,IK1:1,IK2:1,MOVE:0
[2026-09-08 09:35:26.294] [RX] PITCH:-0.50,PID_OUT:92.36,INT:0.1030,EL:-4992,ER:2383,VEL:220.8,MOT:1,TILT:25.0,TRIM:0.000,ATE:0,LATCH:0,TORQ:1,CR:0.0,FX1:1.00,FY1:-151.10,FX2:-6.00,FY2:-149.60,IK1:1,IK2:1,MOVE:0
[2026-09-08 09:35:26.401] [RX] PITCH:0.07,PID_OUT:37.11,INT:0.1258,EL:-4973,ER:2350,VEL:245.4,MOT:1,TILT:25.0,TRIM:0.000,ATE:0,LATCH:0,TORQ:1,CR:0.0,FX1:1.00,FY1:-151.10,FX2:-6.00,FY2:-149.60,IK1:1,IK2:1,MOVE:0
[2026-09-08 09:35:26.405] [RX] AX12:MODE:0,TQ:1,TL:1023,CM:1,CS:4,MS:0,MT:800
[2026-09-08 09:35:26.495] [RX] PITCH:0.33,PID_OUT:29.73,INT:0.0984,EL:-4956,ER:2329,VEL:202.0,MOT:1,TILT:25.0,TRIM:0.000,ATE:0,LATCH:0,TORQ:1,CR:0.0,FX1:1.00,FY1:-151.10,FX2:-6.00,FY2:-149.60,IK1:1,IK2:1,MOVE:0
[2026-09-08 09:35:26.497] [RX] SRV:1,35,0.0,0,0
[2026-09-08 09:35:26.592] [RX] PITCH:-0.05,PID_OUT:55.15,INT:0.0860,EL:-4945,ER:2302,VEL:192.4,MOT:1,TILT:25.0,TRIM:0.000,ATE:0,LATCH:0,TORQ:1,CR:0.0,FX1:1.00,FY1:-151.10,FX2:-6.00,FY2:-149.60,IK1:1,IK2:1,MOVE:0
[2026-09-08 09:35:26.689] [RX] PITCH:-0.25,PID_OUT:56.41,INT:0.1063,EL:-4936,ER:2278,VEL:165.4,MOT:1,TILT:25.0,TRIM:0.000,ATE:0,LATCH:0,TORQ:1,CR:0.0,FX1:1.00,FY1:-151.10,FX2:-6.00,FY2:-149.60,IK1:1,IK2:1,MOVE:0
[2026-09-08 09:35:26.793] [RX] PITCH:0.32,PID_OUT:7.45,INT:0.1000,EL:-4927,ER:2257,VEL:151.5,MOT:1,TILT:25.0,TRIM:0.000,ATE:0,LATCH:0,TORQ:1,CR:0.0,FX1:1.00,FY1:-151.10,FX2:-6.00,FY2:-149.60,IK1:1,IK2:1,MOVE:0
[2026-09-08 09:35:26.897] [RX] PITCH:0.51,PID_OUT:-11.76,INT:0.0508,EL:-4936,ER:2250,VEL:4.1,MOT:1,TILT:25.0,TRIM:0.000,ATE:0,LATCH:0,TORQ:1,CR:0.0,FX1:1.00,FY1:-151.10,FX2:-6.00,FY2:-149.60,IK1:1,IK2:1,MOVE:0
[2026-09-08 09:35:26.902] [RX] AX12:MODE:0,TQ:1,TL:1023,CM:1,CS:4,MS:0,MT:800
[2026-09-08 09:35:26.993] [RX] PITCH:0.09,PID_OUT:4.33,INT:0.0219,EL:-4935,ER:2249,VEL:4.9,MOT:1,TILT:25.0,TRIM:0.000,ATE:0,LATCH:0,TORQ:1,CR:0.0,FX1:1.00,FY1:-151.10,FX2:-6.00,FY2:-149.60,IK1:1,IK2:1,MOVE:0
[2026-09-08 09:35:27.090] [RX] PITCH:0.14,PID_OUT:-33.09,INT:0.0167,EL:-4935,ER:2249,VEL:1.0,MOT:1,TILT:25.0,TRIM:0.000,ATE:0,LATCH:0,TORQ:1,CR:0.0,FX1:1.00,FY1:-151.10,FX2:-6.00,FY2:-149.60,IK1:1,IK2:1,MOVE:0
[2026-09-08 09:35:27.193] [RX] PITCH:0.91,PID_OUT:-124.72,INT:-0.0387,EL:-4943,ER:2250,VEL:-49.5,MOT:1,TILT:25.0,TRIM:0.000,ATE:0,LATCH:0,TORQ:1,CR:0.0,FX1:1.00,FY1:-151.10,FX2:-6.00,FY2:-149.60,IK1:1,IK2:1,MOVE:0
[2026-09-08 09:35:27.290] [RX] PITCH:0.59,PID_OUT:-95.27,INT:-0.1282,EL:-4975,ER:2261,VEL:-190.0,MOT:1,TILT:25.0,TRIM:0.000,ATE:0,LATCH:0,TORQ:1,CR:0.0,FX1:1.00,FY1:-151.10,FX2:-6.00,FY2:-149.60,IK1:1,IK2:1,MOVE:0
[2026-09-08 09:35:27.393] [RX] PITCH:-0.26,PID_OUT:-62.44,INT:-0.1347,EL:-5010,ER:2276,VEL:-236.9,MOT:1,TILT:25.0,TRIM:0.000,ATE:0,LATCH:0,TORQ:1,CR:0.0,FX1:1.00,FY1:-151.10,FX2:-6.00,FY2:-149.60,IK1:1,IK2:1,MOVE:0
[2026-09-08 09:35:27.399] [RX] AX12:MODE:0,TQ:1,TL:1023,CM:1,CS:4,MS:0,MT:800
[2026-09-08 09:35:27.491] [RX] PITCH:0.03,PID_OUT:-103.64,INT:-0.1102,EL:-5046,ER:2289,VEL:-250.7,MOT:1,TILT:25.0,TRIM:0.000,ATE:0,LATCH:0,TORQ:1,CR:0.0,FX1:1.00,FY1:-151.10,FX2:-6.00,FY2:-149.60,IK1:1,IK2:1,MOVE:0
[2026-09-08 09:35:27.494] [RX] SRV:6,45,6.3,0,0
[2026-09-08 09:35:27.589] [RX] PITCH:0.19,PID_OUT:-93.04,INT:-0.1357,EL:-5085,ER:2306,VEL:-280.4,MOT:1,TILT:25.0,TRIM:0.000,ATE:0,LATCH:0,TORQ:1,CR:0.0,FX1:1.00,FY1:-151.10,FX2:-6.00,FY2:-149.60,IK1:1,IK2:1,MOVE:0
[2026-09-08 09:35:27.696] [RX] PITCH:0.04,PID_OUT:-96.40,INT:-0.1405,EL:-5126,ER:2327,VEL:-305.8,MOT:1,TILT:25.0,TRIM:0.000,ATE:0,LATCH:0,TORQ:1,CR:0.0,FX1:1.00,FY1:-151.10,FX2:-6.00,FY2:-149.60,IK1:1,IK2:1,MOVE:0
[2026-09-08 09:35:27.786] [RX] PITCH:0.13,PID_OUT:-114.33,INT:-0.1445,EL:-5167,ER:2349,VEL:-317.9,MOT:1,TILT:25.0,TRIM:0.000,ATE:0,LATCH:0,TORQ:1,CR:0.0,FX1:1.00,FY1:-151.10,FX2:-6.00,FY2:-149.60,IK1:1,IK2:1,MOVE:0
[2026-09-08 09:35:27.902] [RX] PITCH:0.10,PID_OUT:-111.64,INT:-0.1517,EL:-5210,ER:2374,VEL:-337.4,MOT:1,TILT:25.0,TRIM:0.000,ATE:0,LATCH:0,TORQ:1,CR:0.0,FX1:1.00,FY1:-151.10,FX2:-6.00,FY2:-149.60,IK1:1,IK2:1,MOVE:0
[2026-09-08 09:35:27.902] [RX] AX12:MODE:0,TQ:1,TL:1023,CM:1,CS:4,MS:0,MT:800
[2026-09-08 09:35:27.989] [RX] PITCH:-0.24,PID_OUT:-77.66,INT:-0.1423,EL:-5257,ER:2400,VEL:-354.7,MOT:1,TILT:25.0,TRIM:0.000,ATE:0,LATCH:0,TORQ:1,CR:0.0,FX1:1.00,FY1:-151.10,FX2:-6.00,FY2:-149.60,IK1:1,IK2:1,MOVE:0
[2026-09-08 09:35:28.090] [RX] PITCH:0.25,PID_OUT:-136.70,INT:-0.1386,EL:-5307,ER:2426,VEL:-372.9,MOT:1,TILT:25.0,TRIM:0.000,ATE:0,LATCH:0,TORQ:1,CR:0.0,FX1:1.00,FY1:-151.10,FX2:-6.00,FY2:-149.60,IK1:1,IK2:1,MOVE:0
[2026-09-08 09:35:28.192] [RX] PITCH:0.07,PID_OUT:-76.59,INT:-0.1567,EL:-5354,ER:2454,VEL:-382.2,MOT:1,TILT:25.0,TRIM:0.000,ATE:0,LATCH:0,TORQ:1,CR:0.0,FX1:1.00,FY1:-151.10,FX2:-6.00,FY2:-149.60,IK1:1,IK2:1,MOVE:0
[2026-09-08 09:35:28.287] [RX] PITCH:-0.21,PID_OUT:-77.82,INT:-0.1394,EL:-5397,ER:2483,VEL:-366.3,MOT:1,TILT:25.0,TRIM:0.000,ATE:0,LATCH:0,TORQ:1,CR:0.0,FX1:1.00,FY1:-151.10,FX2:-6.00,FY2:-149.60,IK1:1,IK2:1,MOVE:0
[2026-09-08 09:35:28.399] [RX] PITCH:-0.09,PID_OUT:-92.83,INT:-0.1150,EL:-5445,ER:2510,VEL:-380.8,MOT:1,TILT:25.0,TRIM:0.000,ATE:0,LATCH:0,TORQ:1,CR:0.0,FX1:1.00,FY1:-151.10,FX2:-6.00,FY2:-149.60,IK1:1,IK2:1,MOVE:0
[2026-09-08 09:35:28.400] [RX] AX12:MODE:0,TQ:1,TL:1023,CM:1,CS:4,MS:0,MT:800
[2026-09-08 09:35:28.493] [RX] PITCH:0.11,PID_OUT:-101.91,INT:-0.1229,EL:-5488,ER:2538,VEL:-358.7,MOT:1,TILT:25.0,TRIM:0.000,ATE:0,LATCH:0,TORQ:1,CR:0.0,FX1:1.00,FY1:-151.10,FX2:-6.00,FY2:-149.60,IK1:1,IK2:1,MOVE:0
[2026-09-08 09:35:28.493] [RX] SRV:0,35,0.0,0,0
[2026-09-08 09:35:28.584] [RX] PITCH:0.04,PID_OUT:-95.27,INT:-0.1365,EL:-5530,ER:2571,VEL:-378.5,MOT:1,TILT:25.0,TRIM:0.000,ATE:0,LATCH:0,TORQ:1,CR:0.0,FX1:1.00,FY1:-151.10,FX2:-6.00,FY2:-149.60,IK1:1,IK2:1,MOVE:0
[2026-09-08 09:35:28.693] [RX] PITCH:0.05,PID_OUT:-91.51,INT:-0.1400,EL:-5577,ER:2604,VEL:-399.5,MOT:1,TILT:25.0,TRIM:0.000,ATE:0,LATCH:0,TORQ:1,CR:0.0,FX1:1.00,FY1:-151.10,FX2:-6.00,FY2:-149.60,IK1:1,IK2:1,MOVE:0
[2026-09-08 09:35:28.789] [RX] PITCH:0.35,PID_OUT:-127.64,INT:-0.1483,EL:-5624,ER:2639,VEL:-412.1,MOT:1,TILT:25.0,TRIM:0.000,ATE:0,LATCH:0,TORQ:1,CR:0.0,FX1:1.00,FY1:-151.10,FX2:-6.00,FY2:-149.60,IK1:1,IK2:1,MOVE:0
[2026-09-08 09:35:28.896] [RX] PITCH:-0.08,PID_OUT:-96.97,INT:-0.1591,EL:-5672,ER:2677,VEL:-427.4,MOT:1,TILT:25.0,TRIM:0.000,ATE:0,LATCH:0,TORQ:1,CR:0.0,FX1:1.00,FY1:-151.10,FX2:-6.00,FY2:-149.60,IK1:1,IK2:1,MOVE:0
[2026-09-08 09:35:28.896] [RX] AX12:MODE:0,TQ:1,TL:1023,CM:1,CS:4,MS:0,MT:800
[2026-09-08 09:35:28.987] [RX] PITCH:-0.47,PID_OUT:-77.68,INT:-0.1216,EL:-5718,ER:2715,VEL:-423.1,MOT:1,TILT:25.0,TRIM:0.000,ATE:0,LATCH:0,TORQ:1,CR:0.0,FX1:1.00,FY1:-151.10,FX2:-6.00,FY2:-149.60,IK1:1,IK2:1,MOVE:0
[2026-09-08 09:35:29.088] [RX] PITCH:0.47,PID_OUT:-141.01,INT:-0.1330,EL:-5765,ER:2753,VEL:-430.1,MOT:1,TILT:25.0,TRIM:0.000,ATE:0,LATCH:0,TORQ:1,CR:0.0,FX1:1.00,FY1:-151.10,FX2:-6.00,FY2:-149.60,IK1:1,IK2:1,MOVE:0
[2026-09-08 09:35:29.188] [RX] PITCH:0.13,PID_OUT:-82.41,INT:-0.1733,EL:-5817,ER:2796,VEL:-469.9,MOT:1,TILT:25.0,TRIM:0.000,ATE:0,LATCH:0,TORQ:1,CR:0.0,FX1:1.00,FY1:-151.10,FX2:-6.00,FY2:-149.60,IK1:1,IK2:1,MOVE:0
[2026-09-08 09:35:29.286] [RX] PITCH:-0.48,PID_OUT:-74.67,INT:-0.1457,EL:-5866,ER:2841,VEL:-462.4,MOT:1,TILT:25.0,TRIM:0.000,ATE:0,LATCH:0,TORQ:1,CR:0.0,FX1:1.00,FY1:-151.10,FX2:-6.00,FY2:-149.60,IK1:1,IK2:1,MOVE:0
[2026-09-08 09:35:29.392] [RX] PITCH:0.08,PID_OUT:-110.13,INT:-0.1254,EL:-5914,ER:2884,VEL:-455.4,MOT:1,TILT:25.0,TRIM:0.000,ATE:0,LATCH:0,TORQ:1,CR:0.0,FX1:1.00,FY1:-151.10,FX2:-6.00,FY2:-149.60,IK1:1,IK2:1,MOVE:0
[2026-09-08 09:35:29.397] [RX] AX12:MODE:0,TQ:1,TL:1023,CM:1,CS:4,MS:0,MT:800
[2026-09-08 09:35:29.490] [RX] PITCH:-0.01,PID_OUT:-93.04,INT:-0.1617,EL:-5965,ER:2931,VEL:-483.5,MOT:1,TILT:25.0,TRIM:0.000,ATE:0,LATCH:0,TORQ:1,CR:0.0,FX1:1.00,FY1:-151.10,FX2:-6.00,FY2:-149.60,IK1:1,IK2:1,MOVE:0
[2026-09-08 09:35:29.493] [RX] SRV:14,37,0.0,0,0
[2026-09-08 09:35:29.588] [RX] PITCH:0.07,PID_OUT:-107.83,INT:-0.1617,EL:-6017,ER:2980,VEL:-503.1,MOT:1,TILT:25.0,TRIM:0.000,ATE:0,LATCH:0,TORQ:1,CR:0.0,FX1:1.00,FY1:-151.10,FX2:-6.00,FY2:-149.60,IK1:1,IK2:1,MOVE:0
[2026-09-08 09:35:29.689] [RX] PITCH:-0.21,PID_OUT:-92.84,INT:-0.1614,EL:-6070,ER:3029,VEL:-510.9,MOT:1,TILT:25.0,TRIM:0.000,ATE:0,LATCH:0,TORQ:1,CR:0.0,FX1:1.00,FY1:-151.10,FX2:-6.00,FY2:-149.60,IK1:1,IK2:1,MOVE:0
[2026-09-08 09:35:29.780] [RX] PITCH:-0.36,PID_OUT:-81.52,INT:-0.1278,EL:-6125,ER:3077,VEL:-513.1,MOT:1,TILT:25.0,TRIM:0.000,ATE:0,LATCH:0,TORQ:1,CR:0.0,FX1:1.00,FY1:-151.10,FX2:-6.00,FY2:-149.60,IK1:1,IK2:1,MOVE:0
[2026-09-08 09:35:29.887] [RX] PITCH:0.50,PID_OUT:-150.58,INT:-0.1251,EL:-6178,ER:3124,VEL:-502.8,MOT:1,TILT:25.0,TRIM:0.000,ATE:0,LATCH:0,TORQ:1,CR:0.0,FX1:1.00,FY1:-151.10,FX2:-6.00,FY2:-149.60,IK1:1,IK2:1,MOVE:0
[2026-09-08 09:35:29.895] [RX] AX12:MODE:0,TQ:1,TL:1023,CM:1,CS:4,MS:0,MT:800
[2026-09-08 09:35:29.984] [RX] PITCH:0.59,PID_OUT:-134.72,INT:-0.1842,EL:-6236,ER:3176,VEL:-547.2,MOT:1,TILT:25.0,TRIM:0.000,ATE:0,LATCH:0,TORQ:1,CR:0.0,FX1:1.00,FY1:-151.10,FX2:-6.00,FY2:-149.60,IK1:1,IK2:1,MOVE:0
[2026-09-08 09:35:30.082] [RX] PITCH:-0.78,PID_OUT:-22.21,INT:-0.1664,EL:-6297,ER:3233,VEL:-580.2,MOT:1,TILT:25.0,TRIM:0.000,ATE:0,LATCH:0,TORQ:1,CR:0.0,FX1:1.00,FY1:-151.10,FX2:-6.00,FY2:-149.60,IK1:1,IK2:1,MOVE:0
[2026-09-08 09:35:30.177] [RX] PITCH:-0.82,PID_OUT:-37.35,INT:-0.0840,EL:-6352,ER:3284,VEL:-535.1,MOT:1,TILT:25.0,TRIM:0.000,ATE:0,LATCH:0,TORQ:1,CR:0.0,FX1:1.00,FY1:-151.10,FX2:-6.00,FY2:-149.60,IK1:1,IK2:1,MOVE:0
[2026-09-08 09:35:30.285] [RX] PITCH:0.84,PID_OUT:-160.33,INT:-0.0914,EL:-6403,ER:3332,VEL:-506.2,MOT:1,TILT:25.0,TRIM:0.000,ATE:0,LATCH:0,TORQ:1,CR:0.0,FX1:1.00,FY1:-151.10,FX2:-6.00,FY2:-149.60,IK1:1,IK2:1,MOVE:0
[2026-09-08 09:35:30.393] [RX] PITCH:0.40,PID_OUT:-123.79,INT:-0.1485,EL:-6463,ER:3385,VEL:-558.9,MOT:1,TILT:25.0,TRIM:0.000,ATE:0,LATCH:0,TORQ:1,CR:0.0,FX1:1.00,FY1:-151.10,FX2:-6.00,FY2:-149.60,IK1:1,IK2:1,MOVE:0
[2026-09-08 09:35:30.399] [RX] AX12:MODE:0,TQ:1,TL:1023,CM:1,CS:4,MS:0,MT:800
[2026-09-08 09:35:30.490] [RX] PITCH:0.08,PID_OUT:-85.10,INT:-0.1776,EL:-6525,ER:3440,VEL:-578.4,MOT:1,TILT:25.0,TRIM:0.000,ATE:0,LATCH:0,TORQ:1,CR:0.0,FX1:1.00,FY1:-151.10,FX2:-6.00,FY2:-149.60,IK1:1,IK2:1,MOVE:0
[2026-09-08 09:35:30.490] [RX] SRV:1,35,0.0,0,0
[2026-09-08 09:35:30.580] [RX] PITCH:-0.77,PID_OUT:-32.50,INT:-0.1205,EL:-6586,ER:3495,VEL:-574.2,MOT:1,TILT:25.0,TRIM:0.000,ATE:0,LATCH:0,TORQ:1,CR:0.0,FX1:1.00,FY1:-151.10,FX2:-6.00,FY2:-149.60,IK1:1,IK2:1,MOVE:0
[2026-09-08 09:35:30.686] [RX] PITCH:0.14,PID_OUT:-110.95,INT:-0.0842,EL:-6640,ER:3544,VEL:-525.1,MOT:1,TILT:25.0,TRIM:0.000,ATE:0,LATCH:0,TORQ:1,CR:0.0,FX1:1.00,FY1:-151.10,FX2:-6.00,FY2:-149.60,IK1:1,IK2:1,MOVE:0
[2026-09-08 09:35:30.785] [RX] PITCH:0.39,PID_OUT:-114.22,INT:-0.1440,EL:-6699,ER:3596,VEL:-559.3,MOT:1,TILT:25.0,TRIM:0.000,ATE:0,LATCH:0,TORQ:1,CR:0.0,FX1:1.00,FY1:-151.10,FX2:-6.00,FY2:-149.60,IK1:1,IK2:1,MOVE:0
[2026-09-08 09:35:30.883] [RX] PITCH:-0.27,PID_OUT:-73.06,INT:-0.1420,EL:-6760,ER:3652,VEL:-582.0,MOT:1,TILT:25.0,TRIM:0.000,ATE:0,LATCH:0,TORQ:1,CR:0.0,FX1:1.00,FY1:-151.10,FX2:-6.00,FY2:-149.60,IK1:1,IK2:1,MOVE:0
[2026-09-08 09:35:30.890] [RX] AX12:MODE:0,TQ:1,TL:1023,CM:1,CS:4,MS:0,MT:800
[2026-09-08 09:35:30.982] [RX] PITCH:0.01,PID_OUT:-104.09,INT:-0.1222,EL:-6821,ER:3705,VEL:-571.3,MOT:1,TILT:25.0,TRIM:0.000,ATE:0,LATCH:0,TORQ:1,CR:0.0,FX1:1.00,FY1:-151.10,FX2:-6.00,FY2:-149.60,IK1:1,IK2:1,MOVE:0
[2026-09-08 09:35:31.083] [RX] PITCH:0.57,PID_OUT:-149.36,INT:-0.1576,EL:-6882,ER:3759,VEL:-574.8,MOT:1,TILT:25.0,TRIM:0.000,ATE:0,LATCH:0,TORQ:1,CR:0.0,FX1:1.00,FY1:-151.10,FX2:-6.00,FY2:-149.60,IK1:1,IK2:1,MOVE:0
[2026-09-08 09:35:31.180] [RX] PITCH:-0.04,PID_OUT:-97.16,INT:-0.2004,EL:-6951,ER:3821,VEL:-642.4,MOT:1,TILT:25.0,TRIM:0.000,ATE:0,LATCH:0,TORQ:1,CR:0.0,FX1:1.00,FY1:-151.10,FX2:-6.00,FY2:-149.60,IK1:1,IK2:1,MOVE:0
[2026-09-08 09:35:31.281] [RX] PITCH:-0.77,PID_OUT:-41.03,INT:-0.1377,EL:-7016,ER:3881,VEL:-622.0,MOT:1,TILT:25.0,TRIM:0.000,ATE:0,LATCH:0,TORQ:1,CR:0.0,FX1:1.00,FY1:-151.10,FX2:-6.00,FY2:-149.60,IK1:1,IK2:1,MOVE:0
[2026-09-08 09:35:31.392] [RX] PITCH:0.13,PID_OUT:-134.66,INT:-0.0982,EL:-7074,ER:3937,VEL:-575.4,MOT:1,TILT:25.0,TRIM:0.000,ATE:0,LATCH:0,TORQ:1,CR:0.0,FX1:1.00,FY1:-151.10,FX2:-6.00,FY2:-149.60,IK1:1,IK2:1,MOVE:0
[2026-09-08 09:35:31.392] [RX] AX12:MODE:0,TQ:1,TL:1023,CM:1,CS:4,MS:0,MT:800
[2026-09-08 09:35:31.484] [RX] PITCH:0.72,PID_OUT:-155.56,INT:-0.1696,EL:-7138,ER:3996,VEL:-617.3,MOT:1,TILT:25.0,TRIM:0.000,ATE:0,LATCH:0,TORQ:1,CR:0.0,FX1:1.00,FY1:-151.10,FX2:-6.00,FY2:-149.60,IK1:1,IK2:1,MOVE:0
[2026-09-08 09:35:31.484] [RX] SRV:6,46,6.3,0,0
[2026-09-08 09:35:31.581] [RX] PITCH:-0.62,PID_OUT:-43.60,INT:-0.1575,EL:-7207,ER:4060,VEL:-655.9,MOT:1,TILT:25.0,TRIM:0.000,ATE:0,LATCH:0,TORQ:1,CR:0.0,FX1:1.00,FY1:-151.10,FX2:-6.00,FY2:-149.60,IK1:1,IK2:1,MOVE:0
[2026-09-08 09:35:31.681] [RX] PITCH:-0.57,PID_OUT:-71.07,INT:-0.0885,EL:-7271,ER:4118,VEL:-612.7,MOT:1,TILT:25.0,TRIM:0.000,ATE:0,LATCH:0,TORQ:1,CR:0.0,FX1:1.00,FY1:-151.10,FX2:-6.00,FY2:-149.60,IK1:1,IK2:1,MOVE:0
[2026-09-08 09:35:31.784] [RX] PITCH:1.12,PID_OUT:-177.19,INT:-0.1374,EL:-7336,ER:4176,VEL:-627.0,MOT:1,TILT:25.0,TRIM:0.000,ATE:0,LATCH:0,TORQ:1,CR:0.0,FX1:1.00,FY1:-151.10,FX2:-6.00,FY2:-149.60,IK1:1,IK2:1,MOVE:0
[2026-09-08 09:35:31.890] [RX] PITCH:0.28,PID_OUT:-111.67,INT:-0.1917,EL:-7407,ER:4242,VEL:-676.5,MOT:1,TILT:25.0,TRIM:0.000,ATE:0,LATCH:0,TORQ:1,CR:0.0,FX1:1.00,FY1:-151.10,FX2:-6.00,FY2:-149.60,IK1:1,IK2:1,MOVE:0
[2026-09-08 09:35:31.890] [RX] AX12:MODE:0,TQ:1,TL:1023,CM:1,CS:4,MS:0,MT:800
[2026-09-08 09:35:31.981] [RX] PITCH:0.28,PID_OUT:-88.61,INT:-0.2176,EL:-7481,ER:4310,VEL:-698.9,MOT:1,TILT:25.0,TRIM:0.000,ATE:0,LATCH:0,TORQ:1,CR:0.0,FX1:1.00,FY1:-151.10,FX2:-6.00,FY2:-149.60,IK1:1,IK2:1,MOVE:0
[2026-09-08 09:35:32.075] [RX] PITCH:-1.88,PID_OUT:-76.74,INT:-0.1278,EL:-7544,ER:4369,VEL:-577.1,MOT:1,TILT:25.0,TRIM:0.000,ATE:0,LATCH:0,TORQ:1,CR:0.0,FX1:1.00,FY1:-151.10,FX2:-6.00,FY2:-149.60,IK1:1,IK2:1,MOVE:0
[2026-09-08 09:35:32.180] [RX] PITCH:1.08,PID_OUT:-412.89,INT:-0.1921,EL:-7562,ER:4433,VEL:-442.3,MOT:1,TILT:25.0,TRIM:0.000,ATE:0,LATCH:0,TORQ:1,CR:0.0,FX1:1.00,FY1:-151.10,FX2:-6.00,FY2:-149.60,IK1:1,IK2:1,MOVE:0
[2026-09-08 09:35:32.279] [RX] PITCH:7.36,PID_OUT:-1015.60,INT:-0.7749,EL:-7599,ER:4448,VEL:-335.1,MOT:1,TILT:25.0,TRIM:0.000,ATE:0,LATCH:0,TORQ:1,CR:0.0,FX1:1.00,FY1:-151.10,FX2:-6.00,FY2:-149.60,IK1:1,IK2:1,MOVE:0
[2026-09-08 09:35:32.378] [RX] PITCH:2.61,PID_OUT:-698.27,INT:-1.3091,EL:-7662,ER:4459,VEL:-365.0,MOT:1,TILT:25.0,TRIM:0.000,ATE:0,LATCH:0,TORQ:1,CR:0.0,FX1:1.00,FY1:-151.10,FX2:-6.00,FY2:-149.60,IK1:1,IK2:1,MOVE:0
[2026-09-08 09:35:32.387] [RX] AX12:MODE:0,TQ:1,TL:1023,CM:1,CS:4,MS:0,MT:800
[2026-09-08 09:35:32.478] [RX] PITCH:-8.63,PID_OUT:662.87,INT:-1.0746,EL:-7699,ER:4466,VEL:-198.5,MOT:1,TILT:25.0,TRIM:0.000,ATE:0,LATCH:0,TORQ:1,CR:0.0,FX1:1.00,FY1:-151.10,FX2:-6.00,FY2:-149.60,IK1:1,IK2:1,MOVE:0
[2026-09-08 09:35:32.478] [RX] SRV:0,35,0.8,0,0
[2026-09-08 09:35:32.576] [RX] PITCH:-21.42,PID_OUT:2487.90,INT:0.6305,EL:-7652,ER:4428,VEL:353.0,MOT:1,TILT:25.0,TRIM:0.000,ATE:0,LATCH:0,TORQ:1,CR:0.0,FX1:1.00,FY1:-151.10,FX2:-6.00,FY2:-149.60,IK1:1,IK2:1,MOVE:0
[2026-09-08 09:35:32.585] [RX] SAFETY:CUTOFF
--------------------------------------------------------------------------------
[2026-09-08 09:35:32.585] [SYS] Session Stopped: SAFETY CUTOFF
Total Duration: 23.74s | Total Lines Captured: 312
================================================================================
