================================================================================
SERIAL MONITOR BACKUP LOG
Port: COM13 | Baud: 115200
Session Started: 2026-09-07 23:38:12
Trigger Reason: Motors ENABLED
Last IMU Calibration: Offset: -0.4988° (calibrated at 2026-09-07 23:34:43)
Active FW Parameters: pitchOffset=-0.4988, Kp=94.9, Ki=697.0, Kd=3.1, targetAngle=0.0, alpha=0.96, maxSafeTilt=25.0, Ki_trim=0.001, crouchOffset=0.0
================================================================================
[Timestamp]                [Dir]  Payload
--------------------------------------------------------------------------------
[2026-09-07 23:38:12.206] [RX] Motors ENABLED
[2026-09-07 23:38:12.255] [RX] PITCH:0.82,PID_OUT:-93.03,INT:-0.0082,EL:0,ER:0,VEL:0.0,MOT:1,TILT:25.0,TRIM:0.000,ATE:1,LATCH:0,TORQ:1,CR:0.0,FX1:1.00,FY1:-151.10,FX2:-6.00,FY2:-149.60,IK1:1,IK2:1,MOVE:0
[2026-09-07 23:38:12.255] [RX] SRV:6,41,0.0
[2026-09-07 23:38:12.349] [RX] PITCH:0.11,PID_OUT:-33.03,INT:-0.0734,EL:-6,ER:4,VEL:-46.1,MOT:1,TILT:25.0,TRIM:0.002,ATE:1,LATCH:0,TORQ:1,CR:0.0,FX1:1.00,FY1:-151.10,FX2:-6.00,FY2:-149.60,IK1:1,IK2:1,MOVE:0
[2026-09-07 23:38:12.452] [RX] PITCH:-0.81,PID_OUT:48.47,INT:-0.0192,EL:-11,ER:-7,VEL:23.7,MOT:1,TILT:25.0,TRIM:0.003,ATE:1,LATCH:0,TORQ:1,CR:0.0,FX1:1.00,FY1:-151.10,FX2:-6.00,FY2:-149.60,IK1:1,IK2:1,MOVE:0
[2026-09-07 23:38:12.555] [RX] PITCH:-0.39,PID_OUT:56.36,INT:0.0404,EL:-11,ER:-9,VEL:13.9,MOT:1,TILT:25.0,TRIM:0.002,ATE:1,LATCH:0,TORQ:1,CR:0.0,FX1:1.00,FY1:-151.10,FX2:-6.00,FY2:-149.60,IK1:1,IK2:1,MOVE:0
[2026-09-07 23:38:12.657] [RX] PITCH:-0.22,PID_OUT:66.92,INT:0.0661,EL:-11,ER:-9,VEL:2.7,MOT:1,TILT:25.0,TRIM:0.001,ATE:1,LATCH:0,TORQ:1,CR:0.0,FX1:1.00,FY1:-151.10,FX2:-6.00,FY2:-149.60,IK1:1,IK2:1,MOVE:0
[2026-09-07 23:38:12.661] [RX] AX12:MODE:0,TQ:1,TL:1023,CM:1,CS:4,MS:0,MT:800
[2026-09-07 23:38:12.749] [RX] PITCH:-0.35,PID_OUT:86.35,INT:0.0975,EL:-10,ER:-11,VEL:18.1,MOT:1,TILT:25.0,TRIM:0.001,ATE:1,LATCH:0,TORQ:1,CR:0.0,FX1:1.00,FY1:-151.10,FX2:-6.00,FY2:-149.60,IK1:1,IK2:1,MOVE:0
[2026-09-07 23:38:12.855] [RX] PITCH:0.13,PID_OUT:36.02,INT:0.1111,EL:-9,ER:-25,VEL:53.6,MOT:1,TILT:25.0,TRIM:-0.005,ATE:1,LATCH:0,TORQ:1,CR:0.0,FX1:1.00,FY1:-151.10,FX2:-6.00,FY2:-149.60,IK1:1,IK2:1,MOVE:0
[2026-09-07 23:38:12.951] [RX] PITCH:0.50,PID_OUT:-21.79,INT:0.0705,EL:-23,ER:-33,VEL:-49.6,MOT:1,TILT:25.0,TRIM:-0.008,ATE:1,LATCH:0,TORQ:1,CR:0.0,FX1:1.00,FY1:-151.10,FX2:-6.00,FY2:-149.60,IK1:1,IK2:1,MOVE:0
[2026-09-07 23:38:13.051] [RX] PITCH:0.48,PID_OUT:-42.35,INT:0.0195,EL:-24,ER:-35,VEL:-6.9,MOT:1,TILT:25.0,TRIM:-0.006,ATE:1,LATCH:0,TORQ:1,CR:0.0,FX1:1.00,FY1:-151.10,FX2:-6.00,FY2:-149.60,IK1:1,IK2:1,MOVE:0
[2026-09-07 23:38:13.154] [RX] PITCH:0.78,PID_OUT:-105.71,INT:-0.0332,EL:-25,ER:-34,VEL:-10.1,MOT:1,TILT:25.0,TRIM:-0.005,ATE:1,LATCH:0,TORQ:1,CR:0.0,FX1:1.00,FY1:-151.10,FX2:-6.00,FY2:-149.60,IK1:1,IK2:1,MOVE:0
[2026-09-07 23:38:13.154] [RX] AX12:MODE:0,TQ:1,TL:1023,CM:1,CS:4,MS:0,MT:800
[2026-09-07 23:38:13.255] [RX] PITCH:-0.16,PID_OUT:-6.23,INT:-0.0666,EL:-32,ER:-31,VEL:-41.0,MOT:1,TILT:25.0,TRIM:-0.002,ATE:1,LATCH:0,TORQ:1,CR:0.0,FX1:1.00,FY1:-151.10,FX2:-6.00,FY2:-149.60,IK1:1,IK2:1,MOVE:0
[2026-09-07 23:38:13.256] [RX] SRV:0,42,0.0
[2026-09-07 23:38:13.343] [RX] PITCH:-0.63,PID_OUT:43.27,INT:-0.0134,EL:-36,ER:-44,VEL:57.7,MOT:1,TILT:25.0,TRIM:-0.001,ATE:1,LATCH:0,TORQ:1,CR:0.0,FX1:1.00,FY1:-151.10,FX2:-6.00,FY2:-149.60,IK1:1,IK2:1,MOVE:0
[2026-09-07 23:38:13.444] [RX] PITCH:-0.49,PID_OUT:68.40,INT:0.0397,EL:-36,ER:-44,VEL:11.4,MOT:1,TILT:25.0,TRIM:-0.003,ATE:1,LATCH:0,TORQ:1,CR:0.0,FX1:1.00,FY1:-151.10,FX2:-6.00,FY2:-149.60,IK1:1,IK2:1,MOVE:0
[2026-09-07 23:38:13.555] [RX] PITCH:-0.42,PID_OUT:80.31,INT:0.0899,EL:-35,ER:-61,VEL:71.4,MOT:1,TILT:25.0,TRIM:-0.009,ATE:1,LATCH:0,TORQ:1,CR:0.0,FX1:1.00,FY1:-151.10,FX2:-6.00,FY2:-149.60,IK1:1,IK2:1,MOVE:0
[2026-09-07 23:38:13.662] [RX] PITCH:0.07,PID_OUT:55.04,INT:0.0972,EL:-34,ER:-76,VEL:60.6,MOT:1,TILT:25.0,TRIM:-0.018,ATE:1,LATCH:0,TORQ:1,CR:0.0,FX1:1.00,FY1:-151.10,FX2:-6.00,FY2:-149.60,IK1:1,IK2:1,MOVE:0
[2026-09-07 23:38:13.662] [RX] AX12:MODE:0,TQ:1,TL:1023,CM:1,CS:4,MS:0,MT:800
[2026-09-07 23:38:13.752] [RX] PITCH:-0.09,PID_OUT:65.14,INT:0.0969,EL:-34,ER:-80,VEL:28.6,MOT:1,TILT:25.0,TRIM:-0.021,ATE:1,LATCH:0,TORQ:1,CR:0.0,FX1:1.00,FY1:-151.10,FX2:-6.00,FY2:-149.60,IK1:1,IK2:1,MOVE:0
[2026-09-07 23:38:13.851] [RX] PITCH:-0.06,PID_OUT:57.13,INT:0.1065,EL:-34,ER:-86,VEL:27.2,MOT:1,TILT:25.0,TRIM:-0.024,ATE:1,LATCH:0,TORQ:1,CR:0.0,FX1:1.00,FY1:-151.10,FX2:-6.00,FY2:-149.60,IK1:1,IK2:1,MOVE:0
[2026-09-07 23:38:13.953] [RX] PITCH:0.28,PID_OUT:16.23,INT:0.0894,EL:-34,ER:-94,VEL:48.0,MOT:1,TILT:25.0,TRIM:-0.027,ATE:1,LATCH:0,TORQ:1,CR:0.0,FX1:1.00,FY1:-151.10,FX2:-6.00,FY2:-149.60,IK1:1,IK2:1,MOVE:0
[2026-09-07 23:38:14.058] [RX] PITCH:0.53,PID_OUT:-32.65,INT:0.0434,EL:-34,ER:-94,VEL:9.5,MOT:1,TILT:25.0,TRIM:-0.029,ATE:1,LATCH:0,TORQ:1,CR:0.0,FX1:1.00,FY1:-151.10,FX2:-6.00,FY2:-149.60,IK1:1,IK2:1,MOVE:0
[2026-09-07 23:38:14.155] [RX] PITCH:0.51,PID_OUT:-65.77,INT:-0.0149,EL:-36,ER:-93,VEL:-11.8,MOT:1,TILT:25.0,TRIM:-0.029,ATE:1,LATCH:0,TORQ:1,CR:0.0,FX1:1.00,FY1:-151.10,FX2:-6.00,FY2:-149.60,IK1:1,IK2:1,MOVE:0
[2026-09-07 23:38:14.165] [RX] AX12:MODE:0,TQ:1,TL:1023,CM:1,CS:4,MS:0,MT:800
[2026-09-07 23:38:14.256] [RX] PITCH:0.06,PID_OUT:-32.61,INT:-0.0424,EL:-40,ER:-93,VEL:-19.8,MOT:1,TILT:25.0,TRIM:-0.028,ATE:1,LATCH:0,TORQ:1,CR:0.0,FX1:1.00,FY1:-151.10,FX2:-6.00,FY2:-149.60,IK1:1,IK2:1,MOVE:0
[2026-09-07 23:38:14.256] [RX] SRV:14,42,0.0
[2026-09-07 23:38:14.335] [TX] P71.3
[2026-09-07 23:38:14.352] [RX] PITCH:-0.28,PID_OUT:4.48,INT:-0.0311,EL:-51,ER:-93,VEL:-52.8,MOT:1,TILT:25.0,TRIM:-0.024,ATE:1,LATCH:0,TORQ:1,CR:0.0,FX1:1.00,FY1:-151.10,FX2:-6.00,FY2:-149.60,IK1:1,IK2:1,MOVE:0
[2026-09-07 23:38:14.384] [RX] Updated -> P:71.300 I:697.000 D:3.100 Offset:-0.4988 Target:0.000 Alpha:0.9600 Tilt:25.00 TrimGain:0.0010 Crouch:0.00
[2026-09-07 23:38:14.453] [RX] PITCH:-0.39,PID_OUT:20.42,INT:0.0052,EL:-51,ER:-147,VEL:276.9,MOT:1,TILT:25.0,TRIM:-0.032,ATE:1,LATCH:0,TORQ:1,CR:0.0,FX1:1.00,FY1:-151.10,FX2:-6.00,FY2:-149.60,IK1:1,IK2:1,MOVE:0
[2026-09-07 23:38:14.550] [RX] PITCH:-0.26,PID_OUT:28.54,INT:0.0311,EL:-51,ER:-199,VEL:190.4,MOT:1,TILT:25.0,TRIM:-0.063,ATE:1,LATCH:0,TORQ:1,CR:0.0,FX1:1.00,FY1:-151.10,FX2:-6.00,FY2:-149.60,IK1:1,IK2:1,MOVE:0
[2026-09-07 23:38:14.663] [RX] PITCH:-0.18,PID_OUT:34.09,INT:0.0453,EL:-51,ER:-199,VEL:37.5,MOT:1,TILT:25.0,TRIM:-0.072,ATE:1,LATCH:0,TORQ:1,CR:0.0,FX1:1.00,FY1:-151.10,FX2:-6.00,FY2:-149.60,IK1:1,IK2:1,MOVE:0
[2026-09-07 23:38:14.663] [RX] AX12:MODE:0,TQ:1,TL:1023,CM:1,CS:4,MS:0,MT:800
[2026-09-07 23:38:14.752] [RX] PITCH:-0.28,PID_OUT:51.46,INT:0.0620,EL:-51,ER:-199,VEL:7.4,MOT:1,TILT:25.0,TRIM:-0.074,ATE:1,LATCH:0,TORQ:1,CR:0.0,FX1:1.00,FY1:-151.10,FX2:-6.00,FY2:-149.60,IK1:1,IK2:1,MOVE:0
[2026-09-07 23:38:14.845] [RX] PITCH:-0.21,PID_OUT:54.02,INT:0.0810,EL:-51,ER:-200,VEL:3.9,MOT:1,TILT:25.0,TRIM:-0.074,ATE:1,LATCH:0,TORQ:1,CR:0.0,FX1:1.00,FY1:-151.10,FX2:-6.00,FY2:-149.60,IK1:1,IK2:1,MOVE:0
[2026-09-07 23:38:14.896] [TX] P77.10000000000001
[2026-09-07 23:38:14.959] [RX] PITCH:-0.10,PID_OUT:54.53,INT:0.0841,EL:-51,ER:-202,VEL:7.1,MOT:1,TILT:25.0,TRIM:-0.075,ATE:1,LATCH:0,TORQ:1,CR:0.0,FX1:1.00,FY1:-151.10,FX2:-6.00,FY2:-149.60,IK1:1,IK2:1,MOVE:0
[2026-09-07 23:38:15.050] [RX] PITCH:-0.24,PID_OUT:68.59,INT:0.0974,EL:-50,ER:-202,VEL:7.8,MOT:1,TILT:25.0,TRIM:-0.076,ATE:1,LATCH:0,TORQ:1,CR:0.0,FX1:1.00,FY1:-151.10,FX2:-6.00,FY2:-149.60,IK1:1,IK2:1,MOVE:0
[2026-09-07 23:38:15.165] [RX] PITCH:-0.02,PID_OUT:57.32,INT:0.1038,EL:-50,ER:-203,VEL:6.1,MOT:1,TILT:25.0,TRIM:-0.076,ATE:1,LATCH:0,TORQ:1,CR:0.0,FX1:1.00,FY1:-151.10,FX2:-6.00,FY2:-149.60,IK1:1,IK2:1,MOVE:0
[2026-09-07 23:38:15.165] [RX] AX12:MODE:0,TQ:1,TL:1023,CM:1,CS:4,MS:0,MT:800
[2026-09-07 23:38:15.215] [TX] P72.60000000000001
[2026-09-07 23:38:15.264] [RX] PITCH:-0.02,PID_OUT:54.55,INT:0.0961,EL:-50,ER:-203,VEL:1.2,MOT:1,TILT:25.0,TRIM:-0.076,ATE:1,LATCH:0,TORQ:1,CR:0.0,FX1:1.00,FY1:-151.10,FX2:-6.00,FY2:-149.60,IK1:1,IK2:1,MOVE:0
[2026-09-07 23:38:15.264] [RX] SRV:1,41,0.0
[2026-09-07 23:38:15.283] [RX] Updated -> P:72.600 I:697.000 D:3.100 Offset:-0.4988 Target:0.000 Alpha:0.9600 Tilt:25.00 TrimGain:0.0010 Crouch:0.00
[2026-09-07 23:38:15.345] [RX] PITCH:0.03,PID_OUT:44.54,INT:0.0885,EL:-50,ER:-203,VEL:0.2,MOT:1,TILT:25.0,TRIM:-0.076,ATE:1,LATCH:0,TORQ:1,CR:0.0,FX1:1.00,FY1:-151.10,FX2:-6.00,FY2:-149.60,IK1:1,IK2:1,MOVE:0
[2026-09-07 23:38:15.443] [RX] PITCH:0.15,PID_OUT:25.02,INT:0.0709,EL:-50,ER:-203,VEL:0.0,MOT:1,TILT:25.0,TRIM:-0.076,ATE:1,LATCH:0,TORQ:1,CR:0.0,FX1:1.00,FY1:-151.10,FX2:-6.00,FY2:-149.60,IK1:1,IK2:1,MOVE:0
[2026-09-07 23:38:15.551] [RX] PITCH:0.14,PID_OUT:10.55,INT:0.0489,EL:-50,ER:-203,VEL:0.0,MOT:1,TILT:25.0,TRIM:-0.077,ATE:1,LATCH:0,TORQ:1,CR:0.0,FX1:1.00,FY1:-151.10,FX2:-6.00,FY2:-149.60,IK1:1,IK2:1,MOVE:0
[2026-09-07 23:38:15.657] [RX] PITCH:0.09,PID_OUT:0.09,INT:0.0311,EL:-50,ER:-203,VEL:0.0,MOT:1,TILT:25.0,TRIM:-0.077,ATE:1,LATCH:0,TORQ:1,CR:0.0,FX1:1.00,FY1:-151.10,FX2:-6.00,FY2:-149.60,IK1:1,IK2:1,MOVE:0
[2026-09-07 23:38:15.657] [TX] P69.9
[2026-09-07 23:38:15.664] [RX] AX12:MODE:0,TQ:1,TL:1023,CM:1,CS:4,MS:0,MT:800
[2026-09-07 23:38:15.704] [RX] Updated -> P:69.900 I:697.000 D:3.100 Offset:-0.4988 Target:0.000 Alpha:0.9600 Tilt:25.00 TrimGain:0.0010 Crouch:0.00
[2026-09-07 23:38:15.755] [RX] PITCH:0.20,PID_OUT:-26.11,INT:0.0071,EL:-50,ER:-203,VEL:0.0,MOT:1,TILT:25.0,TRIM:-0.077,ATE:1,LATCH:0,TORQ:1,CR:0.0,FX1:1.00,FY1:-151.10,FX2:-6.00,FY2:-149.60,IK1:1,IK2:1,MOVE:0
[2026-09-07 23:38:15.850] [RX] PITCH:0.06,PID_OUT:-57.09,INT:-0.0057,EL:-50,ER:-202,VEL:-4.6,MOT:1,TILT:25.0,TRIM:-0.076,ATE:1,LATCH:0,TORQ:1,CR:0.0,FX1:1.00,FY1:-151.10,FX2:-6.00,FY2:-149.60,IK1:1,IK2:1,MOVE:0
[2026-09-07 23:38:15.956] [RX] PITCH:0.92,PID_OUT:-116.38,INT:-0.0680,EL:-51,ER:-198,VEL:-26.0,MOT:1,TILT:25.0,TRIM:-0.075,ATE:1,LATCH:0,TORQ:1,CR:0.0,FX1:1.00,FY1:-151.10,FX2:-6.00,FY2:-149.60,IK1:1,IK2:1,MOVE:0
[2026-09-07 23:38:16.048] [RX] PITCH:-0.19,PID_OUT:-21.60,INT:-0.1306,EL:-59,ER:-182,VEL:-104.3,MOT:1,TILT:25.0,TRIM:-0.067,ATE:1,LATCH:0,TORQ:1,CR:0.0,FX1:1.00,FY1:-151.10,FX2:-6.00,FY2:-149.60,IK1:1,IK2:1,MOVE:0
[2026-09-07 23:38:16.150] [RX] PITCH:-1.56,PID_OUT:112.81,INT:-0.0412,EL:-65,ER:-181,VEL:-20.6,MOT:1,TILT:25.0,TRIM:-0.059,ATE:1,LATCH:0,TORQ:1,CR:0.0,FX1:1.00,FY1:-151.10,FX2:-6.00,FY2:-149.60,IK1:1,IK2:1,MOVE:0
[2026-09-07 23:38:16.150] [RX] AX12:MODE:0,TQ:1,TL:1023,CM:1,CS:4,MS:0,MT:800
[2026-09-07 23:38:16.256] [RX] PITCH:-0.62,PID_OUT:58.58,INT:0.0692,EL:-62,ER:-190,VEL:46.8,MOT:1,TILT:25.0,TRIM:-0.061,ATE:1,LATCH:0,TORQ:1,CR:0.0,FX1:1.00,FY1:-151.10,FX2:-6.00,FY2:-149.60,IK1:1,IK2:1,MOVE:0
[2026-09-07 23:38:16.256] [RX] SRV:6,41,0.0
[2026-09-07 23:38:16.357] [RX] PITCH:-0.18,PID_OUT:75.81,INT:0.0876,EL:-61,ER:-203,VEL:58.2,MOT:1,TILT:25.0,TRIM:-0.068,ATE:1,LATCH:0,TORQ:1,CR:0.0,FX1:1.00,FY1:-151.10,FX2:-6.00,FY2:-149.60,IK1:1,IK2:1,MOVE:0
[2026-09-07 23:38:16.452] [RX] PITCH:-0.50,PID_OUT:111.48,INT:0.1146,EL:-60,ER:-217,VEL:68.3,MOT:1,TILT:25.0,TRIM:-0.075,ATE:1,LATCH:0,TORQ:1,CR:0.0,FX1:1.00,FY1:-151.10,FX2:-6.00,FY2:-149.60,IK1:1,IK2:1,MOVE:0
[2026-09-07 23:38:16.552] [RX] PITCH:-0.02,PID_OUT:76.31,INT:0.1326,EL:-54,ER:-229,VEL:89.8,MOT:1,TILT:25.0,TRIM:-0.082,ATE:1,LATCH:0,TORQ:1,CR:0.0,FX1:1.00,FY1:-151.10,FX2:-6.00,FY2:-149.60,IK1:1,IK2:1,MOVE:0
[2026-09-07 23:38:16.653] [RX] PITCH:-0.00,PID_OUT:87.21,INT:0.1178,EL:-47,ER:-244,VEL:106.6,MOT:1,TILT:25.0,TRIM:-0.092,ATE:1,LATCH:0,TORQ:1,CR:0.0,FX1:1.00,FY1:-151.10,FX2:-6.00,FY2:-149.60,IK1:1,IK2:1,MOVE:0
[2026-09-07 23:38:16.653] [RX] AX12:MODE:0,TQ:1,TL:1023,CM:1,CS:4,MS:0,MT:800
[2026-09-07 23:38:16.755] [RX] PITCH:-0.64,PID_OUT:123.21,INT:0.1429,EL:-39,ER:-262,VEL:132.7,MOT:1,TILT:25.0,TRIM:-0.104,ATE:1,LATCH:0,TORQ:1,CR:0.0,FX1:1.00,FY1:-151.10,FX2:-6.00,FY2:-149.60,IK1:1,IK2:1,MOVE:0
[2026-09-07 23:38:16.843] [RX] PITCH:-0.37,PID_OUT:60.19,INT:0.2047,EL:-21,ER:-288,VEL:211.5,MOT:1,TILT:25.0,TRIM:-0.122,ATE:1,LATCH:0,TORQ:1,CR:0.0,FX1:1.00,FY1:-151.10,FX2:-6.00,FY2:-149.60,IK1:1,IK2:1,MOVE:0
[2026-09-07 23:38:16.953] [RX] PITCH:2.20,PID_OUT:-155.88,INT:0.1111,EL:-3,ER:-314,VEL:202.7,MOT:1,TILT:25.0,TRIM:-0.144,ATE:1,LATCH:0,TORQ:1,CR:0.0,FX1:1.00,FY1:-151.10,FX2:-6.00,FY2:-149.60,IK1:1,IK2:1,MOVE:0
[2026-09-07 23:38:17.059] [RX] PITCH:0.67,PID_OUT:-69.74,INT:-0.0472,EL:-7,ER:-318,VEL:28.5,MOT:1,TILT:25.0,TRIM:-0.154,ATE:1,LATCH:0,TORQ:1,CR:0.0,FX1:1.00,FY1:-151.10,FX2:-6.00,FY2:-149.60,IK1:1,IK2:1,MOVE:0
[2026-09-07 23:38:17.155] [RX] PITCH:0.35,PID_OUT:-100.58,INT:-0.0939,EL:-17,ER:-317,VEL:-37.1,MOT:1,TILT:25.0,TRIM:-0.152,ATE:1,LATCH:0,TORQ:1,CR:0.0,FX1:1.00,FY1:-151.10,FX2:-6.00,FY2:-149.60,IK1:1,IK2:1,MOVE:0
[2026-09-07 23:38:17.155] [RX] AX12:MODE:0,TQ:1,TL:1023,CM:1,CS:4,MS:0,MT:800
[2026-09-07 23:38:17.258] [RX] PITCH:-0.07,PID_OUT:-44.45,INT:-0.1432,EL:-33,ER:-314,VEL:-91.0,MOT:1,TILT:25.0,TRIM:-0.146,ATE:1,LATCH:0,TORQ:1,CR:0.0,FX1:1.00,FY1:-151.10,FX2:-6.00,FY2:-149.60,IK1:1,IK2:1,MOVE:0
[2026-09-07 23:38:17.258] [RX] SRV:0,42,0.0
[2026-09-07 23:38:17.347] [RX] PITCH:-1.73,PID_OUT:90.80,INT:-0.0668,EL:-49,ER:-313,VEL:-75.4,MOT:1,TILT:25.0,TRIM:-0.136,ATE:1,LATCH:0,TORQ:1,CR:0.0,FX1:1.00,FY1:-151.10,FX2:-6.00,FY2:-149.60,IK1:1,IK2:1,MOVE:0
[2026-09-07 23:38:17.455] [RX] PITCH:-1.07,PID_OUT:73.02,INT:0.0812,EL:-50,ER:-320,VEL:21.5,MOT:1,TILT:25.0,TRIM:-0.134,ATE:1,LATCH:0,TORQ:1,CR:0.0,FX1:1.00,FY1:-151.10,FX2:-6.00,FY2:-149.60,IK1:1,IK2:1,MOVE:0
[2026-09-07 23:38:17.554] [RX] PITCH:0.13,PID_OUT:32.84,INT:0.0950,EL:-47,ER:-329,VEL:46.8,MOT:1,TILT:25.0,TRIM:-0.138,ATE:1,LATCH:0,TORQ:1,CR:0.0,FX1:1.00,FY1:-151.10,FX2:-6.00,FY2:-149.60,IK1:1,IK2:1,MOVE:0
[2026-09-07 23:38:17.657] [RX] PITCH:0.04,PID_OUT:50.80,INT:0.0681,EL:-47,ER:-334,VEL:28.8,MOT:1,TILT:25.0,TRIM:-0.142,ATE:1,LATCH:0,TORQ:1,CR:0.0,FX1:1.00,FY1:-151.10,FX2:-6.00,FY2:-149.60,IK1:1,IK2:1,MOVE:0
[2026-09-07 23:38:17.657] [RX] AX12:MODE:0,TQ:1,TL:1023,CM:1,CS:4,MS:0,MT:800
[2026-09-07 23:38:17.750] [RX] PITCH:-0.74,PID_OUT:117.57,INT:0.0878,EL:-46,ER:-336,VEL:22.9,MOT:1,TILT:25.0,TRIM:-0.144,ATE:1,LATCH:0,TORQ:1,CR:0.0,FX1:1.00,FY1:-151.10,FX2:-6.00,FY2:-149.60,IK1:1,IK2:1,MOVE:0
[2026-09-07 23:38:17.846] [RX] PITCH:-0.73,PID_OUT:87.59,INT:0.1676,EL:-40,ER:-349,VEL:92.2,MOT:1,TILT:25.0,TRIM:-0.149,ATE:1,LATCH:0,TORQ:1,CR:0.0,FX1:1.00,FY1:-151.10,FX2:-6.00,FY2:-149.60,IK1:1,IK2:1,MOVE:0
[2026-09-07 23:38:17.957] [RX] PITCH:0.89,PID_OUT:-52.23,INT:0.1455,EL:-30,ER:-367,VEL:114.3,MOT:1,TILT:25.0,TRIM:-0.162,ATE:1,LATCH:0,TORQ:1,CR:0.0,FX1:1.00,FY1:-151.10,FX2:-6.00,FY2:-149.60,IK1:1,IK2:1,MOVE:0
[2026-09-07 23:38:18.055] [RX] PITCH:1.28,PID_OUT:-94.19,INT:-0.0588,EL:-31,ER:-364,VEL:-10.2,MOT:1,TILT:25.0,TRIM:-0.167,ATE:1,LATCH:0,TORQ:1,CR:0.0,FX1:1.00,FY1:-151.10,FX2:-6.00,FY2:-149.60,IK1:1,IK2:1,MOVE:0
[2026-09-07 23:38:18.156] [RX] PITCH:-0.91,PID_OUT:18.94,INT:-0.0809,EL:-37,ER:-350,VEL:-73.4,MOT:1,TILT:25.0,TRIM:-0.161,ATE:1,LATCH:0,TORQ:1,CR:0.0,FX1:1.00,FY1:-151.10,FX2:-6.00,FY2:-149.60,IK1:1,IK2:1,MOVE:0
[2026-09-07 23:38:18.156] [RX] AX12:MODE:0,TQ:1,TL:1023,CM:1,CS:4,MS:0,MT:800
[2026-09-07 23:38:18.255] [RX] PITCH:-1.18,PID_OUT:79.21,INT:0.0039,EL:-32,ER:-350,VEL:10.8,MOT:1,TILT:25.0,TRIM:-0.158,ATE:1,LATCH:0,TORQ:1,CR:0.0,FX1:1.00,FY1:-151.10,FX2:-6.00,FY2:-149.60,IK1:1,IK2:1,MOVE:0
[2026-09-07 23:38:18.255] [RX] SRV:14,43,0.8
[2026-09-07 23:38:18.349] [RX] PITCH:-0.25,PID_OUT:0.93,INT:0.0923,EL:-16,ER:-351,VEL:80.1,MOT:1,TILT:25.0,TRIM:-0.163,ATE:1,LATCH:0,TORQ:1,CR:0.0,FX1:1.00,FY1:-151.10,FX2:-6.00,FY2:-149.60,IK1:1,IK2:1,MOVE:0
[2026-09-07 23:38:18.456] [RX] PITCH:1.75,PID_OUT:-127.03,INT:-0.0166,EL:-6,ER:-340,VEL:-2.0,MOT:1,TILT:25.0,TRIM:-0.167,ATE:1,LATCH:0,TORQ:1,CR:0.0,FX1:1.00,FY1:-151.10,FX2:-6.00,FY2:-149.60,IK1:1,IK2:1,MOVE:0
[2026-09-07 23:38:18.550] [RX] PITCH:-0.98,PID_OUT:6.37,INT:-0.0483,EL:-8,ER:-321,VEL:-81.8,MOT:1,TILT:25.0,TRIM:-0.161,ATE:1,LATCH:0,TORQ:1,CR:0.0,FX1:1.00,FY1:-151.10,FX2:-6.00,FY2:-149.60,IK1:1,IK2:1,MOVE:0
[2026-09-07 23:38:18.658] [RX] PITCH:0.03,PID_OUT:-80.45,INT:0.0050,EL:-8,ER:-307,VEL:-70.1,MOT:1,TILT:25.0,TRIM:-0.153,ATE:1,LATCH:0,TORQ:1,CR:0.0,FX1:1.00,FY1:-151.10,FX2:-6.00,FY2:-149.60,IK1:1,IK2:1,MOVE:0
[2026-09-07 23:38:18.668] [RX] AX12:MODE:0,TQ:1,TL:1023,CM:1,CS:4,MS:0,MT:800
[2026-09-07 23:38:18.756] [RX] PITCH:1.23,PID_OUT:-125.03,INT:-0.1239,EL:-18,ER:-290,VEL:-143.8,MOT:1,TILT:25.0,TRIM:-0.144,ATE:1,LATCH:0,TORQ:1,CR:0.0,FX1:1.00,FY1:-151.10,FX2:-6.00,FY2:-149.60,IK1:1,IK2:1,MOVE:0
[2026-09-07 23:38:18.857] [RX] PITCH:-0.98,PID_OUT:60.24,INT:-0.1483,EL:-41,ER:-264,VEL:-220.7,MOT:1,TILT:25.0,TRIM:-0.124,ATE:1,LATCH:0,TORQ:1,CR:0.0,FX1:1.00,FY1:-151.10,FX2:-6.00,FY2:-149.60,IK1:1,IK2:1,MOVE:0
[2026-09-07 23:38:18.957] [RX] PITCH:-1.24,PID_OUT:60.42,INT:0.0368,EL:-50,ER:-260,VEL:-76.8,MOT:1,TILT:25.0,TRIM:-0.109,ATE:1,LATCH:0,TORQ:1,CR:0.0,FX1:1.00,FY1:-151.10,FX2:-6.00,FY2:-149.60,IK1:1,IK2:1,MOVE:0
[2026-09-07 23:38:19.059] [RX] PITCH:-0.07,PID_OUT:36.47,INT:0.0651,EL:-49,ER:-260,VEL:-13.1,MOT:1,TILT:25.0,TRIM:-0.106,ATE:1,LATCH:0,TORQ:1,CR:0.0,FX1:1.00,FY1:-151.10,FX2:-6.00,FY2:-149.60,IK1:1,IK2:1,MOVE:0
[2026-09-07 23:38:19.165] [RX] PITCH:-0.43,PID_OUT:93.33,INT:0.0722,EL:-49,ER:-260,VEL:-2.6,MOT:1,TILT:25.0,TRIM:-0.106,ATE:1,LATCH:0,TORQ:1,CR:0.0,FX1:1.00,FY1:-151.10,FX2:-6.00,FY2:-149.60,IK1:1,IK2:1,MOVE:0
[2026-09-07 23:38:19.165] [RX] AX12:MODE:0,TQ:1,TL:1023,CM:1,CS:4,MS:0,MT:800
[2026-09-07 23:38:19.258] [RX] PITCH:-1.03,PID_OUT:124.85,INT:0.1541,EL:-45,ER:-270,VEL:73.1,MOT:1,TILT:25.0,TRIM:-0.108,ATE:1,LATCH:0,TORQ:1,CR:0.0,FX1:1.00,FY1:-151.10,FX2:-6.00,FY2:-149.60,IK1:1,IK2:1,MOVE:0
[2026-09-07 23:38:19.258] [RX] SRV:1,41,0.0
[2026-09-07 23:38:19.355] [RX] PITCH:0.53,PID_OUT:5.97,INT:0.1563,EL:-34,ER:-288,VEL:130.2,MOT:1,TILT:25.0,TRIM:-0.120,ATE:1,LATCH:0,TORQ:1,CR:0.0,FX1:1.00,FY1:-151.10,FX2:-6.00,FY2:-149.60,IK1:1,IK2:1,MOVE:0
[2026-09-07 23:38:19.454] [RX] PITCH:0.84,PID_OUT:-50.05,INT:0.0603,EL:-30,ER:-300,VEL:83.6,MOT:1,TILT:25.0,TRIM:-0.130,ATE:1,LATCH:0,TORQ:1,CR:0.0,FX1:1.00,FY1:-151.10,FX2:-6.00,FY2:-149.60,IK1:1,IK2:1,MOVE:0
[2026-09-07 23:38:19.550] [RX] PITCH:0.08,PID_OUT:-16.56,INT:-0.0002,EL:-30,ER:-302,VEL:21.3,MOT:1,TILT:25.0,TRIM:-0.135,ATE:1,LATCH:0,TORQ:1,CR:0.0,FX1:1.00,FY1:-151.10,FX2:-6.00,FY2:-149.60,IK1:1,IK2:1,MOVE:0
[2026-09-07 23:38:19.664] [RX] PITCH:-0.09,PID_OUT:-24.80,INT:-0.0028,EL:-30,ER:-302,VEL:4.2,MOT:1,TILT:25.0,TRIM:-0.136,ATE:1,LATCH:0,TORQ:1,CR:0.0,FX1:1.00,FY1:-151.10,FX2:-6.00,FY2:-149.60,IK1:1,IK2:1,MOVE:0
[2026-09-07 23:38:19.664] [RX] AX12:MODE:0,TQ:1,TL:1023,CM:1,CS:4,MS:0,MT:800
[2026-09-07 23:38:19.757] [RX] PITCH:0.53,PID_OUT:-92.79,INT:-0.0328,EL:-31,ER:-301,VEL:-14.2,MOT:1,TILT:25.0,TRIM:-0.136,ATE:1,LATCH:0,TORQ:1,CR:0.0,FX1:1.00,FY1:-151.10,FX2:-6.00,FY2:-149.60,IK1:1,IK2:1,MOVE:0
[2026-09-07 23:38:19.853] [RX] PITCH:0.21,PID_OUT:-69.58,INT:-0.1044,EL:-37,ER:-296,VEL:-57.8,MOT:1,TILT:25.0,TRIM:-0.133,ATE:1,LATCH:0,TORQ:1,CR:0.0,FX1:1.00,FY1:-151.10,FX2:-6.00,FY2:-149.60,IK1:1,IK2:1,MOVE:0
[2026-09-07 23:38:19.907] [TX] I729.5
[2026-09-07 23:38:19.967] [RX] PITCH:-0.53,PID_OUT:-5.62,INT:-0.0860,EL:-50,ER:-289,VEL:-101.0,MOT:1,TILT:25.0,TRIM:-0.125,ATE:1,LATCH:0,TORQ:1,CR:0.0,FX1:1.00,FY1:-151.10,FX2:-6.00,FY2:-149.60,IK1:1,IK2:1,MOVE:0
[2026-09-07 23:38:19.983] [RX] Updated -> P:69.900 I:729.500 D:3.100 Offset:-0.4988 Target:0.000 Alpha:0.9600 Tilt:25.00 TrimGain:0.0010 Crouch:0.00
[2026-09-07 23:38:20.046] [RX] PITCH:-0.83,PID_OUT:7.90,INT:-0.0123,EL:-54,ER:-293,VEL:-9.2,MOT:1,TILT:25.0,TRIM:-0.120,ATE:1,LATCH:0,TORQ:1,CR:0.0,FX1:1.00,FY1:-151.10,FX2:-6.00,FY2:-149.60,IK1:1,IK2:1,MOVE:0
[2026-09-07 23:38:20.158] [RX] PITCH:0.49,PID_OUT:-83.80,INT:-0.0086,EL:-62,ER:-291,VEL:-37.9,MOT:1,TILT:25.0,TRIM:-0.117,ATE:1,LATCH:0,TORQ:1,CR:0.0,FX1:1.00,FY1:-151.10,FX2:-6.00,FY2:-149.60,IK1:1,IK2:1,MOVE:0
[2026-09-07 23:38:20.159] [RX] AX12:MODE:0,TQ:1,TL:1023,CM:1,CS:4,MS:0,MT:800
[2026-09-07 23:38:20.254] [RX] PITCH:0.47,PID_OUT:-94.50,INT:-0.0947,EL:-65,ER:-284,VEL:-56.7,MOT:1,TILT:25.0,TRIM:-0.113,ATE:1,LATCH:0,TORQ:1,CR:0.0,FX1:1.00,FY1:-151.10,FX2:-6.00,FY2:-149.60,IK1:1,IK2:1,MOVE:0
[2026-09-07 23:38:20.257] [RX] SRV:6,41,0.0
[2026-09-07 23:38:20.354] [RX] PITCH:-0.54,PID_OUT:-37.50,INT:-0.0782,EL:-70,ER:-273,VEL:-73.0,MOT:1,TILT:25.0,TRIM:-0.106,ATE:1,LATCH:0,TORQ:1,CR:0.0,FX1:1.00,FY1:-151.10,FX2:-6.00,FY2:-149.60,IK1:1,IK2:1,MOVE:0
[2026-09-07 23:38:20.447] [RX] PITCH:0.22,PID_OUT:-85.40,INT:-0.0724,EL:-73,ER:-260,VEL:-81.8,MOT:1,TILT:25.0,TRIM:-0.098,ATE:1,LATCH:0,TORQ:1,CR:0.0,FX1:1.00,FY1:-151.10,FX2:-6.00,FY2:-149.60,IK1:1,IK2:1,MOVE:0
[2026-09-07 23:38:20.557] [RX] PITCH:-0.21,PID_OUT:-20.48,INT:-0.0997,EL:-80,ER:-244,VEL:-116.6,MOT:1,TILT:25.0,TRIM:-0.089,ATE:1,LATCH:0,TORQ:1,CR:0.0,FX1:1.00,FY1:-151.10,FX2:-6.00,FY2:-149.60,IK1:1,IK2:1,MOVE:0
[2026-09-07 23:38:20.657] [RX] PITCH:-1.43,PID_OUT:86.00,INT:-0.0116,EL:-85,ER:-244,VEL:-20.3,MOT:1,TILT:25.0,TRIM:-0.081,ATE:1,LATCH:0,TORQ:1,CR:0.0,FX1:1.00,FY1:-151.10,FX2:-6.00,FY2:-149.60,IK1:1,IK2:1,MOVE:0
[2026-09-07 23:38:20.658] [RX] AX12:MODE:0,TQ:1,TL:1023,CM:1,CS:4,MS:0,MT:800
[2026-09-07 23:38:20.751] [RX] PITCH:-0.51,PID_OUT:73.00,INT:0.0828,EL:-82,ER:-251,VEL:41.6,MOT:1,TILT:25.0,TRIM:-0.082,ATE:1,LATCH:0,TORQ:1,CR:0.0,FX1:1.00,FY1:-151.10,FX2:-6.00,FY2:-149.60,IK1:1,IK2:1,MOVE:0
[2026-09-07 23:38:20.854] [RX] PITCH:-0.36,PID_OUT:101.72,INT:0.1055,EL:-79,ER:-271,VEL:103.1,MOT:1,TILT:25.0,TRIM:-0.090,ATE:1,LATCH:0,TORQ:1,CR:0.0,FX1:1.00,FY1:-151.10,FX2:-6.00,FY2:-149.60,IK1:1,IK2:1,MOVE:0
[2026-09-07 23:38:20.951] [RX] PITCH:-0.77,PID_OUT:126.76,INT:0.1611,EL:-72,ER:-285,VEL:114.3,MOT:1,TILT:25.0,TRIM:-0.100,ATE:1,LATCH:0,TORQ:1,CR:0.0,FX1:1.00,FY1:-151.10,FX2:-6.00,FY2:-149.60,IK1:1,IK2:1,MOVE:0
[2026-09-07 23:38:21.055] [RX] PITCH:0.43,PID_OUT:32.16,INT:0.1710,EL:-56,ER:-307,VEL:181.9,MOT:1,TILT:25.0,TRIM:-0.115,ATE:1,LATCH:0,TORQ:1,CR:0.0,FX1:1.00,FY1:-151.10,FX2:-6.00,FY2:-149.60,IK1:1,IK2:1,MOVE:0
[2026-09-07 23:38:21.154] [RX] PITCH:0.81,PID_OUT:-14.22,INT:0.0768,EL:-52,ER:-314,VEL:46.5,MOT:1,TILT:25.0,TRIM:-0.128,ATE:1,LATCH:0,TORQ:1,CR:0.0,FX1:1.00,FY1:-151.10,FX2:-6.00,FY2:-149.60,IK1:1,IK2:1,MOVE:0
[2026-09-07 23:38:21.154] [RX] AX12:MODE:0,TQ:1,TL:1023,CM:1,CS:4,MS:0,MT:800
[2026-09-07 23:38:21.252] [RX] PITCH:0.14,PID_OUT:-5.83,INT:0.0237,EL:-64,ER:-313,VEL:-36.5,MOT:1,TILT:25.0,TRIM:-0.127,ATE:1,LATCH:0,TORQ:1,CR:0.0,FX1:1.00,FY1:-151.10,FX2:-6.00,FY2:-149.60,IK1:1,IK2:1,MOVE:0
[2026-09-07 23:38:21.252] [RX] SRV:0,41,0.0
[2026-09-07 23:38:21.355] [RX] PITCH:-0.09,PID_OUT:-1.32,INT:0.0177,EL:-65,ER:-313,VEL:-11.8,MOT:1,TILT:25.0,TRIM:-0.125,ATE:1,LATCH:0,TORQ:1,CR:0.0,FX1:1.00,FY1:-151.10,FX2:-6.00,FY2:-149.60,IK1:1,IK2:1,MOVE:0
[2026-09-07 23:38:21.455] [RX] PITCH:0.30,PID_OUT:-49.00,INT:-0.0036,EL:-85,ER:-313,VEL:-65.0,MOT:1,TILT:25.0,TRIM:-0.118,ATE:1,LATCH:0,TORQ:1,CR:0.0,FX1:1.00,FY1:-151.10,FX2:-6.00,FY2:-149.60,IK1:1,IK2:1,MOVE:0
[2026-09-07 23:38:21.552] [RX] PITCH:0.73,PID_OUT:-82.73,INT:-0.0728,EL:-87,ER:-310,VEL:-39.3,MOT:1,TILT:25.0,TRIM:-0.114,ATE:1,LATCH:0,TORQ:1,CR:0.0,FX1:1.00,FY1:-151.10,FX2:-6.00,FY2:-149.60,IK1:1,IK2:1,MOVE:0
[2026-09-07 23:38:21.652] [RX] PITCH:-0.69,PID_OUT:29.65,INT:-0.0826,EL:-95,ER:-305,VEL:-51.3,MOT:1,TILT:25.0,TRIM:-0.108,ATE:1,LATCH:0,TORQ:1,CR:0.0,FX1:1.00,FY1:-151.10,FX2:-6.00,FY2:-149.60,IK1:1,IK2:1,MOVE:0
[2026-09-07 23:38:21.652] [RX] AX12:MODE:0,TQ:1,TL:1023,CM:1,CS:4,MS:0,MT:800
[2026-09-07 23:38:21.754] [RX] PITCH:-1.27,PID_OUT:90.44,INT:0.0404,EL:-96,ER:-319,VEL:53.7,MOT:1,TILT:25.0,TRIM:-0.108,ATE:1,LATCH:0,TORQ:1,CR:0.0,FX1:1.00,FY1:-151.10,FX2:-6.00,FY2:-149.60,IK1:1,IK2:1,MOVE:0
[2026-09-07 23:38:21.796] [TX] C
[2026-09-07 23:38:21.852] [RX] PITCH:-0.41,PID_OUT:72.74,INT:0.1104,EL:-92,ER:-337,VEL:90.9,MOT:1,TILT:25.0,TRIM:-0.117,ATE:1,LATCH:0,TORQ:1,CR:0.0,FX1:1.00,FY1:-151.10,FX2:-6.00,FY2:-149.60,IK1:1,IK2:1,MOVE:0
[2026-09-07 23:38:21.852] [RX] CAL:START
[2026-09-07 23:38:21.954] [RX] PITCH:-0.15,PID_OUT:0.00,INT:0.0000,EL:-89,ER:-337,VEL:26.0,MOT:1,TILT:25.0,TRIM:0.000,ATE:1,LATCH:0,TORQ:1,CR:0.0,FX1:1.00,FY1:-151.10,FX2:-6.00,FY2:-149.60,IK1:1,IK2:1,MOVE:0
[2026-09-07 23:38:22.052] [RX] PITCH:-0.36,PID_OUT:0.00,INT:0.0000,EL:-89,ER:-337,VEL:5.1,MOT:1,TILT:25.0,TRIM:0.000,ATE:1,LATCH:0,TORQ:1,CR:0.0,FX1:1.00,FY1:-151.10,FX2:-6.00,FY2:-149.60,IK1:1,IK2:1,MOVE:0
[2026-09-07 23:38:22.165] [RX] PITCH:-0.51,PID_OUT:0.00,INT:0.0000,EL:-89,ER:-337,VEL:1.0,MOT:1,TILT:25.0,TRIM:0.000,ATE:1,LATCH:0,TORQ:1,CR:0.0,FX1:1.00,FY1:-151.10,FX2:-6.00,FY2:-149.60,IK1:1,IK2:1,MOVE:0
[2026-09-07 23:38:22.165] [RX] AX12:MODE:0,TQ:1,TL:1023,CM:1,CS:4,MS:0,MT:800
[2026-09-07 23:38:22.260] [RX] PITCH:-0.60,PID_OUT:0.00,INT:0.0000,EL:-89,ER:-337,VEL:0.2,MOT:1,TILT:25.0,TRIM:0.000,ATE:1,LATCH:0,TORQ:1,CR:0.0,FX1:1.00,FY1:-151.10,FX2:-6.00,FY2:-149.60,IK1:1,IK2:1,MOVE:0
[2026-09-07 23:38:22.260] [RX] SRV:14,43,0.0
[2026-09-07 23:38:22.355] [RX] PITCH:-0.62,PID_OUT:0.00,INT:0.0000,EL:-89,ER:-337,VEL:0.0,MOT:1,TILT:25.0,TRIM:0.000,ATE:1,LATCH:0,TORQ:1,CR:0.0,FX1:1.00,FY1:-151.10,FX2:-6.00,FY2:-149.60,IK1:1,IK2:1,MOVE:0
[2026-09-07 23:38:22.453] [RX] PITCH:-0.69,PID_OUT:0.00,INT:0.0000,EL:-89,ER:-337,VEL:0.0,MOT:1,TILT:25.0,TRIM:0.000,ATE:1,LATCH:0,TORQ:1,CR:0.0,FX1:1.00,FY1:-151.10,FX2:-6.00,FY2:-149.60,IK1:1,IK2:1,MOVE:0
[2026-09-07 23:38:22.544] [RX] PITCH:-0.94,PID_OUT:0.00,INT:0.0000,EL:-89,ER:-337,VEL:0.0,MOT:1,TILT:25.0,TRIM:0.000,ATE:1,LATCH:0,TORQ:1,CR:0.0,FX1:1.00,FY1:-151.10,FX2:-6.00,FY2:-149.60,IK1:1,IK2:1,MOVE:0
[2026-09-07 23:38:22.664] [RX] PITCH:-1.21,PID_OUT:0.00,INT:0.0000,EL:-89,ER:-337,VEL:0.0,MOT:1,TILT:25.0,TRIM:0.000,ATE:1,LATCH:0,TORQ:1,CR:0.0,FX1:1.00,FY1:-151.10,FX2:-6.00,FY2:-149.60,IK1:1,IK2:1,MOVE:0
[2026-09-07 23:38:22.664] [RX] AX12:MODE:0,TQ:1,TL:1023,CM:1,CS:4,MS:0,MT:800
[2026-09-07 23:38:22.753] [RX] PITCH:-1.28,PID_OUT:0.00,INT:0.0000,EL:-89,ER:-337,VEL:0.0,MOT:1,TILT:25.0,TRIM:0.000,ATE:1,LATCH:0,TORQ:1,CR:0.0,FX1:1.00,FY1:-151.10,FX2:-6.00,FY2:-149.60,IK1:1,IK2:1,MOVE:0
[2026-09-07 23:38:22.860] [RX] PITCH:-1.36,PID_OUT:0.00,INT:0.0000,EL:-89,ER:-337,VEL:0.0,MOT:1,TILT:25.0,TRIM:0.000,ATE:1,LATCH:0,TORQ:1,CR:0.0,FX1:1.00,FY1:-151.10,FX2:-6.00,FY2:-149.60,IK1:1,IK2:1,MOVE:0
[2026-09-07 23:38:22.860] [RX] CAL:DONE,OFFSET:-1.8358
[2026-09-07 23:38:22.947] [RX] PITCH:-0.16,PID_OUT:12.29,INT:0.0078,EL:-89,ER:-337,VEL:0.0,MOT:1,TILT:25.0,TRIM:-0.000,ATE:1,LATCH:0,TORQ:1,CR:0.0,FX1:1.00,FY1:-151.10,FX2:-6.00,FY2:-149.60,IK1:1,IK2:1,MOVE:0
[2026-09-07 23:38:23.046] [RX] PITCH:-0.30,PID_OUT:38.16,INT:0.0320,EL:-89,ER:-337,VEL:0.0,MOT:1,TILT:25.0,TRIM:-0.000,ATE:1,LATCH:0,TORQ:1,CR:0.0,FX1:1.00,FY1:-151.10,FX2:-6.00,FY2:-149.60,IK1:1,IK2:1,MOVE:0
[2026-09-07 23:38:23.160] [RX] PITCH:-0.36,PID_OUT:65.26,INT:0.0651,EL:-89,ER:-337,VEL:0.0,MOT:1,TILT:25.0,TRIM:-0.000,ATE:1,LATCH:0,TORQ:1,CR:0.0,FX1:1.00,FY1:-151.10,FX2:-6.00,FY2:-149.60,IK1:1,IK2:1,MOVE:0
[2026-09-07 23:38:23.162] [RX] AX12:MODE:0,TQ:1,TL:1023,CM:1,CS:4,MS:0,MT:800
[2026-09-07 23:38:23.256] [RX] PITCH:-0.33,PID_OUT:85.59,INT:0.1002,EL:-89,ER:-337,VEL:0.0,MOT:1,TILT:25.0,TRIM:-0.000,ATE:1,LATCH:0,TORQ:1,CR:0.0,FX1:1.00,FY1:-151.10,FX2:-6.00,FY2:-149.60,IK1:1,IK2:1,MOVE:0
[2026-09-07 23:38:23.256] [RX] SRV:1,41,0.0
[2026-09-07 23:38:23.353] [RX] PITCH:-0.24,PID_OUT:86.46,INT:0.1307,EL:-88,ER:-337,VEL:4.6,MOT:1,TILT:25.0,TRIM:-0.000,ATE:1,LATCH:0,TORQ:1,CR:0.0,FX1:1.00,FY1:-151.10,FX2:-6.00,FY2:-149.60,IK1:1,IK2:1,MOVE:0
[2026-09-07 23:38:23.453] [RX] PITCH:0.46,PID_OUT:34.54,INT:0.1170,EL:-85,ER:-337,VEL:10.1,MOT:1,TILT:25.0,TRIM:-0.001,ATE:1,LATCH:0,TORQ:1,CR:0.0,FX1:1.00,FY1:-151.10,FX2:-6.00,FY2:-149.60,IK1:1,IK2:1,MOVE:0
[2026-09-07 23:38:23.555] [RX] PITCH:0.83,PID_OUT:-35.58,INT:0.0488,EL:-85,ER:-337,VEL:2.0,MOT:1,TILT:25.0,TRIM:-0.002,ATE:1,LATCH:0,TORQ:1,CR:0.0,FX1:1.00,FY1:-151.10,FX2:-6.00,FY2:-149.60,IK1:1,IK2:1,MOVE:0
[2026-09-07 23:38:23.658] [RX] PITCH:1.11,PID_OUT:-89.00,INT:-0.0478,EL:-88,ER:-336,VEL:-22.2,MOT:1,TILT:25.0,TRIM:-0.001,ATE:1,LATCH:0,TORQ:1,CR:0.0,FX1:1.00,FY1:-151.10,FX2:-6.00,FY2:-149.60,IK1:1,IK2:1,MOVE:0
[2026-09-07 23:38:23.665] [RX] AX12:MODE:0,TQ:1,TL:1023,CM:1,CS:4,MS:0,MT:800
[2026-09-07 23:38:23.756] [RX] PITCH:-0.51,PID_OUT:19.05,INT:-0.0798,EL:-96,ER:-329,VEL:-64.5,MOT:1,TILT:25.0,TRIM:0.004,ATE:1,LATCH:0,TORQ:1,CR:0.0,FX1:1.00,FY1:-151.10,FX2:-6.00,FY2:-149.60,IK1:1,IK2:1,MOVE:0
[2026-09-07 23:38:23.857] [RX] PITCH:-1.33,PID_OUT:116.43,INT:0.0352,EL:-97,ER:-335,VEL:4.4,MOT:1,TILT:25.0,TRIM:0.005,ATE:1,LATCH:0,TORQ:1,CR:0.0,FX1:1.00,FY1:-151.10,FX2:-6.00,FY2:-149.60,IK1:1,IK2:1,MOVE:0
[2026-09-07 23:38:23.956] [RX] PITCH:-0.30,PID_OUT:66.10,INT:0.1283,EL:-90,ER:-357,VEL:119.4,MOT:1,TILT:25.0,TRIM:-0.003,ATE:1,LATCH:0,TORQ:1,CR:0.0,FX1:1.00,FY1:-151.10,FX2:-6.00,FY2:-149.60,IK1:1,IK2:1,MOVE:0
[2026-09-07 23:38:24.054] [RX] PITCH:0.12,PID_OUT:72.02,INT:0.1181,EL:-83,ER:-389,VEL:227.1,MOT:1,TILT:25.0,TRIM:-0.016,ATE:1,LATCH:0,TORQ:1,CR:0.0,FX1:1.00,FY1:-151.10,FX2:-6.00,FY2:-149.60,IK1:1,IK2:1,MOVE:0
[2026-09-07 23:38:24.161] [RX] PITCH:-0.11,PID_OUT:79.41,INT:0.1209,EL:-77,ER:-489,VEL:468.6,MOT:1,TILT:25.0,TRIM:-0.055,ATE:1,LATCH:0,TORQ:1,CR:0.0,FX1:1.00,FY1:-151.10,FX2:-6.00,FY2:-149.60,IK1:1,IK2:1,MOVE:0
[2026-09-07 23:38:24.167] [RX] AX12:MODE:0,TQ:1,TL:1023,CM:1,CS:4,MS:0,MT:800
[2026-09-07 23:38:24.255] [RX] PITCH:0.20,PID_OUT:61.13,INT:0.1082,EL:-71,ER:-589,VEL:514.7,MOT:1,TILT:25.0,TRIM:-0.106,ATE:1,LATCH:0,TORQ:1,CR:0.0,FX1:1.00,FY1:-151.10,FX2:-6.00,FY2:-149.60,IK1:1,IK2:1,MOVE:0
[2026-09-07 23:38:24.255] [RX] SRV:6,41,0.0
[2026-09-07 23:38:24.356] [RX] PITCH:-0.26,PID_OUT:104.47,INT:0.0926,EL:-70,ER:-689,VEL:504.6,MOT:1,TILT:25.0,TRIM:-0.157,ATE:1,LATCH:0,TORQ:1,CR:0.0,FX1:1.00,FY1:-151.10,FX2:-6.00,FY2:-149.60,IK1:1,IK2:1,MOVE:0
[2026-09-07 23:38:24.457] [RX] PITCH:-0.89,PID_OUT:144.04,INT:0.1446,EL:-66,ER:-734,VEL:249.8,MOT:1,TILT:25.0,TRIM:-0.196,ATE:1,LATCH:0,TORQ:1,CR:0.0,FX1:1.00,FY1:-151.10,FX2:-6.00,FY2:-149.60,IK1:1,IK2:1,MOVE:0
[2026-09-07 23:38:24.550] [RX] PITCH:0.19,PID_OUT:76.08,INT:0.1530,EL:-52,ER:-759,VEL:212.6,MOT:1,TILT:25.0,TRIM:-0.217,ATE:1,LATCH:0,TORQ:1,CR:0.0,FX1:1.00,FY1:-151.10,FX2:-6.00,FY2:-149.60,IK1:1,IK2:1,MOVE:0
[2026-09-07 23:38:24.654] [RX] PITCH:-0.40,PID_OUT:113.67,INT:0.1216,EL:-38,ER:-784,VEL:189.8,MOT:1,TILT:25.0,TRIM:-0.238,ATE:1,LATCH:0,TORQ:1,CR:0.0,FX1:1.00,FY1:-151.10,FX2:-6.00,FY2:-149.60,IK1:1,IK2:1,MOVE:0
[2026-09-07 23:38:24.662] [RX] AX12:MODE:0,TQ:1,TL:1023,CM:1,CS:4,MS:0,MT:800
[2026-09-07 23:38:24.754] [RX] PITCH:-0.90,PID_OUT:106.27,INT:0.1922,EL:-19,ER:-815,VEL:240.7,MOT:1,TILT:25.0,TRIM:-0.260,ATE:1,LATCH:0,TORQ:1,CR:0.0,FX1:1.00,FY1:-151.10,FX2:-6.00,FY2:-149.60,IK1:1,IK2:1,MOVE:0
[2026-09-07 23:38:24.855] [RX] PITCH:0.92,PID_OUT:-60.26,INT:0.1589,EL:4,ER:-844,VEL:239.9,MOT:1,TILT:25.0,TRIM:-0.286,ATE:1,LATCH:0,TORQ:1,CR:0.0,FX1:1.00,FY1:-151.10,FX2:-6.00,FY2:-149.60,IK1:1,IK2:1,MOVE:0
[2026-09-07 23:38:24.951] [RX] PITCH:0.58,PID_OUT:-37.03,INT:-0.0074,EL:11,ER:-855,VEL:94.6,MOT:1,TILT:25.0,TRIM:-0.304,ATE:1,LATCH:0,TORQ:1,CR:0.0,FX1:1.00,FY1:-151.10,FX2:-6.00,FY2:-149.60,IK1:1,IK2:1,MOVE:0
[2026-09-07 23:38:25.055] [RX] PITCH:-0.80,PID_OUT:32.17,INT:0.0010,EL:10,ER:-855,VEL:16.2,MOT:1,TILT:25.0,TRIM:-0.308,ATE:1,LATCH:0,TORQ:1,CR:0.0,FX1:1.00,FY1:-151.10,FX2:-6.00,FY2:-149.60,IK1:1,IK2:1,MOVE:0
[2026-09-07 23:38:25.160] [RX] PITCH:-0.34,PID_OUT:7.64,INT:0.0309,EL:10,ER:-855,VEL:3.2,MOT:1,TILT:25.0,TRIM:-0.308,ATE:1,LATCH:0,TORQ:1,CR:0.0,FX1:1.00,FY1:-151.10,FX2:-6.00,FY2:-149.60,IK1:1,IK2:1,MOVE:0
[2026-09-07 23:38:25.160] [RX] AX12:MODE:0,TQ:1,TL:1023,CM:1,CS:4,MS:0,MT:800
[2026-09-07 23:38:25.257] [RX] PITCH:0.43,PID_OUT:-80.17,INT:-0.0057,EL:1,ER:-855,VEL:-25.3,MOT:1,TILT:25.0,TRIM:-0.305,ATE:1,LATCH:0,TORQ:1,CR:0.0,FX1:1.00,FY1:-151.10,FX2:-6.00,FY2:-149.60,IK1:1,IK2:1,MOVE:0
[2026-09-07 23:38:25.257] [RX] SRV:0,41,0.0
[2026-09-07 23:38:25.356] [RX] PITCH:0.40,PID_OUT:-79.78,INT:-0.1032,EL:-5,ER:-849,VEL:-64.6,MOT:1,TILT:25.0,TRIM:-0.302,ATE:1,LATCH:0,TORQ:1,CR:0.0,FX1:1.00,FY1:-151.10,FX2:-6.00,FY2:-149.60,IK1:1,IK2:1,MOVE:0
[2026-09-07 23:38:25.468] [RX] PITCH:-1.23,PID_OUT:55.24,INT:-0.0822,EL:-16,ER:-843,VEL:-71.8,MOT:1,TILT:25.0,TRIM:-0.294,ATE:1,LATCH:0,TORQ:1,CR:0.0,FX1:1.00,FY1:-151.10,FX2:-6.00,FY2:-149.60,IK1:1,IK2:1,MOVE:0
[2026-09-07 23:38:25.557] [RX] PITCH:-1.00,PID_OUT:53.01,INT:0.0282,EL:-21,ER:-842,VEL:-30.2,MOT:1,TILT:25.0,TRIM:-0.288,ATE:1,LATCH:0,TORQ:1,CR:0.0,FX1:1.00,FY1:-151.10,FX2:-6.00,FY2:-149.60,IK1:1,IK2:1,MOVE:0
[2026-09-07 23:38:25.662] [RX] PITCH:-0.59,PID_OUT:86.60,INT:0.0651,EL:-21,ER:-842,VEL:-6.0,MOT:1,TILT:25.0,TRIM:-0.287,ATE:1,LATCH:0,TORQ:1,CR:0.0,FX1:1.00,FY1:-151.10,FX2:-6.00,FY2:-149.60,IK1:1,IK2:1,MOVE:0
[2026-09-07 23:38:25.662] [RX] AX12:MODE:0,TQ:1,TL:1023,CM:1,CS:4,MS:0,MT:800
[2026-09-07 23:38:25.753] [RX] PITCH:-0.88,PID_OUT:125.70,INT:0.1162,EL:-18,ER:-859,VEL:80.4,MOT:1,TILT:25.0,TRIM:-0.292,ATE:1,LATCH:0,TORQ:1,CR:0.0,FX1:1.00,FY1:-151.10,FX2:-6.00,FY2:-149.60,IK1:1,IK2:1,MOVE:0
[2026-09-07 23:38:25.856] [RX] PITCH:-0.32,PID_OUT:100.61,INT:0.1443,EL:-8,ER:-880,VEL:147.2,MOT:1,TILT:25.0,TRIM:-0.304,ATE:1,LATCH:0,TORQ:1,CR:0.0,FX1:1.00,FY1:-151.10,FX2:-6.00,FY2:-149.60,IK1:1,IK2:1,MOVE:0
[2026-09-07 23:38:25.952] [RX] PITCH:-0.71,PID_OUT:121.55,INT:0.1523,EL:6,ER:-902,VEL:176.6,MOT:1,TILT:25.0,TRIM:-0.320,ATE:1,LATCH:0,TORQ:1,CR:0.0,FX1:1.00,FY1:-151.10,FX2:-6.00,FY2:-149.60,IK1:1,IK2:1,MOVE:0
[2026-09-07 23:38:26.042] [RX] PITCH:-0.54,PID_OUT:80.80,INT:0.1961,EL:26,ER:-929,VEL:229.0,MOT:1,TILT:25.0,TRIM:-0.341,ATE:1,LATCH:0,TORQ:1,CR:0.0,FX1:1.00,FY1:-151.10,FX2:-6.00,FY2:-149.60,IK1:1,IK2:1,MOVE:0
[2026-09-07 23:38:26.159] [RX] PITCH:0.59,PID_OUT:-30.89,INT:0.1477,EL:45,ER:-957,VEL:223.2,MOT:1,TILT:25.0,TRIM:-0.364,ATE:1,LATCH:0,TORQ:1,CR:0.0,FX1:1.00,FY1:-151.10,FX2:-6.00,FY2:-149.60,IK1:1,IK2:1,MOVE:0
[2026-09-07 23:38:26.159] [RX] AX12:MODE:0,TQ:1,TL:1023,CM:1,CS:4,MS:0,MT:800
[2026-09-07 23:38:26.258] [RX] PITCH:0.60,PID_OUT:-64.47,INT:0.0255,EL:54,ER:-974,VEL:134.6,MOT:1,TILT:25.0,TRIM:-0.382,ATE:1,LATCH:0,TORQ:1,CR:0.0,FX1:1.00,FY1:-151.10,FX2:-6.00,FY2:-149.60,IK1:1,IK2:1,MOVE:0
[2026-09-07 23:38:26.259] [RX] SRV:14,42,0.0
[2026-09-07 23:38:26.349] [RX] PITCH:0.29,PID_OUT:-82.24,INT:-0.0361,EL:54,ER:-978,VEL:36.0,MOT:1,TILT:25.0,TRIM:-0.390,ATE:1,LATCH:0,TORQ:1,CR:0.0,FX1:1.00,FY1:-151.10,FX2:-6.00,FY2:-149.60,IK1:1,IK2:1,MOVE:0
[2026-09-07 23:38:26.451] [RX] PITCH:0.37,PID_OUT:-90.57,INT:-0.1348,EL:49,ER:-972,VEL:-48.6,MOT:1,TILT:25.0,TRIM:-0.389,ATE:1,LATCH:0,TORQ:1,CR:0.0,FX1:1.00,FY1:-151.10,FX2:-6.00,FY2:-149.60,IK1:1,IK2:1,MOVE:0
[2026-09-07 23:38:26.555] [RX] PITCH:-1.42,PID_OUT:50.71,INT:-0.1084,EL:38,ER:-963,VEL:-77.4,MOT:1,TILT:25.0,TRIM:-0.381,ATE:1,LATCH:0,TORQ:1,CR:0.0,FX1:1.00,FY1:-151.10,FX2:-6.00,FY2:-149.60,IK1:1,IK2:1,MOVE:0
[2026-09-07 23:38:26.652] [RX] PITCH:-1.40,PID_OUT:74.40,INT:0.0336,EL:36,ER:-978,VEL:66.6,MOT:1,TILT:25.0,TRIM:-0.379,ATE:1,LATCH:0,TORQ:1,CR:0.0,FX1:1.00,FY1:-151.10,FX2:-6.00,FY2:-149.60,IK1:1,IK2:1,MOVE:0
[2026-09-07 23:38:26.664] [RX] AX12:MODE:0,TQ:1,TL:1023,CM:1,CS:4,MS:0,MT:800
[2026-09-07 23:38:26.755] [RX] PITCH:-0.71,PID_OUT:105.23,INT:0.0835,EL:37,ER:-991,VEL:40.5,MOT:1,TILT:25.0,TRIM:-0.388,ATE:1,LATCH:0,TORQ:1,CR:0.0,FX1:1.00,FY1:-151.10,FX2:-6.00,FY2:-149.60,IK1:1,IK2:1,MOVE:0
[2026-09-07 23:38:26.857] [RX] PITCH:-0.77,PID_OUT:124.16,INT:0.1251,EL:41,ER:-1004,VEL:83.6,MOT:1,TILT:25.0,TRIM:-0.394,ATE:1,LATCH:0,TORQ:1,CR:0.0,FX1:1.00,FY1:-151.10,FX2:-6.00,FY2:-149.60,IK1:1,IK2:1,MOVE:0
[2026-09-07 23:38:26.955] [RX] PITCH:-0.23,PID_OUT:94.03,INT:0.1330,EL:51,ER:-1023,VEL:136.6,MOT:1,TILT:25.0,TRIM:-0.405,ATE:1,LATCH:0,TORQ:1,CR:0.0,FX1:1.00,FY1:-151.10,FX2:-6.00,FY2:-149.60,IK1:1,IK2:1,MOVE:0
[2026-09-07 23:38:27.048] [RX] PITCH:-1.40,PID_OUT:166.97,INT:0.1461,EL:66,ER:-1047,VEL:181.6,MOT:1,TILT:25.0,TRIM:-0.422,ATE:1,LATCH:0,TORQ:1,CR:0.0,FX1:1.00,FY1:-151.10,FX2:-6.00,FY2:-149.60,IK1:1,IK2:1,MOVE:0
[2026-09-07 23:38:27.159] [RX] PITCH:-0.07,PID_OUT:-4.97,INT:0.2449,EL:97,ER:-1078,VEL:295.1,MOT:1,TILT:25.0,TRIM:-0.447,ATE:1,LATCH:0,TORQ:1,CR:0.0,FX1:1.00,FY1:-151.10,FX2:-6.00,FY2:-149.60,IK1:1,IK2:1,MOVE:0
[2026-09-07 23:38:27.159] [RX] AX12:MODE:0,TQ:1,TL:1023,CM:1,CS:4,MS:0,MT:800
[2026-09-07 23:38:27.254] [RX] PITCH:0.72,PID_OUT:24.82,INT:0.0464,EL:116,ER:-1095,VEL:157.9,MOT:1,TILT:25.0,TRIM:-0.473,ATE:1,LATCH:0,TORQ:1,CR:0.0,FX1:1.00,FY1:-151.10,FX2:-6.00,FY2:-149.60,IK1:1,IK2:1,MOVE:0
[2026-09-07 23:38:27.254] [RX] SRV:1,41,0.0
[2026-09-07 23:38:27.354] [RX] PITCH:-1.21,PID_OUT:43.66,INT:0.1180,EL:119,ER:-1105,VEL:107.4,MOT:1,TILT:25.0,TRIM:-0.482,ATE:1,LATCH:0,TORQ:1,CR:0.0,FX1:1.00,FY1:-151.10,FX2:-6.00,FY2:-149.60,IK1:1,IK2:1,MOVE:0
[2026-09-07 23:38:27.454] [RX] PITCH:2.33,PID_OUT:-158.54,INT:-0.0242,EL:118,ER:-1102,VEL:-18.3,MOT:1,TILT:25.0,TRIM:-0.487,ATE:1,LATCH:0,TORQ:1,CR:0.0,FX1:1.00,FY1:-151.10,FX2:-6.00,FY2:-149.60,IK1:1,IK2:1,MOVE:0
[2026-09-07 23:38:27.556] [RX] PITCH:-0.51,PID_OUT:-17.29,INT:-0.1587,EL:93,ER:-1076,VEL:-212.0,MOT:1,TILT:25.0,TRIM:-0.473,ATE:1,LATCH:0,TORQ:1,CR:0.0,FX1:1.00,FY1:-151.10,FX2:-6.00,FY2:-149.60,IK1:1,IK2:1,MOVE:0
[2026-09-07 23:38:27.657] [RX] PITCH:-2.12,PID_OUT:106.72,INT:-0.0649,EL:68,ER:-1064,VEL:-172.1,MOT:1,TILT:25.0,TRIM:-0.452,ATE:1,LATCH:0,TORQ:1,CR:0.0,FX1:1.00,FY1:-151.10,FX2:-6.00,FY2:-149.60,IK1:1,IK2:1,MOVE:0
[2026-09-07 23:38:27.667] [RX] AX12:MODE:0,TQ:1,TL:1023,CM:1,CS:4,MS:0,MT:800
[2026-09-07 23:38:27.754] [RX] PITCH:-0.66,PID_OUT:-9.49,INT:0.0469,EL:63,ER:-1075,VEL:34.2,MOT:1,TILT:25.0,TRIM:-0.443,ATE:1,LATCH:0,TORQ:1,CR:0.0,FX1:1.00,FY1:-151.10,FX2:-6.00,FY2:-149.60,IK1:1,IK2:1,MOVE:0
[2026-09-07 23:38:27.854] [RX] PITCH:1.11,PID_OUT:-123.01,INT:-0.0369,EL:47,ER:-1075,VEL:-37.9,MOT:1,TILT:25.0,TRIM:-0.439,ATE:1,LATCH:0,TORQ:1,CR:0.0,FX1:1.00,FY1:-151.10,FX2:-6.00,FY2:-149.60,IK1:1,IK2:1,MOVE:0
[2026-09-07 23:38:27.958] [RX] PITCH:-0.83,PID_OUT:64.99,INT:-0.1313,EL:34,ER:-1064,VEL:-107.1,MOT:1,TILT:25.0,TRIM:-0.431,ATE:1,LATCH:0,TORQ:1,CR:0.0,FX1:1.00,FY1:-151.10,FX2:-6.00,FY2:-149.60,IK1:1,IK2:1,MOVE:0
[2026-09-07 23:38:28.054] [RX] PITCH:-2.61,PID_OUT:152.54,INT:0.0992,EL:38,ER:-1078,VEL:79.9,MOT:1,TILT:25.0,TRIM:-0.429,ATE:1,LATCH:0,TORQ:1,CR:0.0,FX1:1.00,FY1:-151.10,FX2:-6.00,FY2:-149.60,IK1:1,IK2:1,MOVE:0
[2026-09-07 23:38:28.156] [RX] PITCH:0.08,PID_OUT:20.18,INT:0.1492,EL:58,ER:-1107,VEL:202.3,MOT:1,TILT:25.0,TRIM:-0.447,ATE:1,LATCH:0,TORQ:1,CR:0.0,FX1:1.00,FY1:-151.10,FX2:-6.00,FY2:-149.60,IK1:1,IK2:1,MOVE:0
[2026-09-07 23:38:28.156] [RX] AX12:MODE:0,TQ:1,TL:1023,CM:1,CS:4,MS:0,MT:800
[2026-09-07 23:38:28.253] [RX] PITCH:0.18,PID_OUT:-34.79,INT:0.0898,EL:70,ER:-1116,VEL:114.8,MOT:1,TILT:25.0,TRIM:-0.462,ATE:1,LATCH:0,TORQ:1,CR:0.0,FX1:1.00,FY1:-151.10,FX2:-6.00,FY2:-149.60,IK1:1,IK2:1,MOVE:0
[2026-09-07 23:38:28.253] [RX] SRV:6,41,0.0
[2026-09-07 23:38:28.353] [RX] PITCH:0.32,PID_OUT:-61.78,INT:0.0099,EL:75,ER:-1118,VEL:40.9,MOT:1,TILT:25.0,TRIM:-0.470,ATE:1,LATCH:0,TORQ:1,CR:0.0,FX1:1.00,FY1:-151.10,FX2:-6.00,FY2:-149.60,IK1:1,IK2:1,MOVE:0
[2026-09-07 23:38:28.455] [RX] PITCH:0.59,PID_OUT:-130.50,INT:-0.0747,EL:72,ER:-1117,VEL:-14.6,MOT:1,TILT:25.0,TRIM:-0.471,ATE:1,LATCH:0,TORQ:1,CR:0.0,FX1:1.00,FY1:-151.10,FX2:-6.00,FY2:-149.60,IK1:1,IK2:1,MOVE:0
[2026-09-07 23:38:28.554] [RX] PITCH:-0.52,PID_OUT:-42.27,INT:-0.1362,EL:58,ER:-1110,VEL:-96.0,MOT:1,TILT:25.0,TRIM:-0.465,ATE:1,LATCH:0,TORQ:1,CR:0.0,FX1:1.00,FY1:-151.10,FX2:-6.00,FY2:-149.60,IK1:1,IK2:1,MOVE:0
[2026-09-07 23:38:28.659] [RX] PITCH:-2.31,PID_OUT:86.08,INT:-0.0233,EL:46,ER:-1109,VEL:-49.3,MOT:1,TILT:25.0,TRIM:-0.456,ATE:1,LATCH:0,TORQ:1,CR:0.0,FX1:1.00,FY1:-151.10,FX2:-6.00,FY2:-149.60,IK1:1,IK2:1,MOVE:0
[2026-09-07 23:38:28.659] [RX] AX12:MODE:0,TQ:1,TL:1023,CM:1,CS:4,MS:0,MT:800
[2026-09-07 23:38:28.756] [RX] PITCH:0.08,PID_OUT:-29.26,INT:0.0397,EL:45,ER:-1109,VEL:-11.4,MOT:1,TILT:25.0,TRIM:-0.454,ATE:1,LATCH:0,TORQ:1,CR:0.0,FX1:1.00,FY1:-151.10,FX2:-6.00,FY2:-149.60,IK1:1,IK2:1,MOVE:0
[2026-09-07 23:38:28.856] [RX] PITCH:0.43,PID_OUT:-68.54,INT:-0.0577,EL:43,ER:-1106,VEL:-31.0,MOT:1,TILT:25.0,TRIM:-0.452,ATE:1,LATCH:0,TORQ:1,CR:0.0,FX1:1.00,FY1:-151.10,FX2:-6.00,FY2:-149.60,IK1:1,IK2:1,MOVE:0
[2026-09-07 23:38:28.960] [RX] PITCH:-1.78,PID_OUT:90.52,INT:-0.0169,EL:40,ER:-1107,VEL:-10.8,MOT:1,TILT:25.0,TRIM:-0.450,ATE:1,LATCH:0,TORQ:1,CR:0.0,FX1:1.00,FY1:-151.10,FX2:-6.00,FY2:-149.60,IK1:1,IK2:1,MOVE:0
[2026-09-07 23:38:29.055] [RX] PITCH:-1.85,PID_OUT:109.85,INT:0.1430,EL:47,ER:-1120,VEL:104.3,MOT:1,TILT:25.0,TRIM:-0.454,ATE:1,LATCH:0,TORQ:1,CR:0.0,FX1:1.00,FY1:-151.10,FX2:-6.00,FY2:-149.60,IK1:1,IK2:1,MOVE:0
[2026-09-07 23:38:29.151] [RX] PITCH:0.67,PID_OUT:-68.04,INT:0.1481,EL:64,ER:-1141,VEL:158.7,MOT:1,TILT:25.0,TRIM:-0.470,ATE:1,LATCH:0,TORQ:1,CR:0.0,FX1:1.00,FY1:-151.10,FX2:-6.00,FY2:-149.60,IK1:1,IK2:1,MOVE:0
[2026-09-07 23:38:29.166] [RX] AX12:MODE:0,TQ:1,TL:1023,CM:1,CS:4,MS:0,MT:800
[2026-09-07 23:38:29.261] [RX] PITCH:1.08,PID_OUT:-122.17,INT:-0.0429,EL:65,ER:-1141,VEL:17.7,MOT:1,TILT:25.0,TRIM:-0.478,ATE:1,LATCH:0,TORQ:1,CR:0.0,FX1:1.00,FY1:-151.10,FX2:-6.00,FY2:-149.60,IK1:1,IK2:1,MOVE:0
[2026-09-07 23:38:29.261] [RX] SRV:0,41,0.0
[2026-09-07 23:38:29.351] [RX] PITCH:-0.54,PID_OUT:-54.92,INT:-0.0845,EL:54,ER:-1132,VEL:-76.3,MOT:1,TILT:25.0,TRIM:-0.473,ATE:1,LATCH:0,TORQ:1,CR:0.0,FX1:1.00,FY1:-151.10,FX2:-6.00,FY2:-149.60,IK1:1,IK2:1,MOVE:0
[2026-09-07 23:38:29.451] [RX] PITCH:-0.44,PID_OUT:-58.46,INT:-0.0729,EL:44,ER:-1122,VEL:-95.3,MOT:1,TILT:25.0,TRIM:-0.464,ATE:1,LATCH:0,TORQ:1,CR:0.0,FX1:1.00,FY1:-151.10,FX2:-6.00,FY2:-149.60,IK1:1,IK2:1,MOVE:0
[2026-09-07 23:38:29.557] [RX] PITCH:-0.14,PID_OUT:-55.44,INT:-0.1019,EL:33,ER:-1111,VEL:-109.1,MOT:1,TILT:25.0,TRIM:-0.454,ATE:1,LATCH:0,TORQ:1,CR:0.0,FX1:1.00,FY1:-151.10,FX2:-6.00,FY2:-149.60,IK1:1,IK2:1,MOVE:0
[2026-09-07 23:38:29.666] [RX] PITCH:-1.53,PID_OUT:80.63,INT:-0.0695,EL:24,ER:-1107,VEL:-59.2,MOT:1,TILT:25.0,TRIM:-0.445,ATE:1,LATCH:0,TORQ:1,CR:0.0,FX1:1.00,FY1:-151.10,FX2:-6.00,FY2:-149.60,IK1:1,IK2:1,MOVE:0
[2026-09-07 23:38:29.666] [RX] AX12:MODE:0,TQ:1,TL:1023,CM:1,CS:4,MS:0,MT:800
[2026-09-07 23:38:29.755] [RX] PITCH:-1.65,PID_OUT:127.85,INT:0.0529,EL:24,ER:-1119,VEL:44.7,MOT:1,TILT:25.0,TRIM:-0.445,ATE:1,LATCH:0,TORQ:1,CR:0.0,FX1:1.00,FY1:-151.10,FX2:-6.00,FY2:-149.60,IK1:1,IK2:1,MOVE:0
[2026-09-07 23:38:29.857] [RX] PITCH:-1.07,PID_OUT:107.04,INT:0.1499,EL:37,ER:-1140,VEL:155.1,MOT:1,TILT:25.0,TRIM:-0.456,ATE:1,LATCH:0,TORQ:1,CR:0.0,FX1:1.00,FY1:-151.10,FX2:-6.00,FY2:-149.60,IK1:1,IK2:1,MOVE:0
[2026-09-07 23:38:29.924] [TX] M
[2026-09-07 23:38:29.962] [RX] PITCH:-0.08,PID_OUT:44.71,INT:0.1594,EL:56,ER:-1169,VEL:224.4,MOT:1,TILT:25.0,TRIM:-0.476,ATE:1,LATCH:0,TORQ:1,CR:0.0,FX1:1.00,FY1:-151.10,FX2:-6.00,FY2:-149.60,IK1:1,IK2:1,MOVE:0
[2026-09-07 23:38:29.962] [RX] Motors DISABLED
--------------------------------------------------------------------------------
[2026-09-07 23:38:29.962] [SYS] Session Stopped: Motors DISABLED
Total Duration: 17.76s | Total Lines Captured: 246
================================================================================
