================================================================================
SERIAL MONITOR BACKUP LOG
Port: COM13 | Baud: 115200
Session Started: 2026-09-08 13:39:27
Trigger Reason: Telemetry MOT:1
Last IMU Calibration: No calibration recorded in this session
Active FW Parameters: Default / Awaiting sync
================================================================================
[Timestamp]                [Dir]  Payload
--------------------------------------------------------------------------------
[2026-09-08 13:39:27.052] [RX] AX12:MODE:0,TQ:1,TL:1023,CM:1,CS:4,MS:0,MT:800,CR:0.0,FX1:1.00,FY1:-151.10,FX2:-6.00,FY2:-149.60,IK1:1,IK2:1,MOVE:0
[2026-09-08 13:39:27.126] [RX] PITCH:0.30,PID_OUT:-37.79,INT:-0.0144,EL:-2025,ER:-1706,VEL:0.0,MOT:1,TILT:25.0,TRIM:-0.000,ATE:1,LATCH:0,TORQ:1,CR:0.0,FX1:1.00,FY1:-151.10,FX2:-6.00,FY2:-149.60,IK1:1,IK2:1,MOVE:0
[2026-09-08 13:39:27.225] [RX] PITCH:0.30,PID_OUT:-33.10,INT:-0.0404,EL:-2025,ER:-1705,VEL:-6.4,MOT:1,TILT:25.0,TRIM:0.127,ATE:1,LATCH:0,TORQ:1,CR:0.0,FX1:1.00,FY1:-151.10,FX2:-6.00,FY2:-149.60,IK1:1,IK2:1,MOVE:0
[2026-09-08 13:39:27.331] [RX] PITCH:-0.03,PID_OUT:-10.93,INT:-0.0540,EL:-2025,ER:-1705,VEL:-1.3,MOT:1,TILT:25.0,TRIM:0.025,ATE:1,LATCH:0,TORQ:1,CR:0.0,FX1:1.00,FY1:-151.10,FX2:-6.00,FY2:-149.60,IK1:1,IK2:1,MOVE:0
[2026-09-08 13:39:27.331] [RX] AX12:MODE:0,TQ:1,TL:1023,CM:1,CS:4,MS:0,MT:800
[2026-09-08 13:39:27.427] [RX] PITCH:-0.91,PID_OUT:101.65,INT:-0.0056,EL:-2025,ER:-1705,VEL:-0.2,MOT:1,TILT:25.0,TRIM:0.005,ATE:1,LATCH:0,TORQ:1,CR:0.0,FX1:1.00,FY1:-151.10,FX2:-6.00,FY2:-149.60,IK1:1,IK2:1,MOVE:0
[2026-09-08 13:39:27.428] [RX] SRV:6,39,0.0,0,0
[2026-09-08 13:39:27.525] [RX] PITCH:-2.16,PID_OUT:111.18,INT:0.0236,EL:-2024,ER:-1724,VEL:68.5,MOT:1,TILT:25.0,TRIM:-1.369,ATE:1,LATCH:0,TORQ:1,CR:0.0,FX1:1.00,FY1:-151.10,FX2:-6.00,FY2:-149.60,IK1:1,IK2:1,MOVE:0
[2026-09-08 13:39:27.627] [RX] PITCH:-2.11,PID_OUT:-0.15,INT:0.0915,EL:-2015,ER:-1738,VEL:122.2,MOT:1,TILT:25.0,TRIM:-2.445,ATE:1,LATCH:0,TORQ:1,CR:0.0,FX1:1.00,FY1:-151.10,FX2:-6.00,FY2:-149.60,IK1:1,IK2:1,MOVE:0
[2026-09-08 13:39:27.729] [RX] PITCH:-2.70,PID_OUT:71.68,INT:0.0859,EL:-2008,ER:-1754,VEL:117.2,MOT:1,TILT:25.0,TRIM:-2.345,ATE:1,LATCH:0,TORQ:1,CR:0.0,FX1:1.00,FY1:-151.10,FX2:-6.00,FY2:-149.60,IK1:1,IK2:1,MOVE:0
[2026-09-08 13:39:27.831] [RX] PITCH:-2.83,PID_OUT:65.95,INT:0.0985,EL:-2004,ER:-1775,VEL:111.7,MOT:1,TILT:25.0,TRIM:-2.233,ATE:1,LATCH:0,TORQ:1,CR:0.0,FX1:1.00,FY1:-151.10,FX2:-6.00,FY2:-149.60,IK1:1,IK2:1,MOVE:0
[2026-09-08 13:39:27.835] [RX] AX12:MODE:0,TQ:1,TL:1023,CM:1,CS:4,MS:0,MT:800
[2026-09-08 13:39:27.921] [RX] PITCH:-2.20,PID_OUT:57.91,INT:0.0985,EL:-2002,ER:-1791,VEL:84.9,MOT:1,TILT:25.0,TRIM:-1.697,ATE:1,LATCH:0,TORQ:1,CR:0.0,FX1:1.00,FY1:-151.10,FX2:-6.00,FY2:-149.60,IK1:1,IK2:1,MOVE:0
[2026-09-08 13:39:28.022] [RX] PITCH:-0.94,PID_OUT:41.68,INT:0.0985,EL:-2002,ER:-1796,VEL:25.4,MOT:1,TILT:25.0,TRIM:-0.508,ATE:1,LATCH:0,TORQ:1,CR:0.0,FX1:1.00,FY1:-151.10,FX2:-6.00,FY2:-149.60,IK1:1,IK2:1,MOVE:0
[2026-09-08 13:39:28.124] [RX] PITCH:0.69,PID_OUT:-75.17,INT:0.0713,EL:-2002,ER:-1796,VEL:5.0,MOT:1,TILT:25.0,TRIM:-0.100,ATE:1,LATCH:0,TORQ:1,CR:0.0,FX1:1.00,FY1:-151.10,FX2:-6.00,FY2:-149.60,IK1:1,IK2:1,MOVE:0
[2026-09-08 13:39:28.222] [RX] PITCH:2.19,PID_OUT:-85.95,INT:0.0167,EL:-2019,ER:-1792,VEL:-87.5,MOT:1,TILT:25.0,TRIM:1.750,ATE:1,LATCH:0,TORQ:1,CR:0.0,FX1:1.00,FY1:-151.10,FX2:-6.00,FY2:-149.60,IK1:1,IK2:1,MOVE:0
[2026-09-08 13:39:28.325] [RX] PITCH:3.27,PID_OUT:-96.09,INT:-0.0462,EL:-2043,ER:-1789,VEL:-125.9,MOT:1,TILT:25.0,TRIM:2.517,ATE:1,LATCH:0,TORQ:1,CR:0.0,FX1:1.00,FY1:-151.10,FX2:-6.00,FY2:-149.60,IK1:1,IK2:1,MOVE:0
[2026-09-08 13:39:28.333] [RX] AX12:MODE:0,TQ:1,TL:1023,CM:1,CS:4,MS:0,MT:800
[2026-09-08 13:39:28.423] [RX] PITCH:3.04,PID_OUT:-99.02,INT:-0.0605,EL:-2071,ER:-1786,VEL:-141.1,MOT:1,TILT:25.0,TRIM:2.822,ATE:1,LATCH:0,TORQ:1,CR:0.0,FX1:1.00,FY1:-151.10,FX2:-6.00,FY2:-149.60,IK1:1,IK2:1,MOVE:0
[2026-09-08 13:39:28.426] [RX] SRV:0,39,0.0,0,0
[2026-09-08 13:39:28.524] [RX] PITCH:3.19,PID_OUT:-64.56,INT:-0.0985,EL:-2094,ER:-1780,VEL:-151.0,MOT:1,TILT:25.0,TRIM:3.020,ATE:1,LATCH:0,TORQ:1,CR:0.0,FX1:1.00,FY1:-151.10,FX2:-6.00,FY2:-149.60,IK1:1,IK2:1,MOVE:0
[2026-09-08 13:39:28.621] [RX] PITCH:3.12,PID_OUT:-49.65,INT:-0.0526,EL:-2125,ER:-1773,VEL:-178.1,MOT:1,TILT:25.0,TRIM:3.561,ATE:1,LATCH:0,TORQ:1,CR:0.0,FX1:1.00,FY1:-151.10,FX2:-6.00,FY2:-149.60,IK1:1,IK2:1,MOVE:0
[2026-09-08 13:39:28.722] [RX] PITCH:4.26,PID_OUT:-110.17,INT:-0.0985,EL:-2151,ER:-1768,VEL:-163.3,MOT:1,TILT:25.0,TRIM:3.265,ATE:1,LATCH:0,TORQ:1,CR:0.0,FX1:1.00,FY1:-151.10,FX2:-6.00,FY2:-149.60,IK1:1,IK2:1,MOVE:0
[2026-09-08 13:39:28.826] [RX] PITCH:3.84,PID_OUT:-14.48,INT:-0.0985,EL:-2179,ER:-1756,VEL:-189.5,MOT:1,TILT:25.0,TRIM:3.790,ATE:1,LATCH:0,TORQ:1,CR:0.0,FX1:1.00,FY1:-151.10,FX2:-6.00,FY2:-149.60,IK1:1,IK2:1,MOVE:0
[2026-09-08 13:39:28.834] [RX] AX12:MODE:0,TQ:1,TL:1023,CM:1,CS:4,MS:0,MT:800
[2026-09-08 13:39:28.921] [RX] PITCH:3.06,PID_OUT:27.64,INT:-0.0980,EL:-2204,ER:-1751,VEL:-155.2,MOT:1,TILT:25.0,TRIM:3.104,ATE:1,LATCH:0,TORQ:1,CR:0.0,FX1:1.00,FY1:-151.10,FX2:-6.00,FY2:-149.60,IK1:1,IK2:1,MOVE:0
[2026-09-08 13:39:29.021] [RX] PITCH:0.28,PID_OUT:-5.47,INT:-0.0958,EL:-2215,ER:-1765,VEL:3.2,MOT:1,TILT:25.0,TRIM:-0.064,ATE:1,LATCH:0,TORQ:1,CR:0.0,FX1:1.00,FY1:-151.10,FX2:-6.00,FY2:-149.60,IK1:1,IK2:1,MOVE:0
[2026-09-08 13:39:29.118] [RX] PITCH:-1.95,PID_OUT:100.30,INT:0.0223,EL:-2215,ER:-1769,VEL:42.4,MOT:1,TILT:25.0,TRIM:-0.849,ATE:1,LATCH:0,TORQ:1,CR:0.0,FX1:1.00,FY1:-151.10,FX2:-6.00,FY2:-149.60,IK1:1,IK2:1,MOVE:0
[2026-09-08 13:39:29.221] [RX] PITCH:-3.08,PID_OUT:154.08,INT:0.0424,EL:-2208,ER:-1790,VEL:103.8,MOT:1,TILT:25.0,TRIM:-2.076,ATE:1,LATCH:0,TORQ:1,CR:0.0,FX1:1.00,FY1:-151.10,FX2:-6.00,FY2:-149.60,IK1:1,IK2:1,MOVE:0
[2026-09-08 13:39:29.330] [RX] PITCH:-3.81,PID_OUT:35.02,INT:0.0985,EL:-2193,ER:-1814,VEL:183.5,MOT:1,TILT:25.0,TRIM:-3.670,ATE:1,LATCH:0,TORQ:1,CR:0.0,FX1:1.00,FY1:-151.10,FX2:-6.00,FY2:-149.60,IK1:1,IK2:1,MOVE:0
[2026-09-08 13:39:29.331] [RX] AX12:MODE:0,TQ:1,TL:1023,CM:1,CS:4,MS:0,MT:800
[2026-09-08 13:39:29.425] [RX] PITCH:-4.01,PID_OUT:71.59,INT:0.0985,EL:-2180,ER:-1834,VEL:160.1,MOT:1,TILT:25.0,TRIM:-3.203,ATE:1,LATCH:0,TORQ:1,CR:0.0,FX1:1.00,FY1:-151.10,FX2:-6.00,FY2:-149.60,IK1:1,IK2:1,MOVE:0
[2026-09-08 13:39:29.425] [RX] SRV:14,49,7.0,0,0
[2026-09-08 13:39:29.519] [RX] PITCH:-3.36,PID_OUT:76.91,INT:0.0985,EL:-2169,ER:-1854,VEL:132.8,MOT:1,TILT:25.0,TRIM:-2.656,ATE:1,LATCH:0,TORQ:1,CR:0.0,FX1:1.00,FY1:-151.10,FX2:-6.00,FY2:-149.60,IK1:1,IK2:1,MOVE:0
[2026-09-08 13:39:29.619] [RX] PITCH:-1.66,PID_OUT:29.71,INT:0.0985,EL:-2165,ER:-1862,VEL:71.2,MOT:1,TILT:25.0,TRIM:-1.425,ATE:1,LATCH:0,TORQ:1,CR:0.0,FX1:1.00,FY1:-151.10,FX2:-6.00,FY2:-149.60,IK1:1,IK2:1,MOVE:0
[2026-09-08 13:39:29.717] [RX] PITCH:-0.34,PID_OUT:31.94,INT:0.0934,EL:-2162,ER:-1862,VEL:23.5,MOT:1,TILT:25.0,TRIM:-0.470,ATE:1,LATCH:0,TORQ:1,CR:0.0,FX1:1.00,FY1:-151.10,FX2:-6.00,FY2:-149.60,IK1:1,IK2:1,MOVE:0
[2026-09-08 13:39:29.820] [RX] PITCH:0.22,PID_OUT:6.18,INT:0.0745,EL:-2162,ER:-1862,VEL:4.6,MOT:1,TILT:25.0,TRIM:-0.093,ATE:1,LATCH:0,TORQ:1,CR:0.0,FX1:1.00,FY1:-151.10,FX2:-6.00,FY2:-149.60,IK1:1,IK2:1,MOVE:0
[2026-09-08 13:39:29.827] [RX] AX12:MODE:0,TQ:1,TL:1023,CM:1,CS:4,MS:0,MT:800
[2026-09-08 13:39:29.917] [RX] PITCH:0.40,PID_OUT:-25.03,INT:0.0350,EL:-2162,ER:-1862,VEL:0.9,MOT:1,TILT:25.0,TRIM:-0.018,ATE:1,LATCH:0,TORQ:1,CR:0.0,FX1:1.00,FY1:-151.10,FX2:-6.00,FY2:-149.60,IK1:1,IK2:1,MOVE:0
[2026-09-08 13:39:30.016] [RX] PITCH:0.60,PID_OUT:9.89,INT:0.0227,EL:-2170,ER:-1862,VEL:-37.5,MOT:1,TILT:25.0,TRIM:0.749,ATE:1,LATCH:0,TORQ:1,CR:0.0,FX1:1.00,FY1:-151.10,FX2:-6.00,FY2:-149.60,IK1:1,IK2:1,MOVE:0
[2026-09-08 13:39:30.118] [RX] PITCH:0.85,PID_OUT:-81.28,INT:-0.0178,EL:-2170,ER:-1862,VEL:-7.4,MOT:1,TILT:25.0,TRIM:0.148,ATE:1,LATCH:0,TORQ:1,CR:0.0,FX1:1.00,FY1:-151.10,FX2:-6.00,FY2:-149.60,IK1:1,IK2:1,MOVE:0
[2026-09-08 13:39:30.220] [RX] PITCH:0.71,PID_OUT:-23.67,INT:-0.0408,EL:-2184,ER:-1867,VEL:-37.7,MOT:1,TILT:25.0,TRIM:0.755,ATE:1,LATCH:0,TORQ:1,CR:0.0,FX1:1.00,FY1:-151.10,FX2:-6.00,FY2:-149.60,IK1:1,IK2:1,MOVE:0
[2026-09-08 13:39:30.326] [RX] PITCH:0.74,PID_OUT:-50.00,INT:-0.0296,EL:-2191,ER:-1867,VEL:-24.3,MOT:1,TILT:25.0,TRIM:0.485,ATE:1,LATCH:0,TORQ:1,CR:0.0,FX1:1.00,FY1:-151.10,FX2:-6.00,FY2:-149.60,IK1:1,IK2:1,MOVE:0
[2026-09-08 13:39:30.331] [RX] AX12:MODE:0,TQ:1,TL:1023,CM:1,CS:4,MS:0,MT:800
[2026-09-08 13:39:30.423] [RX] PITCH:0.67,PID_OUT:-17.55,INT:-0.0241,EL:-2200,ER:-1867,VEL:-35.3,MOT:1,TILT:25.0,TRIM:0.706,ATE:1,LATCH:0,TORQ:1,CR:0.0,FX1:1.00,FY1:-151.10,FX2:-6.00,FY2:-149.60,IK1:1,IK2:1,MOVE:0
[2026-09-08 13:39:30.423] [RX] SRV:1,50,6.3,0,0
[2026-09-08 13:39:30.516] [RX] PITCH:0.43,PID_OUT:-44.01,INT:-0.0468,EL:-2200,ER:-1867,VEL:-7.0,MOT:1,TILT:25.0,TRIM:0.139,ATE:1,LATCH:0,TORQ:1,CR:0.0,FX1:1.00,FY1:-151.10,FX2:-6.00,FY2:-149.60,IK1:1,IK2:1,MOVE:0
[2026-09-08 13:39:30.618] [RX] PITCH:-0.04,PID_OUT:-7.61,INT:-0.0502,EL:-2200,ER:-1866,VEL:-3.4,MOT:1,TILT:25.0,TRIM:0.068,ATE:1,LATCH:0,TORQ:1,CR:0.0,FX1:1.00,FY1:-151.10,FX2:-6.00,FY2:-149.60,IK1:1,IK2:1,MOVE:0
[2026-09-08 13:39:30.716] [RX] PITCH:-0.81,PID_OUT:105.14,INT:-0.0069,EL:-2200,ER:-1866,VEL:-0.7,MOT:1,TILT:25.0,TRIM:0.013,ATE:1,LATCH:0,TORQ:1,CR:0.0,FX1:1.00,FY1:-151.10,FX2:-6.00,FY2:-149.60,IK1:1,IK2:1,MOVE:0
[2026-09-08 13:39:30.819] [RX] PITCH:-1.34,PID_OUT:73.71,INT:0.0233,EL:-2197,ER:-1879,VEL:63.5,MOT:1,TILT:25.0,TRIM:-1.270,ATE:1,LATCH:0,TORQ:1,CR:0.0,FX1:1.00,FY1:-151.10,FX2:-6.00,FY2:-149.60,IK1:1,IK2:1,MOVE:0
[2026-09-08 13:39:30.826] [RX] AX12:MODE:0,TQ:1,TL:1023,CM:1,CS:4,MS:0,MT:800
[2026-09-08 13:39:30.915] [RX] PITCH:-1.60,PID_OUT:-10.62,INT:0.0688,EL:-2190,ER:-1894,VEL:130.3,MOT:1,TILT:25.0,TRIM:-2.606,ATE:1,LATCH:0,TORQ:1,CR:0.0,FX1:1.00,FY1:-151.10,FX2:-6.00,FY2:-149.60,IK1:1,IK2:1,MOVE:0
[2026-09-08 13:39:31.016] [RX] PITCH:-3.60,PID_OUT:210.72,INT:0.0540,EL:-2186,ER:-1912,VEL:112.7,MOT:1,TILT:25.0,TRIM:-2.254,ATE:1,LATCH:0,TORQ:1,CR:0.0,FX1:1.00,FY1:-151.10,FX2:-6.00,FY2:-149.60,IK1:1,IK2:1,MOVE:0
[2026-09-08 13:39:31.116] [RX] PITCH:-3.54,PID_OUT:4.07,INT:0.0960,EL:-2169,ER:-1935,VEL:178.1,MOT:1,TILT:25.0,TRIM:-3.562,ATE:1,LATCH:0,TORQ:1,CR:0.0,FX1:1.00,FY1:-151.10,FX2:-6.00,FY2:-149.60,IK1:1,IK2:1,MOVE:0
[2026-09-08 13:39:31.214] [RX] PITCH:-3.92,PID_OUT:16.79,INT:0.0891,EL:-2154,ER:-1958,VEL:195.9,MOT:1,TILT:25.0,TRIM:-3.919,ATE:1,LATCH:0,TORQ:1,CR:0.0,FX1:1.00,FY1:-151.10,FX2:-6.00,FY2:-149.60,IK1:1,IK2:1,MOVE:0
[2026-09-08 13:39:31.325] [RX] PITCH:-5.03,PID_OUT:28.43,INT:0.0985,EL:-2141,ER:-1979,VEL:166.1,MOT:1,TILT:25.0,TRIM:-3.321,ATE:1,LATCH:0,TORQ:1,CR:0.0,FX1:1.00,FY1:-151.10,FX2:-6.00,FY2:-149.60,IK1:1,IK2:1,MOVE:0
[2026-09-08 13:39:31.325] [RX] AX12:MODE:0,TQ:1,TL:1023,CM:1,CS:4,MS:0,MT:800
[2026-09-08 13:39:31.418] [RX] PITCH:-0.93,PID_OUT:-206.65,INT:0.0985,EL:-2143,ER:-1984,VEL:24.2,MOT:1,TILT:25.0,TRIM:-0.485,ATE:1,LATCH:0,TORQ:1,CR:0.0,FX1:1.00,FY1:-151.10,FX2:-6.00,FY2:-149.60,IK1:1,IK2:1,MOVE:0
[2026-09-08 13:39:31.418] [RX] SRV:6,39,0.0,0,0
[2026-09-08 13:39:31.513] [RX] PITCH:4.84,PID_OUT:-256.10,INT:0.0874,EL:-2173,ER:-1967,VEL:-195.0,MOT:1,TILT:25.0,TRIM:3.900,ATE:1,LATCH:0,TORQ:1,CR:0.0,FX1:1.00,FY1:-151.10,FX2:-6.00,FY2:-149.60,IK1:1,IK2:1,MOVE:0
[2026-09-08 13:39:31.614] [RX] PITCH:8.88,PID_OUT:-312.32,INT:-0.0499,EL:-2223,ER:-1925,VEL:-429.5,MOT:1,TILT:25.0,TRIM:6.000,ATE:1,LATCH:0,TORQ:1,CR:0.0,FX1:1.00,FY1:-151.10,FX2:-6.00,FY2:-149.60,IK1:1,IK2:1,MOVE:0
[2026-09-08 13:39:31.716] [RX] PITCH:8.71,PID_OUT:-58.52,INT:-0.0985,EL:-2302,ER:-1855,VEL:-692.7,MOT:1,TILT:25.0,TRIM:6.000,ATE:1,LATCH:0,TORQ:1,CR:0.0,FX1:1.00,FY1:-151.10,FX2:-6.00,FY2:-149.60,IK1:1,IK2:1,MOVE:0
[2026-09-08 13:39:31.820] [RX] PITCH:5.76,PID_OUT:205.55,INT:-0.0960,EL:-2372,ER:-1797,VEL:-614.1,MOT:1,TILT:25.0,TRIM:6.000,ATE:1,LATCH:0,TORQ:1,CR:0.0,FX1:1.00,FY1:-151.10,FX2:-6.00,FY2:-149.60,IK1:1,IK2:1,MOVE:0
[2026-09-08 13:39:31.820] [RX] AX12:MODE:0,TQ:1,TL:1023,CM:1,CS:4,MS:0,MT:800
[2026-09-08 13:39:31.913] [RX] PITCH:5.06,PID_OUT:189.53,INT:-0.0863,EL:-2399,ER:-1776,VEL:-307.7,MOT:1,TILT:25.0,TRIM:6.000,ATE:1,LATCH:0,TORQ:1,CR:0.0,FX1:1.00,FY1:-151.10,FX2:-6.00,FY2:-149.60,IK1:1,IK2:1,MOVE:0
[2026-09-08 13:39:32.014] [RX] PITCH:2.21,PID_OUT:134.78,INT:-0.0985,EL:-2407,ER:-1775,VEL:-93.7,MOT:1,TILT:25.0,TRIM:1.874,ATE:1,LATCH:0,TORQ:1,CR:0.0,FX1:1.00,FY1:-151.10,FX2:-6.00,FY2:-149.60,IK1:1,IK2:1,MOVE:0
[2026-09-08 13:39:32.114] [RX] PITCH:-2.40,PID_OUT:104.78,INT:-0.0267,EL:-2394,ER:-1789,VEL:126.6,MOT:1,TILT:25.0,TRIM:-2.531,ATE:1,LATCH:0,TORQ:1,CR:0.0,FX1:1.00,FY1:-151.10,FX2:-6.00,FY2:-149.60,IK1:1,IK2:1,MOVE:0
[2026-09-08 13:39:32.211] [RX] PITCH:-7.16,PID_OUT:81.79,INT:0.0651,EL:-2363,ER:-1820,VEL:305.8,MOT:1,TILT:25.0,TRIM:-6.000,ATE:1,LATCH:0,TORQ:1,CR:0.0,FX1:1.00,FY1:-151.10,FX2:-6.00,FY2:-149.60,IK1:1,IK2:1,MOVE:0
[2026-09-08 13:39:32.313] [RX] PITCH:-8.19,PID_OUT:154.43,INT:0.0985,EL:-2311,ER:-1868,VEL:473.8,MOT:1,TILT:25.0,TRIM:-6.000,ATE:1,LATCH:0,TORQ:1,CR:0.0,FX1:1.00,FY1:-151.10,FX2:-6.00,FY2:-149.60,IK1:1,IK2:1,MOVE:0
[2026-09-08 13:39:32.323] [RX] AX12:MODE:0,TQ:1,TL:1023,CM:1,CS:4,MS:0,MT:800
[2026-09-08 13:39:32.413] [RX] PITCH:-8.31,PID_OUT:-5.52,INT:0.0985,EL:-2252,ER:-1921,VEL:541.0,MOT:1,TILT:25.0,TRIM:-6.000,ATE:1,LATCH:0,TORQ:1,CR:0.0,FX1:1.00,FY1:-151.10,FX2:-6.00,FY2:-149.60,IK1:1,IK2:1,MOVE:0
[2026-09-08 13:39:32.415] [RX] SRV:0,39,0.0,0,2
[2026-09-08 13:39:32.512] [RX] PITCH:-5.89,PID_OUT:180.79,INT:0.0971,EL:-2233,ER:-1948,VEL:231.9,MOT:1,TILT:25.0,TRIM:-4.638,ATE:1,LATCH:0,TORQ:1,CR:0.0,FX1:1.00,FY1:-151.10,FX2:-6.00,FY2:-149.60,IK1:1,IK2:1,MOVE:0
[2026-09-08 13:39:32.613] [RX] PITCH:-2.00,PID_OUT:-54.98,INT:0.0974,EL:-2222,ER:-1960,VEL:73.5,MOT:1,TILT:25.0,TRIM:-1.470,ATE:1,LATCH:0,TORQ:1,CR:0.0,FX1:1.00,FY1:-151.10,FX2:-6.00,FY2:-149.60,IK1:1,IK2:1,MOVE:0
[2026-09-08 13:39:32.708] [RX] PITCH:1.53,PID_OUT:-240.24,INT:0.0676,EL:-2237,ER:-1964,VEL:-43.5,MOT:1,TILT:25.0,TRIM:0.870,ATE:1,LATCH:0,TORQ:1,CR:0.0,FX1:1.00,FY1:-151.10,FX2:-6.00,FY2:-149.60,IK1:1,IK2:1,MOVE:0
[2026-09-08 13:39:32.820] [RX] PITCH:4.78,PID_OUT:-381.74,INT:0.0762,EL:-2267,ER:-1951,VEL:-161.8,MOT:1,TILT:25.0,TRIM:3.235,ATE:1,LATCH:0,TORQ:1,CR:0.0,FX1:1.00,FY1:-151.10,FX2:-6.00,FY2:-149.60,IK1:1,IK2:1,MOVE:0
[2026-09-08 13:39:32.822] [RX] AX12:MODE:0,TQ:1,TL:1023,CM:1,CS:4,MS:0,MT:800
[2026-09-08 13:39:32.910] [RX] PITCH:6.98,PID_OUT:-77.93,INT:-0.0682,EL:-2323,ER:-1914,VEL:-398.0,MOT:1,TILT:25.0,TRIM:6.000,ATE:1,LATCH:0,TORQ:1,CR:0.0,FX1:1.00,FY1:-151.10,FX2:-6.00,FY2:-149.60,IK1:1,IK2:1,MOVE:0
[2026-09-08 13:39:33.010] [RX] PITCH:8.54,PID_OUT:-73.91,INT:-0.0985,EL:-2371,ER:-1874,VEL:-434.1,MOT:1,TILT:25.0,TRIM:6.000,ATE:1,LATCH:0,TORQ:1,CR:0.0,FX1:1.00,FY1:-151.10,FX2:-6.00,FY2:-149.60,IK1:1,IK2:1,MOVE:0
[2026-09-08 13:39:33.109] [RX] PITCH:4.07,PID_OUT:110.71,INT:-0.0640,EL:-2403,ER:-1850,VEL:-254.6,MOT:1,TILT:25.0,TRIM:5.092,ATE:1,LATCH:0,TORQ:1,CR:0.0,FX1:1.00,FY1:-151.10,FX2:-6.00,FY2:-149.60,IK1:1,IK2:1,MOVE:0
[2026-09-08 13:39:33.210] [RX] PITCH:2.01,PID_OUT:356.50,INT:-0.0745,EL:-2427,ER:-1839,VEL:-178.8,MOT:1,TILT:25.0,TRIM:3.575,ATE:1,LATCH:0,TORQ:1,CR:0.0,FX1:1.00,FY1:-151.10,FX2:-6.00,FY2:-149.60,IK1:1,IK2:1,MOVE:0
[2026-09-08 13:39:33.314] [RX] PITCH:0.58,PID_OUT:168.99,INT:-0.0508,EL:-2434,ER:-1845,VEL:-47.7,MOT:1,TILT:25.0,TRIM:0.953,ATE:1,LATCH:0,TORQ:1,CR:0.0,FX1:1.00,FY1:-151.10,FX2:-6.00,FY2:-149.60,IK1:1,IK2:1,MOVE:0
[2026-09-08 13:39:33.322] [RX] AX12:MODE:0,TQ:1,TL:1023,CM:1,CS:4,MS:0,MT:800
[2026-09-08 13:39:33.413] [RX] PITCH:-3.56,PID_OUT:144.18,INT:0.0125,EL:-2425,ER:-1867,VEL:129.7,MOT:1,TILT:25.0,TRIM:-2.593,ATE:1,LATCH:0,TORQ:1,CR:0.0,FX1:1.00,FY1:-151.10,FX2:-6.00,FY2:-149.60,IK1:1,IK2:1,MOVE:0
[2026-09-08 13:39:33.413] [RX] SRV:14,49,5.5,0,0
[2026-09-08 13:39:33.508] [RX] PITCH:-4.64,PID_OUT:60.47,INT:0.0985,EL:-2404,ER:-1894,VEL:219.3,MOT:1,TILT:25.0,TRIM:-4.387,ATE:1,LATCH:0,TORQ:1,CR:0.0,FX1:1.00,FY1:-151.10,FX2:-6.00,FY2:-149.60,IK1:1,IK2:1,MOVE:0
[2026-09-08 13:39:33.608] [RX] PITCH:-6.04,PID_OUT:72.21,INT:0.0985,EL:-2379,ER:-1926,VEL:272.2,MOT:1,TILT:25.0,TRIM:-5.443,ATE:1,LATCH:0,TORQ:1,CR:0.0,FX1:1.00,FY1:-151.10,FX2:-6.00,FY2:-149.60,IK1:1,IK2:1,MOVE:0
[2026-09-08 13:39:33.709] [RX] PITCH:-6.08,PID_OUT:49.24,INT:0.0985,EL:-2357,ER:-1959,VEL:270.0,MOT:1,TILT:25.0,TRIM:-5.399,ATE:1,LATCH:0,TORQ:1,CR:0.0,FX1:1.00,FY1:-151.10,FX2:-6.00,FY2:-149.60,IK1:1,IK2:1,MOVE:0
[2026-09-08 13:39:33.813] [RX] PITCH:-5.64,PID_OUT:5.15,INT:0.0985,EL:-2340,ER:-1988,VEL:234.7,MOT:1,TILT:25.0,TRIM:-4.695,ATE:1,LATCH:0,TORQ:1,CR:0.0,FX1:1.00,FY1:-151.10,FX2:-6.00,FY2:-149.60,IK1:1,IK2:1,MOVE:0
[2026-09-08 13:39:33.821] [RX] AX12:MODE:0,TQ:1,TL:1023,CM:1,CS:4,MS:0,MT:800
[2026-09-08 13:39:33.912] [RX] PITCH:-2.87,PID_OUT:-54.89,INT:0.0985,EL:-2339,ER:-1998,VEL:61.4,MOT:1,TILT:25.0,TRIM:-1.228,ATE:1,LATCH:0,TORQ:1,CR:0.0,FX1:1.00,FY1:-151.10,FX2:-6.00,FY2:-149.60,IK1:1,IK2:1,MOVE:0
[2026-09-08 13:39:34.009] [RX] PITCH:2.81,PID_OUT:-205.49,INT:0.0887,EL:-2365,ER:-1998,VEL:-107.2,MOT:1,TILT:25.0,TRIM:2.143,ATE:1,LATCH:0,TORQ:1,CR:0.0,FX1:1.00,FY1:-151.10,FX2:-6.00,FY2:-149.60,IK1:1,IK2:1,MOVE:0
[2026-09-08 13:39:34.107] [RX] PITCH:5.54,PID_OUT:-119.94,INT:0.0061,EL:-2396,ER:-1977,VEL:-231.3,MOT:1,TILT:25.0,TRIM:4.627,ATE:1,LATCH:0,TORQ:1,CR:0.0,FX1:1.00,FY1:-151.10,FX2:-6.00,FY2:-149.60,IK1:1,IK2:1,MOVE:0
[2026-09-08 13:39:34.208] [RX] PITCH:7.96,PID_OUT:-69.92,INT:-0.0985,EL:-2437,ER:-1943,VEL:-357.8,MOT:1,TILT:25.0,TRIM:6.000,ATE:1,LATCH:0,TORQ:1,CR:0.0,FX1:1.00,FY1:-151.10,FX2:-6.00,FY2:-149.60,IK1:1,IK2:1,MOVE:0
[2026-09-08 13:39:34.318] [RX] PITCH:5.46,PID_OUT:191.85,INT:-0.0910,EL:-2473,ER:-1914,VEL:-310.9,MOT:1,TILT:25.0,TRIM:6.000,ATE:1,LATCH:0,TORQ:1,CR:0.0,FX1:1.00,FY1:-151.10,FX2:-6.00,FY2:-149.60,IK1:1,IK2:1,MOVE:0
[2026-09-08 13:39:34.318] [RX] AX12:MODE:0,TQ:1,TL:1023,CM:1,CS:4,MS:0,MT:800
[2026-09-08 13:39:34.407] [RX] PITCH:3.94,PID_OUT:24.97,INT:-0.0985,EL:-2491,ER:-1911,VEL:-148.3,MOT:1,TILT:25.0,TRIM:2.966,ATE:1,LATCH:0,TORQ:1,CR:0.0,FX1:1.00,FY1:-151.10,FX2:-6.00,FY2:-149.60,IK1:1,IK2:1,MOVE:0
[2026-09-08 13:39:34.409] [RX] SRV:1,50,6.3,0,1
[2026-09-08 13:39:34.506] [RX] PITCH:-1.59,PID_OUT:282.35,INT:-0.0655,EL:-2491,ER:-1917,VEL:-7.1,MOT:1,TILT:25.0,TRIM:0.142,ATE:1,LATCH:0,TORQ:1,CR:0.0,FX1:1.00,FY1:-151.10,FX2:-6.00,FY2:-149.60,IK1:1,IK2:1,MOVE:0
[2026-09-08 13:39:34.607] [RX] PITCH:-4.08,PID_OUT:118.47,INT:-0.0284,EL:-2470,ER:-1943,VEL:186.2,MOT:1,TILT:25.0,TRIM:-3.724,ATE:1,LATCH:0,TORQ:1,CR:0.0,FX1:1.00,FY1:-151.10,FX2:-6.00,FY2:-149.60,IK1:1,IK2:1,MOVE:0
[2026-09-08 13:39:34.705] [RX] PITCH:-7.31,PID_OUT:98.22,INT:0.0985,EL:-2435,ER:-1979,VEL:346.5,MOT:1,TILT:25.0,TRIM:-6.000,ATE:1,LATCH:0,TORQ:1,CR:0.0,FX1:1.00,FY1:-151.10,FX2:-6.00,FY2:-149.60,IK1:1,IK2:1,MOVE:0
[2026-09-08 13:39:34.805] [RX] PITCH:-7.77,PID_OUT:42.94,INT:0.0985,EL:-2391,ER:-2019,VEL:406.0,MOT:1,TILT:25.0,TRIM:-6.000,ATE:1,LATCH:0,TORQ:1,CR:0.0,FX1:1.00,FY1:-151.10,FX2:-6.00,FY2:-149.60,IK1:1,IK2:1,MOVE:0
[2026-09-08 13:39:34.816] [RX] AX12:MODE:0,TQ:1,TL:1023,CM:1,CS:4,MS:0,MT:800
[2026-09-08 13:39:34.905] [RX] PITCH:-5.78,PID_OUT:-61.07,INT:0.0985,EL:-2370,ER:-2048,VEL:243.8,MOT:1,TILT:25.0,TRIM:-4.876,ATE:1,LATCH:0,TORQ:1,CR:0.0,FX1:1.00,FY1:-151.10,FX2:-6.00,FY2:-149.60,IK1:1,IK2:1,MOVE:0
[2026-09-08 13:39:35.005] [RX] PITCH:-2.14,PID_OUT:-111.07,INT:0.0985,EL:-2370,ER:-2061,VEL:83.2,MOT:1,TILT:25.0,TRIM:-1.664,ATE:1,LATCH:0,TORQ:1,CR:0.0,FX1:1.00,FY1:-151.10,FX2:-6.00,FY2:-149.60,IK1:1,IK2:1,MOVE:0
[2026-09-08 13:39:35.106] [RX] PITCH:3.09,PID_OUT:-188.44,INT:0.0539,EL:-2389,ER:-2058,VEL:-75.8,MOT:1,TILT:25.0,TRIM:1.515,ATE:1,LATCH:0,TORQ:1,CR:0.0,FX1:1.00,FY1:-151.10,FX2:-6.00,FY2:-149.60,IK1:1,IK2:1,MOVE:0
[2026-09-08 13:39:35.206] [RX] PITCH:5.20,PID_OUT:-110.56,INT:0.0343,EL:-2422,ER:-2036,VEL:-234.7,MOT:1,TILT:25.0,TRIM:4.695,ATE:1,LATCH:0,TORQ:1,CR:0.0,FX1:1.00,FY1:-151.10,FX2:-6.00,FY2:-149.60,IK1:1,IK2:1,MOVE:0
[2026-09-08 13:39:35.309] [RX] PITCH:8.12,PID_OUT:-60.76,INT:-0.0985,EL:-2472,ER:-2000,VEL:-415.7,MOT:1,TILT:25.0,TRIM:6.000,ATE:1,LATCH:0,TORQ:1,CR:0.0,FX1:1.00,FY1:-151.10,FX2:-6.00,FY2:-149.60,IK1:1,IK2:1,MOVE:0
[2026-09-08 13:39:35.317] [RX] AX12:MODE:0,TQ:1,TL:1023,CM:1,CS:4,MS:0,MT:800
[2026-09-08 13:39:35.408] [RX] PITCH:5.39,PID_OUT:174.69,INT:-0.0911,EL:-2518,ER:-1965,VEL:-378.3,MOT:1,TILT:25.0,TRIM:6.000,ATE:1,LATCH:0,TORQ:1,CR:0.0,FX1:1.00,FY1:-151.10,FX2:-6.00,FY2:-149.60,IK1:1,IK2:1,MOVE:0
[2026-09-08 13:39:35.408] [RX] SRV:6,39,0.0,0,0
[2026-09-08 13:39:35.503] [RX] PITCH:5.13,PID_OUT:31.30,INT:-0.0985,EL:-2545,ER:-1955,VEL:-226.4,MOT:1,TILT:25.0,TRIM:4.529,ATE:1,LATCH:0,TORQ:1,CR:0.0,FX1:1.00,FY1:-151.10,FX2:-6.00,FY2:-149.60,IK1:1,IK2:1,MOVE:0
[2026-09-08 13:39:35.602] [RX] PITCH:0.23,PID_OUT:138.45,INT:-0.0948,EL:-2553,ER:-1965,VEL:-29.7,MOT:1,TILT:25.0,TRIM:0.595,ATE:1,LATCH:0,TORQ:1,CR:0.0,FX1:1.00,FY1:-151.10,FX2:-6.00,FY2:-149.60,IK1:1,IK2:1,MOVE:0
[2026-09-08 13:39:35.704] [RX] PITCH:-2.46,PID_OUT:53.64,INT:-0.0193,EL:-2543,ER:-1985,VEL:146.7,MOT:1,TILT:25.0,TRIM:-2.934,ATE:1,LATCH:0,TORQ:1,CR:0.0,FX1:1.00,FY1:-151.10,FX2:-6.00,FY2:-149.60,IK1:1,IK2:1,MOVE:0
[2026-09-08 13:39:35.807] [RX] PITCH:-5.54,PID_OUT:-57.80,INT:0.0583,EL:-2520,ER:-2016,VEL:285.5,MOT:1,TILT:25.0,TRIM:-5.711,ATE:1,LATCH:0,TORQ:1,CR:0.0,FX1:1.00,FY1:-151.10,FX2:-6.00,FY2:-149.60,IK1:1,IK2:1,MOVE:0
[2026-09-08 13:39:35.815] [RX] AX12:MODE:0,TQ:1,TL:1023,CM:1,CS:4,MS:0,MT:800
[2026-09-08 13:39:35.902] [RX] PITCH:-8.17,PID_OUT:168.43,INT:0.0985,EL:-2491,ER:-2051,VEL:322.7,MOT:1,TILT:25.0,TRIM:-6.000,ATE:1,LATCH:0,TORQ:1,CR:0.0,FX1:1.00,FY1:-151.10,FX2:-6.00,FY2:-149.60,IK1:1,IK2:1,MOVE:0
[2026-09-08 13:39:36.003] [RX] PITCH:-7.04,PID_OUT:-54.71,INT:0.0985,EL:-2454,ER:-2087,VEL:342.1,MOT:1,TILT:25.0,TRIM:-6.000,ATE:1,LATCH:0,TORQ:1,CR:0.0,FX1:1.00,FY1:-151.10,FX2:-6.00,FY2:-149.60,IK1:1,IK2:1,MOVE:0
[2026-09-08 13:39:36.104] [RX] PITCH:-4.75,PID_OUT:-34.04,INT:0.0985,EL:-2442,ER:-2105,VEL:191.1,MOT:1,TILT:25.0,TRIM:-3.822,ATE:1,LATCH:0,TORQ:1,CR:0.0,FX1:1.00,FY1:-151.10,FX2:-6.00,FY2:-149.60,IK1:1,IK2:1,MOVE:0
[2026-09-08 13:39:36.204] [RX] PITCH:-0.53,PID_OUT:-33.74,INT:0.0985,EL:-2457,ER:-2112,VEL:-25.2,MOT:1,TILT:25.0,TRIM:0.504,ATE:1,LATCH:0,TORQ:1,CR:0.0,FX1:1.00,FY1:-151.10,FX2:-6.00,FY2:-149.60,IK1:1,IK2:1,MOVE:0
[2026-09-08 13:39:36.308] [RX] PITCH:4.20,PID_OUT:-39.81,INT:0.0186,EL:-2482,ER:-2104,VEL:-165.8,MOT:1,TILT:25.0,TRIM:3.317,ATE:1,LATCH:0,TORQ:1,CR:0.0,FX1:1.00,FY1:-151.10,FX2:-6.00,FY2:-149.60,IK1:1,IK2:1,MOVE:0
[2026-09-08 13:39:36.308] [RX] AX12:MODE:0,TQ:1,TL:1023,CM:1,CS:4,MS:0,MT:800
[2026-09-08 13:39:36.403] [RX] PITCH:6.92,PID_OUT:-176.68,INT:-0.0416,EL:-2515,ER:-2082,VEL:-260.8,MOT:1,TILT:25.0,TRIM:5.216,ATE:1,LATCH:0,TORQ:1,CR:0.0,FX1:1.00,FY1:-151.10,FX2:-6.00,FY2:-149.60,IK1:1,IK2:1,MOVE:0
[2026-09-08 13:39:36.405] [RX] SRV:0,40,6.3,0,0
[2026-09-08 13:39:36.501] [RX] PITCH:7.31,PID_OUT:-37.66,INT:-0.0985,EL:-2558,ER:-2051,VEL:-348.7,MOT:1,TILT:25.0,TRIM:6.000,ATE:1,LATCH:0,TORQ:1,CR:0.0,FX1:1.00,FY1:-151.10,FX2:-6.00,FY2:-149.60,IK1:1,IK2:1,MOVE:0
[2026-09-08 13:39:36.602] [RX] PITCH:5.52,PID_OUT:104.83,INT:-0.0981,EL:-2592,ER:-2030,VEL:-277.9,MOT:1,TILT:25.0,TRIM:5.557,ATE:1,LATCH:0,TORQ:1,CR:0.0,FX1:1.00,FY1:-151.10,FX2:-6.00,FY2:-149.60,IK1:1,IK2:1,MOVE:0
[2026-09-08 13:39:36.701] [RX] PITCH:3.15,PID_OUT:34.65,INT:-0.0985,EL:-2609,ER:-2028,VEL:-114.2,MOT:1,TILT:25.0,TRIM:2.283,ATE:1,LATCH:0,TORQ:1,CR:0.0,FX1:1.00,FY1:-151.10,FX2:-6.00,FY2:-149.60,IK1:1,IK2:1,MOVE:0
[2026-09-08 13:39:36.802] [RX] PITCH:-1.20,PID_OUT:169.15,INT:-0.0544,EL:-2613,ER:-2037,VEL:11.2,MOT:1,TILT:25.0,TRIM:-0.224,ATE:1,LATCH:0,TORQ:1,CR:0.0,FX1:1.00,FY1:-151.10,FX2:-6.00,FY2:-149.60,IK1:1,IK2:1,MOVE:0
[2026-09-08 13:39:36.812] [RX] AX12:MODE:0,TQ:1,TL:1023,CM:1,CS:4,MS:0,MT:800
[2026-09-08 13:39:36.899] [RX] PITCH:-4.68,PID_OUT:127.52,INT:0.0483,EL:-2596,ER:-2059,VEL:165.8,MOT:1,TILT:25.0,TRIM:-3.315,ATE:1,LATCH:0,TORQ:1,CR:0.0,FX1:1.00,FY1:-151.10,FX2:-6.00,FY2:-149.60,IK1:1,IK2:1,MOVE:0
[2026-09-08 13:39:37.000] [RX] PITCH:-7.15,PID_OUT:179.53,INT:0.0822,EL:-2567,ER:-2097,VEL:299.1,MOT:1,TILT:25.0,TRIM:-5.981,ATE:1,LATCH:0,TORQ:1,CR:0.0,FX1:1.00,FY1:-151.10,FX2:-6.00,FY2:-149.60,IK1:1,IK2:1,MOVE:0
[2026-09-08 13:39:37.101] [RX] PITCH:-7.78,PID_OUT:31.41,INT:0.0985,EL:-2527,ER:-2135,VEL:375.1,MOT:1,TILT:25.0,TRIM:-6.000,ATE:1,LATCH:0,TORQ:1,CR:0.0,FX1:1.00,FY1:-151.10,FX2:-6.00,FY2:-149.60,IK1:1,IK2:1,MOVE:0
[2026-09-08 13:39:37.199] [RX] PITCH:-5.76,PID_OUT:-50.43,INT:0.0985,EL:-2506,ER:-2162,VEL:237.2,MOT:1,TILT:25.0,TRIM:-4.744,ATE:1,LATCH:0,TORQ:1,CR:0.0,FX1:1.00,FY1:-151.10,FX2:-6.00,FY2:-149.60,IK1:1,IK2:1,MOVE:0
[2026-09-08 13:39:37.299] [RX] PITCH:-2.28,PID_OUT:-91.42,INT:0.0985,EL:-2507,ER:-2177,VEL:87.7,MOT:1,TILT:25.0,TRIM:-1.755,ATE:1,LATCH:0,TORQ:1,CR:0.0,FX1:1.00,FY1:-151.10,FX2:-6.00,FY2:-149.60,IK1:1,IK2:1,MOVE:0
[2026-09-08 13:39:37.309] [RX] AX12:MODE:0,TQ:1,TL:1023,CM:1,CS:4,MS:0,MT:800
[2026-09-08 13:39:37.402] [RX] PITCH:1.90,PID_OUT:-211.05,INT:0.0526,EL:-2517,ER:-2177,VEL:-29.8,MOT:1,TILT:25.0,TRIM:0.597,ATE:1,LATCH:0,TORQ:1,CR:0.0,FX1:1.00,FY1:-151.10,FX2:-6.00,FY2:-149.60,IK1:1,IK2:1,MOVE:0
[2026-09-08 13:39:37.402] [RX] SRV:14,49,6.3,0,0
[2026-09-08 13:39:37.498] [RX] PITCH:4.42,PID_OUT:-89.38,INT:0.0395,EL:-2550,ER:-2160,VEL:-210.6,MOT:1,TILT:25.0,TRIM:4.212,ATE:1,LATCH:0,TORQ:1,CR:0.0,FX1:1.00,FY1:-151.10,FX2:-6.00,FY2:-149.60,IK1:1,IK2:1,MOVE:0
[2026-09-08 13:39:37.599] [RX] PITCH:6.99,PID_OUT:-51.55,INT:-0.0985,EL:-2591,ER:-2131,VEL:-338.6,MOT:1,TILT:25.0,TRIM:6.000,ATE:1,LATCH:0,TORQ:1,CR:0.0,FX1:1.00,FY1:-151.10,FX2:-6.00,FY2:-149.60,IK1:1,IK2:1,MOVE:0
[2026-09-08 13:39:37.697] [RX] PITCH:6.85,PID_OUT:18.20,INT:-0.0985,EL:-2633,ER:-2099,VEL:-350.7,MOT:1,TILT:25.0,TRIM:6.000,ATE:1,LATCH:0,TORQ:1,CR:0.0,FX1:1.00,FY1:-151.10,FX2:-6.00,FY2:-149.60,IK1:1,IK2:1,MOVE:0
[2026-09-08 13:39:37.808] [RX] PITCH:4.92,PID_OUT:-50.58,INT:-0.0912,EL:-2661,ER:-2086,VEL:-209.2,MOT:1,TILT:25.0,TRIM:4.184,ATE:1,LATCH:0,TORQ:1,CR:0.0,FX1:1.00,FY1:-151.10,FX2:-6.00,FY2:-149.60,IK1:1,IK2:1,MOVE:0
[2026-09-08 13:39:37.809] [RX] AX12:MODE:0,TQ:1,TL:1023,CM:1,CS:4,MS:0,MT:800
[2026-09-08 13:39:37.898] [RX] PITCH:2.09,PID_OUT:94.49,INT:-0.0985,EL:-2676,ER:-2084,VEL:-91.8,MOT:1,TILT:25.0,TRIM:1.835,ATE:1,LATCH:0,TORQ:1,CR:0.0,FX1:1.00,FY1:-151.10,FX2:-6.00,FY2:-149.60,IK1:1,IK2:1,MOVE:0
[2026-09-08 13:39:37.923] [TX] VP10.0
[2026-09-08 13:39:37.976] [RX] Updated -> P:78.000 I:650.000 D:3.520 Offset:-1.2910 Target:0.000 Alpha:0.9600 Tilt:25.00 TrimGain:0.0000 Crouch:0.00 VP:10.0000
[2026-09-08 13:39:38.098] [RX] PITCH:-6.63,PID_OUT:41.97,INT:0.0985,EL:-2661,ER:-2105,VEL:152.5,MOT:1,TILT:25.0,TRIM:-6.000,ATE:1,LATCH:0,TORQ:1,CR:0.0,FX1:1.00,FY1:-151.10,FX2:-6.00,FY2:-149.60,IK1:1,IK2:1,MOVE:0
[2026-09-08 13:39:38.199] [RX] PITCH:-7.59,PID_OUT:96.60,INT:0.0985,EL:-2636,ER:-2142,VEL:293.1,MOT:1,TILT:25.0,TRIM:-6.000,ATE:1,LATCH:0,TORQ:1,CR:0.0,FX1:1.00,FY1:-151.10,FX2:-6.00,FY2:-149.60,IK1:1,IK2:1,MOVE:0
[2026-09-08 13:39:38.297] [RX] PITCH:-6.64,PID_OUT:-4.20,INT:0.0985,EL:-2608,ER:-2176,VEL:298.4,MOT:1,TILT:25.0,TRIM:-6.000,ATE:1,LATCH:0,TORQ:1,CR:0.0,FX1:1.00,FY1:-151.10,FX2:-6.00,FY2:-149.60,IK1:1,IK2:1,MOVE:0
[2026-09-08 13:39:38.309] [RX] AX12:MODE:0,TQ:1,TL:1023,CM:1,CS:4,MS:0,MT:800
[2026-09-08 13:39:38.401] [RX] PITCH:-4.80,PID_OUT:-110.38,INT:0.0506,EL:-2610,ER:-2187,VEL:65.7,MOT:1,TILT:25.0,TRIM:-6.000,ATE:1,LATCH:0,TORQ:1,CR:0.0,FX1:1.00,FY1:-151.10,FX2:-6.00,FY2:-149.60,IK1:1,IK2:1,MOVE:0
[2026-09-08 13:39:38.401] [RX] SRV:1,51,6.3,0,0
[2026-09-08 13:39:38.496] [RX] PITCH:-2.96,PID_OUT:584.03,INT:0.0985,EL:-2620,ER:-2192,VEL:-15.3,MOT:1,TILT:25.0,TRIM:6.000,ATE:1,LATCH:0,TORQ:1,CR:0.0,FX1:1.00,FY1:-151.10,FX2:-6.00,FY2:-149.60,IK1:1,IK2:1,MOVE:0
[2026-09-08 13:39:38.594] [RX] PITCH:0.19,PID_OUT:577.23,INT:0.0985,EL:-2627,ER:-2196,VEL:-27.5,MOT:1,TILT:25.0,TRIM:6.000,ATE:1,LATCH:0,TORQ:1,CR:0.0,FX1:1.00,FY1:-151.10,FX2:-6.00,FY2:-149.60,IK1:1,IK2:1,MOVE:0
[2026-09-08 13:39:38.697] [RX] PITCH:3.62,PID_OUT:-1119.54,INT:-0.0985,EL:-2628,ER:-2204,VEL:24.6,MOT:1,TILT:25.0,TRIM:-6.000,ATE:1,LATCH:0,TORQ:1,CR:0.0,FX1:1.00,FY1:-151.10,FX2:-6.00,FY2:-149.60,IK1:1,IK2:1,MOVE:0
[2026-09-08 13:39:38.802] [RX] PITCH:3.22,PID_OUT:131.99,INT:-0.0243,EL:-2656,ER:-2189,VEL:-113.2,MOT:1,TILT:25.0,TRIM:6.000,ATE:1,LATCH:0,TORQ:1,CR:0.0,FX1:1.00,FY1:-151.10,FX2:-6.00,FY2:-149.60,IK1:1,IK2:1,MOVE:0
[2026-09-08 13:39:38.802] [RX] AX12:MODE:0,TQ:1,TL:1023,CM:1,CS:4,MS:0,MT:800
[2026-09-08 13:39:38.895] [RX] PITCH:7.63,PID_OUT:-40.67,INT:-0.0541,EL:-2664,ER:-2194,VEL:-67.4,MOT:1,TILT:25.0,TRIM:6.000,ATE:1,LATCH:0,TORQ:1,CR:0.0,FX1:1.00,FY1:-151.10,FX2:-6.00,FY2:-149.60,IK1:1,IK2:1,MOVE:0
[2026-09-08 13:39:38.995] [RX] PITCH:4.81,PID_OUT:72.11,INT:-0.0152,EL:-2678,ER:-2195,VEL:-46.6,MOT:1,TILT:25.0,TRIM:6.000,ATE:1,LATCH:0,TORQ:1,CR:0.0,FX1:1.00,FY1:-151.10,FX2:-6.00,FY2:-149.60,IK1:1,IK2:1,MOVE:0
[2026-09-08 13:39:39.096] [RX] PITCH:3.83,PID_OUT:-791.62,INT:-0.0985,EL:-2681,ER:-2202,VEL:14.3,MOT:1,TILT:25.0,TRIM:-6.000,ATE:1,LATCH:0,TORQ:1,CR:0.0,FX1:1.00,FY1:-151.10,FX2:-6.00,FY2:-149.60,IK1:1,IK2:1,MOVE:0
[2026-09-08 13:39:39.193] [RX] PITCH:3.74,PID_OUT:1.60,INT:-0.0758,EL:-2684,ER:-2199,VEL:-25.1,MOT:1,TILT:25.0,TRIM:6.000,ATE:1,LATCH:0,TORQ:1,CR:0.0,FX1:1.00,FY1:-151.10,FX2:-6.00,FY2:-149.60,IK1:1,IK2:1,MOVE:0
[2026-09-08 13:39:39.297] [RX] PITCH:0.54,PID_OUT:583.73,INT:0.0589,EL:-2690,ER:-2201,VEL:-14.8,MOT:1,TILT:25.0,TRIM:6.000,ATE:1,LATCH:0,TORQ:1,CR:0.0,FX1:1.00,FY1:-151.10,FX2:-6.00,FY2:-149.60,IK1:1,IK2:1,MOVE:0
[2026-09-08 13:39:39.306] [RX] AX12:MODE:0,TQ:1,TL:1023,CM:1,CS:4,MS:0,MT:800
[2026-09-08 13:39:39.394] [RX] PITCH:-0.33,PID_OUT:-609.58,INT:-0.0143,EL:-2692,ER:-2212,VEL:58.0,MOT:1,TILT:25.0,TRIM:-6.000,ATE:1,LATCH:0,TORQ:1,CR:0.0,FX1:1.00,FY1:-151.10,FX2:-6.00,FY2:-149.60,IK1:1,IK2:1,MOVE:0
[2026-09-08 13:39:39.398] [RX] SRV:6,39,0.0,0,0
[2026-09-08 13:39:39.496] [RX] PITCH:1.24,PID_OUT:-853.47,INT:-0.0874,EL:-2695,ER:-2216,VEL:69.0,MOT:1,TILT:25.0,TRIM:-6.000,ATE:1,LATCH:0,TORQ:1,CR:0.0,FX1:1.00,FY1:-151.10,FX2:-6.00,FY2:-149.60,IK1:1,IK2:1,MOVE:0
[2026-09-08 13:39:39.593] [RX] PITCH:0.12,PID_OUT:428.63,INT:0.0608,EL:-2706,ER:-2213,VEL:-39.2,MOT:1,TILT:25.0,TRIM:6.000,ATE:1,LATCH:0,TORQ:1,CR:0.0,FX1:1.00,FY1:-151.10,FX2:-6.00,FY2:-149.60,IK1:1,IK2:1,MOVE:0
[2026-09-08 13:39:39.689] [RX] PITCH:-1.91,PID_OUT:-285.94,INT:0.0166,EL:-2705,ER:-2223,VEL:43.1,MOT:1,TILT:25.0,TRIM:-6.000,ATE:1,LATCH:0,TORQ:1,CR:0.0,FX1:1.00,FY1:-151.10,FX2:-6.00,FY2:-149.60,IK1:1,IK2:1,MOVE:0
[2026-09-08 13:39:39.802] [RX] PITCH:-0.61,PID_OUT:-625.49,INT:-0.0782,EL:-2710,ER:-2225,VEL:14.3,MOT:1,TILT:25.0,TRIM:-6.000,ATE:1,LATCH:0,TORQ:1,CR:0.0,FX1:1.00,FY1:-151.10,FX2:-6.00,FY2:-149.60,IK1:1,IK2:1,MOVE:0
[2026-09-08 13:39:39.805] [RX] AX12:MODE:0,TQ:1,TL:1023,CM:1,CS:4,MS:0,MT:800
[2026-09-08 13:39:39.892] [RX] PITCH:1.56,PID_OUT:-533.40,INT:-0.0245,EL:-2717,ER:-2228,VEL:9.1,MOT:1,TILT:25.0,TRIM:-6.000,ATE:1,LATCH:0,TORQ:1,CR:0.0,FX1:1.00,FY1:-151.10,FX2:-6.00,FY2:-149.60,IK1:1,IK2:1,MOVE:0
[2026-09-08 13:39:39.991] [RX] PITCH:1.17,PID_OUT:373.57,INT:0.0015,EL:-2722,ER:-2229,VEL:-36.8,MOT:1,TILT:25.0,TRIM:6.000,ATE:1,LATCH:0,TORQ:1,CR:0.0,FX1:1.00,FY1:-151.10,FX2:-6.00,FY2:-149.60,IK1:1,IK2:1,MOVE:0
[2026-09-08 13:39:40.091] [RX] PITCH:-0.20,PID_OUT:-656.05,INT:-0.0985,EL:-2719,ER:-2237,VEL:36.5,MOT:1,TILT:25.0,TRIM:-6.000,ATE:1,LATCH:0,TORQ:1,CR:0.0,FX1:1.00,FY1:-151.10,FX2:-6.00,FY2:-149.60,IK1:1,IK2:1,MOVE:0
[2026-09-08 13:39:40.191] [RX] PITCH:0.55,PID_OUT:-418.42,INT:-0.0179,EL:-2722,ER:-2238,VEL:24.2,MOT:1,TILT:25.0,TRIM:-6.000,ATE:1,LATCH:0,TORQ:1,CR:0.0,FX1:1.00,FY1:-151.10,FX2:-6.00,FY2:-149.60,IK1:1,IK2:1,MOVE:0
[2026-09-08 13:39:40.297] [RX] PITCH:1.04,PID_OUT:384.34,INT:0.0068,EL:-2732,ER:-2237,VEL:-64.2,MOT:1,TILT:25.0,TRIM:6.000,ATE:1,LATCH:0,TORQ:1,CR:0.0,FX1:1.00,FY1:-151.10,FX2:-6.00,FY2:-149.60,IK1:1,IK2:1,MOVE:0
[2026-09-08 13:39:40.302] [RX] AX12:MODE:0,TQ:1,TL:1023,CM:1,CS:4,MS:0,MT:800
[2026-09-08 13:39:40.306] [TX] VP0.0
[2026-09-08 13:39:40.365] [RX] Updated -> P:78.000 I:650.000 D:3.520 Offset:-1.2910 Target:0.000 Alpha:0.9600 Tilt:25.00 TrimGain:0.0000 Crouch:0.00 VP:0.0000
[2026-09-08 13:39:40.403] [RX] PITCH:-0.27,PID_OUT:138.14,INT:0.0445,EL:-2727,ER:-2246,VEL:41.2,MOT:1,TILT:25.0,TRIM:0.000,ATE:1,LATCH:0,TORQ:1,CR:0.0,FX1:1.00,FY1:-151.10,FX2:-6.00,FY2:-149.60,IK1:1,IK2:1,MOVE:0
[2026-09-08 13:39:40.403] [RX] SRV:0,40,6.3,0,1
[2026-09-08 13:39:40.493] [RX] PITCH:-1.66,PID_OUT:363.39,INT:-0.0490,EL:-2747,ER:-2237,VEL:-134.7,MOT:1,TILT:25.0,TRIM:0.000,ATE:1,LATCH:0,TORQ:1,CR:0.0,FX1:1.00,FY1:-151.10,FX2:-6.00,FY2:-149.60,IK1:1,IK2:1,MOVE:0
[2026-09-08 13:39:40.587] [RX] PITCH:2.80,PID_OUT:-264.45,INT:0.0181,EL:-2737,ER:-2249,VEL:32.2,MOT:1,TILT:25.0,TRIM:0.000,ATE:1,LATCH:0,TORQ:1,CR:0.0,FX1:1.00,FY1:-151.10,FX2:-6.00,FY2:-149.60,IK1:1,IK2:1,MOVE:0
[2026-09-08 13:39:40.691] [RX] PITCH:-1.37,PID_OUT:-53.72,INT:0.0663,EL:-2743,ER:-2249,VEL:32.8,MOT:1,TILT:25.0,TRIM:0.000,ATE:1,LATCH:0,TORQ:1,CR:0.0,FX1:1.00,FY1:-151.10,FX2:-6.00,FY2:-149.60,IK1:1,IK2:1,MOVE:0
[2026-09-08 13:39:40.799] [RX] PITCH:-0.44,PID_OUT:168.45,INT:-0.0431,EL:-2752,ER:-2246,VEL:-61.3,MOT:1,TILT:25.0,TRIM:0.000,ATE:1,LATCH:0,TORQ:1,CR:0.0,FX1:1.00,FY1:-151.10,FX2:-6.00,FY2:-149.60,IK1:1,IK2:1,MOVE:0
[2026-09-08 13:39:40.800] [RX] AX12:MODE:0,TQ:1,TL:1023,CM:1,CS:4,MS:0,MT:800
[2026-09-08 13:39:40.893] [RX] PITCH:1.68,PID_OUT:-191.21,INT:0.0254,EL:-2752,ER:-2251,VEL:-0.2,MOT:1,TILT:25.0,TRIM:0.000,ATE:1,LATCH:0,TORQ:1,CR:0.0,FX1:1.00,FY1:-151.10,FX2:-6.00,FY2:-149.60,IK1:1,IK2:1,MOVE:0
[2026-09-08 13:39:40.991] [RX] PITCH:-0.79,PID_OUT:88.04,INT:-0.0518,EL:-2766,ER:-2246,VEL:-66.8,MOT:1,TILT:25.0,TRIM:0.000,ATE:1,LATCH:0,TORQ:1,CR:0.0,FX1:1.00,FY1:-151.10,FX2:-6.00,FY2:-149.60,IK1:1,IK2:1,MOVE:0
[2026-09-08 13:39:41.017] [TX] M
[2026-09-08 13:39:41.038] [RX] Motors DISABLED
--------------------------------------------------------------------------------
[2026-09-08 13:39:41.038] [SYS] Session Stopped: Motors DISABLED
Total Duration: 14.00s | Total Lines Captured: 188
================================================================================
